05-05 13:05:10.763  3704  3747 I HidlServiceManagement: getService: Trying again for vendor.qti.hardware.cacert@1.0::IService/default...
05-05 13:05:10.765   660 19628 W libc    : Unable to set property "ctl.interface_start" to "vendor.qti.hardware.cacert@1.0::IService/default": PROP_ERROR_HANDLE_CONTROL_MESSAGE (0x20)
05-05 13:05:10.765   660 19628 I hwservicemanager: Tried to start vendor.qti.hardware.cacert@1.0::IService/default as a lazy service, but was unable to. Usually this happens when a service is not installed, but if the service is intended to be used as a lazy service, then it may be configured incorrectly.
05-05 13:05:10.679     0     0 E init    : Control message: Could not find 'vendor.qti.hardware.cacert@1.0::IService/default' for ctl.interface_start from pid: 660 (/system/system_ext/bin/hwservicemanager)
05-05 13:05:11.763  3704  3747 W HidlServiceManagement: Waited one second for vendor.qti.hardware.cacert@1.0::IService/default
05-05 13:05:11.765   660   660 I hwservicemanager: Since vendor.qti.hardware.cacert@1.0::IService/default is not registered, trying to start it as a lazy HAL (if it's not configured to be a lazy HAL, it may be stuck starting or still starting).
05-05 13:05:11.765  3704  3747 I HidlServiceManagement: getService: Trying again for vendor.qti.hardware.cacert@1.0::IService/default...
05-05 13:05:11.767   660 19629 W libc    : Unable to set property "ctl.interface_start" to "vendor.qti.hardware.cacert@1.0::IService/default": PROP_ERROR_HANDLE_CONTROL_MESSAGE (0x20)
05-05 13:05:11.767   660 19629 I hwservicemanager: Tried to start vendor.qti.hardware.cacert@1.0::IService/default as a lazy service, but was unable to. Usually this happens when a service is not installed, but if the service is intended to be used as a lazy service, then it may be configured incorrectly.
05-05 13:05:11.681     0     0 E init    : Control message: Could not find 'vendor.qti.hardware.cacert@1.0::IService/default' for ctl.interface_start from pid: 660 (/system/system_ext/bin/hwservicemanager)
05-05 13:05:12.766  3704  3747 W HidlServiceManagement: Waited one second for vendor.qti.hardware.cacert@1.0::IService/default
05-05 13:05:12.769   660   660 I hwservicemanager: Since vendor.qti.hardware.cacert@1.0::IService/default is not registered, trying to start it as a lazy HAL (if it's not configured to be a lazy HAL, it may be stuck starting or still starting).
05-05 13:05:12.770  3704  3747 I HidlServiceManagement: getService: Trying again for vendor.qti.hardware.cacert@1.0::IService/default...
05-05 13:05:12.773   660 19630 W libc    : Unable to set property "ctl.interface_start" to "vendor.qti.hardware.cacert@1.0::IService/default": PROP_ERROR_HANDLE_CONTROL_MESSAGE (0x20)
05-05 13:05:12.773   660 19630 I hwservicemanager: Tried to start vendor.qti.hardware.cacert@1.0::IService/default as a lazy service, but was unable to. Usually this happens when a service is not installed, but if the service is intended to be used as a lazy service, then it may be configured incorrectly.
05-05 13:05:12.687     0     0 E init    : Control message: Could not find 'vendor.qti.hardware.cacert@1.0::IService/default' for ctl.interface_start from pid: 660 (/system/system_ext/bin/hwservicemanager)
05-05 13:05:12.827     0     0 I QCOM-BATT: pl_fcc_vote_callback: total_fcc_ua=1950000
05-05 13:05:12.827     0     0 I QCOM-BATT: pl_fv_vote_callback: fv_uv=4400000
05-05 13:05:13.186     0     0 E FG      : fg_psy_get_property: unsupported property 79
05-05 13:05:13.194     0     0 E FG      : fg_psy_get_property: unsupported property 79
05-05 13:05:13.201     0     0 W healthd : battery l=100 v=2878 t=21.3 h=2 st=5 c=0 fc=2831000 chg=u
05-05 13:05:13.296  1126  1126 D QtiCarrierConfigHelper: WARNING, no carrier configs on phone Id: 0
05-05 13:05:13.301   960  2657 D PowerUI : can't show warning due to - plugged: true status unknown: false
05-05 13:05:13.211     0     0 E FG      : fg_psy_get_property: unsupported property 79
05-05 13:05:13.345   713  1834 I NxpNciR : len =   4 > 600701A1
05-05 13:05:13.771  3704  3747 W HidlServiceManagement: Waited one second for vendor.qti.hardware.cacert@1.0::IService/default
05-05 13:05:13.772   660   660 I hwservicemanager: Since vendor.qti.hardware.cacert@1.0::IService/default is not registered, trying to start it as a lazy HAL (if it's not configured to be a lazy HAL, it may be stuck starting or still starting).
05-05 13:05:13.773  3704  3747 I HidlServiceManagement: getService: Trying again for vendor.qti.hardware.cacert@1.0::IService/default...
05-05 13:05:13.777   660 19631 W libc    : Unable to set property "ctl.interface_start" to "vendor.qti.hardware.cacert@1.0::IService/default": PROP_ERROR_HANDLE_CONTROL_MESSAGE (0x20)
05-05 13:05:13.777   660 19631 I hwservicemanager: Tried to start vendor.qti.hardware.cacert@1.0::IService/default as a lazy service, but was unable to. Usually this happens when a service is not installed, but if the service is intended to be used as a lazy service, then it may be configured incorrectly.
05-05 13:05:13.690     0     0 E init    : Control message: Could not find 'vendor.qti.hardware.cacert@1.0::IService/default' for ctl.interface_start from pid: 660 (/system/system_ext/bin/hwservicemanager)
05-05 13:05:13.786 19560 19613 I WestlakeVM: VM: CV PF-MCD-RES_TABLE_PARSE_DONE
05-05 13:05:13.788 19560 19613 I WestlakeVM: VM: CV PF-MCD-RES_TABLE_LOADED bytes=2019644 strings=586 integers=0
05-05 13:05:13.791 19560 19613 I WestlakeVM: VM: PF202 ApkLoader res dirs ready
05-05 13:05:13.792 19560 19613 I WestlakeVM: VM: PF202 ApkLoader activity seeded
05-05 13:05:13.793 19560 19613 I WestlakeVM: VM: PF202 ApkLoader return
05-05 13:05:13.793 19560 19613 I WestlakeVM: VM: [PFCUT] Class.getDeclaredField intrinsic hit class=android.app.MiniServer name=mApkInfo
05-05 13:05:13.803 19560 19613 I WestlakeVM: VM: [AssetManager] setApkPath path=/data/local/tmp/westlake/com_github_ashutoshgngwr_noice.apk local=/data/local/tmp/westlake/com_github_ashutoshgngwr_noice.apk global=/data/local/tmp/westlake/com_github_ashutoshgngwr_noice.apk
05-05 13:05:13.807 19560 19613 I WestlakeVM: VM: [AssetManager] setAssetDir path=/data/local/tmp/westlake/com_github_ashutoshgngwr_noice_res/assets local=/data/local/tmp/westlake/com_github_ashutoshgngwr_noice_res/assets global=/data/local/tmp/westlake/com_github_ashutoshgngwr_noice_res/assets
05-05 13:05:13.808 19560 19613 I WestlakeVM: VM: [WestlakeLauncher] Early resource/asset setup done (resDir=/data/local/tmp/westlake/com_github_ashutoshgngwr_noice_res)
05-05 13:05:13.820 19560 19613 I WestlakeVM: VM: [PFCUT] System.arraycopy intrinsic src=[B dst=[B srcPos=0 dstPos=0 count=16
05-05 13:05:13.821 19560 19613 I WestlakeVM: VM: [PFCUT] System.arraycopy intrinsic src=[B dst=[B srcPos=0 dstPos=0 count=34
05-05 13:05:13.830 19560 19613 I WestlakeVM: VM: [PFCUT] forced interpreter JNI reason=Unsafe method=java.lang.Object jdk.internal.misc.Unsafe.getReferenceVolatile(java.lang.Object, long) quick=0xd23e00 jni=0x74e2c0
05-05 13:05:13.830 19560 19613 I WestlakeVM: VM: [PFCUT] InterpreterJni jdk.Unsafe getReferenceVolatile target=0x14055380 offset=28 value=0 array_index=4
05-05 13:05:13.830 19560 19613 I WestlakeVM: VM: [PFCUT]   caller#0 java.lang.Object jdk.internal.misc.Unsafe.getReferenceVolatile(java.lang.Object, long) dex_pc=0
05-05 13:05:13.830 19560 19613 I WestlakeVM: VM: [PFCUT]   caller#1 java.lang.Object jdk.internal.misc.Unsafe.getReferenceAcquire(java.lang.Object, long) dex_pc=0
05-05 13:05:13.830 19560 19613 I WestlakeVM: VM: [PFCUT]   caller#2 java.util.concurrent.ConcurrentHashMap$Node java.util.concurrent.ConcurrentHashMap.tabAt(java.util.concurrent.ConcurrentHashMap$Node[], int) dex_pc=10
05-05 13:05:13.830 19560 19613 I WestlakeVM: VM: [PFCUT]   caller#3 java.lang.Object java.util.concurrent.ConcurrentHashMap.get(java.lang.Object) dex_pc=21
05-05 13:05:13.831 19560 19613 I WestlakeVM: VM: [PFCUT]   caller#4 java.lang.String java.util.Properties.getProperty(java.lang.String) dex_pc=2
05-05 13:05:13.831 19560 19613 I WestlakeVM: VM: [PFCUT]   caller#5 java.lang.String java.util.Properties.getProperty(java.lang.String, java.lang.String) dex_pc=0
05-05 13:05:13.831 19560 19613 I WestlakeVM: VM: [PFCUT] forced interpreter JNI reason=Unsafe method=java.lang.Object jdk.internal.misc.Unsafe.getReferenceVolatile(java.lang.Object, long) quick=0xd23e00 jni=0x74e2c0
05-05 13:05:13.831 19560 19613 I WestlakeVM: VM: [PFCUT] InterpreterJni jdk.Unsafe getReferenceVolatile target=0x14058450 offset=220 value=0x140577f0 array_index=52
05-05 13:05:13.831 19560 19613 I WestlakeVM: VM: [PFCUT]   caller#0 java.lang.Object jdk.internal.misc.Unsafe.getReferenceVolatile(java.lang.Object, long) dex_pc=0
05-05 13:05:13.831 19560 19613 I WestlakeVM: VM: [PFCUT]   caller#1 java.lang.Object jdk.internal.misc.Unsafe.getReferenceAcquire(java.lang.Object, long) dex_pc=0
05-05 13:05:13.832 19560 19613 I WestlakeVM: VM: [PFCUT]   caller#2 java.util.concurrent.ConcurrentHashMap$Node java.util.concurrent.ConcurrentHashMap.tabAt(java.util.concurrent.ConcurrentHashMap$Node[], int) dex_pc=10
05-05 13:05:13.832 19560 19613 I WestlakeVM: VM: [PFCUT]   caller#3 java.lang.Object java.util.concurrent.ConcurrentHashMap.get(java.lang.Object) dex_pc=21
05-05 13:05:13.832 19560 19613 I WestlakeVM: VM: [PFCUT]   caller#4 java.lang.String java.util.Properties.getProperty(java.lang.String) dex_pc=2
05-05 13:05:13.832 19560 19613 I WestlakeVM: VM: [PFCUT]   caller#5 java.lang.String java.util.Properties.getProperty(java.lang.String) dex_pc=22
05-05 13:05:13.832 19560 19613 I WestlakeVM: VM: [PFCUT] forced interpreter JNI reason=Unsafe method=java.lang.Object jdk.internal.misc.Unsafe.getReferenceVolatile(java.lang.Object, long) quick=0xd23e00 jni=0x74e2c0
05-05 13:05:13.832 19560 19613 I WestlakeVM: VM: [PFCUT] InterpreterJni jdk.Unsafe getReferenceVolatile target=0x14055380 offset=68 value=0 array_index=14
05-05 13:05:13.832 19560 19613 I WestlakeVM: VM: [PFCUT]   caller#0 java.lang.Object jdk.internal.misc.Unsafe.getReferenceVolatile(java.lang.Object, long) dex_pc=0
05-05 13:05:13.834 19560 19613 I WestlakeVM: VM: [PFCUT]   caller#1 java.lang.Object jdk.internal.misc.Unsafe.getReferenceAcquire(java.lang.Object, long) dex_pc=0
05-05 13:05:13.834 19560 19613 I WestlakeVM: VM: [PFCUT]   caller#2 java.util.concurrent.ConcurrentHashMap$Node java.util.concurrent.ConcurrentHashMap.tabAt(java.util.concurrent.ConcurrentHashMap$Node[], int) dex_pc=10
05-05 13:05:13.834 19560 19613 I WestlakeVM: VM: [PFCUT]   caller#3 java.lang.Object java.util.concurrent.ConcurrentHashMap.get(java.lang.Object) dex_pc=21
05-05 13:05:13.834 19560 19613 I WestlakeVM: VM: [PFCUT]   caller#4 java.lang.String java.util.Properties.getProperty(java.lang.String) dex_pc=2
05-05 13:05:13.834 19560 19613 I WestlakeVM: VM: [PFCUT]   caller#5 java.lang.String java.util.Properties.getProperty(java.lang.String, java.lang.String) dex_pc=0
05-05 13:05:13.835 19560 19613 I WestlakeVM: VM: [PFCUT] forced interpreter JNI reason=Unsafe method=java.lang.Object jdk.internal.misc.Unsafe.getReferenceVolatile(java.lang.Object, long) quick=0xd23e00 jni=0x74e2c0
05-05 13:05:13.835 19560 19613 I WestlakeVM: VM: [PFCUT] InterpreterJni jdk.Unsafe getReferenceVolatile target=0x14058450 offset=260 value=0x140577d8 array_index=62
05-05 13:05:13.835 19560 19613 I WestlakeVM: VM: [PFCUT]   caller#0 java.lang.Object jdk.internal.misc.Unsafe.getReferenceVolatile(java.lang.Object, long) dex_pc=0
05-05 13:05:13.835 19560 19613 I WestlakeVM: VM: [PFCUT]   caller#1 java.lang.Object jdk.internal.misc.Unsafe.getReferenceAcquire(java.lang.Object, long) dex_pc=0
05-05 13:05:13.835 19560 19613 I WestlakeVM: VM: [PFCUT]   caller#2 java.util.concurrent.ConcurrentHashMap$Node java.util.concurrent.ConcurrentHashMap.tabAt(java.util.concurrent.ConcurrentHashMap$Node[], int) dex_pc=10
05-05 13:05:13.835 19560 19613 I WestlakeVM: VM: [PFCUT]   caller#3 java.lang.Object java.util.concurrent.ConcurrentHashMap.get(java.lang.Object) dex_pc=21
05-05 13:05:13.835 19560 19613 I WestlakeVM: VM: [PFCUT]   caller#4 java.lang.String java.util.Properties.getProperty(java.lang.String) dex_pc=2
05-05 13:05:13.835 19560 19613 I WestlakeVM: VM: [PFCUT]   caller#5 java.lang.String java.util.Properties.getProperty(java.lang.String) dex_pc=22
05-05 13:05:13.858 19560 19613 I WestlakeVM: VM: [PFCUT] System.arraycopy intrinsic src=[Ljava/lang/Thread; dst=[Ljava/lang/Thread; srcPos=3 dstPos=2 count=0
05-05 13:05:13.860 19560 19613 I WestlakeVM: VM: [WestlakeLauncher] Application.onCreate done: NoiceApplication
05-05 13:05:13.860 19560 19613 I WestlakeVM: VM: Post-init launch path refresh deferred on standalone guest
05-05 13:05:13.861 19560 19613 I WestlakeVM: VM: Launch props resolved on standalone guest
05-05 13:05:13.861 19560 19613 I WestlakeVM: VM: Launch snapshot ready on standalone guest
05-05 13:05:13.861 19560 19613 I WestlakeVM: VM: PF202 strict launch assignments ready
05-05 13:05:13.861 19560 19613 I WestlakeVM: VM: PF202 strict package block ready
05-05 13:05:13.861 19560 19613 I WestlakeVM: VM: PF202 strict resource block begin
05-05 13:05:13.861 19560 19613 I WestlakeVM: VM: PF202 strict pre-extracted loader enter
05-05 13:05:13.862 19560 19613 I WestlakeVM: VM: PF202 ApkLoader enter
05-05 13:05:13.863 19560 19613 I WestlakeVM: VM: PF202 ApkLoader info seeded
05-05 13:05:13.867 19560 19613 I WestlakeVM: VM: CV PF-MCD-RES_TABLE_READ_BEGIN path=/data/local/tmp/westlake/com_github_ashutoshgngwr_noice_res/resources.arsc
05-05 13:05:13.880 19560 19613 I WestlakeVM: VM: CV PF-MCD-RES_TABLE_READ_DONE bytes=2019644
05-05 13:05:13.880 19560 19613 I WestlakeVM: VM: CV PF-MCD-RES_TABLE_PARSE_BEGIN
05-05 13:05:14.773  3704  3747 W HidlServiceManagement: Waited one second for vendor.qti.hardware.cacert@1.0::IService/default
05-05 13:05:14.775   660   660 I hwservicemanager: Since vendor.qti.hardware.cacert@1.0::IService/default is not registered, trying to start it as a lazy HAL (if it's not configured to be a lazy HAL, it may be stuck starting or still starting).
05-05 13:05:14.776  3704  3747 I HidlServiceManagement: getService: Trying again for vendor.qti.hardware.cacert@1.0::IService/default...
05-05 13:05:14.779   660 19633 W libc    : Unable to set property "ctl.interface_start" to "vendor.qti.hardware.cacert@1.0::IService/default": PROP_ERROR_HANDLE_CONTROL_MESSAGE (0x20)
05-05 13:05:14.779   660 19633 I hwservicemanager: Tried to start vendor.qti.hardware.cacert@1.0::IService/default as a lazy service, but was unable to. Usually this happens when a service is not installed, but if the service is intended to be used as a lazy service, then it may be configured incorrectly.
05-05 13:05:14.692     0     0 E init    : Control message: Could not find 'vendor.qti.hardware.cacert@1.0::IService/default' for ctl.interface_start from pid: 660 (/system/system_ext/bin/hwservicemanager)
05-05 13:05:15.511   713  1834 I NxpNciR : len =   4 > 600701A1
05-05 13:05:15.776  3704  3747 W HidlServiceManagement: Waited one second for vendor.qti.hardware.cacert@1.0::IService/default
05-05 13:05:15.777   660   660 I hwservicemanager: Since vendor.qti.hardware.cacert@1.0::IService/default is not registered, trying to start it as a lazy HAL (if it's not configured to be a lazy HAL, it may be stuck starting or still starting).
05-05 13:05:15.778  3704  3747 I HidlServiceManagement: getService: Trying again for vendor.qti.hardware.cacert@1.0::IService/default...
05-05 13:05:15.782   660 19634 W libc    : Unable to set property "ctl.interface_start" to "vendor.qti.hardware.cacert@1.0::IService/default": PROP_ERROR_HANDLE_CONTROL_MESSAGE (0x20)
05-05 13:05:15.782   660 19634 I hwservicemanager: Tried to start vendor.qti.hardware.cacert@1.0::IService/default as a lazy service, but was unable to. Usually this happens when a service is not installed, but if the service is intended to be used as a lazy service, then it may be configured incorrectly.
05-05 13:05:15.695     0     0 E init    : Control message: Could not find 'vendor.qti.hardware.cacert@1.0::IService/default' for ctl.interface_start from pid: 660 (/system/system_ext/bin/hwservicemanager)
05-05 13:05:16.779  3704  3747 W HidlServiceManagement: Waited one second for vendor.qti.hardware.cacert@1.0::IService/default
05-05 13:05:16.779   660   660 I hwservicemanager: Since vendor.qti.hardware.cacert@1.0::IService/default is not registered, trying to start it as a lazy HAL (if it's not configured to be a lazy HAL, it may be stuck starting or still starting).
05-05 13:05:16.780  3704  3747 I HidlServiceManagement: getService: Trying again for vendor.qti.hardware.cacert@1.0::IService/default...
05-05 13:05:16.783   660 19635 W libc    : Unable to set property "ctl.interface_start" to "vendor.qti.hardware.cacert@1.0::IService/default": PROP_ERROR_HANDLE_CONTROL_MESSAGE (0x20)
05-05 13:05:16.783   660 19635 I hwservicemanager: Tried to start vendor.qti.hardware.cacert@1.0::IService/default as a lazy service, but was unable to. Usually this happens when a service is not installed, but if the service is intended to be used as a lazy service, then it may be configured incorrectly.
05-05 13:05:16.696     0     0 E init    : Control message: Could not find 'vendor.qti.hardware.cacert@1.0::IService/default' for ctl.interface_start from pid: 660 (/system/system_ext/bin/hwservicemanager)
05-05 13:05:17.780  3704  3747 W HidlServiceManagement: Waited one second for vendor.qti.hardware.cacert@1.0::IService/default
05-05 13:05:17.781   660   660 I hwservicemanager: Since vendor.qti.hardware.cacert@1.0::IService/default is not registered, trying to start it as a lazy HAL (if it's not configured to be a lazy HAL, it may be stuck starting or still starting).
05-05 13:05:17.782  3704  3747 I HidlServiceManagement: getService: Trying again for vendor.qti.hardware.cacert@1.0::IService/default...
05-05 13:05:17.698     0     0 E init    : Control message: Could not find 'vendor.qti.hardware.cacert@1.0::IService/default' for ctl.interface_start from pid: 660 (/system/system_ext/bin/hwservicemanager)
05-05 13:05:17.785   660 19636 W libc    : Unable to set property "ctl.interface_start" to "vendor.qti.hardware.cacert@1.0::IService/default": PROP_ERROR_HANDLE_CONTROL_MESSAGE (0x20)
05-05 13:05:17.785   660 19636 I hwservicemanager: Tried to start vendor.qti.hardware.cacert@1.0::IService/default as a lazy service, but was unable to. Usually this happens when a service is not installed, but if the service is intended to be used as a lazy service, then it may be configured incorrectly.
05-05 13:05:18.782  3704  3747 W HidlServiceManagement: Waited one second for vendor.qti.hardware.cacert@1.0::IService/default
05-05 13:05:18.784   660   660 I hwservicemanager: Since vendor.qti.hardware.cacert@1.0::IService/default is not registered, trying to start it as a lazy HAL (if it's not configured to be a lazy HAL, it may be stuck starting or still starting).
05-05 13:05:18.785  3704  3747 I HidlServiceManagement: getService: Trying again for vendor.qti.hardware.cacert@1.0::IService/default...
05-05 13:05:18.786   660 19637 W libc    : Unable to set property "ctl.interface_start" to "vendor.qti.hardware.cacert@1.0::IService/default": PROP_ERROR_HANDLE_CONTROL_MESSAGE (0x20)
05-05 13:05:18.787   660 19637 I hwservicemanager: Tried to start vendor.qti.hardware.cacert@1.0::IService/default as a lazy service, but was unable to. Usually this happens when a service is not installed, but if the service is intended to be used as a lazy service, then it may be configured incorrectly.
05-05 13:05:18.700     0     0 E init    : Control message: Could not find 'vendor.qti.hardware.cacert@1.0::IService/default' for ctl.interface_start from pid: 660 (/system/system_ext/bin/hwservicemanager)
05-05 13:05:19.785  3704  3747 W HidlServiceManagement: Waited one second for vendor.qti.hardware.cacert@1.0::IService/default
05-05 13:05:19.786   660   660 I hwservicemanager: Since vendor.qti.hardware.cacert@1.0::IService/default is not registered, trying to start it as a lazy HAL (if it's not configured to be a lazy HAL, it may be stuck starting or still starting).
05-05 13:05:19.787  3704  3747 I HidlServiceManagement: getService: Trying again for vendor.qti.hardware.cacert@1.0::IService/default...
05-05 13:05:19.790   660 19638 W libc    : Unable to set property "ctl.interface_start" to "vendor.qti.hardware.cacert@1.0::IService/default": PROP_ERROR_HANDLE_CONTROL_MESSAGE (0x20)
05-05 13:05:19.790   660 19638 I hwservicemanager: Tried to start vendor.qti.hardware.cacert@1.0::IService/default as a lazy service, but was unable to. Usually this happens when a service is not installed, but if the service is intended to be used as a lazy service, then it may be configured incorrectly.
05-05 13:05:19.703     0     0 E init    : Control message: Could not find 'vendor.qti.hardware.cacert@1.0::IService/default' for ctl.interface_start from pid: 660 (/system/system_ext/bin/hwservicemanager)
05-05 13:05:19.867     0     0 I QCOM-BATT: pl_fcc_vote_callback: total_fcc_ua=1950000
05-05 13:05:19.867     0     0 I QCOM-BATT: pl_fv_vote_callback: fv_uv=4400000
05-05 13:05:20.226     0     0 E FG      : fg_psy_get_property: unsupported property 79
05-05 13:05:20.233     0     0 E FG      : fg_psy_get_property: unsupported property 79
05-05 13:05:20.239     0     0 W healthd : battery l=100 v=2885 t=21.3 h=2 st=5 c=0 fc=2831000 chg=u
05-05 13:05:20.331  1126  1126 D QtiCarrierConfigHelper: WARNING, no carrier configs on phone Id: 0
05-05 13:05:20.337   960  2676 D PowerUI : can't show warning due to - plugged: true status unknown: false
05-05 13:05:20.249     0     0 E FG      : fg_psy_get_property: unsupported property 79
05-05 13:05:20.787  3704  3747 W HidlServiceManagement: Waited one second for vendor.qti.hardware.cacert@1.0::IService/default
05-05 13:05:20.789   660   660 I hwservicemanager: Since vendor.qti.hardware.cacert@1.0::IService/default is not registered, trying to start it as a lazy HAL (if it's not configured to be a lazy HAL, it may be stuck starting or still starting).
05-05 13:05:20.790  3704  3747 I HidlServiceManagement: getService: Trying again for vendor.qti.hardware.cacert@1.0::IService/default...
05-05 13:05:20.708     0     0 E init    : Control message: Could not find 'vendor.qti.hardware.cacert@1.0::IService/default' for ctl.interface_start from pid: 660 (/system/system_ext/bin/hwservicemanager)
05-05 13:05:20.794   660 19640 W libc    : Unable to set property "ctl.interface_start" to "vendor.qti.hardware.cacert@1.0::IService/default": PROP_ERROR_HANDLE_CONTROL_MESSAGE (0x20)
05-05 13:05:20.794   660 19640 I hwservicemanager: Tried to start vendor.qti.hardware.cacert@1.0::IService/default as a lazy service, but was unable to. Usually this happens when a service is not installed, but if the service is intended to be used as a lazy service, then it may be configured incorrectly.
05-05 13:05:21.790  3704  3747 W HidlServiceManagement: Waited one second for vendor.qti.hardware.cacert@1.0::IService/default
05-05 13:05:21.792   660   660 I hwservicemanager: Since vendor.qti.hardware.cacert@1.0::IService/default is not registered, trying to start it as a lazy HAL (if it's not configured to be a lazy HAL, it may be stuck starting or still starting).
05-05 13:05:21.792  3704  3747 I HidlServiceManagement: getService: Trying again for vendor.qti.hardware.cacert@1.0::IService/default...
05-05 13:05:21.796   660 19641 W libc    : Unable to set property "ctl.interface_start" to "vendor.qti.hardware.cacert@1.0::IService/default": PROP_ERROR_HANDLE_CONTROL_MESSAGE (0x20)
05-05 13:05:21.796   660 19641 I hwservicemanager: Tried to start vendor.qti.hardware.cacert@1.0::IService/default as a lazy service, but was unable to. Usually this happens when a service is not installed, but if the service is intended to be used as a lazy service, then it may be configured incorrectly.
05-05 13:05:21.709     0     0 E init    : Control message: Could not find 'vendor.qti.hardware.cacert@1.0::IService/default' for ctl.interface_start from pid: 660 (/system/system_ext/bin/hwservicemanager)
05-05 13:05:22.086   713  1834 I NxpNciR : len =   4 > 600701A1
05-05 13:05:22.793  3704  3747 W HidlServiceManagement: Waited one second for vendor.qti.hardware.cacert@1.0::IService/default
05-05 13:05:22.794   660   660 I hwservicemanager: Since vendor.qti.hardware.cacert@1.0::IService/default is not registered, trying to start it as a lazy HAL (if it's not configured to be a lazy HAL, it may be stuck starting or still starting).
05-05 13:05:22.794  3704  3747 I HidlServiceManagement: getService: Trying again for vendor.qti.hardware.cacert@1.0::IService/default...
05-05 13:05:22.796   660 19642 W libc    : Unable to set property "ctl.interface_start" to "vendor.qti.hardware.cacert@1.0::IService/default": PROP_ERROR_HANDLE_CONTROL_MESSAGE (0x20)
05-05 13:05:22.796   660 19642 I hwservicemanager: Tried to start vendor.qti.hardware.cacert@1.0::IService/default as a lazy service, but was unable to. Usually this happens when a service is not installed, but if the service is intended to be used as a lazy service, then it may be configured incorrectly.
05-05 13:05:22.710     0     0 E init    : Control message: Could not find 'vendor.qti.hardware.cacert@1.0::IService/default' for ctl.interface_start from pid: 660 (/system/system_ext/bin/hwservicemanager)
05-05 13:05:23.405 19560 19613 I WestlakeVM: VM: CV PF-MCD-RES_TABLE_PARSE_DONE
05-05 13:05:23.407 19560 19613 I WestlakeVM: VM: CV PF-MCD-RES_TABLE_LOADED bytes=2019644 strings=586 integers=0
05-05 13:05:23.410 19560 19613 I WestlakeVM: VM: PF202 ApkLoader res dirs ready
05-05 13:05:23.411 19560 19613 I WestlakeVM: VM: PF202 ApkLoader activity seeded
05-05 13:05:23.412 19560 19613 I WestlakeVM: VM: PF202 ApkLoader return
05-05 13:05:23.412 19560 19613 I WestlakeVM: VM: PF202 strict post-loader return
05-05 13:05:23.413 19560 19613 I WestlakeVM: VM: PF202 strict post-loader info seeded
05-05 13:05:23.413 19560 19613 I WestlakeVM: VM: PF202 strict split work skipped
05-05 13:05:23.413 19560 19613 I WestlakeVM: VM: PF202 strict setApkInfo skipped
05-05 13:05:23.413 19560 19613 I WestlakeVM: VM: PF202 strict pre-extracted resources loaded
05-05 13:05:23.413 19560 19613 I WestlakeVM: VM: PF202 strict resource wiring skipped
05-05 13:05:23.415 19560 19613 I WestlakeVM: VM: PF202 strict package reconciliation skipped
05-05 13:05:23.415 19560 19613 I WestlakeVM: VM: PF202 strict APK summary skipped
05-05 13:05:23.415 19560 19613 I WestlakeVM: VM: PF202 strict launch target reconciliation skipped
05-05 13:05:23.415 19560 19613 I WestlakeVM: VM: PF202 strict launch banner skipped
05-05 13:05:23.416 19560 19613 I WestlakeVM: VM: PF202 strict activity resolve skipped
05-05 13:05:23.417 19560 19613 I WestlakeVM: VM: [PFCUT] Class.getDeclaredField intrinsic hit class=java.lang.ClassLoader name=packages
05-05 13:05:23.417 19560 19613 I WestlakeVM: VM: [PFCUT] Class.getDeclaredField intrinsic hit class=java.lang.ClassLoader name=packages
05-05 13:05:23.417 19560 19613 I WestlakeVM: VM: [PFCUT] Class.classForName name=com.newrelic.agent.android.tracing.TraceMachine initialize=0 loader=0x7dea7a623d lifecycle_adapter=0 mcd_analytics=0 callers=java.lang.Class java.lang.Class.classForName(java.lang.String, boolean, java.lang.ClassLoader) | java.lang.Class java.lang.Class.forName(java.lang.String, boolean, java.lang.ClassLoader) | boolean com.westlake.engine.WestlakeLauncher.nativePatchClassNoop(java.lang.String, java.lang.ClassLoader) | boolean com.westlake.engine.WestlakeLauncher.nativePatchClassNoop(java.lang.String, java.lang.ClassLoader) | void com.westlake.engine.WestlakeLauncher.patchProblematicAppClasses(java.lang.ClassLoader) | void com.westlake.engine.WestlakeLauncher.mainImpl(java.lang.String[]) | void com.westlake.engine.WestlakeLauncher.main(java.lang.String[])
05-05 13:05:23.418 19560 19613 I WestlakeVM: VM: [PFCUT] Class.classForName name=com.newrelic.agent.android.tracing.Trace initialize=0 loader=0x7dea7a623d lifecycle_adapter=0 mcd_analytics=0 callers=java.lang.Class java.lang.Class.classForName(java.lang.String, boolean, java.lang.ClassLoader) | java.lang.Class java.lang.Class.forName(java.lang.String, boolean, java.lang.ClassLoader) | boolean com.westlake.engine.WestlakeLauncher.nativePatchClassNoop(java.lang.String, java.lang.ClassLoader) | boolean com.westlake.engine.WestlakeLauncher.nativePatchClassNoop(java.lang.String, java.lang.ClassLoader) | void com.westlake.engine.WestlakeLauncher.patchProblematicAppClasses(java.lang.ClassLoader) | void com.westlake.engine.WestlakeLauncher.mainImpl(java.lang.String[]) | void com.westlake.engine.WestlakeLauncher.main(java.lang.String[])
05-05 13:05:23.419 19560 19613 I WestlakeVM: VM: [PFCUT] Class.classForName name=com.newrelic.agent.android.NewRelic initialize=0 loader=0x7dea7a623d lifecycle_adapter=0 mcd_analytics=0 callers=java.lang.Class java.lang.Class.classForName(java.lang.String, boolean, java.lang.ClassLoader) | java.lang.Class java.lang.Class.forName(java.lang.String, boolean, java.lang.ClassLoader) | boolean com.westlake.engine.WestlakeLauncher.nativePatchClassNoop(java.lang.String, java.lang.ClassLoader) | boolean com.westlake.engine.WestlakeLauncher.nativePatchClassNoop(java.lang.String, java.lang.ClassLoader) | void com.westlake.engine.WestlakeLauncher.patchProblematicAppClasses(java.lang.ClassLoader) | void com.westlake.engine.WestlakeLauncher.mainImpl(java.lang.String[]) | void com.westlake.engine.WestlakeLauncher.main(java.lang.String[])
05-05 13:05:23.423 19560 19613 I WestlakeVM: VM: [WestlakeLauncher] AM direct launch: pkg=com.github.ashutoshgngwr.noice cls=com.github.ashutoshgngwr.noice.activity.MainActivity
05-05 13:05:23.432 19560 19613 I WestlakeVM: VM: [shim-log] D/MiniActivityManager: startActivity: com.github.ashutoshgngwr.noice.activity.MainActivity action=android.intent.action.MAIN pkg=com.github.ashutoshgngwr.noice
05-05 13:05:23.482 19560 19613 I WestlakeVM: VM: [PFCUT] MethodHandles.lookup intrinsic caller=void java.util.concurrent.atomic.AtomicReference.<clinit>()
05-05 13:05:23.482 19560 19613 I WestlakeVM: VM: [PFCUT] Class.getDeclaredField intrinsic hit class=java.util.concurrent.atomic.AtomicReference name=value
05-05 13:05:23.521 19560 19613 I WestlakeVM: VM: [PFCUT] Class.getDeclaredField intrinsic hit class=android.app.Activity name=mIntent
05-05 13:05:23.522 19560 19613 I WestlakeVM: VM: [PFCUT] Class.getDeclaredField intrinsic hit class=android.app.Activity name=mComponent
05-05 13:05:23.522 19560 19613 I WestlakeVM: VM: [PFCUT] Class.getDeclaredField intrinsic hit class=android.app.Activity name=mApplication
05-05 13:05:23.522 19560 19613 I WestlakeVM: VM: [PFCUT] Class.getDeclaredField intrinsic hit class=android.app.Activity name=mFinished
05-05 13:05:23.523 19560 19613 I WestlakeVM: VM: [PFCUT] Class.getDeclaredField intrinsic hit class=android.app.Activity name=mDestroyed
05-05 13:05:23.526 19560 19613 I WestlakeVM: VM: [PFCUT] Class.getDeclaredField intrinsic hit class=android.app.ActivityThread name=sCurrentActivityThread
05-05 13:05:23.527 19560 19613 I WestlakeVM: VM: [PFCUT] Class.getDeclaredField intrinsic hit class=android.app.Activity name=mIntent
05-05 13:05:23.527 19560 19613 I WestlakeVM: VM: [PFCUT] Class.getDeclaredField intrinsic hit class=android.app.Activity name=mComponent
05-05 13:05:23.527 19560 19613 I WestlakeVM: VM: [PFCUT] Class.getDeclaredField intrinsic hit class=android.app.Activity name=mApplication
05-05 13:05:23.528 19560 19613 I WestlakeVM: VM: [PFCUT] Class.getDeclaredField intrinsic hit class=android.app.Activity name=mFinished
05-05 13:05:23.528 19560 19613 I WestlakeVM: VM: [PFCUT] Class.getDeclaredField intrinsic hit class=android.app.Activity name=mDestroyed
05-05 13:05:23.533 19560 19613 I WestlakeVM: VM: [shim-log] D/MiniActivityManager:   performCreate: com.github.ashutoshgngwr.noice.activity.MainActivity
05-05 13:05:23.539 19560 19613 I WestlakeVM: VM: [PFCUT] StringFactory Charset fallback bytes=7 offset=0 utf16=7 shorty=LLIIL
05-05 13:05:23.543 19560 19613 I WestlakeVM: VM: [shim-log] D/MiniActivityManager:   performCreate app cl=dalvik.system.PathClassLoader@8b38cd0
05-05 13:05:23.543 19560 19613 I WestlakeVM: VM: [PFCUT] VMClassLoader.getResources(String) fallback -> Collections.emptyList
05-05 13:05:23.549 19560 19613 I WestlakeVM: VM: [shim-log] D/MiniActivityManager:   performCreate app service not found
05-05 13:05:23.555 19560 19613 I WestlakeVM: VM: [shim-log] D/MiniActivityManager:   performCreate app factoryClass failed: ClassNotFoundException: kotlinx.coroutines.android.AndroidDispatcherFactory
05-05 13:05:23.558 19560 19613 I WestlakeVM: VM: [PFCUT] System.arraycopy intrinsic src=[B dst=[B srcPos=0 dstPos=0 count=16
05-05 13:05:23.559 19560 19613 I WestlakeVM: VM: [PFCUT] System.arraycopy intrinsic src=[B dst=[B srcPos=0 dstPos=0 count=16
05-05 13:05:23.560 19560 19613 I WestlakeVM: VM: [PFCUT] StringFactory Charset fallback bytes=7 offset=0 utf16=7 shorty=LLIIL
05-05 13:05:23.561 19560 19613 I WestlakeVM: VM: [PFCUT] System.arraycopy intrinsic src=[B dst=[B srcPos=0 dstPos=0 count=34
05-05 13:05:23.561 19560 19613 I WestlakeVM: VM: [PFCUT] System.arraycopy intrinsic src=[B dst=[B srcPos=0 dstPos=0 count=34
05-05 13:05:23.562 19560 19613 I WestlakeVM: VM: [PFCUT] System.arraycopy intrinsic src=[B dst=[B srcPos=0 dstPos=0 count=16
05-05 13:05:23.563 19560 19613 I WestlakeVM: VM: [PFCUT] System.arraycopy intrinsic src=[B dst=[B srcPos=0 dstPos=0 count=34
05-05 13:05:23.565 19560 19613 I WestlakeVM: VM: [PFCUT] System.arraycopy intrinsic src=[B dst=[B srcPos=0 dstPos=0 count=16
05-05 13:05:23.566 19560 19613 I WestlakeVM: VM: [shim-log] D/MiniActivityManager:   performCreate thread cl=dalvik.system.PathClassLoader@8b38cd0
05-05 13:05:23.566 19560 19613 I WestlakeVM: VM: [PFCUT] VMClassLoader.getResources(String) fallback -> Collections.emptyList
05-05 13:05:23.567 19560 19613 I WestlakeVM: VM: [PFCUT] System.arraycopy intrinsic src=[B dst=[B srcPos=0 dstPos=0 count=16
05-05 13:05:23.568 19560 19613 I WestlakeVM: VM: [PFCUT] System.arraycopy intrinsic src=[B dst=[B srcPos=0 dstPos=0 count=34
05-05 13:05:23.569 19560 19613 I WestlakeVM: VM: [PFCUT] System.arraycopy intrinsic src=[B dst=[B srcPos=0 dstPos=0 count=16
05-05 13:05:23.569 19560 19613 I WestlakeVM: VM: [PFCUT] System.arraycopy intrinsic src=[B dst=[B srcPos=0 dstPos=0 count=34
05-05 13:05:23.571 19560 19613 I WestlakeVM: VM: [PFCUT] System.arraycopy intrinsic src=[B dst=[B srcPos=0 dstPos=0 count=16
05-05 13:05:23.572 19560 19613 I WestlakeVM: VM: [shim-log] D/MiniActivityManager:   performCreate thread service not found
05-05 13:05:23.572 19560 19613 I WestlakeVM: VM: [PFCUT] forced interpreter JNI reason=Class.classForName method=java.lang.Class java.lang.Class.classForName(java.lang.String, boolean, java.lang.ClassLoader) quick=0xd23cc0 jni=0x750018
05-05 13:05:23.573 19560 19613 I WestlakeVM: VM: [PFCUT] System.arraycopy intrinsic src=[B dst=[B srcPos=0 dstPos=0 count=16
05-05 13:05:23.574 19560 19613 I WestlakeVM: VM: [PFCUT] System.arraycopy intrinsic src=[B dst=[B srcPos=0 dstPos=0 count=34
05-05 13:05:23.575 19560 19613 I WestlakeVM: VM: [PFCUT] System.arraycopy intrinsic src=[B dst=[B srcPos=0 dstPos=0 count=70
05-05 13:05:23.576 19560 19613 I WestlakeVM: VM: [PFCUT] System.arraycopy intrinsic src=[B dst=[B srcPos=0 dstPos=0 count=16
05-05 13:05:23.577 19560 19613 I WestlakeVM: VM: [PFCUT] System.arraycopy intrinsic src=[B dst=[B srcPos=0 dstPos=0 count=34
05-05 13:05:23.578 19560 19613 I WestlakeVM: VM: [PFCUT] System.arraycopy intrinsic src=[B dst=[B srcPos=0 dstPos=0 count=16
05-05 13:05:23.579 19560 19613 I WestlakeVM: VM: [shim-log] D/MiniActivityManager:   performCreate thread factoryClass failed: ClassNotFoundException: kotlinx.coroutines.android.AndroidDispatcherFactory
05-05 13:05:23.585 19560 19613 I WestlakeVM: VM: [PFCUT] System.arraycopy intrinsic src=[Ljava/lang/Object; dst=[Ljava/lang/Object; srcPos=0 dstPos=0 count=0
05-05 13:05:23.589 19560 19613 I WestlakeVM: VM: [PFCUT] System.arraycopy intrinsic src=[Ljava/lang/Object; dst=[Ljava/lang/Object; srcPos=0 dstPos=0 count=0
05-05 13:05:23.597 19560 19613 I WestlakeVM: VM: [PFCUT] System.arraycopy intrinsic src=[B dst=[B srcPos=0 dstPos=0 count=16
05-05 13:05:23.598 19560 19613 I WestlakeVM: VM: [PFCUT] forced interpreter JNI reason=Class.classForName method=java.lang.Class java.lang.Class.classForName(java.lang.String, boolean, java.lang.ClassLoader) quick=0xd23cc0 jni=0x750018
05-05 13:05:23.599 19560 19613 I WestlakeVM: VM: [PFCUT] MethodHandles.lookup intrinsic caller=void java.util.concurrent.atomic.AtomicLong.<clinit>()
05-05 13:05:23.600 19560 19613 I WestlakeVM: VM: [PFCUT] Class.getDeclaredField intrinsic hit class=java.util.concurrent.atomic.AtomicLong name=value
05-05 13:05:23.601 19560 19613 I WestlakeVM: VM: [PFCUT] Class.getDeclaredField intrinsic hit class=java.util.Random name=seed
05-05 13:05:23.601 19560 19613 I WestlakeVM: VM: [PFCUT] AtomicLong.get intrinsic current=8682522807148012
05-05 13:05:23.601 19560 19613 I WestlakeVM: VM: [PFCUT] AtomicLong.compareAndSet intrinsic current=8682522807148012
05-05 13:05:23.602 19560 19613 I WestlakeVM: VM: [PFCUT] AtomicLong.get intrinsic current=76357530182259
05-05 13:05:23.602 19560 19613 I WestlakeVM: VM: [PFCUT] AtomicLong.compareAndSet intrinsic current=76357530182259
05-05 13:05:23.604 19560 19613 I WestlakeVM: VM: [PFCUT] System.arraycopy intrinsic src=[B dst=[B srcPos=0 dstPos=0 count=16
05-05 13:05:23.605 19560 19613 I WestlakeVM: VM: [PFCUT] AtomicLong.get intrinsic current=257528350850306
05-05 13:05:23.605 19560 19613 I WestlakeVM: VM: [PFCUT] AtomicLong.compareAndSet intrinsic current=257528350850306
05-05 13:05:23.607 19560 19613 I WestlakeVM: VM: [PFCUT] System.arraycopy intrinsic src=[B dst=[B srcPos=0 dstPos=0 count=16
05-05 13:05:23.607 19560 19613 I WestlakeVM: VM: [PFCUT] AtomicLong.get intrinsic current=84534128592357
05-05 13:05:23.607 19560 19613 I WestlakeVM: VM: [PFCUT] AtomicLong.compareAndSet intrinsic current=84534128592357
05-05 13:05:23.608 19560 19613 I WestlakeVM: VM: [PFCUT] System.arraycopy intrinsic src=[Ljava/lang/Object; dst=[Ljava/lang/Object; srcPos=0 dstPos=0 count=1
05-05 13:05:23.609 19560 19613 I WestlakeVM: VM: [PFCUT] System.arraycopy intrinsic src=[Ljava/lang/Object; dst=[Ljava/lang/Object; srcPos=0 dstPos=0 count=0
05-05 13:05:23.609 19560 19613 I WestlakeVM: VM: [PFCUT] System.arraycopy intrinsic src=[Ljava/lang/Object; dst=[Ljava/lang/Object; srcPos=0 dstPos=0 count=0
05-05 13:05:23.609 19560 19613 I WestlakeVM: VM: [PFCUT] System.arraycopy intrinsic src=[Ljava/lang/Object; dst=[Ljava/lang/Object; srcPos=0 dstPos=0 count=0
05-05 13:05:23.609 19560 19613 I WestlakeVM: VM: [PFCUT] System.arraycopy intrinsic src=[Ljava/lang/Object; dst=[Ljava/lang/Object; srcPos=0 dstPos=0 count=0
05-05 13:05:23.633 19560 19613 I WestlakeVM: VM: [PFCUT] System.arraycopy intrinsic src=[Ljava/util/Locale; dst=[Ljava/util/Locale; srcPos=0 dstPos=0 count=0
05-05 13:05:23.633 19560 19613 I WestlakeVM: VM: [PFCUT] System.arraycopy intrinsic src=[Ljava/util/Locale; dst=[Ljava/util/Locale; srcPos=0 dstPos=0 count=1
05-05 13:05:23.650 19560 19613 I WestlakeVM: VM: [PFCUT] System.arraycopy intrinsic src=[Ljava/util/Locale; dst=[Ljava/util/Locale; srcPos=0 dstPos=0 count=0
05-05 13:05:23.650 19560 19613 I WestlakeVM: VM: [PFCUT] String.split intrinsic delimiter=44 limit=-1 pieces=1
05-05 13:05:23.656 19560 19613 I WestlakeVM: VM: [PFCUT] forced interpreter JNI reason=Unsafe method=boolean jdk.internal.misc.Unsafe.compareAndSetInt(java.lang.Object, long, int, int) quick=0xd23e00 jni=0x74d440
05-05 13:05:23.656 19560 19613 I WestlakeVM: VM: [PFCUT] InterpreterJni jdk.Unsafe CAS int target=0x14279680 offset=52 current=32 expected=32 new=-1 success=1
05-05 13:05:23.656 19560 19613 I WestlakeVM: VM: [PFCUT]   caller#0 boolean jdk.internal.misc.Unsafe.compareAndSetInt(java.lang.Object, long, int, int) dex_pc=0
05-05 13:05:23.657 19560 19613 I WestlakeVM: VM: [PFCUT]   caller#1 java.util.concurrent.ConcurrentHashMap$Node[] java.util.concurrent.ConcurrentHashMap.initTable() dex_pc=25
05-05 13:05:23.657 19560 19613 I WestlakeVM: VM: [PFCUT]   caller#2 java.lang.Object java.util.concurrent.ConcurrentHashMap.putVal(java.lang.Object, java.lang.Object, boolean) dex_pc=196
05-05 13:05:23.657 19560 19613 I WestlakeVM: VM: [PFCUT]   caller#3 java.lang.Object java.util.concurrent.ConcurrentHashMap.putIfAbsent(java.lang.Object, java.lang.Object) dex_pc=1
05-05 13:05:23.657 19560 19613 I WestlakeVM: VM: [PFCUT]   caller#4 java.lang.Object sun.util.locale.LocaleObjectCache.get(java.lang.Object) dex_pc=42
05-05 13:05:23.657 19560 19613 I WestlakeVM: VM: [PFCUT]   caller#5 sun.util.locale.BaseLocale sun.util.locale.BaseLocale.getInstance(java.lang.String, java.lang.String, java.lang.String, java.lang.String) dex_pc=92
05-05 13:05:23.657 19560 19613 I WestlakeVM: VM: [PFCUT] forced interpreter JNI reason=Unsafe method=java.lang.Object jdk.internal.misc.Unsafe.getReferenceVolatile(java.lang.Object, long) quick=0xd23e00 jni=0x74e2c0
05-05 13:05:23.657 19560 19613 I WestlakeVM: VM: [PFCUT] InterpreterJni jdk.Unsafe getReferenceVolatile target=0x1427e700 offset=128 value=0 array_index=29
05-05 13:05:23.658 19560 19613 I WestlakeVM: VM: [PFCUT]   caller#0 java.lang.Object jdk.internal.misc.Unsafe.getReferenceVolatile(java.lang.Object, long) dex_pc=0
05-05 13:05:23.658 19560 19613 I WestlakeVM: VM: [PFCUT]   caller#1 java.lang.Object jdk.internal.misc.Unsafe.getReferenceAcquire(java.lang.Object, long) dex_pc=0
05-05 13:05:23.658 19560 19613 I WestlakeVM: VM: [PFCUT]   caller#2 java.util.concurrent.ConcurrentHashMap$Node java.util.concurrent.ConcurrentHashMap.tabAt(java.util.concurrent.ConcurrentHashMap$Node[], int) dex_pc=10
05-05 13:05:23.658 19560 19613 I WestlakeVM: VM: [PFCUT]   caller#3 java.lang.Object java.util.concurrent.ConcurrentHashMap.putVal(java.lang.Object, java.lang.Object, boolean) dex_pc=27
05-05 13:05:23.658 19560 19613 I WestlakeVM: VM: [PFCUT]   caller#4 java.lang.Object java.util.concurrent.ConcurrentHashMap.putIfAbsent(java.lang.Object, java.lang.Object) dex_pc=1
05-05 13:05:23.658 19560 19613 I WestlakeVM: VM: [PFCUT]   caller#5 java.lang.Object sun.util.locale.LocaleObjectCache.get(java.lang.Object) dex_pc=42
05-05 13:05:23.658 19560 19613 I WestlakeVM: VM: [PFCUT] forced interpreter JNI reason=Unsafe method=boolean jdk.internal.misc.Unsafe.compareAndSetReference(java.lang.Object, long, java.lang.Object, java.lang.Object) quick=0xd23e00 jni=0x74d810
05-05 13:05:23.658 19560 19613 I WestlakeVM: VM: [PFCUT] InterpreterJni jdk.Unsafe CAS ref target=0x1427e700 offset=128 current=0 expected=0 new=0x14280d18 success=1 array_index=29
05-05 13:05:23.658 19560 19613 I WestlakeVM: VM: [PFCUT]   caller#0 boolean jdk.internal.misc.Unsafe.compareAndSetReference(java.lang.Object, long, java.lang.Object, java.lang.Object) dex_pc=0
05-05 13:05:23.659 19560 19613 I WestlakeVM: VM: [PFCUT]   caller#1 boolean java.util.concurrent.ConcurrentHashMap.casTabAt(java.util.concurrent.ConcurrentHashMap$Node[], int, java.util.concurrent.ConcurrentHashMap$Node, java.util.concurrent.ConcurrentHashMap$Node) dex_pc=14
05-05 13:05:23.659 19560 19613 I WestlakeVM: VM: [PFCUT]   caller#2 java.lang.Object java.util.concurrent.ConcurrentHashMap.putVal(java.lang.Object, java.lang.Object, boolean) dex_pc=40
05-05 13:05:23.659 19560 19613 I WestlakeVM: VM: [PFCUT]   caller#3 java.lang.Object java.util.concurrent.ConcurrentHashMap.putIfAbsent(java.lang.Object, java.lang.Object) dex_pc=1
05-05 13:05:23.659 19560 19613 I WestlakeVM: VM: [PFCUT]   caller#4 java.lang.Object sun.util.locale.LocaleObjectCache.get(java.lang.Object) dex_pc=42
05-05 13:05:23.659 19560 19613 I WestlakeVM: VM: [PFCUT]   caller#5 sun.util.locale.BaseLocale sun.util.locale.BaseLocale.getInstance(java.lang.String, java.lang.String, java.lang.String, java.lang.String) dex_pc=92
05-05 13:05:23.659 19560 19613 I WestlakeVM: VM: [PFCUT] forced interpreter JNI reason=Unsafe method=boolean jdk.internal.misc.Unsafe.compareAndSetLong(java.lang.Object, long, long, long) quick=0xd23e00 jni=0x74d66c
05-05 13:05:23.659 19560 19613 I WestlakeVM: VM: [PFCUT] InterpreterJni jdk.Unsafe CAS long target=0x14279680 offset=40 current=0 expected=0 new=1 success=1
05-05 13:05:23.659 19560 19613 I WestlakeVM: VM: [PFCUT]   caller#0 boolean jdk.internal.misc.Unsafe.compareAndSetLong(java.lang.Object, long, long, long) dex_pc=0
05-05 13:05:23.660 19560 19613 I WestlakeVM: VM: [PFCUT]   caller#1 void java.util.concurrent.ConcurrentHashMap.addCount(long, int) dex_pc=23
05-05 13:05:23.660 19560 19613 I WestlakeVM: VM: [PFCUT]   caller#2 java.lang.Object java.util.concurrent.ConcurrentHashMap.putVal(java.lang.Object, java.lang.Object, boolean) dex_pc=189
05-05 13:05:23.660 19560 19613 I WestlakeVM: VM: [PFCUT]   caller#3 java.lang.Object java.util.concurrent.ConcurrentHashMap.putIfAbsent(java.lang.Object, java.lang.Object) dex_pc=1
05-05 13:05:23.660 19560 19613 I WestlakeVM: VM: [PFCUT]   caller#4 java.lang.Object sun.util.locale.LocaleObjectCache.get(java.lang.Object) dex_pc=42
05-05 13:05:23.660 19560 19613 I WestlakeVM: VM: [PFCUT]   caller#5 sun.util.locale.BaseLocale sun.util.locale.BaseLocale.getInstance(java.lang.String, java.lang.String, java.lang.String, java.lang.String) dex_pc=92
05-05 13:05:23.660 19560 19613 I WestlakeVM: VM: [PFCUT] forced interpreter JNI reason=Unsafe method=java.lang.Object jdk.internal.misc.Unsafe.getReferenceVolatile(java.lang.Object, long) quick=0xd23e00 jni=0x74e2c0
05-05 13:05:23.661 19560 19613 I WestlakeVM: VM: [PFCUT] InterpreterJni jdk.Unsafe getReferenceVolatile target=0x1427e700 offset=100 value=0 array_index=22
05-05 13:05:23.661 19560 19613 I WestlakeVM: VM: [PFCUT]   caller#0 java.lang.Object jdk.internal.misc.Unsafe.getReferenceVolatile(java.lang.Object, long) dex_pc=0
05-05 13:05:23.661 19560 19613 I WestlakeVM: VM: [PFCUT]   caller#1 java.lang.Object jdk.internal.misc.Unsafe.getReferenceAcquire(java.lang.Object, long) dex_pc=0
05-05 13:05:23.661 19560 19613 I WestlakeVM: VM: [PFCUT]   caller#2 java.util.concurrent.ConcurrentHashMap$Node java.util.concurrent.ConcurrentHashMap.tabAt(java.util.concurrent.ConcurrentHashMap$Node[], int) dex_pc=10
05-05 13:05:23.661 19560 19613 I WestlakeVM: VM: [PFCUT]   caller#3 java.lang.Object java.util.concurrent.ConcurrentHashMap.get(java.lang.Object) dex_pc=21
05-05 13:05:23.661 19560 19613 I WestlakeVM: VM: [PFCUT]   caller#4 java.lang.Object sun.util.locale.LocaleObjectCache.get(java.lang.Object) dex_pc=6
05-05 13:05:23.661 19560 19613 I WestlakeVM: VM: [PFCUT]   caller#5 sun.util.locale.BaseLocale sun.util.locale.BaseLocale.getInstance(java.lang.String, java.lang.String, java.lang.String, java.lang.String) dex_pc=92
05-05 13:05:23.662 19560 19613 I WestlakeVM: VM: [PFCUT] forced interpreter JNI reason=Unsafe method=java.lang.Object jdk.internal.misc.Unsafe.getReferenceVolatile(java.lang.Object, long) quick=0xd23e00 jni=0x74e2c0
05-05 13:05:23.662 19560 19613 I WestlakeVM: VM: [PFCUT] InterpreterJni jdk.Unsafe getReferenceVolatile target=0x1427e700 offset=100 value=0 array_index=22
05-05 13:05:23.662 19560 19613 I WestlakeVM: VM: [PFCUT]   caller#0 java.lang.Object jdk.internal.misc.Unsafe.getReferenceVolatile(java.lang.Object, long) dex_pc=0
05-05 13:05:23.662 19560 19613 I WestlakeVM: VM: [PFCUT]   caller#1 java.lang.Object jdk.internal.misc.Unsafe.getReferenceAcquire(java.lang.Object, long) dex_pc=0
05-05 13:05:23.663 19560 19613 I WestlakeVM: VM: [PFCUT]   caller#2 java.util.concurrent.ConcurrentHashMap$Node java.util.concurrent.ConcurrentHashMap.tabAt(java.util.concurrent.ConcurrentHashMap$Node[], int) dex_pc=10
05-05 13:05:23.663 19560 19613 I WestlakeVM: VM: [PFCUT]   caller#3 java.lang.Object java.util.concurrent.ConcurrentHashMap.putVal(java.lang.Object, java.lang.Object, boolean) dex_pc=27
05-05 13:05:23.663 19560 19613 I WestlakeVM: VM: [PFCUT]   caller#4 java.lang.Object java.util.concurrent.ConcurrentHashMap.putIfAbsent(java.lang.Object, java.lang.Object) dex_pc=1
05-05 13:05:23.663 19560 19613 I WestlakeVM: VM: [PFCUT]   caller#5 java.lang.Object sun.util.locale.LocaleObjectCache.get(java.lang.Object) dex_pc=42
05-05 13:05:23.663 19560 19613 I WestlakeVM: VM: [PFCUT] forced interpreter JNI reason=Unsafe method=boolean jdk.internal.misc.Unsafe.compareAndSetReference(java.lang.Object, long, java.lang.Object, java.lang.Object) quick=0xd23e00 jni=0x74d810
05-05 13:05:23.663 19560 19613 I WestlakeVM: VM: [PFCUT] InterpreterJni jdk.Unsafe CAS ref target=0x1427e700 offset=100 current=0 expected=0 new=0x14280da8 success=1 array_index=22
05-05 13:05:23.664 19560 19613 I WestlakeVM: VM: [PFCUT]   caller#0 boolean jdk.internal.misc.Unsafe.compareAndSetReference(java.lang.Object, long, java.lang.Object, java.lang.Object) dex_pc=0
05-05 13:05:23.664 19560 19613 I WestlakeVM: VM: [PFCUT]   caller#1 boolean java.util.concurrent.ConcurrentHashMap.casTabAt(java.util.concurrent.ConcurrentHashMap$Node[], int, java.util.concurrent.ConcurrentHashMap$Node, java.util.concurrent.ConcurrentHashMap$Node) dex_pc=14
05-05 13:05:23.664 19560 19613 I WestlakeVM: VM: [PFCUT]   caller#2 java.lang.Object java.util.concurrent.ConcurrentHashMap.putVal(java.lang.Object, java.lang.Object, boolean) dex_pc=40
05-05 13:05:23.664 19560 19613 I WestlakeVM: VM: [PFCUT]   caller#3 java.lang.Object java.util.concurrent.ConcurrentHashMap.putIfAbsent(java.lang.Object, java.lang.Object) dex_pc=1
05-05 13:05:23.664 19560 19613 I WestlakeVM: VM: [PFCUT]   caller#4 java.lang.Object sun.util.locale.LocaleObjectCache.get(java.lang.Object) dex_pc=42
05-05 13:05:23.665 19560 19613 I WestlakeVM: VM: [PFCUT]   caller#5 sun.util.locale.BaseLocale sun.util.locale.BaseLocale.getInstance(java.lang.String, java.lang.String, java.lang.String, java.lang.String) dex_pc=92
