--------- beginning of kernel
05-05 13:04:54.157     0     0 I logd    : logdr: UID=2000 GID=2000 PID=19533 b tail=0 logMask=99 pid=0 start=0ns deadline=0ns
--------- beginning of main
05-05 13:04:54.460  3512  3691 I ThermalEngine: Monitor : quiet_therm = 22723, msm_therm = 24107, xo_therm = 23883, battery_therm = 213,current_now = 0 
--------- beginning of system
05-05 13:04:54.693   307   391 E AccessPersistence: Failed to verity-protect runtime-permissions
05-05 13:04:54.693   307   391 E AccessPersistence: java.io.IOException: Failed to enable fs-verity on FD(485): Inappropriate ioctl for device
05-05 13:04:54.693   307   391 E AccessPersistence: 	at com.android.internal.security.VerityUtils.setUpFsverity(VerityUtils.java:94)
05-05 13:04:54.693   307   391 E AccessPersistence: 	at com.android.server.security.FileIntegrity.setUpFsVerity(FileIntegrity.java:66)
05-05 13:04:54.693   307   391 E AccessPersistence: 	at com.android.server.security.FileIntegrity.setUpFsVerity(FileIntegrity.java:50)
05-05 13:04:54.693   307   391 E AccessPersistence: 	at com.android.server.permission.access.AccessPersistence.writeSystemState(AccessPersistence.kt:65)
05-05 13:04:54.693   307   391 E AccessPersistence: 	at com.android.server.permission.access.AccessPersistence.writePendingState(AccessPersistence.kt:149)
05-05 13:04:54.693   307   391 E AccessPersistence: 	at com.android.server.permission.access.AccessPersistence.access$writePendingState(AccessPersistence.kt:41)
05-05 13:04:54.693   307   391 E AccessPersistence: 	at com.android.server.permission.access.AccessPersistence$WriteHandler.handleMessage(AccessPersistence.kt:190)
05-05 13:04:54.693   307   391 E AccessPersistence: 	at android.os.Handler.dispatchMessage(Handler.java:109)
05-05 13:04:54.693   307   391 E AccessPersistence: 	at android.os.Looper.loopOnce(Looper.java:232)
05-05 13:04:54.693   307   391 E AccessPersistence: 	at android.os.Looper.loop(Looper.java:317)
05-05 13:04:54.693   307   391 E AccessPersistence: 	at android.os.HandlerThread.run(HandlerThread.java:85)
05-05 13:04:54.693   307   391 E AccessPersistence: 	at com.android.server.ServiceThread.run(ServiceThread.java:49)
05-05 13:04:54.709  3704  3747 W HidlServiceManagement: Waited one second for vendor.qti.hardware.cacert@1.0::IService/default
05-05 13:04:54.710   660   660 I hwservicemanager: Since vendor.qti.hardware.cacert@1.0::IService/default is not registered, trying to start it as a lazy HAL (if it's not configured to be a lazy HAL, it may be stuck starting or still starting).
05-05 13:04:54.711  3704  3747 I HidlServiceManagement: getService: Trying again for vendor.qti.hardware.cacert@1.0::IService/default...
05-05 13:04:54.713   660 19536 W libc    : Unable to set property "ctl.interface_start" to "vendor.qti.hardware.cacert@1.0::IService/default": PROP_ERROR_HANDLE_CONTROL_MESSAGE (0x20)
05-05 13:04:54.713   660 19536 I hwservicemanager: Tried to start vendor.qti.hardware.cacert@1.0::IService/default as a lazy service, but was unable to. Usually this happens when a service is not installed, but if the service is intended to be used as a lazy service, then it may be configured incorrectly.
05-05 13:04:54.627     0     0 E init    : Control message: Could not find 'vendor.qti.hardware.cacert@1.0::IService/default' for ctl.interface_start from pid: 660 (/system/system_ext/bin/hwservicemanager)
05-05 13:04:54.720   307   391 E AccessPersistence: Failed to verity-protect runtime-permissions
05-05 13:04:54.720   307   391 E AccessPersistence: java.io.IOException: Failed to enable fs-verity on FD(485): Inappropriate ioctl for device
05-05 13:04:54.720   307   391 E AccessPersistence: 	at com.android.internal.security.VerityUtils.setUpFsverity(VerityUtils.java:94)
05-05 13:04:54.720   307   391 E AccessPersistence: 	at com.android.server.security.FileIntegrity.setUpFsVerity(FileIntegrity.java:66)
05-05 13:04:54.720   307   391 E AccessPersistence: 	at com.android.server.security.FileIntegrity.setUpFsVerity(FileIntegrity.java:50)
05-05 13:04:54.720   307   391 E AccessPersistence: 	at com.android.server.permission.access.AccessPersistence.writeUserState(AccessPersistence.kt:65)
05-05 13:04:54.720   307   391 E AccessPersistence: 	at com.android.server.permission.access.AccessPersistence.writePendingState(AccessPersistence.kt:151)
05-05 13:04:54.720   307   391 E AccessPersistence: 	at com.android.server.permission.access.AccessPersistence.access$writePendingState(AccessPersistence.kt:41)
05-05 13:04:54.720   307   391 E AccessPersistence: 	at com.android.server.permission.access.AccessPersistence$WriteHandler.handleMessage(AccessPersistence.kt:190)
05-05 13:04:54.720   307   391 E AccessPersistence: 	at android.os.Handler.dispatchMessage(Handler.java:109)
05-05 13:04:54.720   307   391 E AccessPersistence: 	at android.os.Looper.loopOnce(Looper.java:232)
05-05 13:04:54.720   307   391 E AccessPersistence: 	at android.os.Looper.loop(Looper.java:317)
05-05 13:04:54.720   307   391 E AccessPersistence: 	at android.os.HandlerThread.run(HandlerThread.java:85)
05-05 13:04:54.720   307   391 E AccessPersistence: 	at com.android.server.ServiceThread.run(ServiceThread.java:49)
05-05 13:04:54.769     0     0 I binder  : 19540:19540 ioctl 40046210 7fc5dfe5c4 returned -22
05-05 13:04:54.865   307 28870 I ActivityManager: Force stopping com.westlake.host appid=10218 user=0: from pid 19540
05-05 13:04:54.875  1166  1166 D CarrierSvcBindHelper: onHandleForceStop: [com.westlake.host]
05-05 13:04:54.876   307   767 I AppWidgetServiceImpl: Received broadcast: android.intent.action.PACKAGE_RESTARTED on user 0
05-05 13:04:54.876   307   767 I AppWidgetServiceImpl: Updating package stopped masked state for uid 10218 package com.westlake.host isStopped true
05-05 13:04:54.877  1166  1166 D CarrierSvcBindHelper: No carrier app for: 0
05-05 13:04:54.879  1166  1166 D CarrierSvcBindHelper: No carrier app for: 1
05-05 13:04:55.503     0     0 I binder  : 19555:19555 ioctl 40046210 7fd91fb234 returned -22
05-05 13:04:55.596   307 28870 I ActivityManager: Force stopping com.westlake.host appid=10218 user=0: from pid 19555
05-05 13:04:55.607   307   767 I AppWidgetServiceImpl: Received broadcast: android.intent.action.PACKAGE_RESTARTED on user 0
05-05 13:04:55.607   307   767 I AppWidgetServiceImpl: Updating package stopped masked state for uid 10218 package com.westlake.host isStopped true
05-05 13:04:55.607  1166  1166 D CarrierSvcBindHelper: onHandleForceStop: [com.westlake.host]
05-05 13:04:55.611  1166  1166 D CarrierSvcBindHelper: No carrier app for: 0
05-05 13:04:55.611  1166  1166 D CarrierSvcBindHelper: No carrier app for: 1
05-05 13:04:55.712  3704  3747 W HidlServiceManagement: Waited one second for vendor.qti.hardware.cacert@1.0::IService/default
05-05 13:04:55.714   660   660 I hwservicemanager: Since vendor.qti.hardware.cacert@1.0::IService/default is not registered, trying to start it as a lazy HAL (if it's not configured to be a lazy HAL, it may be stuck starting or still starting).
05-05 13:04:55.715  3704  3747 I HidlServiceManagement: getService: Trying again for vendor.qti.hardware.cacert@1.0::IService/default...
05-05 13:04:55.721   660 19558 W libc    : Unable to set property "ctl.interface_start" to "vendor.qti.hardware.cacert@1.0::IService/default": PROP_ERROR_HANDLE_CONTROL_MESSAGE (0x20)
05-05 13:04:55.721   660 19558 I hwservicemanager: Tried to start vendor.qti.hardware.cacert@1.0::IService/default as a lazy service, but was unable to. Usually this happens when a service is not installed, but if the service is intended to be used as a lazy service, then it may be configured incorrectly.
05-05 13:04:55.634     0     0 E init    : Control message: Could not find 'vendor.qti.hardware.cacert@1.0::IService/default' for ctl.interface_start from pid: 660 (/system/system_ext/bin/hwservicemanager)
05-05 13:04:55.858   307 28870 W ActivityTaskManager: callingPackage for (uid=2000, pid=19555) has no WPC
05-05 13:04:55.861   307 28870 V GrammaticalInflectionUtils: AttributionSource: AttributionSource { uid = 10218, packageName = null, attributionTag = null, token = android.os.Binder@a81f694, deviceId = 0, next = null } does not have READ_SYSTEM_GRAMMATICAL_GENDER permission.
05-05 13:04:55.862   307 28870 W OptProp : Cannot read opt property android.window.PROPERTY_COMPAT_ALLOW_RESIZEABLE_ACTIVITY_OVERRIDES
05-05 13:04:55.863   307 28870 W OptProp : Cannot read opt property android.window.PROPERTY_COMPAT_ALLOW_MIN_ASPECT_RATIO_OVERRIDE
05-05 13:04:55.872   307 28870 W OptProp : Cannot read opt property android.window.PROPERTY_COMPAT_ALLOW_ORIENTATION_OVERRIDE
05-05 13:04:55.875   307 28870 V SplashScreenExceptionList: SplashScreen checking exception for package com.westlake.host (target sdk:28) -> false
05-05 13:04:55.875  3220  3220 I android.hardware.power-service-qti: Power setMode: 5 to: 1
05-05 13:04:55.880  3267  3300 E ANDR-PERF-UTIL: Failed to read /sys/class/mmc_host/mmc0/clk_scaling/enable
05-05 13:04:55.880   307 28870 I ActivityTaskManager: START u0 {flg=0x10000000 cmp=com.westlake.host/.WestlakeActivity (has extras)} with LAUNCH_MULTIPLE from uid 2000 (BAL_ALLOW_PERMISSION) result code=0
05-05 13:04:55.880  3267  3300 E ANDR-PERF-OPTSHANDLER: Failed to read /sys/class/mmc_host/mmc0/clk_scaling/enable
05-05 13:04:55.880  3267  3300 E ANDR-PERF-RESOURCEQS: Failed to apply optimization [11, 4]
05-05 13:04:55.881   960   982 V WindowManagerShell: Transition requested (#4418): android.os.BinderProxy@f9dc00c TransitionRequestInfo { type = OPEN, triggerTask = TaskInfo{userId=0 taskId=2273 effectiveUid=10218 displayId=0 isRunning=true baseIntent=Intent { flg=0x10000000 cmp=com.westlake.host/.WestlakeActivity } baseActivity=ComponentInfo{com.westlake.host/com.westlake.host.WestlakeActivity} topActivity=ComponentInfo{com.westlake.host/com.westlake.host.WestlakeActivity} origActivity=null realActivity=ComponentInfo{com.westlake.host/com.westlake.host.WestlakeActivity} numActivities=1 lastActiveTime=2248488446 supportsMultiWindow=true resizeMode=1 isResizeable=true minWidth=-1 minHeight=-1 defaultMinSize=220 token=WCT{android.window.IWindowContainerToken$Stub$Proxy@bf69d55} topActivityType=1 pictureInPictureParams=null shouldDockBigOverlays=false launchIntoPipHostTaskId=-1 lastParentTaskIdBeforePip=-1 displayCutoutSafeInsets=Rect(0, 80 - 0, 0) topActivityInfo=ActivityInfo{af136a com.westlake.host.WestlakeActivity} launchCookies=[] positionInParent=Point(0, 0) parentTaskId=-1 isFocused=false isVisible=false isVisibleRequested=false isTopActivityNoDisplay=false isSleeping=false locusId=null displayAreaFeatureId=1 isTopActivityTransparent=false isActivityStackTransparent=false lastNonFullscreenBounds=Rect(267, 606 - 814, 1686) capturedLink=null capturedLinkTimestamp=0 requestedVisibleTypes=-9 topActivityRequestOpenInBrowserEducationTimestamp=0 appCompatTaskInfo=AppCompatTaskInfo { topActivityInSizeCompat=false eligibleForLetterboxEducation= false isLetterboxEducationEnabled= false isLetterboxDoubleTapEnabled= false eligibleForUserAspectRatioButton= false topActivityBoundsLetterboxed= false isFromLetterboxDoubleTap= false topActivityLetterboxVerticalPosition= -1 topActivityLetterboxHorizontalPosition= -1 topActivityLetterboxWidth=-1 topActivityLetterboxHeight=-1 topActivityLetterboxAppWidth=-1 topActivityLetterboxAppHeight=-1 isUserFullscreenOverrideEnabled=false isSystemFullscreenOverrideEnabled=false hasMinAspectRatioOverride=false topActivityLetterboxBounds=null cameraCompatTaskInfo=CameraCompatTaskInfo { freeformCameraCompatMode=inactive}} topActivityMainWindowFrame=null}, pipChange = null, remoteTransition = null, displayChange = null, flags = 0, debugId = 4418 }
05-05 13:04:55.881   960   982 D ShellSplitScreen: logExit: no-op, mLoggerSessionId is null
05-05 13:04:55.881  3320  3358 I BpBinder: onLastStrongRef automatically unlinking death recipients: 
05-05 13:04:55.886  1230  1230 W SplitSelectStateCtor: Missing session instanceIds
05-05 13:04:55.886  1230  1230 D StatsLog: LAUNCHER_SPLIT_SELECTION_EXIT_INTERRUPTED
05-05 13:04:55.888   307   421 V GrammaticalInflectionUtils: AttributionSource: AttributionSource { uid = 10218, packageName = null, attributionTag = null, token = android.os.Binder@a81f694, deviceId = 0, next = null } does not have READ_SYSTEM_GRAMMATICAL_GENDER permission.
05-05 13:04:55.890   960  1004 I ndroid.systemui: AssetManager2(0x7bd469f1d8) locale list changing from [] to [en-US]
05-05 13:04:55.894   960   982 D WindowManagerShell: setLauncherKeepClearAreaHeight: visible=false, height=292
05-05 13:04:55.895   960  1005 D SplashScreenView: Build android.window.SplashScreenView{fd0b9d1 V.E...... ......ID 0,0-0,0}
05-05 13:04:55.895   960  1005 D SplashScreenView: Icon: view: android.widget.ImageView{d22fc36 V.ED..... ......I. 0,0-0,0 #1020525 android:id/splashscreen_icon_view} drawable: com.android.wm.shell.startingsurface.SplashscreenIconDrawableFactory$ImmobileIconDrawable@8820737 size: 450
05-05 13:04:55.895   960  1005 D SplashScreenView: Branding: view: android.view.View{91a04a4 G.ED..... ......I. 0,0-0,0 #1020524 android:id/splashscreen_branding_view} drawable: null size w: 0 h: 0
05-05 13:04:55.899  3080 29189 I netd    : tetherGetStats() -> {[]} <2.39ms>
05-05 13:04:55.903   307   780 D BackgroundInstallControlService: Package event received: 0
05-05 13:04:55.907  3320  3320 I BpBinder: onLastStrongRef automatically unlinking death recipients: 
05-05 13:04:55.914   307   767 I AppWidgetServiceImpl: Received broadcast: android.intent.action.PACKAGE_UNSTOPPED on user 0
05-05 13:04:55.915   307   767 I AppWidgetServiceImpl: Updating package stopped masked state for uid 10218 package com.westlake.host isStopped false
05-05 13:04:55.925  1650  1664 D ForegroundUtils: Foreground UID status:
05-05 13:04:55.925  1650  1664 D ForegroundUtils: UID: 10130 is in foreground: false
05-05 13:04:55.925  1650  1664 D ForegroundUtils: UID: 10152 is in foreground: true
05-05 13:04:55.925  1650  1664 D ForegroundUtils: UID: 10159 is in foreground: true
05-05 13:04:55.925  1650  1664 D ForegroundUtils: UID: 10173 is in foreground: true
05-05 13:04:55.925  1650  1664 D ForegroundUtils: UID: 10190 is in foreground: true
05-05 13:04:55.925  1650  1664 D ForegroundUtils: UID: 10193 is in foreground: false
05-05 13:04:55.927   713  1834 I NxpNciR : len =   4 > 600701A1
05-05 13:04:55.928 32752 32752 D Zygote  : Forked child process 19560
05-05 13:04:55.929   960   982 W Looper  : Slow delivery took 31ms wmshell.main h=android.os.Handler c=null m=17
05-05 13:04:55.929   307   526 I ActivityManager: Start proc 19560:com.westlake.host/u0a218 for next-top-activity {com.westlake.host/com.westlake.host.WestlakeActivity}
05-05 13:04:55.930   307 32315 D CoreBackPreview: Window{884bdfe u0 Splash Screen com.westlake.host}: Setting back callback OnBackInvokedCallbackInfo{mCallback=android.window.IOnBackInvokedCallback$Stub$Proxy@8153a98, mPriority=0, mIsAnimationCallback=false, mOverrideBehavior=0}
05-05 13:04:55.944   307   388 V WindowManager: Sent Transition (#4418) createdAt=05-05 13:04:55.863 via request=TransitionRequestInfo { type = OPEN, triggerTask = TaskInfo{userId=0 taskId=2273 effectiveUid=10218 displayId=0 isRunning=true baseIntent=Intent { flg=0x10000000 cmp=com.westlake.host/.WestlakeActivity } baseActivity=ComponentInfo{com.westlake.host/com.westlake.host.WestlakeActivity} topActivity=ComponentInfo{com.westlake.host/com.westlake.host.WestlakeActivity} origActivity=null realActivity=ComponentInfo{com.westlake.host/com.westlake.host.WestlakeActivity} numActivities=1 lastActiveTime=2248488446 supportsMultiWindow=true resizeMode=1 isResizeable=true minWidth=-1 minHeight=-1 defaultMinSize=220 token=WCT{RemoteToken{76f6844 Task{b23abd #2273 type=standard A=10218:com.westlake.host}}} topActivityType=1 pictureInPictureParams=null shouldDockBigOverlays=false launchIntoPipHostTaskId=-1 lastParentTaskIdBeforePip=-1 displayCutoutSafeInsets=Rect(0, 80 - 0, 0) topActivityInfo=ActivityInfo{4cc4d2d com.westlake.host.WestlakeActivity} launchCookies=[] positionInParent=Point(0, 0) parentTaskId=-1 isFocused=false isVisible=false isVisibleRequested=false isTopActivityNoDisplay=false isSleeping=false locusId=null displayAreaFeatureId=1 isTopActivityTransparent=false isActivityStackTransparent=false lastNonFullscreenBounds=Rect(267, 606 - 814, 1686) capturedLink=null capturedLinkTimestamp=0 requestedVisibleTypes=-9 topActivityRequestOpenInBrowserEducationTimestamp=0 appCompatTaskInfo=AppCompatTaskInfo { topActivityInSizeCompat=false eligibleForLetterboxEducation= false isLetterboxEducationEnabled= false isLetterboxDoubleTapEnabled= false eligibleForUserAspectRatioButton= false topActivityBoundsLetterboxed= false isFromLetterboxDoubleTap= false topActivityLetterboxVerticalPosition= -1 topActivityLetterboxHorizontalPosition= -1 topActivityLetterboxWidth=-1 topActivityLetterboxHeight=-1 topActivityLetterboxAppWidth=-1 topActivityLetterboxAppHeight=-1 isUserFullscreenOverrideEnabled=false isSystemFullscreenOverrideEnabled=false hasMinAspectRatioOverride=false topActivityLetterboxBounds=null cameraCompatTaskInfo=CameraCompatTaskInfo { freeformCameraCompatMode=inactive}} topActivityMainWindowFrame=null}, pipChange = null, remoteTransition = null, displayChange = null, flags = 0, debugId = 4418 }
05-05 13:04:55.945   307   388 V WindowManager:     startWCT=WindowContainerTransaction { changes= {} hops= [] errorCallbackToken=null taskFragmentOrganizer=null }
05-05 13:04:55.945   307   388 V WindowManager:     info={id=4418 t=OPEN f=0x0 trk=0 r=[0@Point(0, 0)] c=[
05-05 13:04:55.945   307   388 V WindowManager:         {WCT{RemoteToken{76f6844 Task{b23abd #2273 type=standard A=10218:com.westlake.host}}} m=OPEN f=NONE leash=Surface(name=Task=2273)/@0xe008ed6 sb=Rect(0, 0 - 1080, 2280) eb=Rect(0, 0 - 1080, 2280) epz=Point(1080, 2280) d=0 taskParent=-1},
05-05 13:04:55.945   307   388 V WindowManager:         {WCT{RemoteToken{cb0a3c2 Task{a516ecc #1 type=home}}} m=TO_BACK f=SHOW_WALLPAPER leash=Surface(name=Task=1)/@0xdc03e5b sb=Rect(0, 0 - 1080, 2280) eb=Rect(0, 0 - 1080, 2280) epz=Point(1080, 2280) d=0 taskParent=-1}
05-05 13:04:55.945   307   388 V WindowManager:     ]}
05-05 13:04:55.945   960  1468 V WindowManagerShell: onTransitionReady(transaction=1318555125766)
05-05 13:04:55.945   960   982 V WindowManagerShell: onTransitionReady (#4418) android.os.BinderProxy@f9dc00c: {id=4418 t=OPEN f=0x0 trk=0 r=[0@Point(0, 0)] c=[
05-05 13:04:55.945   960   982 V WindowManagerShell:         {m=OPEN f=NONE leash=Surface(name=Task=2273)/@0x180dee6 sb=Rect(0, 0 - 1080, 2280) eb=Rect(0, 0 - 1080, 2280) epz=Point(1080, 2280) d=0 taskParent=-1},
05-05 13:04:55.945   960   982 V WindowManagerShell:         {m=TO_BACK f=SHOW_WALLPAPER leash=Surface(name=Task=1)/@0x3ad2c27 sb=Rect(0, 0 - 1080, 2280) eb=Rect(0, 0 - 1080, 2280) epz=Point(1080, 2280) d=0 taskParent=-1}
05-05 13:04:55.945   960   982 V WindowManagerShell:     ]}
05-05 13:04:55.945   960   982 V WindowManagerShell: Playing animation for (#4418) android.os.BinderProxy@f9dc00c@0
05-05 13:04:55.945   960   982 V ShellRecents: RecentsTransitionHandler.startAnimation: no controller found
05-05 13:04:55.945   960   982 V WindowManagerShell: Transition doesn't have explicit remote, search filters for match for {id=4418 t=OPEN f=0x0 trk=0 r=[0@Point(0, 0)] c=[{m=OPEN f=NONE leash=Surface(name=Task=2273)/@0x180dee6 sb=Rect(0, 0 - 1080, 2280) eb=Rect(0, 0 - 1080, 2280) epz=Point(1080, 2280) d=0 taskParent=-1},{m=TO_BACK f=SHOW_WALLPAPER leash=Surface(name=Task=1)/@0x3ad2c27 sb=Rect(0, 0 - 1080, 2280) eb=Rect(0, 0 - 1080, 2280) epz=Point(1080, 2280) d=0 taskParent=-1}]}
05-05 13:04:55.946   960   982 V WindowManagerShell:  Checking filter Pair{{types=[] flags=0x0] notFlags=0x100 checks=[{atype=home independent=true modes=[OPEN,TO_FRONT] flags=NONE mustBeTask=false order=TOP topActivity=ComponentInfo{com.android.launcher3/com.android.launcher3.uioverrides.QuickstepLauncher} launchCookie=null windowingMode=undefined},{atype=standard independent=true modes=[CLOSE,TO_BACK] flags=NONE mustBeTask=false order=ANY topActivity=null launchCookie=null windowingMode=undefined},{NOT atype=undefined independent=true modes=[] flags=NONE mustBeTask=true order=ANY topActivity=null launchCookie=null customAnim=true windowingMode=undefined}]} RemoteTransition { remoteTransition = android.window.IRemoteTransition$Stub$Proxy@ae59c67, appThread = android.app.IApplicationThread$Stub$Proxy@8152a14, debugName = QuickstepLaunchHome }}
05-05 13:04:55.946   960   982 V WindowManagerShell:  Delegate animation for (#4418) to null
05-05 13:04:55.946   960   982 V WindowManagerShell: start default transition animation, info = {id=4418 t=OPEN f=0x0 trk=0 r=[0@Point(0, 0)] c=[{m=OPEN f=NONE leash=Surface(name=Task=2273)/@0x180dee6 sb=Rect(0, 0 - 1080, 2280) eb=Rect(0, 0 - 1080, 2280) epz=Point(1080, 2280) d=0 taskParent=-1},{m=TO_BACK f=SHOW_WALLPAPER leash=Surface(name=Task=1)/@0x3ad2c27 sb=Rect(0, 0 - 1080, 2280) eb=Rect(0, 0 - 1080, 2280) epz=Point(1080, 2280) d=0 taskParent=-1}]}
05-05 13:04:55.946   960   982 V WindowManagerShell: loadAnimation: anim=android.view.animation.AnimationSet@bec0372 animAttr=0x13 type=OPEN isEntrance=false
05-05 13:04:55.947   960   982 V WindowManagerShell: loadAnimation: anim=android.view.animation.AnimationSet@691791f animAttr=0x12 type=OPEN isEntrance=true
05-05 13:04:55.947 19560 19560 I Zygote  : seccomp disabled by setenforce 0
05-05 13:04:55.948   960   982 V WindowManagerShell:  animated by com.android.wm.shell.transition.DefaultTransitionHandler@6c3a7ac
05-05 13:04:55.948   960   982 W Looper  : Drained
05-05 13:04:55.949   307 26419 W UserManagerService: Requested status bar icon for non-badged user 0
05-05 13:04:55.959 19560 19560 I m.westlake.host: Late-enabling -Xcheck:jni
05-05 13:04:56.015 19560 19560 I m.westlake.host: Using CollectorTypeCC GC.
05-05 13:04:56.022 23361 23366 I adbd    : jdwp connection from 19560
05-05 13:04:56.033 19560 19560 D nativeloader: Load libframework-connectivity-tiramisu-jni.so using APEX ns com_android_tethering for caller /apex/com.android.tethering/javalib/framework-connectivity-t.jar: ok
05-05 13:04:55.948     0     0 I binder  : 19560:19560 ioctl 40046210 7fd4a812f4 returned -22
05-05 13:04:56.051   307   780 D BackgroundInstallControlService: Package event received: 0
05-05 13:04:56.053  1650  1664 D ForegroundUtils: Foreground UID status:
05-05 13:04:56.057  1650  1664 D ForegroundUtils: UID: 10130 is in foreground: false
05-05 13:04:56.059  1650  1664 D ForegroundUtils: UID: 10152 is in foreground: true
05-05 13:04:56.059  1650  1664 D ForegroundUtils: UID: 10159 is in foreground: true
05-05 13:04:56.059  1650  1664 D ForegroundUtils: UID: 10173 is in foreground: true
05-05 13:04:56.059  1650  1664 D ForegroundUtils: UID: 10190 is in foreground: true
05-05 13:04:56.059  1650  1664 D ForegroundUtils: UID: 10193 is in foreground: false
05-05 13:04:56.059  1650  1664 D ForegroundUtils: UID: 10218 is in foreground: true
05-05 13:04:56.069 19560 19560 D nativeloader: Load libstats_jni.so using APEX ns com_android_os_statsd for caller /apex/com.android.os.statsd/javalib/framework-statsd.jar: ok
05-05 13:04:56.107 19560 19560 D ApplicationLoaders: Returning zygote-cached class loader: /system/framework/android.test.base.jar
05-05 13:04:56.109 19560 19560 W ziparchive: Unable to open '/data/app/~~Gg0G5CtqAB4V4yzAnUxcxw==/com.westlake.host-3z7eVqF571ZZVn3bfdrfTg==/base.dm': No such file or directory
05-05 13:04:56.109 19560 19560 W ziparchive: Unable to open '/data/app/~~Gg0G5CtqAB4V4yzAnUxcxw==/com.westlake.host-3z7eVqF571ZZVn3bfdrfTg==/base.dm': No such file or directory
05-05 13:04:56.238   960   982 V WindowManagerShell: Transition animation finished (aborted=false), notifying core (#4418) android.os.BinderProxy@f9dc00c@0
05-05 13:04:56.242   307   388 V WindowManager: Finish Transition (#4418): created at 05-05 13:04:55.863 collect-started=0.179ms request-sent=16.087ms started=22.716ms ready=76.694ms sent=79.373ms finished=377.557ms
05-05 13:04:56.244  1230  1230 D VRI[QuickstepLauncher]: visibilityChanged oldVisibility=true newVisibility=false
05-05 13:04:56.245   960   982 V WindowManagerShell: Track 0 became idle
05-05 13:04:56.245   960   982 V WindowManagerShell: All active transition animations finished
05-05 13:04:56.246   307 26419 W UserManagerService: Requested status bar icon for non-badged user 0
05-05 13:04:56.247   307 26419 W UserManagerService: Requested status bar icon for non-badged user 0
05-05 13:04:56.715  3704  3747 W HidlServiceManagement: Waited one second for vendor.qti.hardware.cacert@1.0::IService/default
05-05 13:04:56.716   660   660 I hwservicemanager: Since vendor.qti.hardware.cacert@1.0::IService/default is not registered, trying to start it as a lazy HAL (if it's not configured to be a lazy HAL, it may be stuck starting or still starting).
05-05 13:04:56.716  3704  3747 I HidlServiceManagement: getService: Trying again for vendor.qti.hardware.cacert@1.0::IService/default...
05-05 13:04:56.717   660 19574 W libc    : Unable to set property "ctl.interface_start" to "vendor.qti.hardware.cacert@1.0::IService/default": PROP_ERROR_HANDLE_CONTROL_MESSAGE (0x20)
05-05 13:04:56.717   660 19574 I hwservicemanager: Tried to start vendor.qti.hardware.cacert@1.0::IService/default as a lazy service, but was unable to. Usually this happens when a service is not installed, but if the service is intended to be used as a lazy service, then it may be configured incorrectly.
05-05 13:04:56.631     0     0 E init    : Control message: Could not find 'vendor.qti.hardware.cacert@1.0::IService/default' for ctl.interface_start from pid: 660 (/system/system_ext/bin/hwservicemanager)
05-05 13:04:57.226 19560 19560 D nativeloader: Configuring clns-7 for other apk /data/app/~~Gg0G5CtqAB4V4yzAnUxcxw==/com.westlake.host-3z7eVqF571ZZVn3bfdrfTg==/base.apk. target_sdk_version=28, uses_libraries=, library_path=/data/app/~~Gg0G5CtqAB4V4yzAnUxcxw==/com.westlake.host-3z7eVqF571ZZVn3bfdrfTg==/lib/arm64:/data/app/~~Gg0G5CtqAB4V4yzAnUxcxw==/com.westlake.host-3z7eVqF571ZZVn3bfdrfTg==/base.apk!/lib/arm64-v8a, permitted_path=/data:/mnt/expand:/data/user/0/com.westlake.host
05-05 13:04:57.235 19560 19560 I m.westlake.host: AssetManager2(0x7bd463b4f8) locale list changing from [] to [en-US]
05-05 13:04:57.246 19560 19560 V GraphicsEnvironment: Currently set values for:
05-05 13:04:57.246 19560 19560 V GraphicsEnvironment:   angle_gl_driver_selection_pkgs=[]
05-05 13:04:57.246 19560 19560 V GraphicsEnvironment:   angle_gl_driver_selection_values=[]
05-05 13:04:57.246 19560 19560 V GraphicsEnvironment: com.westlake.host is not listed in per-application setting
05-05 13:04:57.247 19560 19560 V GraphicsEnvironment: Neither updatable production driver nor prerelease driver is supported.
05-05 13:04:57.306   307   780 D BackgroundInstallControlService: Package event received: 0
05-05 13:04:57.306   307   780 D BackgroundInstallControlService: Package event received: 0
05-05 13:04:57.315 19560 19560 I m.westlake.host: AssetManager2(0x7bd4646718) locale list changing from [] to [en-US]
05-05 13:04:57.365 19560 19560 I Westlake: WestlakeActivity onCreate (ComponentActivity + Compose)
05-05 13:04:57.365 19560 19560 I Westlake: Auto-launching: WESTLAKE_ART_NOICE
05-05 13:04:57.365 19560 19560 I Westlake: Launching Noice via Westlake ART VM
05-05 13:04:57.396 19560 19560 D DesktopModeFlagsUtil: Toggle override initialized to: OVERRIDE_UNSET
05-05 13:04:57.533 19560 19560 D InsetsController: Setting requestedVisibleTypes to -10 (was -9)
05-05 13:04:57.534   307 26419 W WindowManager: Failed looking up window session=Session{2d2133f 19560:u0a10218} callers=com.android.server.wm.WindowManagerService.windowForClientLocked:6324 com.android.server.wm.Session.updateRequestedVisibleTypes:699 android.view.IWindowSession$Stub.onTransact:1023 
05-05 13:04:57.716  3704  3747 W HidlServiceManagement: Waited one second for vendor.qti.hardware.cacert@1.0::IService/default
05-05 13:04:57.717   660   660 I hwservicemanager: Since vendor.qti.hardware.cacert@1.0::IService/default is not registered, trying to start it as a lazy HAL (if it's not configured to be a lazy HAL, it may be stuck starting or still starting).
05-05 13:04:57.717  3704  3747 I HidlServiceManagement: getService: Trying again for vendor.qti.hardware.cacert@1.0::IService/default...
05-05 13:04:57.718   660 19581 W libc    : Unable to set property "ctl.interface_start" to "vendor.qti.hardware.cacert@1.0::IService/default": PROP_ERROR_HANDLE_CONTROL_MESSAGE (0x20)
05-05 13:04:57.718   660 19581 I hwservicemanager: Tried to start vendor.qti.hardware.cacert@1.0::IService/default as a lazy service, but was unable to. Usually this happens when a service is not installed, but if the service is intended to be used as a lazy service, then it may be configured incorrectly.
05-05 13:04:57.632     0     0 E init    : Control message: Could not find 'vendor.qti.hardware.cacert@1.0::IService/default' for ctl.interface_start from pid: 660 (/system/system_ext/bin/hwservicemanager)
05-05 13:04:57.913 19560 19560 W m.westlake.host: Method java.lang.Object androidx.compose.runtime.snapshots.SnapshotStateMap.mutate(kotlin.jvm.functions.Function1) failed lock verification and will run slower.
05-05 13:04:57.913 19560 19560 W m.westlake.host: Common causes for lock verification issues are non-optimized dex code
05-05 13:04:57.913 19560 19560 W m.westlake.host: and incorrect proguard optimizations.
05-05 13:04:57.914 19560 19560 W m.westlake.host: Method void androidx.compose.runtime.snapshots.SnapshotStateMap.update(kotlin.jvm.functions.Function1) failed lock verification and will run slower.
05-05 13:04:57.915 19560 19560 W m.westlake.host: Method boolean androidx.compose.runtime.snapshots.SnapshotStateMap.removeIf$runtime_release(kotlin.jvm.functions.Function1) failed lock verification and will run slower.
05-05 13:04:58.077   713  1834 I NxpNciR : len =   4 > 600701A1
05-05 13:04:58.340 19560 19560 I WestlakeVM: DisplayListFrameView 480x800 for com.github.ashutoshgngwr.noice
05-05 13:04:58.359 19560 19560 I WestlakeVM: startPipeReader: pipe=false holder=true thread=null
05-05 13:04:58.413   307 29116 D CoreBackPreview: Window{35ea45b u0 com.westlake.host/com.westlake.host.WestlakeActivity}: Setting back callback OnBackInvokedCallbackInfo{mCallback=android.window.IOnBackInvokedCallback$Stub$Proxy@a103036, mPriority=0, mIsAnimationCallback=false, mOverrideBehavior=0}
05-05 13:04:58.536 19560 19577 I AdrenoGLES-0: QUALCOMM build                   : 8e5405b, I57aaec3440
05-05 13:04:58.536 19560 19577 I AdrenoGLES-0: Build Date                       : 05/21/21
05-05 13:04:58.536 19560 19577 I AdrenoGLES-0: OpenGL ES Shader Compiler Version: EV031.32.02.10
05-05 13:04:58.536 19560 19577 I AdrenoGLES-0: Local Branch                     : mybranchebba1dbe-451b-f160-ac81-1458d0b52ae8
05-05 13:04:58.536 19560 19577 I AdrenoGLES-0: Remote Branch                    : quic/gfx-adreno.lnx.1.0.r135-rel
05-05 13:04:58.536 19560 19577 I AdrenoGLES-0: Remote Branch                    : NONE
05-05 13:04:58.536 19560 19577 I AdrenoGLES-0: Reconstruct Branch               : NOTHING
05-05 13:04:58.536 19560 19577 I AdrenoGLES-0: Build Config                     : S P 10.0.7 AArch64
05-05 13:04:58.536 19560 19577 I AdrenoGLES-0: Driver Path                      : /vendor/lib64/egl/libGLESv2_adreno.so
05-05 13:04:58.548 19560 19577 I AdrenoGLES-0: PFP: 0x016ee190, ME: 0x00000000
05-05 13:04:58.570  3320  3359 E HWComposer: getSupportedContentTypes: getSupportedContentTypes failed for display 4630946883826275713: UNSUPPORTED (8)
05-05 13:04:58.486     0     0 I servicemanager: Caller(pid=19560,uid=10218,sid=u:r:untrusted_app_27:s0:c218,c256,c512,c768) Could not find android.hardware.graphics.allocator.IAllocator/default in the VINTF manifest. No alternative instances declared in VINTF.
05-05 13:04:58.487     0     0 I binder  : 19560:19582 ioctl 40046210 7a9c06d094 returned -22
05-05 13:04:58.573   660   660 I hwservicemanager: getTransport: Cannot find entry android.hardware.graphics.mapper@4.0::IMapper/default in either framework or device VINTF manifest.
05-05 13:04:58.575 19560 19582 I Gralloc4: mapper 4.x is not supported
05-05 13:04:58.575   660   660 I hwservicemanager: getTransport: Cannot find entry android.hardware.graphics.mapper@3.0::IMapper/default in either framework or device VINTF manifest.
05-05 13:04:58.575 19560 19582 W Gralloc3: mapper 3.x is not supported
05-05 13:04:58.579 19560 19582 I Gralloc2: Adding additional valid usage bits: 0x8202000
05-05 13:04:58.691   307   388 W ziparchive: Unable to open '/data/app/~~Gg0G5CtqAB4V4yzAnUxcxw==/com.westlake.host-3z7eVqF571ZZVn3bfdrfTg==/base.dm': No such file or directory
05-05 13:04:58.693   307   388 I ActivityTaskManager: Displayed com.westlake.host/.WestlakeActivity for user 0: +2s835ms
05-05 13:04:58.717  3704  3747 W HidlServiceManagement: Waited one second for vendor.qti.hardware.cacert@1.0::IService/default
05-05 13:04:58.718   660   660 I hwservicemanager: Since vendor.qti.hardware.cacert@1.0::IService/default is not registered, trying to start it as a lazy HAL (if it's not configured to be a lazy HAL, it may be stuck starting or still starting).
05-05 13:04:58.718  3704  3747 I HidlServiceManagement: getService: Trying again for vendor.qti.hardware.cacert@1.0::IService/default...
05-05 13:04:58.720 19560 19572 I HWUI    : Davey! duration=1150ms; Flags=1, FrameTimelineVsyncId=94083672, IntendedVsync=2208529112593715, Vsync=2208529112593715, InputEventId=0, HandleInputStart=2208529119776833, AnimationStart=2208529119795791, PerformTraversalsStart=2208529119807145, DrawStart=2208530154668551, FrameDeadline=2208529129260381, FrameInterval=2208529119736729, FrameStartTime=16673319, SyncQueued=2208530175674957, SyncStart=2208530175887145, IssueDrawCommandsStart=2208530176476468, SwapBuffers=2208530259716259, FrameCompleted=2208530263506832, DequeueBufferDuration=23542, QueueBufferDuration=555781, GpuCompleted=2208530263506832, SwapBuffersCompleted=2208530261514905, DisplayPresentTime=0, CommandSubmissionCompleted=2208530259716259, 
05-05 13:04:58.637     0     0 E init    : Control message: Could not find 'vendor.qti.hardware.cacert@1.0::IService/default' for ctl.interface_start from pid: 660 (/system/system_ext/bin/hwservicemanager)
05-05 13:04:58.729   660 19588 W libc    : Unable to set property "ctl.interface_start" to "vendor.qti.hardware.cacert@1.0::IService/default": PROP_ERROR_HANDLE_CONTROL_MESSAGE (0x20)
05-05 13:04:58.729   660 19588 I hwservicemanager: Tried to start vendor.qti.hardware.cacert@1.0::IService/default as a lazy service, but was unable to. Usually this happens when a service is not installed, but if the service is intended to be used as a lazy service, then it may be configured incorrectly.
05-05 13:04:58.749 19560 19589 I WestlakeVM: startWithConfig() called, config=ApkVmConfig(packageName=com.github.ashutoshgngwr.noice, activityName=com.github.ashutoshgngwr.noice.activity.MainActivity, displayName=Noice (ART), apkSourceDir=/data/app/~~R7-vSKxT523z7oA2P8Ynag==/com.github.ashutoshgngwr.noice-D3ESsKFH5h3RNFnLUIp9ig==/base.apk, allowRealFrameworkFallback=false, backendMode=null, extraVmProperties={})
05-05 13:04:58.749 19560 19560 I Choreographer: Skipped 62 frames!  The application may be doing too much work on its main thread.
05-05 13:04:58.768   307   656 I ImeTracker: com.westlake.host:5c5ef8a7: onRequestHide at ORIGIN_SERVER reason HIDE_UNSPECIFIED_WINDOW fromUser false
05-05 13:04:58.784 19560 19560 D InsetsController: hide(ime(), fromIme=false)
05-05 13:04:58.785 19560 19560 I ImeTracker: com.westlake.host:5c5ef8a7: onCancelled at PHASE_CLIENT_ALREADY_HIDDEN
05-05 13:04:58.789  3220  3220 I android.hardware.power-service-qti: Power setMode: 5 to: 0
05-05 13:04:58.793  1650  1664 D ForegroundUtils: Foreground UID status:
05-05 13:04:58.793  1650  1664 D ForegroundUtils: UID: 10130 is in foreground: false
05-05 13:04:58.793  1650  1664 D ForegroundUtils: UID: 10152 is in foreground: false
05-05 13:04:58.793  1650  1664 D ForegroundUtils: UID: 10159 is in foreground: true
05-05 13:04:58.793  1650  1664 D ForegroundUtils: UID: 10173 is in foreground: true
05-05 13:04:58.793  1650  1664 D ForegroundUtils: UID: 10190 is in foreground: true
05-05 13:04:58.793  1650  1664 D ForegroundUtils: UID: 10193 is in foreground: false
05-05 13:04:58.793  1650  1664 D ForegroundUtils: UID: 10218 is in foreground: true
05-05 13:04:58.796  1230  1230 D BaseDepthController: setSurface:
05-05 13:04:58.796  1230  1230 D BaseDepthController: 	mWaitingOnSurfaceValidity: false
05-05 13:04:58.796  1230  1230 D BaseDepthController: 	mSurface: null
05-05 13:04:58.798  1230  1230 D StateManager: goToState - fromState: Normal, toState: Normal, partial trace:
05-05 13:04:58.798  1230  1230 D StateManager: 	at com.android.launcher3.statemanager.StateManager.moveToRestState(StateManager.java:465)
05-05 13:04:58.798  1230  1230 D StateManager: 	at com.android.launcher3.statemanager.StateManager.moveToRestState(StateManager.java:456)
05-05 13:04:58.798  1230  1230 D StateManager: 	at com.android.launcher3.statemanager.StatefulActivity.onStop(StatefulActivity.java:136)
05-05 13:04:58.798  1230  1230 D StatsLog: LAUNCHER_ONSTOP
05-05 13:04:58.801   307 29116 I AppWidgetServiceImpl: setAppWidgetHidden() 0
05-05 13:04:58.803  3080 29189 I netd    : tetherGetStats() -> {[]} <2.85ms>
05-05 13:04:58.816   307   780 D BackgroundInstallControlService: Package event received: 0
05-05 13:04:59.068   960  1004 W WindowOnBackDispatcher: sendCancelIfRunning: isInProgress=false callback=android.view.ViewRootImpl$$ExternalSyntheticLambda13@da4a62f
05-05 13:04:59.069   307 29116 D CoreBackPreview: Window{884bdfe u0 Splash Screen com.westlake.host EXITING}: Setting back callback null
05-05 13:04:59.075  3220  3220 I android.hardware.power-service-qti: Power setBoost: 0, duration: 0
05-05 13:04:59.118   960  1004 W FrameTracker: Missing SF jank callback for vsyncId: 94083798, CUJ=J<SPLASHSCREEN_EXIT_ANIM>
05-05 13:04:59.118   960  1004 W FrameTracker: Missing SF jank callback for vsyncId: 94083824, CUJ=J<SPLASHSCREEN_EXIT_ANIM>
05-05 13:04:59.119   960  1004 W FrameTracker: Missing SF jank callback for vsyncId: 94083862, CUJ=J<SPLASHSCREEN_EXIT_ANIM>
05-05 13:04:59.119   960  1004 W FrameTracker: Missing SF jank callback for vsyncId: 94083884, CUJ=J<SPLASHSCREEN_EXIT_ANIM>
05-05 13:04:59.119   960  1004 W FrameTracker: Missing SF jank callback for vsyncId: 94083949, CUJ=J<SPLASHSCREEN_EXIT_ANIM>
05-05 13:04:59.119   960  1004 W FrameTracker: Missing SF jank callback for vsyncId: 94083978, CUJ=J<SPLASHSCREEN_EXIT_ANIM>
05-05 13:04:59.119   960  1004 W FrameTracker: Missing SF jank callback for vsyncId: 94084002, CUJ=J<SPLASHSCREEN_EXIT_ANIM>
05-05 13:04:59.119   960  1004 W FrameTracker: Missing SF jank callback for vsyncId: 94084029, CUJ=J<SPLASHSCREEN_EXIT_ANIM>
05-05 13:04:59.119   960  1004 W FrameTracker: Missing SF jank callback for vsyncId: 94084044, CUJ=J<SPLASHSCREEN_EXIT_ANIM>
05-05 13:04:59.119   960  1004 W FrameTracker: Missing SF jank callback for vsyncId: 94084059, CUJ=J<SPLASHSCREEN_EXIT_ANIM>
05-05 13:04:59.119   960  1004 W FrameTracker: Missing SF jank callback for vsyncId: 94084074, CUJ=J<SPLASHSCREEN_EXIT_ANIM>
05-05 13:04:59.119   960  1004 W FrameTracker: Missing SF jank callback for vsyncId: 94084089, CUJ=J<SPLASHSCREEN_EXIT_ANIM>
05-05 13:04:59.119   960  1004 W FrameTracker: Missing SF jank callback for vsyncId: 94084104, CUJ=J<SPLASHSCREEN_EXIT_ANIM>
05-05 13:04:59.119   960  1004 W FrameTracker: Missing SF jank callback for vsyncId: 94084134, CUJ=J<SPLASHSCREEN_EXIT_ANIM>
05-05 13:04:59.119   960  1004 W FrameTracker: Missing SF jank callback for vsyncId: 94084149, CUJ=J<SPLASHSCREEN_EXIT_ANIM>
05-05 13:04:59.119   960  1004 W FrameTracker: Missing SF jank callback for vsyncId: 94084164, CUJ=J<SPLASHSCREEN_EXIT_ANIM>
05-05 13:04:59.119   960  1004 W FrameTracker: Missing SF jank callback for vsyncId: 94084178, CUJ=J<SPLASHSCREEN_EXIT_ANIM>
05-05 13:04:59.130 19560 19593 W InteractionJankMonitor: Initializing without READ_DEVICE_CONFIG permission. enabled=true, interval=1, missedFrameThreshold=3, frameTimeThreshold=64, package=com.westlake.host
05-05 13:04:59.270 19560 19589 I WestlakeVM: App OAT symlinks: 0 files in /data/local/tmp/westlake/oat/arm64
05-05 13:04:59.387     0     0 I QCOM-BATT: pl_fcc_vote_callback: total_fcc_ua=1950000
05-05 13:04:59.387     0     0 I QCOM-BATT: pl_fv_vote_callback: fv_uv=4400000
05-05 13:04:59.719  3704  3747 W HidlServiceManagement: Waited one second for vendor.qti.hardware.cacert@1.0::IService/default
05-05 13:04:59.720   660   660 I hwservicemanager: Since vendor.qti.hardware.cacert@1.0::IService/default is not registered, trying to start it as a lazy HAL (if it's not configured to be a lazy HAL, it may be stuck starting or still starting).
05-05 13:04:59.723  3704  3747 I HidlServiceManagement: getService: Trying again for vendor.qti.hardware.cacert@1.0::IService/default...
05-05 13:04:59.723   660 19607 W libc    : Unable to set property "ctl.interface_start" to "vendor.qti.hardware.cacert@1.0::IService/default": PROP_ERROR_HANDLE_CONTROL_MESSAGE (0x20)
05-05 13:04:59.723   660 19607 I hwservicemanager: Tried to start vendor.qti.hardware.cacert@1.0::IService/default as a lazy service, but was unable to. Usually this happens when a service is not installed, but if the service is intended to be used as a lazy service, then it may be configured incorrectly.
05-05 13:04:59.637     0     0 E init    : Control message: Could not find 'vendor.qti.hardware.cacert@1.0::IService/default' for ctl.interface_start from pid: 660 (/system/system_ext/bin/hwservicemanager)
05-05 13:04:59.746     0     0 E FG      : fg_psy_get_property: unsupported property 79
05-05 13:04:59.754     0     0 E FG      : fg_psy_get_property: unsupported property 79
05-05 13:04:59.760     0     0 W healthd : battery l=100 v=2879 t=21.3 h=2 st=5 c=0 fc=2831000 chg=u
05-05 13:04:59.856  1126  1126 D QtiCarrierConfigHelper: WARNING, no carrier configs on phone Id: 0
05-05 13:04:59.859   960  1373 D PowerUI : can't show warning due to - plugged: true status unknown: false
05-05 13:04:59.772     0     0 E FG      : fg_psy_get_property: unsupported property 79
05-05 13:05:00.723  3704  3747 W HidlServiceManagement: Waited one second for vendor.qti.hardware.cacert@1.0::IService/default
05-05 13:05:00.727   660   660 I hwservicemanager: Since vendor.qti.hardware.cacert@1.0::IService/default is not registered, trying to start it as a lazy HAL (if it's not configured to be a lazy HAL, it may be stuck starting or still starting).
05-05 13:05:00.729  3704  3747 I HidlServiceManagement: getService: Trying again for vendor.qti.hardware.cacert@1.0::IService/default...
05-05 13:05:00.731   660 19609 W libc    : Unable to set property "ctl.interface_start" to "vendor.qti.hardware.cacert@1.0::IService/default": PROP_ERROR_HANDLE_CONTROL_MESSAGE (0x20)
05-05 13:05:00.731   660 19609 I hwservicemanager: Tried to start vendor.qti.hardware.cacert@1.0::IService/default as a lazy service, but was unable to. Usually this happens when a service is not installed, but if the service is intended to be used as a lazy service, then it may be configured incorrectly.
05-05 13:05:00.644     0     0 E init    : Control message: Could not find 'vendor.qti.hardware.cacert@1.0::IService/default' for ctl.interface_start from pid: 660 (/system/system_ext/bin/hwservicemanager)
05-05 13:05:00.822 19560 19560 I DefaultDispatch: type=1400 audit(0.0:56618): avc:  denied  { setattr } for  name="westlake-launch.properties" dev="sda17" ino=1973264 scontext=u:r:untrusted_app_27:s0:c218,c256,c512,c768 tcontext=u:object_r:shell_data_file:s0 tclass=file permissive=1 app=com.westlake.host
05-05 13:05:00.832 19610 19610 W DefaultDispatch: type=1400 audit(0.0:56619): avc:  granted  { execute } for  name="dalvikvm" dev="sda17" ino=524812 scontext=u:r:untrusted_app_27:s0:c218,c256,c512,c768 tcontext=u:object_r:app_data_file:s0:c218,c256,c512,c768 tclass=file app=com.westlake.host
05-05 13:05:00.832 19610 19610 W DefaultDispatch: type=1400 audit(0.0:56620): avc:  granted  { execute_no_trans } for  path="/data/user/0/com.westlake.host/files/vm/dalvikvm" dev="sda17" ino=524812 scontext=u:r:untrusted_app_27:s0:c218,c256,c512,c768 tcontext=u:object_r:app_data_file:s0:c218,c256,c512,c768 tclass=file app=com.westlake.host
05-05 13:05:00.832 19610 19610 W dalvikvm: type=1400 audit(0.0:56621): avc:  granted  { execute } for  path="/data/user/0/com.westlake.host/files/vm/dalvikvm" dev="sda17" ino=524812 scontext=u:r:untrusted_app_27:s0:c218,c256,c512,c768 tcontext=u:object_r:app_data_file:s0:c218,c256,c512,c768 tclass=file app=com.westlake.host
05-05 13:05:00.839 19560 19611 I WestlakeVM: HTTP bridge started: /data/user/0/com.westlake.host/files/vm/http_bridge
05-05 13:05:00.841 19560 19612 I WestlakeVM: startPipeReader: pipe=true holder=true thread=null
05-05 13:05:00.841 19560 19613 I WestlakeVM: VM: [dalvikvm] Injected mainThreadStackSize=256MB
05-05 13:05:00.842 19560 19613 I WestlakeVM: VM: [dalvikvm] Captured -classpath=/data/local/tmp/westlake/com_github_ashutoshgngwr_noice_classes.dex:/data/local/tmp/westlake/com_github_ashutoshgngwr_noice.apk
05-05 13:05:00.842 19560 19615 I WestlakeVM: PIPE READER: started, holder=com.westlake.host.DisplayListFrameView{ab0c04f V.ED..... ........ 0,0-1080,1800}
05-05 13:05:00.842 19560 19613 I WestlakeVM: VM: [RT-DBG] Locks::Init done, calling InitLogging
05-05 13:05:00.842 19560 19613 I WestlakeVM: VM: [RT-DBG] InitLogging done, calling ParsedOptions::Parse
05-05 13:05:00.845 19560 19613 I WestlakeVM: VM: nullptr I 05-06 00:05:00 19610 19614 parsed_options.cc:701] setting boot class path to /data/local/tmp/westlake/core-oj.jar:/data/local/tmp/westlake/core-libart.jar:/data/local/tmp/westlake/core-icu4j.jar:/data/local/tmp/westlake/bouncycastle.jar:/data/local/tmp/westlake/aosp-shim.dex
05-05 13:05:00.847 19560 19589 I WestlakeVM: Pipe reader started, syncing to DLST magic...
05-05 13:05:00.848 19560 19613 I WestlakeVM: VM: nullptr I 05-06 00:05:00 19610 19614 heap.cc:440] Using CollectorType(2) GC.
05-05 13:05:00.849 19560 19613 I WestlakeVM: VM: [IMG] LoadBootImage entered, image_locations=0
05-05 13:05:00.879 19560 19613 I WestlakeVM: VM: [PFCUT] Standalone runtime forcing JIT/profiling off
05-05 13:05:00.879 19560 19613 I WestlakeVM: VM: nullptr W 05-06 00:05:00 19610 19614 fault_handler.cc:131] FaultHandler: MEMBARRIER_CMD_REGISTER_PRIVATE_EXPEDITED failed: 38 Function not implemented
05-05 13:05:00.880 19560 19613 I WestlakeVM: VM: nullptr W 05-06 00:05:00 19610 19614 dex_file_loader.cc:536] Can't mmap dex file /data/local/tmp/westlake/core-icu4j.jar!classes.dex directly; please zipalign to 4 bytes. Falling back to extracting file.
05-05 13:05:00.891 19560 19613 I WestlakeVM: VM: nullptr W 05-06 00:05:00 19610 19614 class_linker.cc:875] CheckSystemClass: Class mismatch for Ljava/lang/String; (continuing for standalone dex2oat)
05-05 13:05:00.891 19560 19613 I WestlakeVM: VM: nullptr W 05-06 00:05:00 19610 19614 class_linker.cc:878]   c1 (pre-allocated) ptr=0x4dcb780 objectSize=0 classSize=784 status=1 numVTable=81 numMethods=0 numSFields=0 numIFields=0
05-05 13:05:00.892 19560 19613 I WestlakeVM: VM: nullptr W 05-06 00:05:00 19610 19614 class_linker.cc:887]   c2 (from DEX)      ptr=0x1400b800 objectSize=0 classSize=808 status=7 numVTable=-1 numMethods=131 numSFields=7 numIFields=2
05-05 13:05:00.892 19560 19613 I WestlakeVM: VM: nullptr W 05-06 00:05:00 19610 19614 class_linker.cc:903]   String root = c2 (0x1400b800, 131 methods)
05-05 13:05:00.895 19560 19613 I WestlakeVM: VM: [RT] Runtime::Start() ENTERED
05-05 13:05:00.895 19560 19613 I WestlakeVM: VM: [RT] Standalone class path open: /data/local/tmp/westlake/com_github_ashutoshgngwr_noice_classes.dex (1 dex)
05-05 13:05:00.960 19560 19613 I WestlakeVM: VM: [RT] Standalone class path open: /data/local/tmp/westlake/com_github_ashutoshgngwr_noice.apk (1 dex)
05-05 13:05:00.960 19560 19613 I WestlakeVM: VM: [RT] Standalone class path ready: 2 dex files
05-05 13:05:00.960 19560 19613 I WestlakeVM: VM: [RT]   TRY_REGISTER(register_java_lang_Throwable) ...
05-05 13:05:00.960 19560 19613 I WestlakeVM: VM: [RT]   TRY_REGISTER(register_java_lang_Throwable) done
05-05 13:05:00.960 19560 19613 I WestlakeVM: VM: [RT]   TRY_REGISTER(register_dalvik_system_DexFile) ...
05-05 13:05:00.963 19560 19613 I WestlakeVM: VM: [RT]   TRY_REGISTER(register_dalvik_system_DexFile) done
05-05 13:05:00.963 19560 19613 I WestlakeVM: VM: [RT]   TRY_REGISTER(register_dalvik_system_BaseDexClassLoader) ...
05-05 13:05:00.965 19560 19613 I WestlakeVM: VM: [RT]   TRY_REGISTER(register_dalvik_system_BaseDexClassLoader) done
05-05 13:05:00.965 19560 19613 I WestlakeVM: VM: [RT]   TRY_REGISTER(register_dalvik_system_VMDebug) ...
05-05 13:05:00.965 19560 19613 I WestlakeVM: VM: [RT]   TRY_REGISTER(register_dalvik_system_VMDebug) done
05-05 13:05:00.965 19560 19613 I WestlakeVM: VM: [RT]   TRY_REGISTER(real_register_dalvik_system_VMRuntime) ...
05-05 13:05:00.966 19560 19613 I WestlakeVM: VM: [jni] Skipping missing native method: getFullGcCount()J
05-05 13:05:00.966 19560 19613 I WestlakeVM: VM: [jni] Skipping missing native method: getFullGcCount()J
05-05 13:05:00.966 19560 19613 I WestlakeVM: VM: nullptr W 05-06 00:05:00 19610 19614 tolerant_native_util.h:41] RegisterNatives: skipping dalvik/system/VMRuntime.getFullGcCount()J (not in JAR)
05-05 13:05:00.966 19560 19613 I WestlakeVM: VM: nullptr I 05-06 00:05:00 19610 19614 tolerant_native_util.h:47] RegisterNatives: dalvik/system/VMRuntime: 48/49 methods registered
05-05 13:05:00.966 19560 19613 I WestlakeVM: VM: [RT]   TRY_REGISTER(real_register_dalvik_system_VMRuntime) done
