05-04 11:59:39.428  3703 20622 D LOWI-9.0.0.79: [LOWIUtils] hexDump: msg(30 18 01 00 00 0f ac 04 01 00 00 0f ac 04 02 00 00 0f ac 01 00 0f ac 03 )
05-04 11:59:39.428  3703 20622 D LOWI-9.0.0.79: [LOWI-Scan] decode_rsn_wpa_ie: LOWI_ENCRYPTION_TYPE_WPA_EAP
05-04 11:59:39.428  3703 20622 D LOWI-9.0.0.79: [LOWI-Scan] is_qcom_ie, bss_age: 0
05-04 11:59:39.428  3703 20622 D LOWI-9.0.0.79: [LOWI-Scan] BSS 92:78:48:18:e7:00 LOWI_PHY_MODE_11AC_VHT80(10), Beacon Interval: 100, LOWI_ENCRYPTION_TYPE_WPA_EAP 11mcRanging: No, ANQP: No, LCI: No, Civic: No, capability(0x1111): ESS Privacy SpectrumMgmt
05-04 11:59:39.428  3703 20622 D LOWI-9.0.0.79: [LOWI-Scan] BSS 92:78:48:18:e7:00 FREQ: 5540, cFreq1[40:80:160] = [5550:5530:0] cFreq2 = 0 Country Code = US
05-04 11:59:39.428  3703 20622 D LOWI-9.0.0.79: [LOWI-Scan] BSS 92:78:48:18:e7:00 (wlan0) ASSO: NO AddInfo: 0x0, TSF 24, 23:29:30.881, RSSI: -168, CPL: 127, AGE: 1110,  SSID fw-guest, TSFDelta: 0x363352c, TXRate: 0
05-04 11:59:39.428  3703 20622 D LOWI-9.0.0.79: [LOWI-Scan] 
05-04 11:59:39.428  3703 20622 D LOWI-9.0.0.79: [LOWI-Scan] print_bss_handler: Report beacon TSF 2158170846767 as it greater than probe TSF 2158170846767
05-04 11:59:39.428  3703 20622 I LOWI-9.0.0.79: [LOWI-Scan] RSN_IE
05-04 11:59:39.428  3703 20622 D LOWI-9.0.0.79: [LOWI-Scan] decode_rsn_wpa_ie: Entered
05-04 11:59:39.428  3703 20622 D LOWI-9.0.0.79: [LOWIUtils] hexDump: msg(30 14 01 00 00 0f ac 04 01 00 00 0f ac 04 01 00 00 0f ac 02 )
05-04 11:59:39.428  3703 20622 D LOWI-9.0.0.79: [LOWI-Scan] decode_rsn_wpa_ie: LOWI_ENCRYPTION_TYPE_WPA_PSK
05-04 11:59:39.428  3703 20622 D LOWI-9.0.0.79: [LOWI-Scan] is_qcom_ie, bss_age: 0
05-04 11:59:39.428  3703 20622 D LOWI-9.0.0.79: [LOWI-Scan] BSS 96:78:48:18:e7:00 LOWI_PHY_MODE_11AC_VHT80(10), Beacon Interval: 100, LOWI_ENCRYPTION_TYPE_WPA_PSK 11mcRanging: No, ANQP: No, LCI: No, Civic: No, capability(0x1111): ESS Privacy SpectrumMgmt
05-04 11:59:39.428  3703 20622 D LOWI-9.0.0.79: [LOWI-Scan] BSS 96:78:48:18:e7:00 FREQ: 5540, cFreq1[40:80:160] = [5550:5530:0] cFreq2 = 0 Country Code = US
05-04 11:59:39.428  3703 20622 D LOWI-9.0.0.79: [LOWI-Scan] BSS 96:78:48:18:e7:00 (wlan0) ASSO: NO AddInfo: 0x1, TSF 24, 23:29:30.846, RSSI: -164, CPL: 127, AGE: 1140,  SSID , TSFDelta: 0x363352e, TXRate: 0
05-04 11:59:39.428  3703 20622 D LOWI-9.0.0.79: [LOWI-Scan] 
05-04 11:59:39.428  3703 20622 D LOWI-9.0.0.79: [LOWI-Scan] print_bss_handler: Report beacon TSF 2158171074836 as it greater than probe TSF 2158171074836
05-04 11:59:39.428  3703 20622 I LOWI-9.0.0.79: [LOWI-Scan] RSN_IE
05-04 11:59:39.428  3703 20622 D LOWI-9.0.0.79: [LOWI-Scan] decode_rsn_wpa_ie: Entered
05-04 11:59:39.428  3703 20622 D LOWI-9.0.0.79: [LOWIUtils] hexDump: msg(30 14 01 00 00 0f ac 04 01 00 00 0f ac 04 01 00 00 0f ac 08 )
05-04 11:59:39.428  3703 20622 D LOWI-9.0.0.79: [LOWI-Scan] is_qcom_ie, bss_age: 0
05-04 11:59:39.428  3703 20622 D LOWI-9.0.0.79: [LOWI-Scan] BSS d8:8e:d4:8a:b3:45 LOWI_PHY_MODE_11AC_VHT80(10), Beacon Interval: 100, LOWI_ENCRYPTION_TYPE_OPEN 11mcRanging: No, ANQP: No, LCI: No, Civic: No, capability(0x0010): Privacy
05-04 11:59:39.428  3703 20622 D LOWI-9.0.0.79: [LOWI-Scan] BSS d8:8e:d4:8a:b3:45 FREQ: 5580, cFreq1[40:80:160] = [5590:5610:0] cFreq2 = 0 Country Code =    
05-04 11:59:39.428  3703 20622 D LOWI-9.0.0.79: [LOWI-Scan] BSS d8:8e:d4:8a:b3:45 (wlan0) ASSO: NO AddInfo: 0x1, TSF 24, 23:29:31.074, RSSI: -180, CPL: 127, AGE: 910,  SSID , TSFDelta: 0x56278aa3, TXRate: 0
05-04 11:59:39.429  3703 20622 D LOWI-9.0.0.79: [LOWI-Scan] 
05-04 11:59:39.429  3703 20622 D LOWI-9.0.0.79: [LOWI-Scan] print_bss_handler: Report beacon TSF 2158171075192 as it greater than probe TSF 2158171075192
05-04 11:59:39.429  3703 20622 D LOWI-9.0.0.79: [LOWI-Scan] is_qcom_ie, bss_age: 0
05-04 11:59:39.429  3703 20622 D LOWI-9.0.0.79: [LOWI-Scan] BSS d8:8e:d4:8a:b3:4b LOWI_PHY_MODE_11AC_VHT80(10), Beacon Interval: 100, LOWI_ENCRYPTION_TYPE_OPEN 11mcRanging: No, ANQP: No, LCI: No, Civic: No, capability(0x0101): ESS SpectrumMgmt
05-04 11:59:39.429  3703 20622 D LOWI-9.0.0.79: [LOWI-Scan] BSS d8:8e:d4:8a:b3:4b FREQ: 5580, cFreq1[40:80:160] = [5590:5610:0] cFreq2 = 0 Country Code = USI
05-04 11:59:39.429  3703 20622 D LOWI-9.0.0.79: [LOWI-Scan] BSS d8:8e:d4:8a:b3:4b (wlan0) ASSO: NO AddInfo: 0x1, TSF 24, 23:29:31.075, RSSI: -178, CPL: 127, AGE: 910,  SSID , TSFDelta: 0x56278aa6, TXRate: 0
05-04 11:59:39.429  3703 20622 D LOWI-9.0.0.79: [LOWI-Scan] 
05-04 11:59:39.429  3703 20622 D LOWI-9.0.0.79: [LOWI-Scan] print_bss_handler: Report Probe TSF 2158171104706 as it greater than Beacon TSF 0
05-04 11:59:39.429  3703 20622 I LOWI-9.0.0.79: [LOWI-Scan] RSN_IE
05-04 11:59:39.429  3703 20622 D LOWI-9.0.0.79: [LOWI-Scan] decode_rsn_wpa_ie: Entered
05-04 11:59:39.429  3703 20622 D LOWI-9.0.0.79: [LOWIUtils] hexDump: msg(30 14 01 00 00 0f ac 04 01 00 00 0f ac 04 01 00 00 0f ac 02 )
05-04 11:59:39.429  3703 20622 D LOWI-9.0.0.79: [LOWI-Scan] decode_rsn_wpa_ie: LOWI_ENCRYPTION_TYPE_WPA_PSK
05-04 11:59:39.429  3703 20622 D LOWI-9.0.0.79: [LOWI-Scan] is_qcom_ie, bss_age: 0
05-04 11:59:39.429  3703 20622 D LOWI-9.0.0.79: [LOWI-Scan] BSS d8:8e:d4:8a:b3:48 LOWI_PHY_MODE_11AC_VHT80(10), Beacon Interval: 100, LOWI_ENCRYPTION_TYPE_WPA_PSK 11mcRanging: No, ANQP: No, LCI: No, Civic: No, capability(0x1111): ESS Privacy SpectrumMgmt
05-04 11:59:39.429  3703 20622 D LOWI-9.0.0.79: [LOWI-Scan] BSS d8:8e:d4:8a:b3:48 FREQ: 5580, cFreq1[40:80:160] = [5590:5610:0] cFreq2 = 0 Country Code = USI
05-04 11:59:39.429  3703 20622 D LOWI-9.0.0.79: [LOWI-Scan] BSS d8:8e:d4:8a:b3:48 (wlan0) ASSO: NO AddInfo: 0x0, TSF 24, 23:29:31.104, RSSI: -178, CPL: 127, AGE: 880,  SSID oodle, TSFDelta: 0x56278aa4, TXRate: 0
05-04 11:59:39.430  3703 20622 D LOWI-9.0.0.79: [LOWIDiagLog] Log: lowiMeasResult->request: invalid null argument
05-04 11:59:39.430  3703 20622 I LOWI-9.0.0.79: [LOWI-Scan] lowi_close_record:Scan done in 2158154451ms, 75 APs in scan results
05-04 11:59:39.430  3703 20622 D LOWI-9.0.0.79: [LOWI-Scan] WipsScanUsingNL: passive scan cached 0, took 159981 ms, err 0
05-04 11:59:39.430  3703 20622 D LOWI-9.0.0.79: [LOWI-Scan] lowi_proc_req_passive_scan_with_live_meas - No WLAN Frames to be parsed
05-04 11:59:39.430  3703 20622 D LOWI-9.0.0.79: [LOWIScanResultReceiver] Send scan meas to listener
05-04 11:59:39.430  3703 20622 D LOWI-9.0.0.79: [LOWIScanResultReceiver] Enter passive listening mode
05-04 11:59:39.430  3703 20622 D LOWI-9.0.0.79: [LOWIWifiDriverInterface] getMeasurements - Passive listening mode
05-04 11:59:39.430  3703  3736 D LOWI-9.0.0.79: [LOWIEventReceiver] handleEvent:FROM:NA, TO:NA, REQ:NA, IREQ:NA, REQ_ID:0, RESP:NA, INFO:NA
05-04 11:59:39.430  3703  3736 D LOWI-9.0.0.79: [LOWIBackgroundScanMgr] isRspForBgScanMgr: evt(LOWI_NO_EVT) - not handled
05-04 11:59:39.430  3703  3736 D LOWI-9.0.0.79: [LOWIScheduler] manageMsg: NULL results or NULL request in results
05-04 11:59:39.430  3703  3736 D LOWI-9.0.0.79: [LOWIController] Measurements received
05-04 11:59:39.430  3703  3736 D LOWI-9.0.0.79: [LOWICacheManager] putInCache:Num of Meas to add: 75
05-04 11:59:39.436  3703  3736 D LOWI-9.0.0.79: [LOWICacheManager] addToCache: Cache Full, Cache Limit: 100, Purging: 50
05-04 11:59:39.437  3703 20622 D LOWI-9.0.0.79: [LOWI-Scan] WipsScanUsingNL:wait -1 sec for netlink message
05-04 11:59:39.439   307   717 D PasspointManager: ANQP entry not found for: 90:d0:92:4a:8d:e4:<ATTAgXIJfC>
05-04 11:59:39.439   307   717 D PasspointManager: ANQP entry not found for: bc:9a:8e:b6:1d:04:<ATTcxVsPTk>
05-04 11:59:39.439   307   717 D PasspointManager: ANQP entry not found for: 90:d0:92:4a:8d:e8:<ATTAgXIJfC>
05-04 11:59:39.440   307   717 D PasspointManager: ANQP entry not found for: 90:d0:92:4a:8d:ec:<ATTAgXIJfC>
05-04 11:59:39.440   307   717 D PasspointManager: ANQP entry not found for: 0e:fe:7b:7b:53:6b:<>
05-04 11:59:39.440   307   717 D PasspointManager: ANQP entry not found for: 58:96:71:c9:fc:08:<why-phi>
05-04 11:59:39.441  3703  3736 D LOWI-9.0.0.79: [LOWIController] processMeasurementResults: No current Request. Cache measurements
05-04 11:59:39.441  3703  3736 D LOWI-9.0.0.79: [LOWIControllerExtn] sendLOWILpDiscoveryScanResponse: Not a discovery scan response
05-04 11:59:39.449   307   717 E WifiStaIfaceAidlImpl: getCachedScanData failed with service-specific exception: android.os.ServiceSpecificException:  (code 4)
05-04 11:59:39.453   307   717 I HalDevMgr: bestIfaceCreationProposal is null, requestIface=STA, existingIface=[name=wlan0 type=STA]
05-04 11:59:39.757  3704  3747 W HidlServiceManagement: Waited one second for vendor.qti.hardware.cacert@1.0::IService/default
05-04 11:59:39.758   660   660 I hwservicemanager: Since vendor.qti.hardware.cacert@1.0::IService/default is not registered, trying to start it as a lazy HAL (if it's not configured to be a lazy HAL, it may be stuck starting or still starting).
05-04 11:59:39.759  3704  3747 I HidlServiceManagement: getService: Trying again for vendor.qti.hardware.cacert@1.0::IService/default...
05-04 11:59:39.763   660 12722 W libc    : Unable to set property "ctl.interface_start" to "vendor.qti.hardware.cacert@1.0::IService/default": PROP_ERROR_HANDLE_CONTROL_MESSAGE (0x20)
05-04 11:59:39.763   660 12722 I hwservicemanager: Tried to start vendor.qti.hardware.cacert@1.0::IService/default as a lazy service, but was unable to. Usually this happens when a service is not installed, but if the service is intended to be used as a lazy service, then it may be configured incorrectly.
05-04 11:59:39.676     0     0 E init    : Control message: Could not find 'vendor.qti.hardware.cacert@1.0::IService/default' for ctl.interface_start from pid: 660 (/system/system_ext/bin/hwservicemanager)
05-04 11:59:40.692 12668 12668 I DefaultDispatch: type=1400 audit(0.0:56230): avc:  denied  { setattr } for  name="westlake-launch.properties" dev="sda17" ino=1973264 scontext=u:r:untrusted_app_27:s0:c218,c256,c512,c768 tcontext=u:object_r:shell_data_file:s0 tclass=file permissive=1 app=com.westlake.host
05-04 11:59:40.702 12723 12723 W DefaultDispatch: type=1400 audit(0.0:56231): avc:  granted  { execute } for  name="dalvikvm" dev="sda17" ino=524850 scontext=u:r:untrusted_app_27:s0:c218,c256,c512,c768 tcontext=u:object_r:app_data_file:s0:c218,c256,c512,c768 tclass=file app=com.westlake.host
05-04 11:59:40.702 12723 12723 W DefaultDispatch: type=1400 audit(0.0:56232): avc:  granted  { execute_no_trans } for  path="/data/user/0/com.westlake.host/files/vm/dalvikvm" dev="sda17" ino=524850 scontext=u:r:untrusted_app_27:s0:c218,c256,c512,c768 tcontext=u:object_r:app_data_file:s0:c218,c256,c512,c768 tclass=file app=com.westlake.host
05-04 11:59:40.702 12723 12723 W dalvikvm: type=1400 audit(0.0:56233): avc:  granted  { execute } for  path="/data/user/0/com.westlake.host/files/vm/dalvikvm" dev="sda17" ino=524850 scontext=u:r:untrusted_app_27:s0:c218,c256,c512,c768 tcontext=u:object_r:app_data_file:s0:c218,c256,c512,c768 tclass=file app=com.westlake.host
05-04 11:59:40.710 12668 12696 I WestlakeVM: Display-list frame bridge: /data/user/0/com.westlake.host/files/vm/westlake_frames.dlst
05-04 11:59:40.713 12668 12727 I WestlakeVM: HTTP bridge started: /data/user/0/com.westlake.host/files/vm/http_bridge
05-04 11:59:40.715 12668 12729 I WestlakeVM: VM: [dalvikvm] Injected mainThreadStackSize=256MB
05-04 11:59:40.718 12668 12729 I WestlakeVM: VM: [dalvikvm] Captured -classpath=/data/local/tmp/westlake/com_mcdonalds_app_classes.dex:/data/local/tmp/westlake/com_mcdonalds_app_classes10.dex:/data/local/tmp/westlake/com_mcdonalds_app_classes11.dex:/data/local/tmp/westlake/com_mcdonalds_app_classes12.dex:/data/local/tmp/westlake/com_mcdonalds_app_classes13.dex:/data/local/tmp/westlake/com_mcdonalds_app_classes14.dex:/data/local/tmp/westlake/com_mcdonalds_app_classes15.dex:/data/local/tmp/westlake/com_mcdonalds_app_classes16.dex:/data/local/tmp/westlake/com_mcdonalds_app_classes17.dex:/data/local/tmp/westlake/com_mcdonalds_app_classes18.dex:/data/local/tmp/westlake/com_mcdonalds_app_classes19.dex:/data/local/tmp/westlake/com_mcdonalds_app_classes2.dex:/data/local/tmp/westlake/com_mcdonalds_app_classes20.dex:/data/local/tmp/westlake/com_mcdonalds_app_classes21.dex:/data/local/tmp/westlake/com_mcdonalds_app_classes22.dex:/data/local/tmp/westlake/com_mcdonalds_app_classes23.dex:/data/local/tmp/westlake/com_mcdonalds_app_classes24.dex:/data/local/tmp/westlake/com_mcdonalds_app_classes25.dex:/data/local/tmp/westlake/com_mcdonalds_app_classes26.dex:/data/local/tmp/westlake/com_mcdonalds_app_classes27.dex:/data/local/tmp/westlake/com_mcdonalds_app_classes28.dex:/data/local/tmp/westlake/com_mcdonalds_app_classes29.dex:/data/local/tmp/westlake/com_mcdonalds_app_classes3.dex:/data/local/tmp/westlake/com_mcdonalds_app_classes30.dex:/data/local/tmp/westlake/com_mcdonalds_app_classes31.dex:/data/local/tmp/westlake/com_mcdonalds_app_classes32.dex:/data/local/tmp/westlake/com_mcdonalds_app_classes33.dex:/data/local/tmp/westlake/com_mcdonalds_app_classes4.dex:/data/local/tmp/westlake/com_mcdonalds_app_classes5.dex:/data/local/tmp/westlake/com_mcdonalds_app_classes6.dex:/data/local/tmp/westlake/com_mcdonalds_app_classes7.dex:/data/local/tmp/westlake/com_mcdonalds_app_classes8.dex:/data/local/tmp/westlake/com_mcdonalds_app_classes9.dex:/data/local/tmp/westlake/com_mcdonalds_app.apk
05-04 11:59:40.718 12668 12729 I WestlakeVM: VM: [RT-DBG] Locks::Init done, calling InitLogging
05-04 11:59:40.719 12668 12729 I WestlakeVM: VM: [RT-DBG] InitLogging done, calling ParsedOptions::Parse
05-04 11:59:40.719 12668 12728 I WestlakeVM: startPipeReader: pipe=true holder=true thread=null
05-04 11:59:40.722 12668 12730 I WestlakeVM: PIPE READER: started, holder=com.westlake.host.DisplayListFrameView{bb97baf V.ED..... ........ 0,0-1080,2132}
05-04 11:59:40.727 12668 12696 I WestlakeVM: Pipe reader started, syncing to DLST magic...
05-04 11:59:40.731 12668 12729 I WestlakeVM: VM: nullptr I 05-04 22:59:40 12723 12726 parsed_options.cc:701] setting boot class path to /data/local/tmp/westlake/core-oj.jar:/data/local/tmp/westlake/core-libart.jar:/data/local/tmp/westlake/core-icu4j.jar:/data/local/tmp/westlake/bouncycastle.jar:/data/local/tmp/westlake/aosp-shim.dex
05-04 11:59:40.732 12668 12729 I WestlakeVM: VM: nullptr I 05-04 22:59:40 12723 12726 heap.cc:440] Using CollectorType(2) GC.
05-04 11:59:40.733 12668 12729 I WestlakeVM: VM: [IMG] LoadBootImage entered, image_locations=0
05-04 11:59:40.760  3704  3747 W HidlServiceManagement: Waited one second for vendor.qti.hardware.cacert@1.0::IService/default
05-04 11:59:40.760   660   660 I hwservicemanager: Since vendor.qti.hardware.cacert@1.0::IService/default is not registered, trying to start it as a lazy HAL (if it's not configured to be a lazy HAL, it may be stuck starting or still starting).
05-04 11:59:40.761  3704  3747 I HidlServiceManagement: getService: Trying again for vendor.qti.hardware.cacert@1.0::IService/default...
05-04 11:59:40.762   660 12731 W libc    : Unable to set property "ctl.interface_start" to "vendor.qti.hardware.cacert@1.0::IService/default": PROP_ERROR_HANDLE_CONTROL_MESSAGE (0x20)
05-04 11:59:40.762   660 12731 I hwservicemanager: Tried to start vendor.qti.hardware.cacert@1.0::IService/default as a lazy service, but was unable to. Usually this happens when a service is not installed, but if the service is intended to be used as a lazy service, then it may be configured incorrectly.
05-04 11:59:40.676     0     0 E init    : Control message: Could not find 'vendor.qti.hardware.cacert@1.0::IService/default' for ctl.interface_start from pid: 660 (/system/system_ext/bin/hwservicemanager)
05-04 11:59:40.778 12668 12729 I WestlakeVM: VM: [PFCUT] Standalone runtime forcing JIT/profiling off
05-04 11:59:40.778 12668 12729 I WestlakeVM: VM: nullptr W 05-04 22:59:40 12723 12726 fault_handler.cc:131] FaultHandler: MEMBARRIER_CMD_REGISTER_PRIVATE_EXPEDITED failed: 38 Function not implemented
05-04 11:59:40.780 12668 12729 I WestlakeVM: VM: nullptr W 05-04 22:59:40 12723 12726 dex_file_loader.cc:536] Can't mmap dex file /data/local/tmp/westlake/core-icu4j.jar!classes.dex directly; please zipalign to 4 bytes. Falling back to extracting file.
05-04 11:59:40.792 12668 12729 I WestlakeVM: VM: nullptr W 05-04 22:59:40 12723 12726 class_linker.cc:875] CheckSystemClass: Class mismatch for Ljava/lang/String; (continuing for standalone dex2oat)
05-04 11:59:40.793 12668 12729 I WestlakeVM: VM: nullptr W 05-04 22:59:40 12723 12726 class_linker.cc:878]   c1 (pre-allocated) ptr=0x10cb780 objectSize=0 classSize=784 status=1 numVTable=81 numMethods=0 numSFields=0 numIFields=0
05-04 11:59:40.793 12668 12729 I WestlakeVM: VM: nullptr W 05-04 22:59:40 12723 12726 class_linker.cc:887]   c2 (from DEX)      ptr=0x1400b800 objectSize=0 classSize=808 status=7 numVTable=-1 numMethods=131 numSFields=7 numIFields=2
05-04 11:59:40.793 12668 12729 I WestlakeVM: VM: nullptr W 05-04 22:59:40 12723 12726 class_linker.cc:903]   String root = c2 (0x1400b800, 131 methods)
05-04 11:59:40.797 12668 12729 I WestlakeVM: VM: [RT] Runtime::Start() ENTERED
05-04 11:59:40.797 12668 12729 I WestlakeVM: VM: [RT] Standalone class path open: /data/local/tmp/westlake/com_mcdonalds_app_classes.dex (1 dex)
05-04 11:59:40.797 12668 12729 I WestlakeVM: VM: [RT] Standalone class path open: /data/local/tmp/westlake/com_mcdonalds_app_classes10.dex (1 dex)
05-04 11:59:40.797 12668 12729 I WestlakeVM: VM: [RT] Standalone class path open: /data/local/tmp/westlake/com_mcdonalds_app_classes11.dex (1 dex)
05-04 11:59:40.797 12668 12729 I WestlakeVM: VM: [RT] Standalone class path open: /data/local/tmp/westlake/com_mcdonalds_app_classes12.dex (1 dex)
05-04 11:59:40.797 12668 12729 I WestlakeVM: VM: [RT] Standalone class path open: /data/local/tmp/westlake/com_mcdonalds_app_classes13.dex (1 dex)
05-04 11:59:40.807 12668 12729 I WestlakeVM: VM: [RT] Standalone class path open: /data/local/tmp/westlake/com_mcdonalds_app_classes14.dex (1 dex)
05-04 11:59:40.807 12668 12729 I WestlakeVM: VM: [RT] Standalone class path open: /data/local/tmp/westlake/com_mcdonalds_app_classes15.dex (1 dex)
05-04 11:59:40.807 12668 12729 I WestlakeVM: VM: [RT] Standalone class path open: /data/local/tmp/westlake/com_mcdonalds_app_classes16.dex (1 dex)
05-04 11:59:40.807 12668 12729 I WestlakeVM: VM: [RT] Standalone class path open: /data/local/tmp/westlake/com_mcdonalds_app_classes17.dex (1 dex)
05-04 11:59:40.807 12668 12729 I WestlakeVM: VM: [RT] Standalone class path open: /data/local/tmp/westlake/com_mcdonalds_app_classes18.dex (1 dex)
05-04 11:59:40.808 12668 12729 I WestlakeVM: VM: [RT] Standalone class path open: /data/local/tmp/westlake/com_mcdonalds_app_classes19.dex (1 dex)
05-04 11:59:40.808 12668 12729 I WestlakeVM: VM: [RT] Standalone class path open: /data/local/tmp/westlake/com_mcdonalds_app_classes2.dex (1 dex)
05-04 11:59:40.808 12668 12729 I WestlakeVM: VM: [RT] Standalone class path open: /data/local/tmp/westlake/com_mcdonalds_app_classes20.dex (1 dex)
05-04 11:59:40.809 12668 12729 I WestlakeVM: VM: [RT] Standalone class path open: /data/local/tmp/westlake/com_mcdonalds_app_classes21.dex (1 dex)
05-04 11:59:40.809 12668 12729 I WestlakeVM: VM: [RT] Standalone class path open: /data/local/tmp/westlake/com_mcdonalds_app_classes22.dex (1 dex)
05-04 11:59:40.809 12668 12729 I WestlakeVM: VM: [RT] Standalone class path open: /data/local/tmp/westlake/com_mcdonalds_app_classes23.dex (1 dex)
05-04 11:59:40.809 12668 12729 I WestlakeVM: VM: [RT] Standalone class path open: /data/local/tmp/westlake/com_mcdonalds_app_classes24.dex (1 dex)
05-04 11:59:40.809 12668 12729 I WestlakeVM: VM: [RT] Standalone class path open: /data/local/tmp/westlake/com_mcdonalds_app_classes25.dex (1 dex)
05-04 11:59:40.809 12668 12729 I WestlakeVM: VM: [RT] Standalone class path open: /data/local/tmp/westlake/com_mcdonalds_app_classes26.dex (1 dex)
05-04 11:59:40.809 12668 12729 I WestlakeVM: VM: [RT] Standalone class path open: /data/local/tmp/westlake/com_mcdonalds_app_classes27.dex (1 dex)
05-04 11:59:40.810 12668 12729 I WestlakeVM: VM: [RT] Standalone class path open: /data/local/tmp/westlake/com_mcdonalds_app_classes28.dex (1 dex)
05-04 11:59:40.810 12668 12729 I WestlakeVM: VM: [RT] Standalone class path open: /data/local/tmp/westlake/com_mcdonalds_app_classes29.dex (1 dex)
05-04 11:59:40.810 12668 12729 I WestlakeVM: VM: [RT] Standalone class path open: /data/local/tmp/westlake/com_mcdonalds_app_classes3.dex (1 dex)
05-04 11:59:40.810 12668 12729 I WestlakeVM: VM: [RT] Standalone class path open: /data/local/tmp/westlake/com_mcdonalds_app_classes30.dex (1 dex)
05-04 11:59:40.811 12668 12729 I WestlakeVM: VM: [RT] Standalone class path open: /data/local/tmp/westlake/com_mcdonalds_app_classes31.dex (1 dex)
05-04 11:59:40.811 12668 12729 I WestlakeVM: VM: [RT] Standalone class path open: /data/local/tmp/westlake/com_mcdonalds_app_classes32.dex (1 dex)
05-04 11:59:40.811 12668 12729 I WestlakeVM: VM: [RT] Standalone class path open: /data/local/tmp/westlake/com_mcdonalds_app_classes33.dex (1 dex)
05-04 11:59:40.811 12668 12729 I WestlakeVM: VM: [RT] Standalone class path open: /data/local/tmp/westlake/com_mcdonalds_app_classes4.dex (1 dex)
05-04 11:59:40.811 12668 12729 I WestlakeVM: VM: [RT] Standalone class path open: /data/local/tmp/westlake/com_mcdonalds_app_classes5.dex (1 dex)
05-04 11:59:40.811 12668 12729 I WestlakeVM: VM: [RT] Standalone class path open: /data/local/tmp/westlake/com_mcdonalds_app_classes6.dex (1 dex)
05-04 11:59:40.811 12668 12729 I WestlakeVM: VM: [RT] Standalone class path open: /data/local/tmp/westlake/com_mcdonalds_app_classes7.dex (1 dex)
05-04 11:59:40.812 12668 12729 I WestlakeVM: VM: [RT] Standalone class path open: /data/local/tmp/westlake/com_mcdonalds_app_classes8.dex (1 dex)
05-04 11:59:40.812 12668 12729 I WestlakeVM: VM: [RT] Standalone class path open: /data/local/tmp/westlake/com_mcdonalds_app_classes9.dex (1 dex)
05-04 11:59:40.815 12668 12729 I WestlakeVM: VM: [RT] Standalone class path open: /data/local/tmp/westlake/com_mcdonalds_app.apk (33 dex)
05-04 11:59:40.815 12668 12729 I WestlakeVM: VM: [RT] Standalone class path ready: 66 dex files
05-04 11:59:40.815 12668 12729 I WestlakeVM: VM: [RT]   TRY_REGISTER(register_java_lang_Throwable) ...
05-04 11:59:40.815 12668 12729 I WestlakeVM: VM: [RT]   TRY_REGISTER(register_java_lang_Throwable) done
05-04 11:59:40.815 12668 12729 I WestlakeVM: VM: [RT]   TRY_REGISTER(register_dalvik_system_DexFile) ...
05-04 11:59:40.816 12668 12729 I WestlakeVM: VM: [RT]   TRY_REGISTER(register_dalvik_system_DexFile) done
05-04 11:59:40.816 12668 12729 I WestlakeVM: VM: [RT]   TRY_REGISTER(register_dalvik_system_BaseDexClassLoader) ...
05-04 11:59:40.816 12668 12729 I WestlakeVM: VM: [RT]   TRY_REGISTER(register_dalvik_system_BaseDexClassLoader) done
05-04 11:59:40.816 12668 12729 I WestlakeVM: VM: [RT]   TRY_REGISTER(register_dalvik_system_VMDebug) ...
05-04 11:59:40.816 12668 12729 I WestlakeVM: VM: [RT]   TRY_REGISTER(register_dalvik_system_VMDebug) done
05-04 11:59:40.816 12668 12729 I WestlakeVM: VM: [RT]   TRY_REGISTER(real_register_dalvik_system_VMRuntime) ...
05-04 11:59:40.817 12668 12729 I WestlakeVM: VM: [jni] Skipping missing native method: getFullGcCount()J
05-04 11:59:40.817 12668 12729 I WestlakeVM: VM: [jni] Skipping missing native method: getFullGcCount()J
05-04 11:59:40.817 12668 12729 I WestlakeVM: VM: nullptr W 05-04 22:59:40 12723 12726 tolerant_native_util.h:41] RegisterNatives: skipping dalvik/system/VMRuntime.getFullGcCount()J (not in JAR)
05-04 11:59:40.817 12668 12729 I WestlakeVM: VM: nullptr I 05-04 22:59:40 12723 12726 tolerant_native_util.h:47] RegisterNatives: dalvik/system/VMRuntime: 48/49 methods registered
05-04 11:59:40.817 12668 12729 I WestlakeVM: VM: [RT]   TRY_REGISTER(real_register_dalvik_system_VMRuntime) done
05-04 11:59:40.817 12668 12729 I WestlakeVM: VM: [RT]   TRY_REGISTER(register_dalvik_system_VMStack) ...
05-04 11:59:40.817 12668 12729 I WestlakeVM: VM: [RT]   TRY_REGISTER(register_dalvik_system_VMStack) done
05-04 11:59:40.817 12668 12729 I WestlakeVM: VM: [RT]   TRY_REGISTER(register_dalvik_system_ZygoteHooks) ...
05-04 11:59:40.817 12668 12729 I WestlakeVM: VM: [RT]   TRY_REGISTER(register_dalvik_system_ZygoteHooks) done
05-04 11:59:40.818 12668 12729 I WestlakeVM: VM: [RT]   TRY_REGISTER(register_java_lang_Class) ...
05-04 11:59:40.818 12668 12729 I WestlakeVM: VM: [jni] Skipping missing native method: getInnerClassName()Ljava/lang/String;
05-04 11:59:40.818 12668 12729 I WestlakeVM: VM: [jni] Skipping missing native method: getInnerClassName()Ljava/lang/String;
05-04 11:59:40.818 12668 12729 I WestlakeVM: VM: nullptr W 05-04 22:59:40 12723 12726 tolerant_native_util.h:41] RegisterNatives: skipping java/lang/Class.getInnerClassName()Ljava/lang/String; (not in JAR)
05-04 11:59:40.818 12668 12729 I WestlakeVM: VM: nullptr I 05-04 22:59:40 12723 12726 tolerant_native_util.h:47] RegisterNatives: java/lang/Class: 32/33 methods registered
05-04 11:59:40.818 12668 12729 I WestlakeVM: VM: [RT]   TRY_REGISTER(register_java_lang_Class) done
05-04 11:59:40.818 12668 12729 I WestlakeVM: VM: [RT]   TRY_REGISTER(register_java_lang_Character) ...
05-04 11:59:40.818 12668 12729 I WestlakeVM: VM: [RT]   TRY_REGISTER(register_java_lang_Character) done
05-04 11:59:40.819 12668 12729 I WestlakeVM: VM: [RT]   TRY_REGISTER(register_java_lang_Object) ...
05-04 11:59:40.819 12668 12729 I WestlakeVM: VM: [RT]   TRY_REGISTER(register_java_lang_Object) done
05-04 11:59:40.819 12668 12729 I WestlakeVM: VM: [RT]   TRY_REGISTER(register_java_lang_invoke_MethodHandle) ...
05-04 11:59:40.819 12668 12729 I WestlakeVM: VM: [RT]   TRY_REGISTER(register_java_lang_invoke_MethodHandle) done
05-04 11:59:40.819 12668 12729 I WestlakeVM: VM: [RT]   TRY_REGISTER(register_java_lang_invoke_MethodHandleImpl) ...
05-04 11:59:40.819 12668 12729 I WestlakeVM: VM: [RT]   TRY_REGISTER(register_java_lang_invoke_MethodHandleImpl) done
05-04 11:59:40.820 12668 12729 I WestlakeVM: VM: [RT]   TRY_REGISTER(register_java_lang_ref_FinalizerReference) ...
05-04 11:59:40.820 12668 12729 I WestlakeVM: VM: [RT]   TRY_REGISTER(register_java_lang_ref_FinalizerReference) done
05-04 11:59:40.820 12668 12729 I WestlakeVM: VM: [RT]   TRY_REGISTER(register_java_lang_reflect_Array) ...
05-04 11:59:40.820 12668 12729 I WestlakeVM: VM: [RT]   TRY_REGISTER(register_java_lang_reflect_Array) done
05-04 11:59:40.820 12668 12729 I WestlakeVM: VM: [RT]   TRY_REGISTER(register_java_lang_reflect_Constructor) ...
05-04 11:59:40.820 12668 12729 I WestlakeVM: VM: [RT]   TRY_REGISTER(register_java_lang_reflect_Constructor) done
05-04 11:59:40.820 12668 12729 I WestlakeVM: VM: [RT]   TRY_REGISTER(register_java_lang_reflect_Executable) ...
05-04 11:59:40.820 12668 12729 I WestlakeVM: VM: [RT]   TRY_REGISTER(register_java_lang_reflect_Executable) done
05-04 11:59:40.820 12668 12729 I WestlakeVM: VM: [RT]   TRY_REGISTER(register_java_lang_reflect_Field) ...
05-04 11:59:40.820 12668 12729 I WestlakeVM: VM: [RT]   TRY_REGISTER(register_java_lang_reflect_Field) done
05-04 11:59:40.821 12668 12729 I WestlakeVM: VM: [RT]   TRY_REGISTER(register_java_lang_reflect_Method) ...
05-04 11:59:40.821 12668 12729 I WestlakeVM: VM: [RT]   TRY_REGISTER(register_java_lang_reflect_Method) done
05-04 11:59:40.821 12668 12729 I WestlakeVM: VM: [RT]   TRY_REGISTER(register_java_lang_reflect_Parameter) ...
05-04 11:59:40.821 12668 12729 I WestlakeVM: VM: [RT]   TRY_REGISTER(register_java_lang_reflect_Parameter) done
05-04 11:59:40.821 12668 12729 I WestlakeVM: VM: [RT]   TRY_REGISTER(register_java_lang_reflect_Proxy) ...
05-04 11:59:40.821 12668 12729 I WestlakeVM: VM: [RT]   TRY_REGISTER(register_java_lang_reflect_Proxy) done
05-04 11:59:40.821 12668 12729 I WestlakeVM: VM: [RT]   TRY_REGISTER(register_java_lang_ref_Reference) ...
05-04 11:59:40.822 12668 12729 I WestlakeVM: VM: [RT]   TRY_REGISTER(register_java_lang_ref_Reference) done
05-04 11:59:40.822 12668 12729 I WestlakeVM: VM: [RT]   TRY_REGISTER(register_java_lang_StackStreamFactory) ...
05-04 11:59:40.822 12668 12729 I WestlakeVM: VM: [RT]   TRY_REGISTER(register_java_lang_StackStreamFactory) done
05-04 11:59:40.822 12668 12729 I WestlakeVM: VM: [RT]   TRY_REGISTER(register_java_lang_String) ...
05-04 11:59:40.822 12668 12729 I WestlakeVM: VM: [RT]   TRY_REGISTER(register_java_lang_String) done
05-04 11:59:40.822 12668 12729 I WestlakeVM: VM: [RT]   TRY_REGISTER(register_java_lang_StringFactory) ...
05-04 11:59:40.822 12668 12729 I WestlakeVM: VM: [RT]   TRY_REGISTER(register_java_lang_StringFactory) done
05-04 11:59:40.822 12668 12729 I WestlakeVM: VM: [RT]   TRY_REGISTER(register_java_lang_System) ...
05-04 11:59:40.823 12668 12729 I WestlakeVM: VM: [RT]   TRY_REGISTER(register_java_lang_System) done
05-04 11:59:40.823 12668 12729 I WestlakeVM: VM: [RT]   TRY_REGISTER(register_java_lang_Thread) ...
05-04 11:59:40.823 12668 12729 I WestlakeVM: VM: [RT]   TRY_REGISTER(register_java_lang_Thread) done
05-04 11:59:40.823 12668 12729 I WestlakeVM: VM: [RT]   TRY_REGISTER(register_java_lang_VMClassLoader) ...
05-04 11:59:40.823 12668 12729 I WestlakeVM: VM: [RT]   TRY_REGISTER(register_java_lang_VMClassLoader) done
05-04 11:59:40.823 12668 12729 I WestlakeVM: VM: [RT]   TRY_REGISTER(register_java_util_concurrent_atomic_AtomicLong) ...
05-04 11:59:40.823 12668 12729 I WestlakeVM: VM: [RT]   TRY_REGISTER(register_java_util_concurrent_atomic_AtomicLong) done
05-04 11:59:40.823 12668 12729 I WestlakeVM: VM: [RT]   TRY_REGISTER(register_jdk_internal_misc_Unsafe) ...
05-04 11:59:40.824 12668 12729 I WestlakeVM: VM: [jni] Skipping non-native method: objectFieldOffset(Ljava/lang/Class;Ljava/lang/String;)J
05-04 11:59:40.824 12668 12729 I WestlakeVM: VM: [jni] Skipping non-native method: objectFieldOffset(Ljava/lang/Class;Ljava/lang/String;)J
05-04 11:59:40.824 12668 12729 I WestlakeVM: VM: nullptr W 05-04 22:59:40 12723 12726 tolerant_native_util.h:41] RegisterNatives: skipping jdk/internal/misc/Unsafe.objectFieldOffset(Ljava/lang/Class;Ljava/lang/String;)J (not in JAR)
05-04 11:59:40.824 12668 12729 I WestlakeVM: VM: nullptr I 05-04 22:59:40 12723 12726 tolerant_native_util.h:47] RegisterNatives: jdk/internal/misc/Unsafe: 60/61 methods registered
05-04 11:59:40.824 12668 12729 I WestlakeVM: VM: [RT]   TRY_REGISTER(register_jdk_internal_misc_Unsafe) done
05-04 11:59:40.824 12668 12729 I WestlakeVM: VM: [RT]   TRY_REGISTER(register_libcore_io_Memory) ...
05-04 11:59:40.824 12668 12729 I WestlakeVM: VM: [RT]   TRY_REGISTER(register_libcore_io_Memory) done
05-04 11:59:40.824 12668 12729 I WestlakeVM: VM: [RT]   TRY_REGISTER(register_libcore_util_CharsetUtils) ...
05-04 11:59:40.825 12668 12729 I WestlakeVM: VM: [RT]   TRY_REGISTER(register_libcore_util_CharsetUtils) done
05-04 11:59:40.825 12668 12729 I WestlakeVM: VM: [RT]   TRY_REGISTER(register_org_apache_harmony_dalvik_ddmc_DdmServer) ...
05-04 11:59:40.825 12668 12729 I WestlakeVM: VM: [RT]   TRY_REGISTER(register_org_apache_harmony_dalvik_ddmc_DdmServer) done
05-04 11:59:40.825 12668 12729 I WestlakeVM: VM: [RT]   TRY_REGISTER(register_org_apache_harmony_dalvik_ddmc_DdmVmInternal) ...
05-04 11:59:40.825 12668 12729 I WestlakeVM: VM: [RT]   TRY_REGISTER(register_org_apache_harmony_dalvik_ddmc_DdmVmInternal) done
05-04 11:59:40.825 12668 12729 I WestlakeVM: VM: [RT]   TRY_REGISTER(register_sun_misc_Unsafe) ...
05-04 11:59:40.825 12668 12729 I WestlakeVM: VM: [RT]   TRY_REGISTER(register_sun_misc_Unsafe) done
05-04 11:59:40.825 12668 12729 I WestlakeVM: VM: [RT] RegisterRuntimeNativeMethods done
05-04 11:59:40.826 12668 12729 I WestlakeVM: VM: [RT] ThreadLocal.nextHashCode() -> native quick=0xd07ac0 jni=0x5e781c
05-04 11:59:40.826 12668 12729 I WestlakeVM: VM: [RT] Unsafe.objectFieldOffset(Class,String) -> native quick=0xd07c00 jni=0x731fe8
05-04 11:59:40.826 12668 12729 I WestlakeVM: VM: [RT] sun.misc.Unsafe.arrayBaseOffset(Class) -> native quick=0xd07c00 jni=0x74b7f8
05-04 11:59:40.826 12668 12729 I WestlakeVM: VM: [RT] sun.misc.Unsafe.arrayIndexScale(Class) -> native quick=0xd07c00 jni=0x74b87c
05-04 11:59:40.826 12668 12729 I WestlakeVM: VM: [RT] sun.misc.Unsafe.objectFieldOffset(Field) -> native quick=0xd07c00 jni=0x74b8f4
05-04 11:59:40.826 12668 12729 I WestlakeVM: VM: [RT] UnixFileSystem.getBooleanAttributes(Ljava/io/File;)I -> native quick=0xd07c00 jni=0xd50a90
05-04 11:59:40.826 12668 12729 I WestlakeVM: VM: [RT] UnixFileSystem.checkAccess(Ljava/io/File;I)Z -> native quick=0xd07c00 jni=0xd50ba4
05-04 11:59:40.826 12668 12729 I WestlakeVM: VM: [RT] UnixFileSystem.getLastModifiedTime(Ljava/io/File;)J -> native quick=0xd07c00 jni=0xd50cd4
05-04 11:59:40.827 12668 12729 I WestlakeVM: VM: [RT] UnixFileSystem.getLength(Ljava/io/File;)J -> native quick=0xd07c00 jni=0xd50e14
05-04 11:59:40.827 12668 12729 I WestlakeVM: VM: [RT] UnixFileSystem.list(Ljava/io/File;)[Ljava/lang/String; -> native quick=0xd07c00 jni=0xd50f44
05-04 11:59:40.827 12668 12729 I WestlakeVM: VM: [RT] HashMap.put native patch disabled
05-04 11:59:40.827 12668 12729 I WestlakeVM: VM: [RT] Linux.open -> native quick=0xd07c00 jni=0x5e7864
05-04 11:59:40.827 12668 12729 I WestlakeVM: VM: [RT] Linux.close -> native quick=0xd07c00 jni=0x5e7bb4
05-04 11:59:40.827 12668 12729 I WestlakeVM: VM: [RT] Linux.readBytes -> native quick=0xd07c00 jni=0x5e7cb8
05-04 11:59:40.827 12668 12729 I WestlakeVM: VM: [RT] Linux.writeBytes -> native quick=0xd07c00 jni=0x5e7e9c
05-04 11:59:40.827 12668 12729 I WestlakeVM: VM: [RT] Linux.fstat -> native quick=0xd07c00 jni=0x5e8080
05-04 11:59:40.827 12668 12729 I WestlakeVM: VM: [RT] Linux.stat -> native quick=0xd07c00 jni=0x5e82a0
05-04 11:59:40.828 12668 12729 I WestlakeVM: VM: [RT] Linux.lstat -> native quick=0xd07c00 jni=0x5e8368
05-04 11:59:40.828 12668 12729 I WestlakeVM: VM: [RT] Linux.access -> native quick=0xd07c00 jni=0x5e8430
05-04 11:59:40.828 12668 12729 I WestlakeVM: VM: [RT] Linux.getsockoptLinger -> native quick=0xd07c00 jni=0x5e84ec
05-04 11:59:40.828 12668 12729 I WestlakeVM: VM: [RT] libcore.io.Linux natives patched early
05-04 11:59:40.828 12668 12729 I WestlakeVM: VM: [RT] TimeZone.default -> native quick=0xd07ac0 jni=0x5e8808
05-04 11:59:40.828 12668 12729 I WestlakeVM: VM: [RT] TimeZone.default quick forced to interpreter bridge method=java.util.TimeZone java.util.TimeZone.getDefault() quick=0xd07d70 jni=0x5e8808
05-04 11:59:40.828 12668 12729 I WestlakeVM: VM: [RT] TimeZone.default -> native quick=0xd07ac0 jni=0x5e8808
05-04 11:59:40.828 12668 12729 I WestlakeVM: VM: [RT] TimeZone.default quick forced to interpreter bridge method=java.util.TimeZone java.util.TimeZone.getDefaultRef() quick=0xd07d70 jni=0x5e8808
05-04 11:59:40.829 12668 12729 I WestlakeVM: VM: [RT] TimeZone default patched to UTC SimpleTimeZone
05-04 11:59:40.829 12668 12729 I WestlakeVM: VM: [RT] PatternNative.compileImpl -> native quick=0xd07ac0 jni=0x5e9378
05-04 11:59:40.829 12668 12729 I WestlakeVM: VM: [RT] PatternNative.getNativeFinalizer -> native quick=0xd07ac0 jni=0x5e9334
05-04 11:59:40.829 12668 12729 I WestlakeVM: VM: [RT] PatternNative.openMatcherImpl -> native quick=0xd07ac0 jni=0x5e9524
05-04 11:59:40.829 12668 12729 I WestlakeVM: VM: [RT] PatternNative.getMatchedGroupIndexImpl -> native quick=0xd07ac0 jni=0x5e9594
05-04 11:59:40.829 12668 12729 I WestlakeVM: VM: [RT] MatcherNative.findImpl -> native quick=0xd07ac0 jni=0x5e963c
05-04 11:59:40.829 12668 12729 I WestlakeVM: VM: [RT] MatcherNative.findNextImpl -> native quick=0xd07ac0 jni=0x5e9a74
05-04 11:59:40.829 12668 12729 I WestlakeVM: VM: [RT] MatcherNative.getNativeFinalizer -> native quick=0xd07ac0 jni=0x5e959c
05-04 11:59:40.829 12668 12729 I WestlakeVM: VM: [RT] MatcherNative.groupCountImpl -> native quick=0xd07ac0 jni=0x5e9b44
05-04 11:59:40.830 12668 12729 I WestlakeVM: VM: [RT] MatcherNative.hitEndImpl -> native quick=0xd07ac0 jni=0x5e9cf4
05-04 11:59:40.830 12668 12729 I WestlakeVM: VM: [RT] MatcherNative.lookingAtImpl -> native quick=0xd07ac0 jni=0x5e9b4c
05-04 11:59:40.830 12668 12729 I WestlakeVM: VM: [RT] MatcherNative.matchesImpl -> native quick=0xd07ac0 jni=0x5e9c10
05-04 11:59:40.830 12668 12729 I WestlakeVM: VM: [RT] MatcherNative.requireEndImpl -> native quick=0xd07ac0 jni=0x5e9cfc
05-04 11:59:40.830 12668 12729 I WestlakeVM: VM: [RT] MatcherNative.setInputImpl -> native quick=0xd07ac0 jni=0x5e95e0
05-04 11:59:40.830 12668 12729 I WestlakeVM: VM: [RT] MatcherNative.useAnchoringBoundsImpl -> native quick=0xd07ac0 jni=0x5e9d04
05-04 11:59:40.830 12668 12729 I WestlakeVM: VM: [RT] MatcherNative.useTransparentBoundsImpl -> native quick=0xd07ac0 jni=0x5e9d08
05-04 11:59:40.830 12668 12729 I WestlakeVM: VM: [RT] ICU regex portable native patch pass complete
05-04 11:59:40.830 12668 12729 I WestlakeVM: VM: [RT] Pre-initialized I/O + Charset classes
05-04 11:59:40.831 12668 12729 I WestlakeVM: VM: [RT] Pre-initialized FileDescriptor.in/out/err
05-04 11:59:40.831 12668 12729 I WestlakeVM: VM: [RT] System.addLegacyLocaleSystemProperties -> native quick=0xd07ac0 jni=0x5fa85c
05-04 11:59:40.831 12668 12729 I WestlakeVM: VM: [RT] Throwable.printStackTrace() -> native quick=0xd07c00 jni=0x5fa860
05-04 11:59:40.831 12668 12729 I WestlakeVM: VM: [RT] POST-REG Field.getBoolean: native=1 entry=0x747874
05-04 11:59:40.831 12668 12729 I WestlakeVM: VM: [RT] RunEarlyRootClinits entering
05-04 11:59:40.831 12668 12729 I WestlakeVM: VM: [CL] RunEarlyRootClinits: entering
05-04 11:59:40.831 12668 12729 I WestlakeVM: VM: [CL] RunEarlyRootClinits: ForceInit all 51 root classes
05-04 11:59:40.831 12668 12729 I WestlakeVM: VM: [CL] RunEarlyRootClinits: leave Ljava/lang/reflect/Method; root for real <clinit>
05-04 11:59:40.831 12668 12729 I WestlakeVM: VM: [CL] RunEarlyRootClinits: leave Ljava/lang/reflect/Proxy; root for real <clinit>
05-04 11:59:40.831 12668 12729 I WestlakeVM: VM: [CL] RunEarlyRootClinits: calling WellKnownClasses::Init
05-04 11:59:40.832 12668 12729 I WestlakeVM: VM: [CL] RunEarlyRootClinits: WellKnownClasses::Init done
05-04 11:59:40.832 12668 12729 I WestlakeVM: VM: [CL] RunEarlyRootClinits: done
05-04 11:59:40.832 12668 12729 I WestlakeVM: VM: [RT] RunEarlyRootClinits done
05-04 11:59:40.832 12668 12729 I WestlakeVM: VM: [RT] Created Unsafe.theUnsafe (early)
05-04 11:59:40.832 12668 12729 I WestlakeVM: VM: [RT] Set ConcurrentHashMap.U (EARLY, before any class loading)
05-04 11:59:40.832 12668 12729 I WestlakeVM: VM: [RT] Set ConcurrentHashMap ABASE=12 ASHIFT=2
05-04 11:59:40.832 12668 12729 I WestlakeVM: VM: [RT] InitializeIntrinsics entering
05-04 11:59:40.833 12668 12729 I WestlakeVM: VM: [RT] InitializeIntrinsics done
05-04 11:59:40.833 12668 12729 I WestlakeVM: VM: [RT] InitNativeMethods entering
05-04 11:59:40.833 12668 12729 I WestlakeVM: VM: [RT] dlopen(libandroid_runtime.so) failed: Dynamic loading not supported (expected in static)
05-04 11:59:40.833 12668 12729 I WestlakeVM: VM: [RT]   Calling JNI_OnLoad_icu...
05-04 11:59:40.833 12668 12729 I WestlakeVM: VM: [icu_jni] JNI_OnLoad entered
05-04 11:59:40.833 12668 12729 I WestlakeVM: VM: [icu_jni] Icu4cMetadata FindClass: 0x7a9b3fd001
05-04 11:59:40.833 12668 12729 I WestlakeVM: VM: [icu_jni] libcore.icu.ICU FindClass: 0x7a9b3fd001
05-04 11:59:40.833 12668 12729 I WestlakeVM: VM: [jni] Skipping missing native method: getTZDataVersion()Ljava/lang/String;
05-04 11:59:40.833 12668 12729 I WestlakeVM: VM: [jni] Skipping missing native method: getTZDataVersion()Ljava/lang/String;
05-04 11:59:40.834 12668 12729 I WestlakeVM: VM: [icu] Registered 3/4 methods
05-04 11:59:40.834 12668 12729 I WestlakeVM: VM: [icu_jni] About to FindClass NativeConverter...
05-04 11:59:40.834 12668 12729 I WestlakeVM: VM: [icu_jni] NativeConverter FindClass: 0x7a9b3fd001
05-04 11:59:40.834 12668 12729 I WestlakeVM: VM: [icu_jni] Registering 16 NativeConverter methods...
05-04 11:59:40.834 12668 12729 I WestlakeVM: VM: [icu_jni] NativeConverter registration done
05-04 11:59:40.834 12668 12729 I WestlakeVM: VM: [icu_jni] JNI_OnLoad complete
05-04 11:59:40.834 12668 12729 I WestlakeVM: VM: [RT]   Calling JNI_OnLoad_javacore...
05-04 11:59:40.834 12668 12729 I WestlakeVM: VM: nullptr W 05-04 22:59:40 12723 12726 thread.cc:2641] No pending exception expected (clearing): java.lang.NoClassDefFoundError: Class not found using the boot class loader; no stack trace available
05-04 11:59:40.835 12668 12729 I WestlakeVM: VM: nullptr W 05-04 22:59:40 12723 12726 thread.cc:2641] (Throwable with no stack trace)
05-04 11:59:40.835 12668 12729 I WestlakeVM: VM: nullptr W 05-04 22:59:40 12723 12726 thread.cc:2641] 
05-04 11:59:40.835 12668 12729 I WestlakeVM: VM: [jni] Skipping missing native method: initLocaleDataNative(Ljava/lang/String;Llibcore/icu/LocaleData;)Z
05-04 11:59:40.835 12668 12729 I WestlakeVM: VM: [jni] Skipping non-native method: getBestDateTimePatternNative(Ljava/lang/String;Ljava/lang/String;)Ljava/lang/String;
05-04 11:59:40.835 12668 12729 I WestlakeVM: VM: [jni] Skipping non-native method: getCurrencyCode(Ljava/lang/String;)Ljava/lang/String;
05-04 11:59:40.835 12668 12729 I WestlakeVM: VM: [jni] Skipping non-native method: setDefaultLocale(Ljava/lang/String;)V
05-04 11:59:40.835 12668 12729 I WestlakeVM: VM: [jni] Skipping missing native method: nicenessForPriority(I)I
05-04 11:59:40.835 12668 12729 I WestlakeVM: VM: [jni] Skipping missing native method: initIDs()V
05-04 11:59:40.835 12668 12729 I WestlakeVM: VM: [jni] Skipping non-native method: updateBytes(I[BII)I
05-04 11:59:40.835 12668 12729 I WestlakeVM: VM: [jni] Skipping non-native method: updateByteBuffer(IJII)I
05-04 11:59:40.836 12668 12729 I WestlakeVM: VM: [jni] Skipping missing native method: initIDs()V
05-04 11:59:40.836 12668 12729 I WestlakeVM: VM: [RT]   Calling JNI_OnLoad_openjdk...
05-04 11:59:40.836 12668 12729 I WestlakeVM: VM: [jni] Skipping missing native method: init0()V
05-04 11:59:40.836 12668 12729 I WestlakeVM: VM: [jni] Skipping missing native method: seek0(Ljava/io/FileDescriptor;J)J
05-04 11:59:40.836 12668 12729 I WestlakeVM: VM: [jni] Skipping missing native method: allocationGranularity0()J
05-04 11:59:40.836 12668 12729 I WestlakeVM: VM: [jni] Skipping missing native method: map0(Ljava/io/FileDescriptor;IJJZ)J
05-04 11:59:40.836 12668 12729 I WestlakeVM: VM: [jni] Skipping missing native method: unmap0(JJ)I
05-04 11:59:40.836 12668 12729 I WestlakeVM: VM: [jni] Skipping missing native method: setDirect0(Ljava/io/FileDescriptor;)I
05-04 11:59:40.836 12668 12729 I WestlakeVM: VM: nullptr W 05-04 22:59:40 12723 12726 thread.cc:2641] No pending exception expected (clearing): java.lang.NoClassDefFoundError: Class not found using the boot class loader; no stack trace available
05-04 11:59:40.836 12668 12729 I WestlakeVM: VM: nullptr W 05-04 22:59:40 12723 12726 thread.cc:2641] (Throwable with no stack trace)
05-04 11:59:40.837 12668 12729 I WestlakeVM: VM: nullptr W 05-04 22:59:40 12723 12726 thread.cc:2641] 
05-04 11:59:40.837 12668 12729 I WestlakeVM: VM: [jni] Skipping missing native method: open0(Ljava/lang/String;Z)V
05-04 11:59:40.837 12668 12729 I WestlakeVM: VM: [jni] Skipping missing native method: write(IZ)V
05-04 11:59:40.837 12668 12729 I WestlakeVM: VM: [jni] Skipping missing native method: writeBytes([BIIZ)V
05-04 11:59:40.837 12668 12729 I WestlakeVM: VM: [jni] Skipping missing native method: close0()V
05-04 11:59:40.837 12668 12729 I WestlakeVM: VM: [jni] Skipping missing native method: open0(Ljava/lang/String;)V
05-04 11:59:40.837 12668 12729 I WestlakeVM: VM: [jni] Skipping missing native method: read0()I
05-04 11:59:40.837 12668 12729 I WestlakeVM: VM: [jni] Skipping missing native method: readBytes([BII)I
05-04 11:59:40.837 12668 12729 I WestlakeVM: VM: [jni] Skipping missing native method: close0()V
05-04 11:59:40.837 12668 12729 I WestlakeVM: VM: [jni] Skipping missing native method: runFinalization0()V
05-04 11:59:40.838 12668 12729 I WestlakeVM: VM: [jni] Skipping missing native method: getBooleanAttributes0(Ljava/io/File;)I
05-04 11:59:40.838 12668 12729 I WestlakeVM: VM: [jni] Skipping non-native method: canonicalize0(Ljava/lang/String;)Ljava/lang/String;
05-04 11:59:40.838 12668 12729 I WestlakeVM: VM: [jni] Skipping non-native method: canonicalize(Ljava/lang/String;)Ljava/lang/String;
05-04 11:59:40.838 12668 12729 I WestlakeVM: VM: [jni] Skipping non-native method: parentOrNull(Ljava/lang/String;)Ljava/lang/String;
05-04 11:59:40.838 12668 12729 I WestlakeVM: VM: [jni] Skipping missing native method: checkAccess0(Ljava/io/File;I)Z
05-04 11:59:40.838 12668 12729 I WestlakeVM: VM: [jni] Skipping missing native method: getLength0(Ljava/io/File;)J
05-04 11:59:40.838 12668 12729 I WestlakeVM: VM: [jni] Skipping missing native method: delete0(Ljava/io/File;)Z
05-04 11:59:40.838 12668 12729 I WestlakeVM: VM: [jni] Skipping missing native method: rename0(Ljava/io/File;Ljava/io/File;)Z
05-04 11:59:40.839 12668 12729 I WestlakeVM: VM: [jni] Skipping missing native method: open(Ljava/lang/String;IJZ)J
05-04 11:59:40.839 12668 12729 I WestlakeVM: VM: [jni] Skipping missing native method: close(J)V
05-04 11:59:40.839 12668 12729 I WestlakeVM: VM: [jni] Skipping missing native method: getTotal(J)I
05-04 11:59:40.839 12668 12729 I WestlakeVM: VM: [jni] Skipping missing native method: getEntry(J[BZ)J
05-04 11:59:40.839 12668 12729 I WestlakeVM: VM: [jni] Skipping missing native method: getEntryBytes(JI)[B
05-04 11:59:40.839 12668 12729 I WestlakeVM: VM: [jni] Skipping missing native method: getEntrySize(J)J
05-04 11:59:40.839 12668 12729 I WestlakeVM: VM: [jni] Skipping missing native method: getEntryCSize(J)J
05-04 11:59:40.840 12668 12729 I WestlakeVM: VM: [jni] Skipping missing native method: getEntryMethod(J)I
05-04 11:59:40.840 12668 12729 I WestlakeVM: VM: [jni] Skipping missing native method: getEntryTime(J)J
05-04 11:59:40.840 12668 12729 I WestlakeVM: VM: [jni] Skipping missing native method: getEntryCrc(J)J
05-04 11:59:40.840 12668 12729 I WestlakeVM: VM: [jni] Skipping missing native method: getEntryFlag(J)I
05-04 11:59:40.840 12668 12729 I WestlakeVM: VM: [jni] Skipping missing native method: getFileDescriptor(J)I
05-04 11:59:40.840 12668 12729 I WestlakeVM: VM: [jni] Skipping missing native method: getCommentBytes(J)[B
05-04 11:59:40.840 12668 12729 I WestlakeVM: VM: [jni] Skipping missing native method: read(JJJ[BII)I
05-04 11:59:40.840 12668 12729 I WestlakeVM: VM: [jni] Skipping missing native method: freeEntry(JJ)V
05-04 11:59:40.841 12668 12729 I WestlakeVM: VM: [jni] Skipping missing native method: startsWithLOC(J)Z
05-04 11:59:40.841 12668 12729 I WestlakeVM: VM: [jni] Skipping non-native method: ensureOpen()V
05-04 11:59:40.841 12668 12729 I WestlakeVM: VM: [jni] Skipping non-native method: abs(D)D
05-04 11:59:40.841 12668 12729 I WestlakeVM: VM: [jni] Skipping non-native method: max(DD)D
05-04 11:59:40.841 12668 12729 I WestlakeVM: VM: [jni] Skipping non-native method: copySign(DD)D
05-04 11:59:40.841 12668 12729 I WestlakeVM: VM: [jni] Skipping non-native method: toDegrees(D)D
05-04 11:59:40.841 12668 12729 I WestlakeVM: VM: [jni] Skipping non-native method: round(F)I
05-04 11:59:40.841 12668 12729 I WestlakeVM: VM: [jni] Skipping non-native method: ceil(D)D
05-04 11:59:40.841 12668 12729 I WestlakeVM: VM: [jni] Skipping non-native method: floor(D)D
05-04 11:59:40.842 12668 12729 I WestlakeVM: VM: [jni] Skipping non-native method: abs(D)D
05-04 11:59:40.842 12668 12729 I WestlakeVM: VM: [jni] Skipping non-native method: max(DD)D
05-04 11:59:40.842 12668 12729 I WestlakeVM: VM: [jni] Skipping non-native method: toDegrees(D)D
05-04 11:59:40.842 12668 12729 I WestlakeVM: VM: [jni] Skipping non-native method: random()D
05-04 11:59:40.842 12668 12729 I WestlakeVM: VM: [jni] Skipping non-native method: nativeGetReleaseFunc()J
05-04 11:59:40.842 12668 12729 I WestlakeVM: VM: [jni] Skipping non-native method: nativeCreateFromTypeface(JI)J
05-04 11:59:40.842 12668 12729 I WestlakeVM: VM: [jni] Skipping non-native method: nativeCreateFromTypefaceWithExactStyle(JIZ)J
05-04 11:59:40.842 12668 12729 I WestlakeVM: VM: [jni] Skipping non-native method: nativeCreateWeightAlias(JI)J
05-04 11:59:40.843 12668 12729 I WestlakeVM: VM: [jni] Skipping non-native method: nativeCreateFromArray([JII)J
05-04 11:59:40.843 12668 12729 I WestlakeVM: VM: [jni] Skipping non-native method: nativeGetSupportedAxes(J)[I
05-04 11:59:40.843 12668 12729 I WestlakeVM: VM: [jni] Skipping non-native method: nativeSetDefault(J)V
05-04 11:59:40.843 12668 12729 I WestlakeVM: VM: [jni] Skipping non-native method: nativeGetStyle(J)I
05-04 11:59:40.843 12668 12729 I WestlakeVM: VM: [jni] Skipping non-native method: nativeGetWeight(J)I
05-04 11:59:40.843 12668 12729 I WestlakeVM: VM: [jni] Skipping non-native method: nativeRegisterGenericFamily(Ljava/lang/String;J)V
05-04 11:59:40.843 12668 12729 I WestlakeVM: VM: [RT]   Calling JNI_OnLoad_framework...
05-04 11:59:40.843 12668 12729 I WestlakeVM: VM: [fw_stubs] Registering framework native stubs
05-04 11:59:40.843 12668 12729 I WestlakeVM: VM: [jni] Skipping non-native method: isLoggable(Ljava/lang/String;I)Z
05-04 11:59:40.844 12668 12729 I WestlakeVM: VM: [jni] Skipping missing native method: println_native(IILjava/lang/String;Ljava/lang/String;)I
05-04 11:59:40.844 12668 12729 I WestlakeVM: VM: [jni] Skipping missing native method: logger_entry_max_payload_native()I
05-04 11:59:40.844 12668 12729 I WestlakeVM: VM: [fw_stubs] android.util.Log: 0/3
05-04 11:59:40.844 12668 12729 I WestlakeVM: VM: [jni] Skipping missing native method: native_get(Ljava/lang/String;Ljava/lang/String;)Ljava/lang/String;
05-04 11:59:40.844 12668 12729 I WestlakeVM: VM: [jni] Skipping missing native method: native_get(Ljava/lang/String;)Ljava/lang/String;
05-04 11:59:40.844 12668 12729 I WestlakeVM: VM: [jni] Skipping missing native method: native_set(Ljava/lang/String;Ljava/lang/String;)V
05-04 11:59:40.844 12668 12729 I WestlakeVM: VM: [jni] Skipping missing native method: native_get_boolean(Ljava/lang/String;Z)Z
