05-04 11:59:42.769  3704  3747 I HidlServiceManagement: getService: Trying again for vendor.qti.hardware.cacert@1.0::IService/default...
05-04 11:59:42.772   660 12734 W libc    : Unable to set property "ctl.interface_start" to "vendor.qti.hardware.cacert@1.0::IService/default": PROP_ERROR_HANDLE_CONTROL_MESSAGE (0x20)
05-04 11:59:42.772   660 12734 I hwservicemanager: Tried to start vendor.qti.hardware.cacert@1.0::IService/default as a lazy service, but was unable to. Usually this happens when a service is not installed, but if the service is intended to be used as a lazy service, then it may be configured incorrectly.
05-04 11:59:42.685     0     0 E init    : Control message: Could not find 'vendor.qti.hardware.cacert@1.0::IService/default' for ctl.interface_start from pid: 660 (/system/system_ext/bin/hwservicemanager)
05-04 11:59:43.769  3704  3747 W HidlServiceManagement: Waited one second for vendor.qti.hardware.cacert@1.0::IService/default
05-04 11:59:43.771   660   660 I hwservicemanager: Since vendor.qti.hardware.cacert@1.0::IService/default is not registered, trying to start it as a lazy HAL (if it's not configured to be a lazy HAL, it may be stuck starting or still starting).
05-04 11:59:43.772  3704  3747 I HidlServiceManagement: getService: Trying again for vendor.qti.hardware.cacert@1.0::IService/default...
05-04 11:59:43.688     0     0 E init    : Control message: Could not find 'vendor.qti.hardware.cacert@1.0::IService/default' for ctl.interface_start from pid: 660 (/system/system_ext/bin/hwservicemanager)
05-04 11:59:43.775   660 12735 W libc    : Unable to set property "ctl.interface_start" to "vendor.qti.hardware.cacert@1.0::IService/default": PROP_ERROR_HANDLE_CONTROL_MESSAGE (0x20)
05-04 11:59:43.775   660 12735 I hwservicemanager: Tried to start vendor.qti.hardware.cacert@1.0::IService/default as a lazy service, but was unable to. Usually this happens when a service is not installed, but if the service is intended to be used as a lazy service, then it may be configured incorrectly.
05-04 11:59:43.866     0     0 I QCOM-BATT: pl_fcc_vote_callback: total_fcc_ua=1950000
05-04 11:59:43.866     0     0 I QCOM-BATT: pl_fv_vote_callback: fv_uv=4400000
05-04 11:59:44.225     0     0 E FG      : fg_psy_get_property: unsupported property 79
05-04 11:59:44.240     0     0 E FG      : fg_psy_get_property: unsupported property 79
05-04 11:59:44.245     0     0 W healthd : battery l=100 v=3096 t=22.5 h=2 st=5 c=0 fc=2831000 chg=u
05-04 11:59:44.340  1126  1126 D QtiCarrierConfigHelper: WARNING, no carrier configs on phone Id: 0
05-04 11:59:44.254     0     0 E FG      : fg_psy_get_property: unsupported property 79
05-04 11:59:44.350   960  2692 D PowerUI : can't show warning due to - plugged: true status unknown: false
05-04 11:59:44.480   713  1834 I NxpNciR : len =   4 > 600701A1
05-04 11:59:44.772  3704  3747 W HidlServiceManagement: Waited one second for vendor.qti.hardware.cacert@1.0::IService/default
05-04 11:59:44.774   660   660 I hwservicemanager: Since vendor.qti.hardware.cacert@1.0::IService/default is not registered, trying to start it as a lazy HAL (if it's not configured to be a lazy HAL, it may be stuck starting or still starting).
05-04 11:59:44.775  3704  3747 I HidlServiceManagement: getService: Trying again for vendor.qti.hardware.cacert@1.0::IService/default...
05-04 11:59:44.692     0     0 E init    : Control message: Could not find 'vendor.qti.hardware.cacert@1.0::IService/default' for ctl.interface_start from pid: 660 (/system/system_ext/bin/hwservicemanager)
05-04 11:59:44.778   660 12736 W libc    : Unable to set property "ctl.interface_start" to "vendor.qti.hardware.cacert@1.0::IService/default": PROP_ERROR_HANDLE_CONTROL_MESSAGE (0x20)
05-04 11:59:44.778   660 12736 I hwservicemanager: Tried to start vendor.qti.hardware.cacert@1.0::IService/default as a lazy service, but was unable to. Usually this happens when a service is not installed, but if the service is intended to be used as a lazy service, then it may be configured incorrectly.
05-04 11:59:45.775  3704  3747 W HidlServiceManagement: Waited one second for vendor.qti.hardware.cacert@1.0::IService/default
05-04 11:59:45.777   660   660 I hwservicemanager: Since vendor.qti.hardware.cacert@1.0::IService/default is not registered, trying to start it as a lazy HAL (if it's not configured to be a lazy HAL, it may be stuck starting or still starting).
05-04 11:59:45.778  3704  3747 I HidlServiceManagement: getService: Trying again for vendor.qti.hardware.cacert@1.0::IService/default...
05-04 11:59:45.782   660 12737 W libc    : Unable to set property "ctl.interface_start" to "vendor.qti.hardware.cacert@1.0::IService/default": PROP_ERROR_HANDLE_CONTROL_MESSAGE (0x20)
05-04 11:59:45.782   660 12737 I hwservicemanager: Tried to start vendor.qti.hardware.cacert@1.0::IService/default as a lazy service, but was unable to. Usually this happens when a service is not installed, but if the service is intended to be used as a lazy service, then it may be configured incorrectly.
05-04 11:59:45.695     0     0 E init    : Control message: Could not find 'vendor.qti.hardware.cacert@1.0::IService/default' for ctl.interface_start from pid: 660 (/system/system_ext/bin/hwservicemanager)
05-04 11:59:46.648   713  1834 I NxpNciR : len =   4 > 600701A1
05-04 11:59:46.778  3704  3747 W HidlServiceManagement: Waited one second for vendor.qti.hardware.cacert@1.0::IService/default
05-04 11:59:46.779   660   660 I hwservicemanager: Since vendor.qti.hardware.cacert@1.0::IService/default is not registered, trying to start it as a lazy HAL (if it's not configured to be a lazy HAL, it may be stuck starting or still starting).
05-04 11:59:46.781  3704  3747 I HidlServiceManagement: getService: Trying again for vendor.qti.hardware.cacert@1.0::IService/default...
05-04 11:59:46.782   660 12738 W libc    : Unable to set property "ctl.interface_start" to "vendor.qti.hardware.cacert@1.0::IService/default": PROP_ERROR_HANDLE_CONTROL_MESSAGE (0x20)
05-04 11:59:46.782   660 12738 I hwservicemanager: Tried to start vendor.qti.hardware.cacert@1.0::IService/default as a lazy service, but was unable to. Usually this happens when a service is not installed, but if the service is intended to be used as a lazy service, then it may be configured incorrectly.
05-04 11:59:46.695     0     0 E init    : Control message: Could not find 'vendor.qti.hardware.cacert@1.0::IService/default' for ctl.interface_start from pid: 660 (/system/system_ext/bin/hwservicemanager)
05-04 11:59:47.781  3704  3747 W HidlServiceManagement: Waited one second for vendor.qti.hardware.cacert@1.0::IService/default
05-04 11:59:47.782   660   660 I hwservicemanager: Since vendor.qti.hardware.cacert@1.0::IService/default is not registered, trying to start it as a lazy HAL (if it's not configured to be a lazy HAL, it may be stuck starting or still starting).
05-04 11:59:47.783  3704  3747 I HidlServiceManagement: getService: Trying again for vendor.qti.hardware.cacert@1.0::IService/default...
05-04 11:59:47.698     0     0 E init    : Control message: Could not find 'vendor.qti.hardware.cacert@1.0::IService/default' for ctl.interface_start from pid: 660 (/system/system_ext/bin/hwservicemanager)
05-04 11:59:47.785   660 12740 W libc    : Unable to set property "ctl.interface_start" to "vendor.qti.hardware.cacert@1.0::IService/default": PROP_ERROR_HANDLE_CONTROL_MESSAGE (0x20)
05-04 11:59:47.785   660 12740 I hwservicemanager: Tried to start vendor.qti.hardware.cacert@1.0::IService/default as a lazy service, but was unable to. Usually this happens when a service is not installed, but if the service is intended to be used as a lazy service, then it may be configured incorrectly.
05-04 11:59:48.784  3704  3747 W HidlServiceManagement: Waited one second for vendor.qti.hardware.cacert@1.0::IService/default
05-04 11:59:48.785   660   660 I hwservicemanager: Since vendor.qti.hardware.cacert@1.0::IService/default is not registered, trying to start it as a lazy HAL (if it's not configured to be a lazy HAL, it may be stuck starting or still starting).
05-04 11:59:48.787  3704  3747 I HidlServiceManagement: getService: Trying again for vendor.qti.hardware.cacert@1.0::IService/default...
05-04 11:59:48.790   660 12741 W libc    : Unable to set property "ctl.interface_start" to "vendor.qti.hardware.cacert@1.0::IService/default": PROP_ERROR_HANDLE_CONTROL_MESSAGE (0x20)
05-04 11:59:48.790   660 12741 I hwservicemanager: Tried to start vendor.qti.hardware.cacert@1.0::IService/default as a lazy service, but was unable to. Usually this happens when a service is not installed, but if the service is intended to be used as a lazy service, then it may be configured incorrectly.
05-04 11:59:48.703     0     0 E init    : Control message: Could not find 'vendor.qti.hardware.cacert@1.0::IService/default' for ctl.interface_start from pid: 660 (/system/system_ext/bin/hwservicemanager)
05-04 11:59:49.787  3704  3747 W HidlServiceManagement: Waited one second for vendor.qti.hardware.cacert@1.0::IService/default
05-04 11:59:49.788   660   660 I hwservicemanager: Since vendor.qti.hardware.cacert@1.0::IService/default is not registered, trying to start it as a lazy HAL (if it's not configured to be a lazy HAL, it may be stuck starting or still starting).
05-04 11:59:49.789  3704  3747 I HidlServiceManagement: getService: Trying again for vendor.qti.hardware.cacert@1.0::IService/default...
05-04 11:59:49.791   660 12742 W libc    : Unable to set property "ctl.interface_start" to "vendor.qti.hardware.cacert@1.0::IService/default": PROP_ERROR_HANDLE_CONTROL_MESSAGE (0x20)
05-04 11:59:49.791   660 12742 I hwservicemanager: Tried to start vendor.qti.hardware.cacert@1.0::IService/default as a lazy service, but was unable to. Usually this happens when a service is not installed, but if the service is intended to be used as a lazy service, then it may be configured incorrectly.
05-04 11:59:49.705     0     0 E init    : Control message: Could not find 'vendor.qti.hardware.cacert@1.0::IService/default' for ctl.interface_start from pid: 660 (/system/system_ext/bin/hwservicemanager)
05-04 11:59:50.789  3704  3747 W HidlServiceManagement: Waited one second for vendor.qti.hardware.cacert@1.0::IService/default
05-04 11:59:50.792   660   660 I hwservicemanager: Since vendor.qti.hardware.cacert@1.0::IService/default is not registered, trying to start it as a lazy HAL (if it's not configured to be a lazy HAL, it may be stuck starting or still starting).
05-04 11:59:50.793  3704  3747 I HidlServiceManagement: getService: Trying again for vendor.qti.hardware.cacert@1.0::IService/default...
05-04 11:59:50.796   660 12743 W libc    : Unable to set property "ctl.interface_start" to "vendor.qti.hardware.cacert@1.0::IService/default": PROP_ERROR_HANDLE_CONTROL_MESSAGE (0x20)
05-04 11:59:50.796   660 12743 I hwservicemanager: Tried to start vendor.qti.hardware.cacert@1.0::IService/default as a lazy service, but was unable to. Usually this happens when a service is not installed, but if the service is intended to be used as a lazy service, then it may be configured incorrectly.
05-04 11:59:50.710     0     0 E init    : Control message: Could not find 'vendor.qti.hardware.cacert@1.0::IService/default' for ctl.interface_start from pid: 660 (/system/system_ext/bin/hwservicemanager)
05-04 11:59:50.906     0     0 I QCOM-BATT: pl_fcc_vote_callback: total_fcc_ua=1950000
05-04 11:59:50.906     0     0 I QCOM-BATT: pl_fv_vote_callback: fv_uv=4400000
05-04 11:59:51.265     0     0 E FG      : fg_psy_get_property: unsupported property 79
05-04 11:59:51.274     0     0 E FG      : fg_psy_get_property: unsupported property 79
05-04 11:59:51.280     0     0 W healthd : battery l=100 v=3096 t=22.5 h=2 st=5 c=0 fc=2831000 chg=u
05-04 11:59:51.286     0     0 E FG      : fg_psy_get_property: unsupported property 79
05-04 11:59:51.794  3704  3747 W HidlServiceManagement: Waited one second for vendor.qti.hardware.cacert@1.0::IService/default
05-04 11:59:51.795   660   660 I hwservicemanager: Since vendor.qti.hardware.cacert@1.0::IService/default is not registered, trying to start it as a lazy HAL (if it's not configured to be a lazy HAL, it may be stuck starting or still starting).
05-04 11:59:51.796  3704  3747 I HidlServiceManagement: getService: Trying again for vendor.qti.hardware.cacert@1.0::IService/default...
05-04 11:59:51.800   660 12744 W libc    : Unable to set property "ctl.interface_start" to "vendor.qti.hardware.cacert@1.0::IService/default": PROP_ERROR_HANDLE_CONTROL_MESSAGE (0x20)
05-04 11:59:51.800   660 12744 I hwservicemanager: Tried to start vendor.qti.hardware.cacert@1.0::IService/default as a lazy service, but was unable to. Usually this happens when a service is not installed, but if the service is intended to be used as a lazy service, then it may be configured incorrectly.
05-04 11:59:51.712     0     0 E init    : Control message: Could not find 'vendor.qti.hardware.cacert@1.0::IService/default' for ctl.interface_start from pid: 660 (/system/system_ext/bin/hwservicemanager)
05-04 11:59:52.797  3704  3747 W HidlServiceManagement: Waited one second for vendor.qti.hardware.cacert@1.0::IService/default
05-04 11:59:52.799   660   660 I hwservicemanager: Since vendor.qti.hardware.cacert@1.0::IService/default is not registered, trying to start it as a lazy HAL (if it's not configured to be a lazy HAL, it may be stuck starting or still starting).
05-04 11:59:52.801  3704  3747 I HidlServiceManagement: getService: Trying again for vendor.qti.hardware.cacert@1.0::IService/default...
05-04 11:59:52.803   660 12745 W libc    : Unable to set property "ctl.interface_start" to "vendor.qti.hardware.cacert@1.0::IService/default": PROP_ERROR_HANDLE_CONTROL_MESSAGE (0x20)
05-04 11:59:52.803   660 12745 I hwservicemanager: Tried to start vendor.qti.hardware.cacert@1.0::IService/default as a lazy service, but was unable to. Usually this happens when a service is not installed, but if the service is intended to be used as a lazy service, then it may be configured incorrectly.
05-04 11:59:52.716     0     0 E init    : Control message: Could not find 'vendor.qti.hardware.cacert@1.0::IService/default' for ctl.interface_start from pid: 660 (/system/system_ext/bin/hwservicemanager)
05-04 11:59:53.801  3704  3747 W HidlServiceManagement: Waited one second for vendor.qti.hardware.cacert@1.0::IService/default
05-04 11:59:53.805   660   660 I hwservicemanager: Since vendor.qti.hardware.cacert@1.0::IService/default is not registered, trying to start it as a lazy HAL (if it's not configured to be a lazy HAL, it may be stuck starting or still starting).
05-04 11:59:53.807  3704  3747 I HidlServiceManagement: getService: Trying again for vendor.qti.hardware.cacert@1.0::IService/default...
05-04 11:59:53.809   660 12746 W libc    : Unable to set property "ctl.interface_start" to "vendor.qti.hardware.cacert@1.0::IService/default": PROP_ERROR_HANDLE_CONTROL_MESSAGE (0x20)
05-04 11:59:53.809   660 12746 I hwservicemanager: Tried to start vendor.qti.hardware.cacert@1.0::IService/default as a lazy service, but was unable to. Usually this happens when a service is not installed, but if the service is intended to be used as a lazy service, then it may be configured incorrectly.
05-04 11:59:53.722     0     0 E init    : Control message: Could not find 'vendor.qti.hardware.cacert@1.0::IService/default' for ctl.interface_start from pid: 660 (/system/system_ext/bin/hwservicemanager)
05-04 11:59:54.808  3704  3747 W HidlServiceManagement: Waited one second for vendor.qti.hardware.cacert@1.0::IService/default
05-04 11:59:54.810   660   660 I hwservicemanager: Since vendor.qti.hardware.cacert@1.0::IService/default is not registered, trying to start it as a lazy HAL (if it's not configured to be a lazy HAL, it may be stuck starting or still starting).
05-04 11:59:54.812  3704  3747 I HidlServiceManagement: getService: Trying again for vendor.qti.hardware.cacert@1.0::IService/default...
05-04 11:59:54.814   660 12747 W libc    : Unable to set property "ctl.interface_start" to "vendor.qti.hardware.cacert@1.0::IService/default": PROP_ERROR_HANDLE_CONTROL_MESSAGE (0x20)
05-04 11:59:54.814   660 12747 I hwservicemanager: Tried to start vendor.qti.hardware.cacert@1.0::IService/default as a lazy service, but was unable to. Usually this happens when a service is not installed, but if the service is intended to be used as a lazy service, then it may be configured incorrectly.
05-04 11:59:54.726     0     0 E init    : Control message: Could not find 'vendor.qti.hardware.cacert@1.0::IService/default' for ctl.interface_start from pid: 660 (/system/system_ext/bin/hwservicemanager)
05-04 11:59:55.812  3704  3747 W HidlServiceManagement: Waited one second for vendor.qti.hardware.cacert@1.0::IService/default
05-04 11:59:55.815   660   660 I hwservicemanager: Since vendor.qti.hardware.cacert@1.0::IService/default is not registered, trying to start it as a lazy HAL (if it's not configured to be a lazy HAL, it may be stuck starting or still starting).
05-04 11:59:55.816  3704  3747 I HidlServiceManagement: getService: Trying again for vendor.qti.hardware.cacert@1.0::IService/default...
05-04 11:59:55.818   660 12748 W libc    : Unable to set property "ctl.interface_start" to "vendor.qti.hardware.cacert@1.0::IService/default": PROP_ERROR_HANDLE_CONTROL_MESSAGE (0x20)
05-04 11:59:55.818   660 12748 I hwservicemanager: Tried to start vendor.qti.hardware.cacert@1.0::IService/default as a lazy service, but was unable to. Usually this happens when a service is not installed, but if the service is intended to be used as a lazy service, then it may be configured incorrectly.
05-04 11:59:55.731     0     0 E init    : Control message: Could not find 'vendor.qti.hardware.cacert@1.0::IService/default' for ctl.interface_start from pid: 660 (/system/system_ext/bin/hwservicemanager)
05-04 11:59:56.816  3704  3747 W HidlServiceManagement: Waited one second for vendor.qti.hardware.cacert@1.0::IService/default
05-04 11:59:56.817   660   660 I hwservicemanager: Since vendor.qti.hardware.cacert@1.0::IService/default is not registered, trying to start it as a lazy HAL (if it's not configured to be a lazy HAL, it may be stuck starting or still starting).
05-04 11:59:56.818  3704  3747 I HidlServiceManagement: getService: Trying again for vendor.qti.hardware.cacert@1.0::IService/default...
05-04 11:59:56.820   660 12749 W libc    : Unable to set property "ctl.interface_start" to "vendor.qti.hardware.cacert@1.0::IService/default": PROP_ERROR_HANDLE_CONTROL_MESSAGE (0x20)
05-04 11:59:56.820   660 12749 I hwservicemanager: Tried to start vendor.qti.hardware.cacert@1.0::IService/default as a lazy service, but was unable to. Usually this happens when a service is not installed, but if the service is intended to be used as a lazy service, then it may be configured incorrectly.
05-04 11:59:56.733     0     0 E init    : Control message: Could not find 'vendor.qti.hardware.cacert@1.0::IService/default' for ctl.interface_start from pid: 660 (/system/system_ext/bin/hwservicemanager)
05-04 11:59:57.819  3704  3747 W HidlServiceManagement: Waited one second for vendor.qti.hardware.cacert@1.0::IService/default
05-04 11:59:57.820   660   660 I hwservicemanager: Since vendor.qti.hardware.cacert@1.0::IService/default is not registered, trying to start it as a lazy HAL (if it's not configured to be a lazy HAL, it may be stuck starting or still starting).
05-04 11:59:57.821  3704  3747 I HidlServiceManagement: getService: Trying again for vendor.qti.hardware.cacert@1.0::IService/default...
05-04 11:59:57.824   660 12750 W libc    : Unable to set property "ctl.interface_start" to "vendor.qti.hardware.cacert@1.0::IService/default": PROP_ERROR_HANDLE_CONTROL_MESSAGE (0x20)
05-04 11:59:57.824   660 12750 I hwservicemanager: Tried to start vendor.qti.hardware.cacert@1.0::IService/default as a lazy service, but was unable to. Usually this happens when a service is not installed, but if the service is intended to be used as a lazy service, then it may be configured incorrectly.
05-04 11:59:57.736     0     0 E init    : Control message: Could not find 'vendor.qti.hardware.cacert@1.0::IService/default' for ctl.interface_start from pid: 660 (/system/system_ext/bin/hwservicemanager)
05-04 11:59:57.947     0     0 I QCOM-BATT: pl_fcc_vote_callback: total_fcc_ua=1950000
05-04 11:59:57.947     0     0 I QCOM-BATT: pl_fv_vote_callback: fv_uv=4400000
05-04 11:59:58.305     0     0 E FG      : fg_psy_get_property: unsupported property 79
05-04 11:59:58.313     0     0 E FG      : fg_psy_get_property: unsupported property 79
05-04 11:59:58.319     0     0 W healthd : battery l=100 v=3096 t=22.5 h=2 st=5 c=0 fc=2831000 chg=u
05-04 11:59:58.326     0     0 E FG      : fg_psy_get_property: unsupported property 79
05-04 11:59:58.821  3704  3747 W HidlServiceManagement: Waited one second for vendor.qti.hardware.cacert@1.0::IService/default
05-04 11:59:58.823   660   660 I hwservicemanager: Since vendor.qti.hardware.cacert@1.0::IService/default is not registered, trying to start it as a lazy HAL (if it's not configured to be a lazy HAL, it may be stuck starting or still starting).
05-04 11:59:58.823  3704  3747 I HidlServiceManagement: getService: Trying again for vendor.qti.hardware.cacert@1.0::IService/default...
05-04 11:59:58.828   660 12751 W libc    : Unable to set property "ctl.interface_start" to "vendor.qti.hardware.cacert@1.0::IService/default": PROP_ERROR_HANDLE_CONTROL_MESSAGE (0x20)
05-04 11:59:58.828   660 12751 I hwservicemanager: Tried to start vendor.qti.hardware.cacert@1.0::IService/default as a lazy service, but was unable to. Usually this happens when a service is not installed, but if the service is intended to be used as a lazy service, then it may be configured incorrectly.
05-04 11:59:58.740     0     0 E init    : Control message: Could not find 'vendor.qti.hardware.cacert@1.0::IService/default' for ctl.interface_start from pid: 660 (/system/system_ext/bin/hwservicemanager)
05-04 11:59:59.824  3704  3747 W HidlServiceManagement: Waited one second for vendor.qti.hardware.cacert@1.0::IService/default
05-04 11:59:59.826   660   660 I hwservicemanager: Since vendor.qti.hardware.cacert@1.0::IService/default is not registered, trying to start it as a lazy HAL (if it's not configured to be a lazy HAL, it may be stuck starting or still starting).
05-04 11:59:59.826  3704  3747 I HidlServiceManagement: getService: Trying again for vendor.qti.hardware.cacert@1.0::IService/default...
05-04 11:59:59.829   660 12752 W libc    : Unable to set property "ctl.interface_start" to "vendor.qti.hardware.cacert@1.0::IService/default": PROP_ERROR_HANDLE_CONTROL_MESSAGE (0x20)
05-04 11:59:59.830   660 12752 I hwservicemanager: Tried to start vendor.qti.hardware.cacert@1.0::IService/default as a lazy service, but was unable to. Usually this happens when a service is not installed, but if the service is intended to be used as a lazy service, then it may be configured incorrectly.
05-04 11:59:59.742     0     0 E init    : Control message: Could not find 'vendor.qti.hardware.cacert@1.0::IService/default' for ctl.interface_start from pid: 660 (/system/system_ext/bin/hwservicemanager)
05-04 12:00:00.019 22138 22138 D PeriodicJobReceiver: refresh periodic job from action=com.android.settings.battery.action.PERIODIC_JOB_UPDATE
05-04 12:00:00.019 22138  8642 D BatteryUsageDataLoader: loadUsageDataSafely() in the AsyncTask
05-04 12:00:00.032 22138 22138 D PeriodicJobManager: schedule next alarm job at May 04, 2026, 13:00:00
05-04 12:00:00.046 22138  8642 D DataProcessor: getBatteryUsageStats() from BatteryStatsManager in 25/ms
05-04 12:00:00.047 22138  8642 D DataProcessor: get 7 uidBatteryConsumers from BatteryUsageStats in 0/ms
05-04 12:00:00.048 22138  8642 W BatteryEntry: unknown attribute:AUDIO
05-04 12:00:00.048 22138  8642 W BatteryEntry: unknown attribute:VIDEO
05-04 12:00:00.048 22138  8642 W BatteryEntry: unknown attribute:SYSTEM_SERVICES
05-04 12:00:00.048 22138  8642 W BatteryEntry: unknown attribute:SENSORS
05-04 12:00:00.049 22138  8642 W BatteryEntry: unknown attribute:WAKELOCK
05-04 12:00:00.049 22138  8642 W BatteryEntry: unknown attribute:MEMORY
05-04 12:00:00.049 22138  8642 W BatteryEntry: unknown attribute:IDLE
05-04 12:00:00.050 22138  8642 W BatteryEntry: unknown attribute:REATTRIBUTED_TO_OTHER_CONSUMERS
05-04 12:00:00.053 22138  8642 W BatteryEntry: unknown attribute:BASE
05-04 12:00:00.053 22138  8642 D DataProcessor: getCoalescedUsageList(): uidEntries = 7, userEntries = 0, componentEntries = 7
05-04 12:00:00.053 22138  8642 D BatteryUsageDataLoader: getBatteryUsageStats() in 32/ms
05-04 12:00:00.057 22138  8642 W DatabaseUtils: no consumed power but has running time for null time=35231781|0|0
05-04 12:00:00.057 22138  8642 W DatabaseUtils: no consumed power but has running time for com.android.documentsui time=137|137|137
05-04 12:00:00.057 22138  8642 W DatabaseUtils: no consumed power but has running time for com.android.providers.calendar time=33117274|33117274|71
05-04 12:00:00.058 22138  8642 W DatabaseUtils: no consumed power but has running time for com.android.launcher3 time=374|194915|195289
05-04 12:00:00.058 22138  8642 W DatabaseUtils: no consumed power but has running time for org.lineageos.updater time=26231961|26231961|36
05-04 12:00:00.059 22138  8642 W DatabaseUtils: no consumed power but has running time for com.android.permissioncontroller time=34016061|34016061|439
05-04 12:00:00.059 22138  8642 W DatabaseUtils: no consumed power but has running time for com.github.ashutoshgngwr.noice time=175862|192882|192882
05-04 12:00:00.059 22138  8642 W DatabaseUtils: no consumed power but has running time for com.westlake.host time=2017|2020|2020
05-04 12:00:00.066 22138  8642 D DatabaseUtils: insert() battery states data into database with isFullChargeStart:false
05-04 12:00:00.070 22138  8642 D DatabaseUtils: sendBatteryEntryData() size=9 in 17/ms
05-04 12:00:00.071 22138  8642 D BatteryUsageContentProvider: getQueryUserId from uri: content://com.android.settings.battery.usage.provider/appUsageLatestTimestamp?userid=0
05-04 12:00:00.072 22138  8642 D BatteryUsageContentProvider: getAppUsageLatestTimestamp() for user 0 in 1/ms
05-04 12:00:00.075 22138  8642 D DatabaseUtils: getAppUsageStartTimestampOfUser() userId=0 latestTimestamp=May 03, 2026, 19:29:41 in 4/ms
05-04 12:00:00.077 22138  8642 D DataProcessor: getAppUsageEventsForUser(): 0 from 1777876181182 to 1777935600071 in 2/ms
05-04 12:00:00.077 22138  8642 D DataProcessor: getAppUsageEvents() for all unlocked users in 6/ms
05-04 12:00:00.080 22138  8642 W DataProcessor: Read 16 relevant events (53 total) from UsageStatsManager
05-04 12:00:00.080 22138  8642 D BatteryUsageDataLoader: loadAppUsageData() size=16 in 9/ms
05-04 12:00:00.091 22138  8642 D DatabaseUtils: insert() app usage events data into database
05-04 12:00:00.091 22138  8642 D DatabaseUtils: sendAppUsageEventData() size=16 in 11/ms
05-04 12:00:00.091 22138  8642 D BatteryUsageContentProvider: getLastFullChargeTimestamp() in 0/ms
05-04 12:00:00.092 22138  8642 D DatabaseUtils: getLastFullChargeTime() lastFullChargeTime=Dec 31, 1969, 13:00:00 in 1/ms
05-04 12:00:00.092 22138  8642 D DatabaseUtils: getBatteryEvents for timestamp: 1777374000000
05-04 12:00:00.093 22138  8642 D BatteryUsageContentProvider: getQueryBatteryEventTypes from uri: content://com.android.settings.battery.usage.provider/BatteryEvent?timestamp=1777374000000&batteryEventType=3%2C4
05-04 12:00:00.093 22138  8642 D BatteryUsageContentProvider: getQueryTimestamp from uri: content://com.android.settings.battery.usage.provider/BatteryEvent?timestamp=1777374000000&batteryEventType=3%2C4
05-04 12:00:00.093 22138  8642 W BatteryUsageContentProvider: getBatteryEvents() in 0/ms
05-04 12:00:00.094 22138  8642 D DatabaseUtils: getBatteryEvents size=155 in 2/ms
05-04 12:00:00.095 22138  8642 D DataProcessManager: getPeriodBatteryLevelData() startTimestamp=May 04, 2026, 10:00:00
05-04 12:00:00.095 22138  8642 D DatabaseUtils: sixDaysAgoTimestamp: Apr 28, 2026, 00:00:00
05-04 12:00:00.096 22138  8642 D BatteryUsageContentProvider: getQueryTimestamp from uri: content://com.android.settings.battery.usage.provider/batteryStateLatestTimestamp?timestamp=1777928400000
05-04 12:00:00.096 22138  8642 D BatteryUsageContentProvider: getBatteryStateLatestTimestamp() no later than 1777928400000 in 0/ms
05-04 12:00:00.101 22138  8642 D DatabaseUtils: getBatteryStateLatestTimestamp() batteryStateLatestTimestamp=May 04, 2026, 09:00:00 in 5/ms
05-04 12:00:00.101 22138  8642 D BatteryUsageContentProvider: getQueryTimestamp from uri: content://com.android.settings.battery.usage.provider/BatteryState?timestamp=1777924800029
05-04 12:00:00.101 22138  8642 D BatteryUsageContentProvider: getBatteryStates() after 1777924800029 in 0/ms
05-04 12:00:00.104 22138  8642 D DatabaseUtils: getBatteryHistoryMap() size=4 in 3/ms
05-04 12:00:00.105 22138  8642 D DataProcessor: getHistoryMapWithExpectedTimestamps() size=5 in 1/ms
05-04 12:00:00.105 22138  8642 D DataProcessManager: execute getBatteryLevelData in 14/ms, batteryLevelRecordEvents.size=155
05-04 12:00:00.121 22138  8642 D DatabaseUtils: insert() battery event data into database
05-04 12:00:00.121 22138  8642 D DatabaseUtils: sendBatteryEventData() size=2 in 16/ms
05-04 12:00:00.121 22138  8642 D BatteryUsageDataLoader: preprocessBatteryUsageSlots() batteryLevelData=dailyBatteryLevels: timestamps: [1777928400000, 1777935600000]; levels: [100, 100]; hourlyBatteryLevelsPerDay: [timestamps: [1777928400000, 1777935600000]; levels: [100, 100]] in 30/ms
05-04 12:00:00.121 22138  8642 D BatteryUsageDataLoader: loadUsageDataSafely() in 102/ms
05-04 12:00:00.132 22138  8642 D DatabaseUtils: sixDaysAgoTimestamp: Apr 28, 2026, 00:00:00
05-04 12:00:00.132 22138  8642 D BatteryUsageContentProvider: getQueryUserIds from uri: content://com.android.settings.battery.usage.provider/AppUsageEvent?timestamp=1777917600000&userid=0
05-04 12:00:00.132 22138  8642 D BatteryUsageContentProvider: getQueryTimestamp from uri: content://com.android.settings.battery.usage.provider/AppUsageEvent?timestamp=1777917600000&userid=0
05-04 12:00:00.132 22138  8642 W BatteryUsageContentProvider: getAppUsageEvents() in 0/ms
05-04 12:00:00.136 22138  8642 D DatabaseUtils: getAppUsageEventForUser userId=0 size=16 in 4/ms
05-04 12:00:00.136 22138  8642 D DataProcessManager: execute loadDatabaseAppUsageList size=16 in 6/ms
05-04 12:00:00.136 22138 12753 D DatabaseUtils: getBatteryEvents for timestamp: 1777928400000
05-04 12:00:00.137 22138 12753 D BatteryUsageContentProvider: getQueryBatteryEventTypes from uri: content://com.android.settings.battery.usage.provider/BatteryEvent?timestamp=1777928400000&batteryEventType=1%2C2
05-04 12:00:00.137 22138 12753 D BatteryUsageContentProvider: getQueryTimestamp from uri: content://com.android.settings.battery.usage.provider/BatteryEvent?timestamp=1777928400000&batteryEventType=1%2C2
05-04 12:00:00.137 22138 12753 W BatteryUsageContentProvider: getBatteryEvents() in 0/ms
05-04 12:00:00.137 22138 12753 D DatabaseUtils: getBatteryEvents size=0 in 1/ms
05-04 12:00:00.137 22138 12753 D DataProcessManager: execute loadPowerConnectionBatteryEventList size=0 in 1/ms
05-04 12:00:00.137 22138 22138 D DataProcessManager: batteryEventList is null or empty
05-04 12:00:00.180 22138 12753 D DataProcessManager: execute generateFinalDataAndApplyCallback size=1 in 42/ms
05-04 12:00:00.183 22138 22138 D DatabaseUtils: insert() battery usage slots data into database
05-04 12:00:00.184 22138 22138 D DatabaseUtils: sendBatteryUsageSlotData() size=1 in 2/ms
05-04 12:00:00.827  3704  3747 W HidlServiceManagement: Waited one second for vendor.qti.hardware.cacert@1.0::IService/default
05-04 12:00:00.829   660   660 I hwservicemanager: Since vendor.qti.hardware.cacert@1.0::IService/default is not registered, trying to start it as a lazy HAL (if it's not configured to be a lazy HAL, it may be stuck starting or still starting).
05-04 12:00:00.830  3704  3747 I HidlServiceManagement: getService: Trying again for vendor.qti.hardware.cacert@1.0::IService/default...
05-04 12:00:00.833   660 12754 W libc    : Unable to set property "ctl.interface_start" to "vendor.qti.hardware.cacert@1.0::IService/default": PROP_ERROR_HANDLE_CONTROL_MESSAGE (0x20)
05-04 12:00:00.833   660 12754 I hwservicemanager: Tried to start vendor.qti.hardware.cacert@1.0::IService/default as a lazy service, but was unable to. Usually this happens when a service is not installed, but if the service is intended to be used as a lazy service, then it may be configured incorrectly.
05-04 12:00:00.746     0     0 E init    : Control message: Could not find 'vendor.qti.hardware.cacert@1.0::IService/default' for ctl.interface_start from pid: 660 (/system/system_ext/bin/hwservicemanager)
05-04 12:00:01.830  3704  3747 W HidlServiceManagement: Waited one second for vendor.qti.hardware.cacert@1.0::IService/default
05-04 12:00:01.832   660   660 I hwservicemanager: Since vendor.qti.hardware.cacert@1.0::IService/default is not registered, trying to start it as a lazy HAL (if it's not configured to be a lazy HAL, it may be stuck starting or still starting).
05-04 12:00:01.832  3704  3747 I HidlServiceManagement: getService: Trying again for vendor.qti.hardware.cacert@1.0::IService/default...
05-04 12:00:01.836   660 12755 W libc    : Unable to set property "ctl.interface_start" to "vendor.qti.hardware.cacert@1.0::IService/default": PROP_ERROR_HANDLE_CONTROL_MESSAGE (0x20)
05-04 12:00:01.836   660 12755 I hwservicemanager: Tried to start vendor.qti.hardware.cacert@1.0::IService/default as a lazy service, but was unable to. Usually this happens when a service is not installed, but if the service is intended to be used as a lazy service, then it may be configured incorrectly.
05-04 12:00:01.749     0     0 E init    : Control message: Could not find 'vendor.qti.hardware.cacert@1.0::IService/default' for ctl.interface_start from pid: 660 (/system/system_ext/bin/hwservicemanager)
05-04 12:00:02.833  3704  3747 W HidlServiceManagement: Waited one second for vendor.qti.hardware.cacert@1.0::IService/default
05-04 12:00:02.834   660   660 I hwservicemanager: Since vendor.qti.hardware.cacert@1.0::IService/default is not registered, trying to start it as a lazy HAL (if it's not configured to be a lazy HAL, it may be stuck starting or still starting).
05-04 12:00:02.836  3704  3747 I HidlServiceManagement: getService: Trying again for vendor.qti.hardware.cacert@1.0::IService/default...
05-04 12:00:02.837   660 12756 W libc    : Unable to set property "ctl.interface_start" to "vendor.qti.hardware.cacert@1.0::IService/default": PROP_ERROR_HANDLE_CONTROL_MESSAGE (0x20)
05-04 12:00:02.838   660 12756 I hwservicemanager: Tried to start vendor.qti.hardware.cacert@1.0::IService/default as a lazy service, but was unable to. Usually this happens when a service is not installed, but if the service is intended to be used as a lazy service, then it may be configured incorrectly.
05-04 12:00:02.751     0     0 E init    : Control message: Could not find 'vendor.qti.hardware.cacert@1.0::IService/default' for ctl.interface_start from pid: 660 (/system/system_ext/bin/hwservicemanager)
05-04 12:00:03.837  3704  3747 W HidlServiceManagement: Waited one second for vendor.qti.hardware.cacert@1.0::IService/default
05-04 12:00:03.838   660   660 I hwservicemanager: Since vendor.qti.hardware.cacert@1.0::IService/default is not registered, trying to start it as a lazy HAL (if it's not configured to be a lazy HAL, it may be stuck starting or still starting).
05-04 12:00:03.839  3704  3747 I HidlServiceManagement: getService: Trying again for vendor.qti.hardware.cacert@1.0::IService/default...
05-04 12:00:03.842   660 12757 W libc    : Unable to set property "ctl.interface_start" to "vendor.qti.hardware.cacert@1.0::IService/default": PROP_ERROR_HANDLE_CONTROL_MESSAGE (0x20)
05-04 12:00:03.843   660 12757 I hwservicemanager: Tried to start vendor.qti.hardware.cacert@1.0::IService/default as a lazy service, but was unable to. Usually this happens when a service is not installed, but if the service is intended to be used as a lazy service, then it may be configured incorrectly.
05-04 12:00:03.756     0     0 E init    : Control message: Could not find 'vendor.qti.hardware.cacert@1.0::IService/default' for ctl.interface_start from pid: 660 (/system/system_ext/bin/hwservicemanager)
05-04 12:00:04.840  3704  3747 W HidlServiceManagement: Waited one second for vendor.qti.hardware.cacert@1.0::IService/default
05-04 12:00:04.842   660   660 I hwservicemanager: Since vendor.qti.hardware.cacert@1.0::IService/default is not registered, trying to start it as a lazy HAL (if it's not configured to be a lazy HAL, it may be stuck starting or still starting).
05-04 12:00:04.843  3704  3747 I HidlServiceManagement: getService: Trying again for vendor.qti.hardware.cacert@1.0::IService/default...
05-04 12:00:04.758     0     0 E init    : Control message: Could not find 'vendor.qti.hardware.cacert@1.0::IService/default' for ctl.interface_start from pid: 660 (/system/system_ext/bin/hwservicemanager)
05-04 12:00:04.845   660 12758 W libc    : Unable to set property "ctl.interface_start" to "vendor.qti.hardware.cacert@1.0::IService/default": PROP_ERROR_HANDLE_CONTROL_MESSAGE (0x20)
05-04 12:00:04.845   660 12758 I hwservicemanager: Tried to start vendor.qti.hardware.cacert@1.0::IService/default as a lazy service, but was unable to. Usually this happens when a service is not installed, but if the service is intended to be used as a lazy service, then it may be configured incorrectly.
05-04 12:00:04.986     0     0 I QCOM-BATT: pl_fcc_vote_callback: total_fcc_ua=1950000
05-04 12:00:04.986     0     0 I QCOM-BATT: pl_fv_vote_callback: fv_uv=4400000
05-04 12:00:05.345     0     0 E FG      : fg_psy_get_property: unsupported property 79
05-04 12:00:05.362     0     0 E FG      : fg_psy_get_property: unsupported property 79
05-04 12:00:05.367     0     0 W healthd : battery l=100 v=3096 t=22.5 h=2 st=5 c=0 fc=2831000 chg=u
05-04 12:00:05.373     0     0 E FG      : fg_psy_get_property: unsupported property 79
05-04 12:00:05.844  3704  3747 W HidlServiceManagement: Waited one second for vendor.qti.hardware.cacert@1.0::IService/default
05-04 12:00:05.845   660   660 I hwservicemanager: Since vendor.qti.hardware.cacert@1.0::IService/default is not registered, trying to start it as a lazy HAL (if it's not configured to be a lazy HAL, it may be stuck starting or still starting).
05-04 12:00:05.847  3704  3747 I HidlServiceManagement: getService: Trying again for vendor.qti.hardware.cacert@1.0::IService/default...
05-04 12:00:05.850   660 12759 W libc    : Unable to set property "ctl.interface_start" to "vendor.qti.hardware.cacert@1.0::IService/default": PROP_ERROR_HANDLE_CONTROL_MESSAGE (0x20)
05-04 12:00:05.850   660 12759 I hwservicemanager: Tried to start vendor.qti.hardware.cacert@1.0::IService/default as a lazy service, but was unable to. Usually this happens when a service is not installed, but if the service is intended to be used as a lazy service, then it may be configured incorrectly.
05-04 12:00:05.763     0     0 E init    : Control message: Could not find 'vendor.qti.hardware.cacert@1.0::IService/default' for ctl.interface_start from pid: 660 (/system/system_ext/bin/hwservicemanager)
05-04 12:00:06.467   713  1834 I NxpNciR : len =   4 > 600701A1
05-04 12:00:06.847  3704  3747 W HidlServiceManagement: Waited one second for vendor.qti.hardware.cacert@1.0::IService/default
05-04 12:00:06.848   660   660 I hwservicemanager: Since vendor.qti.hardware.cacert@1.0::IService/default is not registered, trying to start it as a lazy HAL (if it's not configured to be a lazy HAL, it may be stuck starting or still starting).
05-04 12:00:06.849  3704  3747 I HidlServiceManagement: getService: Trying again for vendor.qti.hardware.cacert@1.0::IService/default...
05-04 12:00:06.852   660 12760 W libc    : Unable to set property "ctl.interface_start" to "vendor.qti.hardware.cacert@1.0::IService/default": PROP_ERROR_HANDLE_CONTROL_MESSAGE (0x20)
05-04 12:00:06.852   660 12760 I hwservicemanager: Tried to start vendor.qti.hardware.cacert@1.0::IService/default as a lazy service, but was unable to. Usually this happens when a service is not installed, but if the service is intended to be used as a lazy service, then it may be configured incorrectly.
05-04 12:00:06.765     0     0 E init    : Control message: Could not find 'vendor.qti.hardware.cacert@1.0::IService/default' for ctl.interface_start from pid: 660 (/system/system_ext/bin/hwservicemanager)
05-04 12:00:07.849  3704  3747 W HidlServiceManagement: Waited one second for vendor.qti.hardware.cacert@1.0::IService/default
05-04 12:00:07.850   660   660 I hwservicemanager: Since vendor.qti.hardware.cacert@1.0::IService/default is not registered, trying to start it as a lazy HAL (if it's not configured to be a lazy HAL, it may be stuck starting or still starting).
05-04 12:00:07.853  3704  3747 I HidlServiceManagement: getService: Trying again for vendor.qti.hardware.cacert@1.0::IService/default...
05-04 12:00:07.767     0     0 E init    : Control message: Could not find 'vendor.qti.hardware.cacert@1.0::IService/default' for ctl.interface_start from pid: 660 (/system/system_ext/bin/hwservicemanager)
05-04 12:00:07.854   660 12761 W libc    : Unable to set property "ctl.interface_start" to "vendor.qti.hardware.cacert@1.0::IService/default": PROP_ERROR_HANDLE_CONTROL_MESSAGE (0x20)
05-04 12:00:07.854   660 12761 I hwservicemanager: Tried to start vendor.qti.hardware.cacert@1.0::IService/default as a lazy service, but was unable to. Usually this happens when a service is not installed, but if the service is intended to be used as a lazy service, then it may be configured incorrectly.
05-04 12:00:08.853  3704  3747 W HidlServiceManagement: Waited one second for vendor.qti.hardware.cacert@1.0::IService/default
05-04 12:00:08.854   660   660 I hwservicemanager: Since vendor.qti.hardware.cacert@1.0::IService/default is not registered, trying to start it as a lazy HAL (if it's not configured to be a lazy HAL, it may be stuck starting or still starting).
05-04 12:00:08.855  3704  3747 I HidlServiceManagement: getService: Trying again for vendor.qti.hardware.cacert@1.0::IService/default...
05-04 12:00:08.857   660 12762 W libc    : Unable to set property "ctl.interface_start" to "vendor.qti.hardware.cacert@1.0::IService/default": PROP_ERROR_HANDLE_CONTROL_MESSAGE (0x20)
05-04 12:00:08.857   660 12762 I hwservicemanager: Tried to start vendor.qti.hardware.cacert@1.0::IService/default as a lazy service, but was unable to. Usually this happens when a service is not installed, but if the service is intended to be used as a lazy service, then it may be configured incorrectly.
05-04 12:00:08.770     0     0 E init    : Control message: Could not find 'vendor.qti.hardware.cacert@1.0::IService/default' for ctl.interface_start from pid: 660 (/system/system_ext/bin/hwservicemanager)
05-04 12:00:09.855  3704  3747 W HidlServiceManagement: Waited one second for vendor.qti.hardware.cacert@1.0::IService/default
05-04 12:00:09.857   660   660 I hwservicemanager: Since vendor.qti.hardware.cacert@1.0::IService/default is not registered, trying to start it as a lazy HAL (if it's not configured to be a lazy HAL, it may be stuck starting or still starting).
05-04 12:00:09.858  3704  3747 I HidlServiceManagement: getService: Trying again for vendor.qti.hardware.cacert@1.0::IService/default...
05-04 12:00:09.860   660 12763 W libc    : Unable to set property "ctl.interface_start" to "vendor.qti.hardware.cacert@1.0::IService/default": PROP_ERROR_HANDLE_CONTROL_MESSAGE (0x20)
05-04 12:00:09.860   660 12763 I hwservicemanager: Tried to start vendor.qti.hardware.cacert@1.0::IService/default as a lazy service, but was unable to. Usually this happens when a service is not installed, but if the service is intended to be used as a lazy service, then it may be configured incorrectly.
05-04 12:00:09.773     0     0 E init    : Control message: Could not find 'vendor.qti.hardware.cacert@1.0::IService/default' for ctl.interface_start from pid: 660 (/system/system_ext/bin/hwservicemanager)
05-04 12:00:10.858  3704  3747 W HidlServiceManagement: Waited one second for vendor.qti.hardware.cacert@1.0::IService/default
05-04 12:00:10.859   660   660 I hwservicemanager: Since vendor.qti.hardware.cacert@1.0::IService/default is not registered, trying to start it as a lazy HAL (if it's not configured to be a lazy HAL, it may be stuck starting or still starting).
05-04 12:00:10.860  3704  3747 I HidlServiceManagement: getService: Trying again for vendor.qti.hardware.cacert@1.0::IService/default...
05-04 12:00:10.864   660 12764 W libc    : Unable to set property "ctl.interface_start" to "vendor.qti.hardware.cacert@1.0::IService/default": PROP_ERROR_HANDLE_CONTROL_MESSAGE (0x20)
05-04 12:00:10.864   660 12764 I hwservicemanager: Tried to start vendor.qti.hardware.cacert@1.0::IService/default as a lazy service, but was unable to. Usually this happens when a service is not installed, but if the service is intended to be used as a lazy service, then it may be configured incorrectly.
05-04 12:00:10.776     0     0 E init    : Control message: Could not find 'vendor.qti.hardware.cacert@1.0::IService/default' for ctl.interface_start from pid: 660 (/system/system_ext/bin/hwservicemanager)
05-04 12:00:11.386     0     0 I QCOM-BATT: pl_fcc_vote_callback: total_fcc_ua=1950000
05-04 12:00:11.386     0     0 I QCOM-BATT: pl_fv_vote_callback: fv_uv=4400000
05-04 12:00:11.745     0     0 E FG      : fg_psy_get_property: unsupported property 79
05-04 12:00:11.755     0     0 E FG      : fg_psy_get_property: unsupported property 79
05-04 12:00:11.852  1126  1126 D QtiCarrierConfigHelper: WARNING, no carrier configs on phone Id: 0
05-04 12:00:11.760     0     0 W healthd : battery l=100 v=3096 t=22.7 h=2 st=5 c=0 fc=2831000 chg=u
05-04 12:00:11.860   960  2713 D PowerUI : can't show warning due to - plugged: true status unknown: false
05-04 12:00:11.860  3704  3747 W HidlServiceManagement: Waited one second for vendor.qti.hardware.cacert@1.0::IService/default
05-04 12:00:11.861   660   660 I hwservicemanager: Since vendor.qti.hardware.cacert@1.0::IService/default is not registered, trying to start it as a lazy HAL (if it's not configured to be a lazy HAL, it may be stuck starting or still starting).
05-04 12:00:11.861  3704  3747 I HidlServiceManagement: getService: Trying again for vendor.qti.hardware.cacert@1.0::IService/default...
05-04 12:00:11.863   660 12765 W libc    : Unable to set property "ctl.interface_start" to "vendor.qti.hardware.cacert@1.0::IService/default": PROP_ERROR_HANDLE_CONTROL_MESSAGE (0x20)
05-04 12:00:11.863   660 12765 I hwservicemanager: Tried to start vendor.qti.hardware.cacert@1.0::IService/default as a lazy service, but was unable to. Usually this happens when a service is not installed, but if the service is intended to be used as a lazy service, then it may be configured incorrectly.
05-04 12:00:11.771     0     0 E FG      : fg_psy_get_property: unsupported property 79
05-04 12:00:11.776     0     0 E init    : Control message: Could not find 'vendor.qti.hardware.cacert@1.0::IService/default' for ctl.interface_start from pid: 660 (/system/system_ext/bin/hwservicemanager)
05-04 12:00:12.862  3704  3747 W HidlServiceManagement: Waited one second for vendor.qti.hardware.cacert@1.0::IService/default
05-04 12:00:12.863   660   660 I hwservicemanager: Since vendor.qti.hardware.cacert@1.0::IService/default is not registered, trying to start it as a lazy HAL (if it's not configured to be a lazy HAL, it may be stuck starting or still starting).
05-04 12:00:12.865  3704  3747 I HidlServiceManagement: getService: Trying again for vendor.qti.hardware.cacert@1.0::IService/default...
05-04 12:00:12.866   660 12766 W libc    : Unable to set property "ctl.interface_start" to "vendor.qti.hardware.cacert@1.0::IService/default": PROP_ERROR_HANDLE_CONTROL_MESSAGE (0x20)
05-04 12:00:12.866   660 12766 I hwservicemanager: Tried to start vendor.qti.hardware.cacert@1.0::IService/default as a lazy service, but was unable to. Usually this happens when a service is not installed, but if the service is intended to be used as a lazy service, then it may be configured incorrectly.
05-04 12:00:12.779     0     0 E init    : Control message: Could not find 'vendor.qti.hardware.cacert@1.0::IService/default' for ctl.interface_start from pid: 660 (/system/system_ext/bin/hwservicemanager)
05-04 12:00:13.865  3704  3747 W HidlServiceManagement: Waited one second for vendor.qti.hardware.cacert@1.0::IService/default
05-04 12:00:13.866   660   660 I hwservicemanager: Since vendor.qti.hardware.cacert@1.0::IService/default is not registered, trying to start it as a lazy HAL (if it's not configured to be a lazy HAL, it may be stuck starting or still starting).
05-04 12:00:13.867  3704  3747 I HidlServiceManagement: getService: Trying again for vendor.qti.hardware.cacert@1.0::IService/default...
05-04 12:00:13.869   660 12767 W libc    : Unable to set property "ctl.interface_start" to "vendor.qti.hardware.cacert@1.0::IService/default": PROP_ERROR_HANDLE_CONTROL_MESSAGE (0x20)
05-04 12:00:13.869   660 12767 I hwservicemanager: Tried to start vendor.qti.hardware.cacert@1.0::IService/default as a lazy service, but was unable to. Usually this happens when a service is not installed, but if the service is intended to be used as a lazy service, then it may be configured incorrectly.
05-04 12:00:13.782     0     0 E init    : Control message: Could not find 'vendor.qti.hardware.cacert@1.0::IService/default' for ctl.interface_start from pid: 660 (/system/system_ext/bin/hwservicemanager)
