05-04 12:00:14.867  3704  3747 W HidlServiceManagement: Waited one second for vendor.qti.hardware.cacert@1.0::IService/default
05-04 12:00:14.869   660   660 I hwservicemanager: Since vendor.qti.hardware.cacert@1.0::IService/default is not registered, trying to start it as a lazy HAL (if it's not configured to be a lazy HAL, it may be stuck starting or still starting).
05-04 12:00:14.870  3704  3747 I HidlServiceManagement: getService: Trying again for vendor.qti.hardware.cacert@1.0::IService/default...
05-04 12:00:14.873   660 12768 W libc    : Unable to set property "ctl.interface_start" to "vendor.qti.hardware.cacert@1.0::IService/default": PROP_ERROR_HANDLE_CONTROL_MESSAGE (0x20)
05-04 12:00:14.874   660 12768 I hwservicemanager: Tried to start vendor.qti.hardware.cacert@1.0::IService/default as a lazy service, but was unable to. Usually this happens when a service is not installed, but if the service is intended to be used as a lazy service, then it may be configured incorrectly.
05-04 12:00:14.786     0     0 E init    : Control message: Could not find 'vendor.qti.hardware.cacert@1.0::IService/default' for ctl.interface_start from pid: 660 (/system/system_ext/bin/hwservicemanager)
05-04 12:00:15.870  3704  3747 W HidlServiceManagement: Waited one second for vendor.qti.hardware.cacert@1.0::IService/default
05-04 12:00:15.872   660   660 I hwservicemanager: Since vendor.qti.hardware.cacert@1.0::IService/default is not registered, trying to start it as a lazy HAL (if it's not configured to be a lazy HAL, it may be stuck starting or still starting).
05-04 12:00:15.872  3704  3747 I HidlServiceManagement: getService: Trying again for vendor.qti.hardware.cacert@1.0::IService/default...
05-04 12:00:15.877   660 12769 W libc    : Unable to set property "ctl.interface_start" to "vendor.qti.hardware.cacert@1.0::IService/default": PROP_ERROR_HANDLE_CONTROL_MESSAGE (0x20)
05-04 12:00:15.877   660 12769 I hwservicemanager: Tried to start vendor.qti.hardware.cacert@1.0::IService/default as a lazy service, but was unable to. Usually this happens when a service is not installed, but if the service is intended to be used as a lazy service, then it may be configured incorrectly.
05-04 12:00:15.790     0     0 E init    : Control message: Could not find 'vendor.qti.hardware.cacert@1.0::IService/default' for ctl.interface_start from pid: 660 (/system/system_ext/bin/hwservicemanager)
05-04 12:00:16.873  3704  3747 W HidlServiceManagement: Waited one second for vendor.qti.hardware.cacert@1.0::IService/default
05-04 12:00:16.875   660   660 I hwservicemanager: Since vendor.qti.hardware.cacert@1.0::IService/default is not registered, trying to start it as a lazy HAL (if it's not configured to be a lazy HAL, it may be stuck starting or still starting).
05-04 12:00:16.876  3704  3747 I HidlServiceManagement: getService: Trying again for vendor.qti.hardware.cacert@1.0::IService/default...
05-04 12:00:16.878   660 12770 W libc    : Unable to set property "ctl.interface_start" to "vendor.qti.hardware.cacert@1.0::IService/default": PROP_ERROR_HANDLE_CONTROL_MESSAGE (0x20)
05-04 12:00:16.878   660 12770 I hwservicemanager: Tried to start vendor.qti.hardware.cacert@1.0::IService/default as a lazy service, but was unable to. Usually this happens when a service is not installed, but if the service is intended to be used as a lazy service, then it may be configured incorrectly.
05-04 12:00:16.791     0     0 E init    : Control message: Could not find 'vendor.qti.hardware.cacert@1.0::IService/default' for ctl.interface_start from pid: 660 (/system/system_ext/bin/hwservicemanager)
05-04 12:00:17.459   713  1834 I NxpNciR : len =   4 > 600701A1
05-04 12:00:17.786     0     0 I QCOM-BATT: pl_fcc_vote_callback: total_fcc_ua=1950000
05-04 12:00:17.787     0     0 I QCOM-BATT: pl_fv_vote_callback: fv_uv=4400000
05-04 12:00:17.876  3704  3747 W HidlServiceManagement: Waited one second for vendor.qti.hardware.cacert@1.0::IService/default
05-04 12:00:17.877   660   660 I hwservicemanager: Since vendor.qti.hardware.cacert@1.0::IService/default is not registered, trying to start it as a lazy HAL (if it's not configured to be a lazy HAL, it may be stuck starting or still starting).
05-04 12:00:17.877  3704  3747 I HidlServiceManagement: getService: Trying again for vendor.qti.hardware.cacert@1.0::IService/default...
05-04 12:00:17.879   660 12771 W libc    : Unable to set property "ctl.interface_start" to "vendor.qti.hardware.cacert@1.0::IService/default": PROP_ERROR_HANDLE_CONTROL_MESSAGE (0x20)
05-04 12:00:17.879   660 12771 I hwservicemanager: Tried to start vendor.qti.hardware.cacert@1.0::IService/default as a lazy service, but was unable to. Usually this happens when a service is not installed, but if the service is intended to be used as a lazy service, then it may be configured incorrectly.
05-04 12:00:17.792     0     0 E init    : Control message: Could not find 'vendor.qti.hardware.cacert@1.0::IService/default' for ctl.interface_start from pid: 660 (/system/system_ext/bin/hwservicemanager)
05-04 12:00:18.166 12668 12729 I WestlakeVM: VM: CV PF-MCD-RES_TABLE_PARSE_DONE
05-04 12:00:18.168 12668 12729 I WestlakeVM: VM: CV PF-MCD-RES_TABLE_LOADED bytes=3304228 strings=10539 integers=0
05-04 12:00:18.170 12668 12729 I WestlakeVM: VM: PF202 ApkLoader res dirs ready
05-04 12:00:18.172 12668 12729 I WestlakeVM: VM: PF202 ApkLoader activity seeded
05-04 12:00:18.172 12668 12729 I WestlakeVM: VM: PF202 ApkLoader return
05-04 12:00:18.173 12668 12729 I WestlakeVM: VM: PF202 strict post-loader return
05-04 12:00:18.173 12668 12729 I WestlakeVM: VM: PF202 strict post-loader info seeded
05-04 12:00:18.173 12668 12729 I WestlakeVM: VM: PF202 strict split work skipped
05-04 12:00:18.173 12668 12729 I WestlakeVM: VM: PF202 strict setApkInfo skipped
05-04 12:00:18.173 12668 12729 I WestlakeVM: VM: PF202 strict pre-extracted resources loaded
05-04 12:00:18.173 12668 12729 I WestlakeVM: VM: PF202 strict resource wiring skipped
05-04 12:00:18.174 12668 12729 I WestlakeVM: VM: PF202 strict package reconciliation skipped
05-04 12:00:18.174 12668 12729 I WestlakeVM: VM: PF202 strict APK summary skipped
05-04 12:00:18.175 12668 12729 I WestlakeVM: VM: PF202 strict launch target reconciliation skipped
05-04 12:00:18.176 12668 12729 I WestlakeVM: VM: PF202 strict launch banner skipped
05-04 12:00:18.176 12668 12729 I WestlakeVM: VM: PF202 strict activity resolve skipped
05-04 12:00:18.176 12668 12729 I WestlakeVM: VM: [PFCUT] Class.getDeclaredField intrinsic hit class=java.lang.ClassLoader name=packages
05-04 12:00:18.177 12668 12729 I WestlakeVM: VM: [PFCUT] Class.getDeclaredField intrinsic hit class=java.lang.ClassLoader name=packages
05-04 12:00:18.177 12668 12729 I WestlakeVM: VM: [PFCUT] Class.classForName name=com.newrelic.agent.android.tracing.TraceMachine initialize=0 loader=0x7a9b3fd25d lifecycle_adapter=0 mcd_analytics=0 callers=java.lang.Class java.lang.Class.classForName(java.lang.String, boolean, java.lang.ClassLoader) | java.lang.Class java.lang.Class.forName(java.lang.String, boolean, java.lang.ClassLoader) | boolean com.westlake.engine.WestlakeLauncher.nativePatchClassNoop(java.lang.String, java.lang.ClassLoader) | boolean com.westlake.engine.WestlakeLauncher.nativePatchClassNoop(java.lang.String, java.lang.ClassLoader) | void com.westlake.engine.WestlakeLauncher.patchProblematicAppClasses(java.lang.ClassLoader) | void com.westlake.engine.WestlakeLauncher.mainImpl(java.lang.String[]) | void com.westlake.engine.WestlakeLauncher.main(java.lang.String[])
05-04 12:00:18.181 12668 12729 I WestlakeVM: VM: [dalvikvm] nativePatchClassNoop com.newrelic.agent.android.tracing.TraceMachine patched=43
05-04 12:00:18.183 12668 12729 I WestlakeVM: VM: [WestlakeLauncher] Patched com.newrelic.agent.android.tracing.TraceMachine on dalvik.system.PathClassLoader
05-04 12:00:18.183 12668 12729 I WestlakeVM: VM: [PFCUT] Class.classForName name=com.newrelic.agent.android.tracing.Trace initialize=0 loader=0x7a9b3fd25d lifecycle_adapter=0 mcd_analytics=0 callers=java.lang.Class java.lang.Class.classForName(java.lang.String, boolean, java.lang.ClassLoader) | java.lang.Class java.lang.Class.forName(java.lang.String, boolean, java.lang.ClassLoader) | boolean com.westlake.engine.WestlakeLauncher.nativePatchClassNoop(java.lang.String, java.lang.ClassLoader) | boolean com.westlake.engine.WestlakeLauncher.nativePatchClassNoop(java.lang.String, java.lang.ClassLoader) | void com.westlake.engine.WestlakeLauncher.patchProblematicAppClasses(java.lang.ClassLoader) | void com.westlake.engine.WestlakeLauncher.mainImpl(java.lang.String[]) | void com.westlake.engine.WestlakeLauncher.main(java.lang.String[])
05-04 12:00:18.185 12668 12729 I WestlakeVM: VM: [dalvikvm] nativePatchClassNoop com.newrelic.agent.android.tracing.Trace patched=13
05-04 12:00:18.186 12668 12729 I WestlakeVM: VM: [WestlakeLauncher] Patched com.newrelic.agent.android.tracing.Trace on dalvik.system.PathClassLoader
05-04 12:00:18.187 12668 12729 I WestlakeVM: VM: [PFCUT] Class.classForName name=com.newrelic.agent.android.NewRelic initialize=0 loader=0x7a9b3fd25d lifecycle_adapter=0 mcd_analytics=0 callers=java.lang.Class java.lang.Class.classForName(java.lang.String, boolean, java.lang.ClassLoader) | java.lang.Class java.lang.Class.forName(java.lang.String, boolean, java.lang.ClassLoader) | boolean com.westlake.engine.WestlakeLauncher.nativePatchClassNoop(java.lang.String, java.lang.ClassLoader) | boolean com.westlake.engine.WestlakeLauncher.nativePatchClassNoop(java.lang.String, java.lang.ClassLoader) | void com.westlake.engine.WestlakeLauncher.patchProblematicAppClasses(java.lang.ClassLoader) | void com.westlake.engine.WestlakeLauncher.mainImpl(java.lang.String[]) | void com.westlake.engine.WestlakeLauncher.main(java.lang.String[])
05-04 12:00:18.187 12668 12729 I WestlakeVM: VM: [dalvikvm] nativePatchClassNoop com.newrelic.agent.android.NewRelic patched=84
05-04 12:00:18.189 12668 12729 I WestlakeVM: VM: [WestlakeLauncher] Patched com.newrelic.agent.android.NewRelic on dalvik.system.PathClassLoader
05-04 12:00:18.190 12668 12729 I WestlakeVM: VM: [WestlakeLauncher] Using WestlakeActivityThread
05-04 12:00:18.191 12668 12729 I WestlakeVM: VM: PF202 strict WAT package resolve skipped
05-04 12:00:18.194 12668 12729 I WestlakeVM: VM: PF301 strict WAT lazy default factory ready
05-04 12:00:18.196 12668 12729 I WestlakeVM: VM: PF501 strict WAT force real Application begin com.mcdonalds.app.application.McDMarketApplication
05-04 12:00:18.196 12668 12729 I WestlakeVM: VM: PF501 strict WAT force real Application returned
05-04 12:00:18.196 12668 12729 I WestlakeVM: VM: PF301 strict WAT resolve nulls call
05-04 12:00:18.197 12668 12729 I WestlakeVM: VM: PF301 strict WAT resolve nulls returned
05-04 12:00:18.197 12668 12729 I WestlakeVM: VM: PF301 strict WAT resolve pkg/class null-intent call
05-04 12:00:18.197 12668 12729 I WestlakeVM: VM: PF301 strict WAT resolve pkg/class null-intent returned
05-04 12:00:18.198 12668 12729 I WestlakeVM: VM: PF301 strict launcher intent prep call
05-04 12:00:18.199 12668 12729 I WestlakeVM: VM: PF301 strict launcher intent prep returned
05-04 12:00:18.199 12668 12729 I WestlakeVM: VM: PF301 strict WAT object arg call
05-04 12:00:18.199 12668 12729 I WestlakeVM: VM: PF301 strict WAT object arg returned
05-04 12:00:18.199 12668 12729 I WestlakeVM: VM: PF301 strict WAT component arg call
05-04 12:00:18.200 12668 12729 I WestlakeVM: VM: PF301 strict WAT component arg returned
05-04 12:00:18.200 12668 12729 I WestlakeVM: VM: PF301 strict WAT launch classloader field call
05-04 12:00:18.200 12668 12729 I WestlakeVM: VM: PF301 strict WAT launch classloader field returned
05-04 12:00:18.200 12668 12729 I WestlakeVM: VM: PF301 strict WAT launch context classloader call
05-04 12:00:18.201 12668 12729 I WestlakeVM: VM: PF301 strict WAT launch context classloader returned
05-04 12:00:18.201 12668 12729 I WestlakeVM: VM: PF301 strict WAT launch engine classloader call
05-04 12:00:18.201 12668 12729 I WestlakeVM: VM: PF301 strict WAT launch engine classloader returned
05-04 12:00:18.201 12668 12729 I WestlakeVM: VM: PF301 strict WAT launch classloader helper skipped
05-04 12:00:18.201 12668 12729 I WestlakeVM: VM: PF301 strict WAT app component factory call
05-04 12:00:18.201 12668 12729 I WestlakeVM: VM: PF301 strict WAT app component factory returned
05-04 12:00:18.201 12668 12729 I WestlakeVM: VM: PF301 strict launcher AppComponentFactory.DEFAULT call
05-04 12:00:18.202 12668 12729 I WestlakeVM: VM: PF301 strict launcher AppComponentFactory.DEFAULT returned
05-04 12:00:18.202 12668 12729 I WestlakeVM: VM: PF301 strict launcher new AppComponentFactory call
05-04 12:00:18.202 12668 12729 I WestlakeVM: VM: PF301 strict launcher new AppComponentFactory returned
05-04 12:00:18.202 12668 12729 I WestlakeVM: VM: PF301 strict launcher activityClassLoader null-check call
05-04 12:00:18.202 12668 12729 I WestlakeVM: VM: PF301 strict launcher activityClassLoader was nonnull
05-04 12:00:18.202 12668 12729 I WestlakeVM: VM: PF301 strict launcher target class null-check call
05-04 12:00:18.202 12668 12729 I WestlakeVM: VM: PF301 strict launcher target class was nonnull
05-04 12:00:18.203 12668 12729 I WestlakeVM: VM: PF301 strict factory instantiateActivity call
05-04 12:00:18.203 12668 12729 I WestlakeVM: VM: PF301 strict factory entry
05-04 12:00:18.219 12668 12729 I WestlakeVM: VM: PF301 strict factory post-resolve branch
05-04 12:00:18.220 12668 12729 I WestlakeVM: VM: PF301 strict factory raw class was nonnull
05-04 12:00:18.220 12668 12729 I WestlakeVM: VM: PF301 strict factory ctor activity call
05-04 12:00:18.224 12668 12729 I WestlakeVM: VM: [MCD-CALL] void com.mcdonalds.mcdcoreapp.common.activity.SplashActivity.<init>() -> void com.mcdonalds.mcdcoreapp.common.activity.Hilt_SplashActivity.<init>() inputs=1 quick=0xd07d70 jni=0 native=0 code=0x7a93105ed4 splash=1
05-04 12:00:18.224 12668 12729 I WestlakeVM: VM: [MCD-CALL] void com.mcdonalds.mcdcoreapp.common.activity.Hilt_SplashActivity.<init>() -> void com.mcdonalds.mcdcoreapp.common.activity.McdLauncherActivity.<init>() inputs=1 quick=0xd07d70 jni=0 native=0 code=0x7a931119ec splash=1
05-04 12:00:18.224 12668 12729 I WestlakeVM: VM: [MCD-CALL] void com.mcdonalds.mcdcoreapp.common.activity.McdLauncherActivity.<init>() -> void com.mcdonalds.mcdcoreapp.common.activity.BaseActivity.<init>() inputs=1 quick=0xd07d70 jni=0 native=0 code=0x7a930fac34 splash=1
05-04 12:00:18.145     0     0 E FG      : fg_psy_get_property: unsupported property 79
05-04 12:00:18.157     0     0 E FG      : fg_psy_get_property: unsupported property 79
05-04 12:00:18.162     0     0 W healthd : battery l=100 v=3096 t=22.7 h=2 st=5 c=0 fc=2831000 chg=u
05-04 12:00:18.168     0     0 E FG      : fg_psy_get_property: unsupported property 79
05-04 12:00:18.311 12668 12729 I WestlakeVM: VM: [PFCUT] Class.getDeclaredField intrinsic hit class=kotlinx.coroutines.flow.StateFlowImpl name=_state$volatile
05-04 12:00:18.311 12668 12729 I WestlakeVM: VM: [PFCUT] ReflectUtil.ensureMemberAccess noop void sun.reflect.misc.ReflectUtil.ensureMemberAccess(java.lang.Class, java.lang.Class, java.lang.Object, int) shorty=VLLLI
05-04 12:00:18.360 12668 12729 I WestlakeVM: VM: [PFCUT] AtomicInteger.getAndIncrement intrinsic current=0
05-04 12:00:18.362 12668 12729 I WestlakeVM: VM: [PFCUT] AtomicReference.getAndSet intrinsic current=0x14b61740
05-04 12:00:18.370 12668 12729 I WestlakeVM: VM: [PFCUT] Throwable.nativeFillInStackTrace noop
05-04 12:00:18.371 12668 12729 I WestlakeVM: VM: nullptr W 05-04 23:00:18 12723 12732 class_linker.cc:6687] Tolerating clinit failure for Landroid/os/Build;: java.lang.ArrayStoreException: java.lang.String cannot be stored in an array of type java.lang.String[]
05-04 12:00:18.371 12668 12729 I WestlakeVM: VM: nullptr W 05-04 23:00:18 12723 12732 class_linker.cc:6687] (Throwable with no stack trace)
05-04 12:00:18.371 12668 12729 I WestlakeVM: VM: nullptr W 05-04 23:00:18 12723 12732 class_linker.cc:6687] 
05-04 12:00:18.375 12668 12729 I WestlakeVM: VM: [PFCUT] Class.getDeclaredField intrinsic hit class=java.util.Random name=seed
05-04 12:00:18.375 12668 12729 I WestlakeVM: VM: [PFCUT] AtomicLong.get intrinsic current=8682522807148012
05-04 12:00:18.375 12668 12729 I WestlakeVM: VM: [PFCUT] AtomicLong.compareAndSet intrinsic current=8682522807148012
05-04 12:00:18.376 12668 12729 I WestlakeVM: VM: [PFCUT] AtomicLong.get intrinsic current=30032330315050
05-04 12:00:18.376 12668 12729 I WestlakeVM: VM: [PFCUT] AtomicLong.compareAndSet intrinsic current=30032330315050
05-04 12:00:18.381 12668 12729 I WestlakeVM: VM: [MCD-CALL] void com.mcdonalds.mcdcoreapp.common.activity.Hilt_SplashActivity.<init>() -> void java.lang.Object.<init>() inputs=1 quick=0xd07d70 jni=0 native=0 code=0x7a9876e69c splash=1
05-04 12:00:18.382 12668 12729 I WestlakeVM: VM: [MCD-CALL] void com.mcdonalds.mcdcoreapp.common.activity.Hilt_SplashActivity.<init>() -> void com.mcdonalds.mcdcoreapp.common.activity.Hilt_SplashActivity._initHiltInternal() inputs=1 quick=0xd07d70 jni=0 native=0 code=0x7a93105f08 splash=1
05-04 12:00:18.382 12668 12729 I WestlakeVM: VM: [MCD-CALL] void com.mcdonalds.mcdcoreapp.common.activity.Hilt_SplashActivity._initHiltInternal() -> void com.mcdonalds.mcdcoreapp.common.activity.Hilt_SplashActivity$1.<init>(com.mcdonalds.mcdcoreapp.common.activity.Hilt_SplashActivity) inputs=2 quick=0xd07d70 jni=0 native=0 code=0x7a93105dc8 splash=1
05-04 12:00:18.382 12668 12729 I WestlakeVM: VM: [MCD-CALL] void com.mcdonalds.mcdcoreapp.common.activity.Hilt_SplashActivity$1.<init>(com.mcdonalds.mcdcoreapp.common.activity.Hilt_SplashActivity) -> void java.lang.Object.<init>() inputs=1 quick=0xd07d70 jni=0 native=0 code=0x7a9876e69c splash=1
05-04 12:00:18.382 12668 12729 I WestlakeVM: VM: [MCD-CALL] void com.mcdonalds.mcdcoreapp.common.activity.Hilt_SplashActivity._initHiltInternal() -> void androidx.activity.ComponentActivity.addOnContextAvailableListener(androidx.activity.contextaware.OnContextAvailableListener) inputs=2 quick=0xd07d70 jni=0 native=0 code=0x7a9732dc70 splash=1
05-04 12:00:18.382 12668 12729 I WestlakeVM: VM: [MCD-CALL] void com.mcdonalds.mcdcoreapp.common.activity.SplashActivity.<init>() -> android.os.Looper android.os.Looper.getMainLooper() inputs=0 quick=0xd07d70 jni=0 native=0 code=0x7a97eee2ac splash=1
05-04 12:00:18.382 12668 12729 I WestlakeVM: VM: [MCD-CALL] void com.mcdonalds.mcdcoreapp.common.activity.SplashActivity.<init>() -> void android.os.Handler.<init>(android.os.Looper) inputs=2 quick=0xd07d70 jni=0 native=0 code=0x7a97eed8a8 splash=1
05-04 12:00:18.383 12668 12729 I WestlakeVM: VM: PF301 strict factory ctor activity returned
05-04 12:00:18.383 12668 12729 I WestlakeVM: VM: PF301 strict factory instantiateActivity returned
05-04 12:00:18.383 12668 12729 I WestlakeVM: VM: PF301 strict WAT launchActivity call
05-04 12:00:18.384 12668 12729 I WestlakeVM: VM: PF301 strict WAT static launchActivity entry
05-04 12:00:18.386 12668 12729 I WestlakeVM: VM: PF301 strict WAT static performLaunchActivityImpl call
05-04 12:00:18.391 12668 12729 I WestlakeVM: VM: PF301 strict WAT impl entry
05-04 12:00:18.391 12668 12729 I WestlakeVM: VM: PF301 strict WAT impl resolveLaunchPackageName call
05-04 12:00:18.392 12668 12729 I WestlakeVM: VM: PF301 strict WAT impl resolveLaunchPackageName returned
05-04 12:00:18.393 12668 12729 I WestlakeVM: VM: PF301 strict WAT impl getClassLoader call
05-04 12:00:18.394 12668 12729 I WestlakeVM: VM: PF301 strict WAT getClassLoader entry
05-04 12:00:18.395 12668 12729 I WestlakeVM: VM: PF301 strict WAT getClassLoader context call
05-04 12:00:18.395 12668 12729 I WestlakeVM: VM: PF301 strict WAT getClassLoader context returned
05-04 12:00:18.396 12668 12729 I WestlakeVM: VM: PF301 strict WAT getClassLoader context nonnull
05-04 12:00:18.396 12668 12729 I WestlakeVM: VM: PF301 strict WAT impl getClassLoader returned
05-04 12:00:18.398 12668 12729 I WestlakeVM: VM: PF301 strict WAT impl launch helpers ready
05-04 12:00:18.410 12668 12729 I WestlakeVM: VM: [PFCUT] Class.getDeclaredField intrinsic hit class=sun.misc.Unsafe name=theUnsafe
05-04 12:00:18.415 12668 12729 I WestlakeVM: VM: [PFCUT] Class.getDeclaredField intrinsic hit class=sun.misc.Unsafe name=theUnsafe
05-04 12:00:18.428 12668 12729 I WestlakeVM: VM: PF301 strict WAT impl packageInfo ready
05-04 12:00:18.429 12668 12729 I WestlakeVM: VM: PF301 strict WAT impl preactivity force makeApplication enabled
05-04 12:00:18.429 12668 12729 I WestlakeVM: VM: CV WAT app factory preactivity makeApplication begin
05-04 12:00:18.430 12668 12729 I WestlakeVM: VM: PF301 strict WAT impl preactivity makeApplication call
05-04 12:00:18.432 12668 12729 I WestlakeVM: VM: CV WAT makeApplication begin com.mcdonalds.app.application.McDMarketApplication
05-04 12:00:18.433 12668 12729 I WestlakeVM: VM: CV WAT instantiateApplication begin com.mcdonalds.app.application.McDMarketApplication
05-04 12:00:18.434 12668 12729 I WestlakeVM: VM: PF301 strict factory application entry
05-04 12:00:18.435 12668 12729 I WestlakeVM: VM: PF301 strict factory application raw class nonnull
05-04 12:00:18.436 12668 12729 I WestlakeVM: VM: PF301 strict factory application ctor call
05-04 12:00:18.439 12668 12729 I WestlakeVM: VM: PF301 strict factory application ctor returned
05-04 12:00:18.440 12668 12729 I WestlakeVM: VM: CV WAT instantiateApplication returned com.mcdonalds.app.application.McDMarketApplication
05-04 12:00:18.450 12668 12729 I WestlakeVM: VM: [PFCUT] StringFactory Charset fallback bytes=7 offset=0 utf16=7 shorty=LLIIL
05-04 12:00:18.453 12668 12729 I WestlakeVM: VM: [PFCUT] StringFactory Charset fallback bytes=7 offset=0 utf16=7 shorty=LLIIL
05-04 12:00:18.483 12668 12729 I WestlakeVM: VM: CV WAT application attachBaseContext returned
05-04 12:00:18.483 12668 12729 I WestlakeVM: VM: CV WAT application pre-onCreate published
05-04 12:00:18.485 12668 12729 I WestlakeVM: VM: PF202 ApkLoader enter
05-04 12:00:18.486 12668 12729 I WestlakeVM: VM: PF202 ApkLoader info seeded
05-04 12:00:18.489 12668 12729 I WestlakeVM: VM: CV PF-MCD-RES_TABLE_READ_BEGIN path=/data/local/tmp/westlake/com_mcdonalds_app_res/resources.arsc
05-04 12:00:18.506 12668 12729 I WestlakeVM: VM: CV PF-MCD-RES_TABLE_READ_DONE bytes=3304228
05-04 12:00:18.506 12668 12729 I WestlakeVM: VM: CV PF-MCD-RES_TABLE_PARSE_BEGIN
05-04 12:00:18.878  3704  3747 W HidlServiceManagement: Waited one second for vendor.qti.hardware.cacert@1.0::IService/default
05-04 12:00:18.879   660   660 I hwservicemanager: Since vendor.qti.hardware.cacert@1.0::IService/default is not registered, trying to start it as a lazy HAL (if it's not configured to be a lazy HAL, it may be stuck starting or still starting).
05-04 12:00:18.880  3704  3747 I HidlServiceManagement: getService: Trying again for vendor.qti.hardware.cacert@1.0::IService/default...
05-04 12:00:18.883   660 12772 W libc    : Unable to set property "ctl.interface_start" to "vendor.qti.hardware.cacert@1.0::IService/default": PROP_ERROR_HANDLE_CONTROL_MESSAGE (0x20)
05-04 12:00:18.884   660 12772 I hwservicemanager: Tried to start vendor.qti.hardware.cacert@1.0::IService/default as a lazy service, but was unable to. Usually this happens when a service is not installed, but if the service is intended to be used as a lazy service, then it may be configured incorrectly.
05-04 12:00:18.796     0     0 E init    : Control message: Could not find 'vendor.qti.hardware.cacert@1.0::IService/default' for ctl.interface_start from pid: 660 (/system/system_ext/bin/hwservicemanager)
05-04 12:00:19.634   713  1834 I NxpNciR : len =   4 > 600701A1
05-04 12:00:19.881  3704  3747 W HidlServiceManagement: Waited one second for vendor.qti.hardware.cacert@1.0::IService/default
05-04 12:00:19.882   660   660 I hwservicemanager: Since vendor.qti.hardware.cacert@1.0::IService/default is not registered, trying to start it as a lazy HAL (if it's not configured to be a lazy HAL, it may be stuck starting or still starting).
05-04 12:00:19.883  3704  3747 I HidlServiceManagement: getService: Trying again for vendor.qti.hardware.cacert@1.0::IService/default...
05-04 12:00:19.799     0     0 E init    : Control message: Could not find 'vendor.qti.hardware.cacert@1.0::IService/default' for ctl.interface_start from pid: 660 (/system/system_ext/bin/hwservicemanager)
05-04 12:00:19.886   660 12773 W libc    : Unable to set property "ctl.interface_start" to "vendor.qti.hardware.cacert@1.0::IService/default": PROP_ERROR_HANDLE_CONTROL_MESSAGE (0x20)
05-04 12:00:19.886   660 12773 I hwservicemanager: Tried to start vendor.qti.hardware.cacert@1.0::IService/default as a lazy service, but was unable to. Usually this happens when a service is not installed, but if the service is intended to be used as a lazy service, then it may be configured incorrectly.
05-04 12:00:20.883  3704  3747 W HidlServiceManagement: Waited one second for vendor.qti.hardware.cacert@1.0::IService/default
05-04 12:00:20.884   660   660 I hwservicemanager: Since vendor.qti.hardware.cacert@1.0::IService/default is not registered, trying to start it as a lazy HAL (if it's not configured to be a lazy HAL, it may be stuck starting or still starting).
05-04 12:00:20.885  3704  3747 I HidlServiceManagement: getService: Trying again for vendor.qti.hardware.cacert@1.0::IService/default...
05-04 12:00:20.887   660 12774 W libc    : Unable to set property "ctl.interface_start" to "vendor.qti.hardware.cacert@1.0::IService/default": PROP_ERROR_HANDLE_CONTROL_MESSAGE (0x20)
05-04 12:00:20.887   660 12774 I hwservicemanager: Tried to start vendor.qti.hardware.cacert@1.0::IService/default as a lazy service, but was unable to. Usually this happens when a service is not installed, but if the service is intended to be used as a lazy service, then it may be configured incorrectly.
05-04 12:00:20.801     0     0 E init    : Control message: Could not find 'vendor.qti.hardware.cacert@1.0::IService/default' for ctl.interface_start from pid: 660 (/system/system_ext/bin/hwservicemanager)
05-04 12:00:21.137  3750  3789 E QMI_FW  : qmi_cci_get_ref: ref count increased 2
05-04 12:00:21.805   713  1834 I NxpNciR : len =   4 > 600701A1
05-04 12:00:21.885  3704  3747 W HidlServiceManagement: Waited one second for vendor.qti.hardware.cacert@1.0::IService/default
05-04 12:00:21.887   660   660 I hwservicemanager: Since vendor.qti.hardware.cacert@1.0::IService/default is not registered, trying to start it as a lazy HAL (if it's not configured to be a lazy HAL, it may be stuck starting or still starting).
05-04 12:00:21.888  3704  3747 I HidlServiceManagement: getService: Trying again for vendor.qti.hardware.cacert@1.0::IService/default...
05-04 12:00:21.891   660 12775 W libc    : Unable to set property "ctl.interface_start" to "vendor.qti.hardware.cacert@1.0::IService/default": PROP_ERROR_HANDLE_CONTROL_MESSAGE (0x20)
05-04 12:00:21.891   660 12775 I hwservicemanager: Tried to start vendor.qti.hardware.cacert@1.0::IService/default as a lazy service, but was unable to. Usually this happens when a service is not installed, but if the service is intended to be used as a lazy service, then it may be configured incorrectly.
05-04 12:00:21.804     0     0 E init    : Control message: Could not find 'vendor.qti.hardware.cacert@1.0::IService/default' for ctl.interface_start from pid: 660 (/system/system_ext/bin/hwservicemanager)
05-04 12:00:22.888  3704  3747 W HidlServiceManagement: Waited one second for vendor.qti.hardware.cacert@1.0::IService/default
05-04 12:00:22.889   660   660 I hwservicemanager: Since vendor.qti.hardware.cacert@1.0::IService/default is not registered, trying to start it as a lazy HAL (if it's not configured to be a lazy HAL, it may be stuck starting or still starting).
05-04 12:00:22.891  3704  3747 I HidlServiceManagement: getService: Trying again for vendor.qti.hardware.cacert@1.0::IService/default...
05-04 12:00:22.893   660 12776 W libc    : Unable to set property "ctl.interface_start" to "vendor.qti.hardware.cacert@1.0::IService/default": PROP_ERROR_HANDLE_CONTROL_MESSAGE (0x20)
05-04 12:00:22.893   660 12776 I hwservicemanager: Tried to start vendor.qti.hardware.cacert@1.0::IService/default as a lazy service, but was unable to. Usually this happens when a service is not installed, but if the service is intended to be used as a lazy service, then it may be configured incorrectly.
05-04 12:00:22.805     0     0 E init    : Control message: Could not find 'vendor.qti.hardware.cacert@1.0::IService/default' for ctl.interface_start from pid: 660 (/system/system_ext/bin/hwservicemanager)
05-04 12:00:23.891  3704  3747 W HidlServiceManagement: Waited one second for vendor.qti.hardware.cacert@1.0::IService/default
05-04 12:00:23.809     0     0 E init    : Control message: Could not find 'vendor.qti.hardware.cacert@1.0::IService/default' for ctl.interface_start from pid: 660 (/system/system_ext/bin/hwservicemanager)
05-04 12:00:23.892   660   660 I hwservicemanager: Since vendor.qti.hardware.cacert@1.0::IService/default is not registered, trying to start it as a lazy HAL (if it's not configured to be a lazy HAL, it may be stuck starting or still starting).
05-04 12:00:23.893  3704  3747 I HidlServiceManagement: getService: Trying again for vendor.qti.hardware.cacert@1.0::IService/default...
05-04 12:00:23.896   660 12777 W libc    : Unable to set property "ctl.interface_start" to "vendor.qti.hardware.cacert@1.0::IService/default": PROP_ERROR_HANDLE_CONTROL_MESSAGE (0x20)
05-04 12:00:23.896   660 12777 I hwservicemanager: Tried to start vendor.qti.hardware.cacert@1.0::IService/default as a lazy service, but was unable to. Usually this happens when a service is not installed, but if the service is intended to be used as a lazy service, then it may be configured incorrectly.
05-04 12:00:23.974   713  1834 I NxpNciR : len =   4 > 600701A1
05-04 12:00:24.894  3704  3747 W HidlServiceManagement: Waited one second for vendor.qti.hardware.cacert@1.0::IService/default
05-04 12:00:24.895   660   660 I hwservicemanager: Since vendor.qti.hardware.cacert@1.0::IService/default is not registered, trying to start it as a lazy HAL (if it's not configured to be a lazy HAL, it may be stuck starting or still starting).
05-04 12:00:24.896  3704  3747 I HidlServiceManagement: getService: Trying again for vendor.qti.hardware.cacert@1.0::IService/default...
05-04 12:00:24.900   660 12778 W libc    : Unable to set property "ctl.interface_start" to "vendor.qti.hardware.cacert@1.0::IService/default": PROP_ERROR_HANDLE_CONTROL_MESSAGE (0x20)
05-04 12:00:24.900   660 12778 I hwservicemanager: Tried to start vendor.qti.hardware.cacert@1.0::IService/default as a lazy service, but was unable to. Usually this happens when a service is not installed, but if the service is intended to be used as a lazy service, then it may be configured incorrectly.
05-04 12:00:24.813     0     0 E init    : Control message: Could not find 'vendor.qti.hardware.cacert@1.0::IService/default' for ctl.interface_start from pid: 660 (/system/system_ext/bin/hwservicemanager)
05-04 12:00:24.827     0     0 I QCOM-BATT: pl_fcc_vote_callback: total_fcc_ua=1950000
05-04 12:00:24.827     0     0 I QCOM-BATT: pl_fv_vote_callback: fv_uv=4400000
05-04 12:00:25.186     0     0 E FG      : fg_psy_get_property: unsupported property 79
05-04 12:00:25.200     0     0 E FG      : fg_psy_get_property: unsupported property 79
05-04 12:00:25.206     0     0 W healthd : battery l=100 v=3096 t=22.7 h=2 st=5 c=0 fc=2831000 chg=u
05-04 12:00:25.212     0     0 E FG      : fg_psy_get_property: unsupported property 79
05-04 12:00:25.897  3704  3747 W HidlServiceManagement: Waited one second for vendor.qti.hardware.cacert@1.0::IService/default
05-04 12:00:25.900   660   660 I hwservicemanager: Since vendor.qti.hardware.cacert@1.0::IService/default is not registered, trying to start it as a lazy HAL (if it's not configured to be a lazy HAL, it may be stuck starting or still starting).
05-04 12:00:25.901  3704  3747 I HidlServiceManagement: getService: Trying again for vendor.qti.hardware.cacert@1.0::IService/default...
05-04 12:00:25.817     0     0 E init    : Control message: Could not find 'vendor.qti.hardware.cacert@1.0::IService/default' for ctl.interface_start from pid: 660 (/system/system_ext/bin/hwservicemanager)
05-04 12:00:25.904   660 12779 W libc    : Unable to set property "ctl.interface_start" to "vendor.qti.hardware.cacert@1.0::IService/default": PROP_ERROR_HANDLE_CONTROL_MESSAGE (0x20)
05-04 12:00:25.905   660 12779 I hwservicemanager: Tried to start vendor.qti.hardware.cacert@1.0::IService/default as a lazy service, but was unable to. Usually this happens when a service is not installed, but if the service is intended to be used as a lazy service, then it may be configured incorrectly.
05-04 12:00:26.150   713  1834 I NxpNciR : len =   4 > 600701A1
05-04 12:00:26.901  3704  3747 W HidlServiceManagement: Waited one second for vendor.qti.hardware.cacert@1.0::IService/default
05-04 12:00:26.904   660   660 I hwservicemanager: Since vendor.qti.hardware.cacert@1.0::IService/default is not registered, trying to start it as a lazy HAL (if it's not configured to be a lazy HAL, it may be stuck starting or still starting).
05-04 12:00:26.905  3704  3747 I HidlServiceManagement: getService: Trying again for vendor.qti.hardware.cacert@1.0::IService/default...
05-04 12:00:26.907   660 12780 W libc    : Unable to set property "ctl.interface_start" to "vendor.qti.hardware.cacert@1.0::IService/default": PROP_ERROR_HANDLE_CONTROL_MESSAGE (0x20)
05-04 12:00:26.907   660 12780 I hwservicemanager: Tried to start vendor.qti.hardware.cacert@1.0::IService/default as a lazy service, but was unable to. Usually this happens when a service is not installed, but if the service is intended to be used as a lazy service, then it may be configured incorrectly.
05-04 12:00:26.820     0     0 E init    : Control message: Could not find 'vendor.qti.hardware.cacert@1.0::IService/default' for ctl.interface_start from pid: 660 (/system/system_ext/bin/hwservicemanager)
05-04 12:00:27.905  3704  3747 W HidlServiceManagement: Waited one second for vendor.qti.hardware.cacert@1.0::IService/default
05-04 12:00:27.906   660   660 I hwservicemanager: Since vendor.qti.hardware.cacert@1.0::IService/default is not registered, trying to start it as a lazy HAL (if it's not configured to be a lazy HAL, it may be stuck starting or still starting).
05-04 12:00:27.908  3704  3747 I HidlServiceManagement: getService: Trying again for vendor.qti.hardware.cacert@1.0::IService/default...
05-04 12:00:27.909   660 12781 W libc    : Unable to set property "ctl.interface_start" to "vendor.qti.hardware.cacert@1.0::IService/default": PROP_ERROR_HANDLE_CONTROL_MESSAGE (0x20)
05-04 12:00:27.910   660 12781 I hwservicemanager: Tried to start vendor.qti.hardware.cacert@1.0::IService/default as a lazy service, but was unable to. Usually this happens when a service is not installed, but if the service is intended to be used as a lazy service, then it may be configured incorrectly.
05-04 12:00:27.823     0     0 E init    : Control message: Could not find 'vendor.qti.hardware.cacert@1.0::IService/default' for ctl.interface_start from pid: 660 (/system/system_ext/bin/hwservicemanager)
05-04 12:00:28.909  3704  3747 W HidlServiceManagement: Waited one second for vendor.qti.hardware.cacert@1.0::IService/default
05-04 12:00:28.910   660   660 I hwservicemanager: Since vendor.qti.hardware.cacert@1.0::IService/default is not registered, trying to start it as a lazy HAL (if it's not configured to be a lazy HAL, it may be stuck starting or still starting).
05-04 12:00:28.911  3704  3747 I HidlServiceManagement: getService: Trying again for vendor.qti.hardware.cacert@1.0::IService/default...
05-04 12:00:28.914   660 12782 W libc    : Unable to set property "ctl.interface_start" to "vendor.qti.hardware.cacert@1.0::IService/default": PROP_ERROR_HANDLE_CONTROL_MESSAGE (0x20)
05-04 12:00:28.914   660 12782 I hwservicemanager: Tried to start vendor.qti.hardware.cacert@1.0::IService/default as a lazy service, but was unable to. Usually this happens when a service is not installed, but if the service is intended to be used as a lazy service, then it may be configured incorrectly.
05-04 12:00:28.826     0     0 E init    : Control message: Could not find 'vendor.qti.hardware.cacert@1.0::IService/default' for ctl.interface_start from pid: 660 (/system/system_ext/bin/hwservicemanager)
05-04 12:00:29.911  3704  3747 W HidlServiceManagement: Waited one second for vendor.qti.hardware.cacert@1.0::IService/default
05-04 12:00:29.913   660   660 I hwservicemanager: Since vendor.qti.hardware.cacert@1.0::IService/default is not registered, trying to start it as a lazy HAL (if it's not configured to be a lazy HAL, it may be stuck starting or still starting).
05-04 12:00:29.913  3704  3747 I HidlServiceManagement: getService: Trying again for vendor.qti.hardware.cacert@1.0::IService/default...
05-04 12:00:29.918   660 12783 W libc    : Unable to set property "ctl.interface_start" to "vendor.qti.hardware.cacert@1.0::IService/default": PROP_ERROR_HANDLE_CONTROL_MESSAGE (0x20)
05-04 12:00:29.918   660 12783 I hwservicemanager: Tried to start vendor.qti.hardware.cacert@1.0::IService/default as a lazy service, but was unable to. Usually this happens when a service is not installed, but if the service is intended to be used as a lazy service, then it may be configured incorrectly.
05-04 12:00:29.831     0     0 E init    : Control message: Could not find 'vendor.qti.hardware.cacert@1.0::IService/default' for ctl.interface_start from pid: 660 (/system/system_ext/bin/hwservicemanager)
05-04 12:00:30.519   713  1834 I NxpNciR : len =   4 > 600701A1
05-04 12:00:30.914  3704  3747 W HidlServiceManagement: Waited one second for vendor.qti.hardware.cacert@1.0::IService/default
05-04 12:00:30.915   660   660 I hwservicemanager: Since vendor.qti.hardware.cacert@1.0::IService/default is not registered, trying to start it as a lazy HAL (if it's not configured to be a lazy HAL, it may be stuck starting or still starting).
05-04 12:00:30.917  3704  3747 I HidlServiceManagement: getService: Trying again for vendor.qti.hardware.cacert@1.0::IService/default...
05-04 12:00:30.919   660 12784 W libc    : Unable to set property "ctl.interface_start" to "vendor.qti.hardware.cacert@1.0::IService/default": PROP_ERROR_HANDLE_CONTROL_MESSAGE (0x20)
05-04 12:00:30.919   660 12784 I hwservicemanager: Tried to start vendor.qti.hardware.cacert@1.0::IService/default as a lazy service, but was unable to. Usually this happens when a service is not installed, but if the service is intended to be used as a lazy service, then it may be configured incorrectly.
05-04 12:00:30.832     0     0 E init    : Control message: Could not find 'vendor.qti.hardware.cacert@1.0::IService/default' for ctl.interface_start from pid: 660 (/system/system_ext/bin/hwservicemanager)
05-04 12:00:31.917  3704  3747 W HidlServiceManagement: Waited one second for vendor.qti.hardware.cacert@1.0::IService/default
05-04 12:00:31.918   660   660 I hwservicemanager: Since vendor.qti.hardware.cacert@1.0::IService/default is not registered, trying to start it as a lazy HAL (if it's not configured to be a lazy HAL, it may be stuck starting or still starting).
05-04 12:00:31.921  3704  3747 I HidlServiceManagement: getService: Trying again for vendor.qti.hardware.cacert@1.0::IService/default...
05-04 12:00:31.924   660 12785 W libc    : Unable to set property "ctl.interface_start" to "vendor.qti.hardware.cacert@1.0::IService/default": PROP_ERROR_HANDLE_CONTROL_MESSAGE (0x20)
05-04 12:00:31.924   660 12785 I hwservicemanager: Tried to start vendor.qti.hardware.cacert@1.0::IService/default as a lazy service, but was unable to. Usually this happens when a service is not installed, but if the service is intended to be used as a lazy service, then it may be configured incorrectly.
05-04 12:00:31.837     0     0 E init    : Control message: Could not find 'vendor.qti.hardware.cacert@1.0::IService/default' for ctl.interface_start from pid: 660 (/system/system_ext/bin/hwservicemanager)
05-04 12:00:31.866     0     0 I QCOM-BATT: pl_fcc_vote_callback: total_fcc_ua=1950000
05-04 12:00:31.866     0     0 I QCOM-BATT: pl_fv_vote_callback: fv_uv=4400000
05-04 12:00:32.141 12668 12729 I WestlakeVM: VM: CV PF-MCD-RES_TABLE_PARSE_DONE
05-04 12:00:32.142 12668 12729 I WestlakeVM: VM: CV PF-MCD-RES_TABLE_LOADED bytes=3304228 strings=10539 integers=0
05-04 12:00:32.145 12668 12729 I WestlakeVM: VM: PF202 ApkLoader res dirs ready
05-04 12:00:32.146 12668 12729 I WestlakeVM: VM: PF202 ApkLoader activity seeded
05-04 12:00:32.147 12668 12729 I WestlakeVM: VM: PF202 ApkLoader return
05-04 12:00:32.147 12668 12729 I WestlakeVM: VM: [PFCUT] Class.getDeclaredField intrinsic hit class=android.app.MiniServer name=mApkInfo
05-04 12:00:32.151 12668 12729 I WestlakeVM: VM: [AssetManager] setApkPath path=/data/local/tmp/westlake/com_mcdonalds_app.apk local=/data/local/tmp/westlake/com_mcdonalds_app.apk global=/data/local/tmp/westlake/com_mcdonalds_app.apk
05-04 12:00:32.154 12668 12729 I WestlakeVM: VM: [AssetManager] setAssetDir path=/data/local/tmp/westlake/com_mcdonalds_app_res/assets local=/data/local/tmp/westlake/com_mcdonalds_app_res/assets global=/data/local/tmp/westlake/com_mcdonalds_app_res/assets
05-04 12:00:32.157 12668 12729 I WestlakeVM: VM: CV WAT application early resources wired strings=10539 resDir=/data/local/tmp/westlake/com_mcdonalds_app_res
05-04 12:00:32.159 12668 12729 I WestlakeVM: VM: [PFCUT] Class.getDeclaredField intrinsic hit class=sun.misc.Unsafe name=theUnsafe
05-04 12:00:32.171 12668 12729 I WestlakeVM: VM: [PFCUT] Class.getDeclaredField intrinsic hit class=sun.misc.Unsafe name=theUnsafe
05-04 12:00:32.191 12668 12729 I WestlakeVM: VM: nullptr W 05-04 23:00:32 12723 12732 class_linker.cc:6687] Tolerating clinit failure for Ljava/util/Date;: java.lang.ArrayStoreException: java.lang.String cannot be stored in an array of type java.lang.String[]
05-04 12:00:32.191 12668 12729 I WestlakeVM: VM: nullptr W 05-04 23:00:32 12723 12732 class_linker.cc:6687] (Throwable with no stack trace)
05-04 12:00:32.191 12668 12729 I WestlakeVM: VM: nullptr W 05-04 23:00:32 12723 12732 class_linker.cc:6687] 
05-04 12:00:32.192 12668 12729 I WestlakeVM: VM: [PFCUT] Class.getDeclaredField intrinsic hit class=com.mcdonalds.androidsdk.core.configuration.model.ModuleConfigurations name=persistence
05-04 12:00:32.193 12668 12729 I WestlakeVM: VM: [PFCUT] Class.getDeclaredField intrinsic hit class=com.mcdonalds.androidsdk.core.configuration.model.PersistenceConfiguration name=encrypted
05-04 12:00:32.193 12668 12729 I WestlakeVM: VM: [PFCUT] Class.getDeclaredField intrinsic hit class=com.mcdonalds.androidsdk.core.configuration.model.ModuleConfigurations name=ordering
05-04 12:00:32.194 12668 12729 I WestlakeVM: VM: [PFCUT] Class.getDeclaredField intrinsic hit class=com.mcdonalds.androidsdk.core.configuration.model.OrderingConfiguration name=cartResponseTTL
05-04 12:00:32.194 12668 12729 I WestlakeVM: VM: [PFCUT] Class.getDeclaredField intrinsic hit class=com.mcdonalds.androidsdk.core.configuration.model.OrderingConfiguration name=maxCachedOrders
05-04 12:00:32.194 12668 12729 I WestlakeVM: VM: [PFCUT] Class.getDeclaredField intrinsic hit class=com.mcdonalds.androidsdk.core.configuration.model.OrderingConfiguration name=maxCachedRestaurantCatalog
05-04 12:00:32.194 12668 12729 I WestlakeVM: VM: [PFCUT] Class.getDeclaredField intrinsic hit class=com.mcdonalds.androidsdk.core.configuration.model.OrderingConfiguration name=catalogSnsTopic
05-04 12:00:32.199 12668 12729 I WestlakeVM: VM: [PFCUT] Class.getDeclaredField intrinsic hit class=com.mcdonalds.androidsdk.configuration.factory.ConfigurationModule name=a
05-04 12:00:32.201 12668 12729 I WestlakeVM: VM: [PFCUT] Class.getDeclaredField intrinsic hit class=com.mcdonalds.androidsdk.core.configuration.model.ApiConfiguration name=name
05-04 12:00:32.201 12668 12729 I WestlakeVM: VM: [PFCUT] Class.getDeclaredField intrinsic hit class=com.mcdonalds.androidsdk.core.configuration.model.ApiConfiguration name=baseURL
05-04 12:00:32.201 12668 12729 I WestlakeVM: VM: [PFCUT] Class.getDeclaredField intrinsic hit class=com.mcdonalds.androidsdk.core.configuration.model.ApiConfiguration name=endPoints
05-04 12:00:32.202 12668 12729 I WestlakeVM: VM: [PFCUT] Class.getDeclaredField intrinsic hit class=com.mcdonalds.androidsdk.core.configuration.model.EndPointSetting name=name
05-04 12:00:32.202 12668 12729 I WestlakeVM: VM: [PFCUT] Class.getDeclaredField intrinsic hit class=com.mcdonalds.androidsdk.core.configuration.model.EndPointSetting name=path
05-04 12:00:32.202 12668 12729 I WestlakeVM: VM: [PFCUT] Class.getDeclaredField intrinsic hit class=com.mcdonalds.androidsdk.core.configuration.model.EndPointSetting name=method
05-04 12:00:32.202 12668 12729 I WestlakeVM: VM: [PFCUT] Class.getDeclaredField intrinsic hit class=com.mcdonalds.androidsdk.core.configuration.model.EndPointSetting name=akamaiEnabled
05-04 12:00:32.208 12668 12729 I WestlakeVM: VM: CV WAT application onCreate begin
05-04 12:00:32.280 12668 12729 I WestlakeVM: VM: [PFCUT] McD perf noop void com.mcdonalds.mcdcoreapp.performanalytics.constants.PerfConstant$PerformanceLog.d(boolean) shorty=VZ quick=0xd07d70 jni=0 native=0 code=0x7a9319b0a8
05-04 12:00:32.280 12668 12729 I WestlakeVM: VM: [PFCUT] McD perf arg0 null
05-04 12:00:32.280 12668 12729 I WestlakeVM: VM: [MCD-CALL] void com.mcdonalds.app.application.McDMarketApplication.onCreate() -> long java.lang.System.currentTimeMillis() inputs=0 quick=0xd07c00 jni=0x454dd0 native=1 code=0 splash=0
05-04 12:00:32.281 12668 12729 I WestlakeVM: VM: [PFCUT] McD perf noop void com.mcdonalds.mcdcoreapp.performanalytics.constants.PerfConstant$PerformanceLog.c(long) shorty=VJ quick=0xd07d70 jni=0 native=0 code=0x7a9319b090
05-04 12:00:32.281 12668 12729 I WestlakeVM: VM: [PFCUT] McD perf arg0 null
05-04 12:00:32.281 12668 12729 I WestlakeVM: VM: [PFCUT] McD perf arg1 null
05-04 12:00:32.281 12668 12729 I WestlakeVM: VM: [PFCUT] McD perf noop void com.mcdonalds.mcdcoreapp.performanalytics.constants.PerfConstant$PerformanceLog.a(java.lang.String) shorty=VL quick=0xd07d70 jni=0 native=0 code=0x7a9319b000
05-04 12:00:32.281 12668 12729 I WestlakeVM: VM: [PFCUT] McD perf arg0 String("McDMarketApplication:onCreate : before")
05-04 12:00:32.291 12668 12729 I WestlakeVM: VM: [PFCUT] McD perf noop void com.mcdonalds.app.performanalytics.NewRelicImpl.<init>() shorty=V quick=0xd07d70 jni=0 native=0 code=0x7a95e78f08
05-04 12:00:32.297 12668 12729 I WestlakeVM: VM: [PFCUT] McD perf noop void com.mcdonalds.mcdcoreapp.performanalytics.PerfAnalyticsInteractor.<init>(com.mcdonalds.mcdcoreapp.performanalytics.IPAnalytics, com.mcdonalds.mcdcoreapp.startup.repository.InitializationConfigRepository) shorty=VLL quick=0xd07d70 jni=0 native=0 code=0x7a9318b918
05-04 12:00:32.297 12668 12729 I WestlakeVM: VM: [PFCUT] McD perf arg0 Lcom/mcdonalds/app/performanalytics/NewRelicImpl;
05-04 12:00:32.297 12668 12729 I WestlakeVM: VM: [PFCUT] McD perf arg1 Lcom/mcdonal