--------- beginning of main
05-04 11:59:26.985  3320  3320 E BpTransactionCompletedListener: Failed to transact (-32)
05-04 11:59:27.000  1230  1230 W FrameTracker: Missed App frame:JANK_APPLICATION, 93613623, 25994398, CUJ=J<LAUNCHER_APP_CLOSE_TO_HOME_FALLBACK>
--------- beginning of kernel
05-04 11:59:27.111     0     0 I logd    : logdr: UID=2000 GID=2000 PID=12640 b tail=0 logMask=99 pid=0 start=0ns deadline=0ns
--------- beginning of system
05-04 11:59:27.663   307   391 E AccessPersistence: Failed to verity-protect runtime-permissions
05-04 11:59:27.663   307   391 E AccessPersistence: java.io.IOException: Failed to enable fs-verity on FD(485): Inappropriate ioctl for device
05-04 11:59:27.663   307   391 E AccessPersistence: 	at com.android.internal.security.VerityUtils.setUpFsverity(VerityUtils.java:94)
05-04 11:59:27.663   307   391 E AccessPersistence: 	at com.android.server.security.FileIntegrity.setUpFsVerity(FileIntegrity.java:66)
05-04 11:59:27.663   307   391 E AccessPersistence: 	at com.android.server.security.FileIntegrity.setUpFsVerity(FileIntegrity.java:50)
05-04 11:59:27.663   307   391 E AccessPersistence: 	at com.android.server.permission.access.AccessPersistence.writeSystemState(AccessPersistence.kt:65)
05-04 11:59:27.663   307   391 E AccessPersistence: 	at com.android.server.permission.access.AccessPersistence.writePendingState(AccessPersistence.kt:149)
05-04 11:59:27.663   307   391 E AccessPersistence: 	at com.android.server.permission.access.AccessPersistence.access$writePendingState(AccessPersistence.kt:41)
05-04 11:59:27.663   307   391 E AccessPersistence: 	at com.android.server.permission.access.AccessPersistence$WriteHandler.handleMessage(AccessPersistence.kt:190)
05-04 11:59:27.663   307   391 E AccessPersistence: 	at android.os.Handler.dispatchMessage(Handler.java:109)
05-04 11:59:27.663   307   391 E AccessPersistence: 	at android.os.Looper.loopOnce(Looper.java:232)
05-04 11:59:27.663   307   391 E AccessPersistence: 	at android.os.Looper.loop(Looper.java:317)
05-04 11:59:27.663   307   391 E AccessPersistence: 	at android.os.HandlerThread.run(HandlerThread.java:85)
05-04 11:59:27.663   307   391 E AccessPersistence: 	at com.android.server.ServiceThread.run(ServiceThread.java:49)
05-04 11:59:27.690   307   391 E AccessPersistence: Failed to verity-protect runtime-permissions
05-04 11:59:27.690   307   391 E AccessPersistence: java.io.IOException: Failed to enable fs-verity on FD(485): Inappropriate ioctl for device
05-04 11:59:27.690   307   391 E AccessPersistence: 	at com.android.internal.security.VerityUtils.setUpFsverity(VerityUtils.java:94)
05-04 11:59:27.690   307   391 E AccessPersistence: 	at com.android.server.security.FileIntegrity.setUpFsVerity(FileIntegrity.java:66)
05-04 11:59:27.690   307   391 E AccessPersistence: 	at com.android.server.security.FileIntegrity.setUpFsVerity(FileIntegrity.java:50)
05-04 11:59:27.690   307   391 E AccessPersistence: 	at com.android.server.permission.access.AccessPersistence.writeUserState(AccessPersistence.kt:65)
05-04 11:59:27.690   307   391 E AccessPersistence: 	at com.android.server.permission.access.AccessPersistence.writePendingState(AccessPersistence.kt:151)
05-04 11:59:27.690   307   391 E AccessPersistence: 	at com.android.server.permission.access.AccessPersistence.access$writePendingState(AccessPersistence.kt:41)
05-04 11:59:27.690   307   391 E AccessPersistence: 	at com.android.server.permission.access.AccessPersistence$WriteHandler.handleMessage(AccessPersistence.kt:190)
05-04 11:59:27.690   307   391 E AccessPersistence: 	at android.os.Handler.dispatchMessage(Handler.java:109)
05-04 11:59:27.690   307   391 E AccessPersistence: 	at android.os.Looper.loopOnce(Looper.java:232)
05-04 11:59:27.690   307   391 E AccessPersistence: 	at android.os.Looper.loop(Looper.java:317)
05-04 11:59:27.690   307   391 E AccessPersistence: 	at android.os.HandlerThread.run(HandlerThread.java:85)
05-04 11:59:27.690   307   391 E AccessPersistence: 	at com.android.server.ServiceThread.run(ServiceThread.java:49)
05-04 11:59:27.720  3704  3747 W HidlServiceManagement: Waited one second for vendor.qti.hardware.cacert@1.0::IService/default
05-04 11:59:27.721   660   660 I hwservicemanager: Since vendor.qti.hardware.cacert@1.0::IService/default is not registered, trying to start it as a lazy HAL (if it's not configured to be a lazy HAL, it may be stuck starting or still starting).
05-04 11:59:27.722  3704  3747 I HidlServiceManagement: getService: Trying again for vendor.qti.hardware.cacert@1.0::IService/default...
05-04 11:59:27.639     0     0 E init    : Control message: Could not find 'vendor.qti.hardware.cacert@1.0::IService/default' for ctl.interface_start from pid: 660 (/system/system_ext/bin/hwservicemanager)
05-04 11:59:27.725   660 12643 W libc    : Unable to set property "ctl.interface_start" to "vendor.qti.hardware.cacert@1.0::IService/default": PROP_ERROR_HANDLE_CONTROL_MESSAGE (0x20)
05-04 11:59:27.726   660 12643 I hwservicemanager: Tried to start vendor.qti.hardware.cacert@1.0::IService/default as a lazy service, but was unable to. Usually this happens when a service is not installed, but if the service is intended to be used as a lazy service, then it may be configured incorrectly.
05-04 11:59:27.777     0     0 I binder  : 12647:12647 ioctl 40046210 7fda307694 returned -22
05-04 11:59:27.868   307 27670 I ActivityManager: Force stopping com.westlake.host appid=10218 user=0: from pid 12647
05-04 11:59:27.877   307   767 I AppWidgetServiceImpl: Received broadcast: android.intent.action.PACKAGE_RESTARTED on user 0
05-04 11:59:27.877   307   767 I AppWidgetServiceImpl: Updating package stopped masked state for uid 10218 package com.westlake.host isStopped true
05-04 11:59:27.878  1166  1166 D CarrierSvcBindHelper: onHandleForceStop: [com.westlake.host]
05-04 11:59:27.879  1166  1166 D CarrierSvcBindHelper: No carrier app for: 0
05-04 11:59:27.880  1166  1166 D CarrierSvcBindHelper: No carrier app for: 1
05-04 11:59:28.622   307 27670 I ActivityManager: Force stopping com.westlake.host appid=10218 user=0: from pid 12662
05-04 11:59:28.531     0     0 I binder  : 12662:12662 ioctl 40046210 7fef584f44 returned -22
05-04 11:59:28.632  1166  1166 D CarrierSvcBindHelper: onHandleForceStop: [com.westlake.host]
05-04 11:59:28.632   307   767 I AppWidgetServiceImpl: Received broadcast: android.intent.action.PACKAGE_RESTARTED on user 0
05-04 11:59:28.633   307   767 I AppWidgetServiceImpl: Updating package stopped masked state for uid 10218 package com.westlake.host isStopped true
05-04 11:59:28.633  1166  1166 D CarrierSvcBindHelper: No carrier app for: 0
05-04 11:59:28.633  1166  1166 D CarrierSvcBindHelper: No carrier app for: 1
05-04 11:59:28.722  3704  3747 W HidlServiceManagement: Waited one second for vendor.qti.hardware.cacert@1.0::IService/default
05-04 11:59:28.724   660   660 I hwservicemanager: Since vendor.qti.hardware.cacert@1.0::IService/default is not registered, trying to start it as a lazy HAL (if it's not configured to be a lazy HAL, it may be stuck starting or still starting).
05-04 11:59:28.726  3704  3747 I HidlServiceManagement: getService: Trying again for vendor.qti.hardware.cacert@1.0::IService/default...
05-04 11:59:28.730   660 12665 W libc    : Unable to set property "ctl.interface_start" to "vendor.qti.hardware.cacert@1.0::IService/default": PROP_ERROR_HANDLE_CONTROL_MESSAGE (0x20)
05-04 11:59:28.730   660 12665 I hwservicemanager: Tried to start vendor.qti.hardware.cacert@1.0::IService/default as a lazy service, but was unable to. Usually this happens when a service is not installed, but if the service is intended to be used as a lazy service, then it may be configured incorrectly.
05-04 11:59:28.643     0     0 E init    : Control message: Could not find 'vendor.qti.hardware.cacert@1.0::IService/default' for ctl.interface_start from pid: 660 (/system/system_ext/bin/hwservicemanager)
05-04 11:59:28.883   307 27670 W ActivityTaskManager: callingPackage for (uid=2000, pid=12662) has no WPC
05-04 11:59:28.888   307 27670 V GrammaticalInflectionUtils: AttributionSource: AttributionSource { uid = 10218, packageName = null, attributionTag = null, token = android.os.Binder@a81f694, deviceId = 0, next = null } does not have READ_SYSTEM_GRAMMATICAL_GENDER permission.
05-04 11:59:28.889   307 27670 W OptProp : Cannot read opt property android.window.PROPERTY_COMPAT_ALLOW_RESIZEABLE_ACTIVITY_OVERRIDES
05-04 11:59:28.889   307 27670 W OptProp : Cannot read opt property android.window.PROPERTY_COMPAT_ALLOW_MIN_ASPECT_RATIO_OVERRIDE
05-04 11:59:28.901   307 27670 W OptProp : Cannot read opt property android.window.PROPERTY_COMPAT_ALLOW_ORIENTATION_OVERRIDE
05-04 11:59:28.904  3320  3358 I BpBinder: onLastStrongRef automatically unlinking death recipients: 
05-04 11:59:28.906  3220  3220 I android.hardware.power-service-qti: Power setMode: 5 to: 1
05-04 11:59:28.906   307 27670 V SplashScreenExceptionList: SplashScreen checking exception for package com.westlake.host (target sdk:28) -> false
05-04 11:59:28.911  3267  3300 E ANDR-PERF-UTIL: Failed to read /sys/class/mmc_host/mmc0/clk_scaling/enable
05-04 11:59:28.911  3267  3300 E ANDR-PERF-OPTSHANDLER: Failed to read /sys/class/mmc_host/mmc0/clk_scaling/enable
05-04 11:59:28.911  3267  3300 E ANDR-PERF-RESOURCEQS: Failed to apply optimization [11, 4]
05-04 11:59:28.914   307 27670 I ActivityTaskManager: START u0 {flg=0x10000000 cmp=com.westlake.host/.WestlakeActivity (has extras)} with LAUNCH_MULTIPLE from uid 2000 (BAL_ALLOW_PERMISSION) result code=0
05-04 11:59:28.915   960  1005 D SplashScreenView: Build android.window.SplashScreenView{5044c65 V.E...... ......ID 0,0-0,0}
05-04 11:59:28.915   960  1005 D SplashScreenView: Icon: view: android.widget.ImageView{d397d3a V.ED..... ......I. 0,0-0,0 #1020525 android:id/splashscreen_icon_view} drawable: com.android.wm.shell.startingsurface.SplashscreenIconDrawableFactory$ImmobileIconDrawable@a7e2deb size: 450
05-04 11:59:28.915   960  1005 D SplashScreenView: Branding: view: android.view.View{8795748 G.ED..... ......I. 0,0-0,0 #1020524 android:id/splashscreen_branding_view} drawable: null size w: 0 h: 0
05-04 11:59:28.919   960   982 V WindowManagerShell: Transition requested (#4370): android.os.BinderProxy@f68a31d TransitionRequestInfo { type = OPEN, triggerTask = TaskInfo{userId=0 taskId=2249 effectiveUid=10218 displayId=0 isRunning=true baseIntent=Intent { flg=0x10000000 cmp=com.westlake.host/.WestlakeActivity } baseActivity=ComponentInfo{com.westlake.host/com.westlake.host.WestlakeActivity} topActivity=ComponentInfo{com.westlake.host/com.westlake.host.WestlakeActivity} origActivity=null realActivity=ComponentInfo{com.westlake.host/com.westlake.host.WestlakeActivity} numActivities=1 lastActiveTime=2158161480 supportsMultiWindow=true resizeMode=1 isResizeable=true minWidth=-1 minHeight=-1 defaultMinSize=220 token=WCT{android.window.IWindowContainerToken$Stub$Proxy@6ae7992} topActivityType=1 pictureInPictureParams=null shouldDockBigOverlays=false launchIntoPipHostTaskId=-1 lastParentTaskIdBeforePip=-1 displayCutoutSafeInsets=Rect(0, 80 - 0, 0) topActivityInfo=ActivityInfo{a406f63 com.westlake.host.WestlakeActivity} launchCookies=[] positionInParent=Point(0, 0) parentTaskId=-1 isFocused=false isVisible=false isVisibleRequested=false isTopActivityNoDisplay=false isSleeping=false locusId=null displayAreaFeatureId=1 isTopActivityTransparent=false isActivityStackTransparent=false lastNonFullscreenBounds=Rect(267, 606 - 814, 1686) capturedLink=null capturedLinkTimestamp=0 requestedVisibleTypes=-9 topActivityRequestOpenInBrowserEducationTimestamp=0 appCompatTaskInfo=AppCompatTaskInfo { topActivityInSizeCompat=false eligibleForLetterboxEducation= false isLetterboxEducationEnabled= false isLetterboxDoubleTapEnabled= false eligibleForUserAspectRatioButton= false topActivityBoundsLetterboxed= false isFromLetterboxDoubleTap= false topActivityLetterboxVerticalPosition= -1 topActivityLetterboxHorizontalPosition= -1 topActivityLetterboxWidth=-1 topActivityLetterboxHeight=-1 topActivityLetterboxAppWidth=-1 topActivityLetterboxAppHeight=-1 isUserFullscreenOverrideEnabled=false isSystemFullscreenOverrideEnabled=false hasMinAspectRatioOverride=false topActivityLetterboxBounds=null cameraCompatTaskInfo=CameraCompatTaskInfo { freeformCameraCompatMode=inactive}} topActivityMainWindowFrame=null}, pipChange = null, remoteTransition = null, displayChange = null, flags = 0, debugId = 4370 }
05-04 11:59:28.919   960   982 D ShellSplitScreen: logExit: no-op, mLoggerSessionId is null
05-04 11:59:28.921  3080 29189 I netd    : tetherGetStats() -> {[]} <1.65ms>
05-04 11:59:28.922  1230  1230 W SplitSelectStateCtor: Missing session instanceIds
05-04 11:59:28.922  1230  1230 D StatsLog: LAUNCHER_SPLIT_SELECTION_EXIT_INTERRUPTED
05-04 11:59:28.923   960   982 D WindowManagerShell: setLauncherKeepClearAreaHeight: visible=false, height=292
05-04 11:59:28.928   307   421 V GrammaticalInflectionUtils: AttributionSource: AttributionSource { uid = 10218, packageName = null, attributionTag = null, token = android.os.Binder@a81f694, deviceId = 0, next = null } does not have READ_SYSTEM_GRAMMATICAL_GENDER permission.
05-04 11:59:28.928   307 29116 D CoreBackPreview: Window{af434f9 u0 Splash Screen com.westlake.host}: Setting back callback OnBackInvokedCallbackInfo{mCallback=android.window.IOnBackInvokedCallback$Stub$Proxy@a2977ec, mPriority=0, mIsAnimationCallback=false, mOverrideBehavior=0}
05-04 11:59:28.933   307   780 D BackgroundInstallControlService: Package event received: 0
05-04 11:59:28.936   307   767 I AppWidgetServiceImpl: Received broadcast: android.intent.action.PACKAGE_UNSTOPPED on user 0
05-04 11:59:28.937   307   767 I AppWidgetServiceImpl: Updating package stopped masked state for uid 10218 package com.westlake.host isStopped false
05-04 11:59:28.937  3320  3320 I BpBinder: onLastStrongRef automatically unlinking death recipients: 
05-04 11:59:28.950  1650  1664 D ForegroundUtils: Foreground UID status:
05-04 11:59:28.950  1650  1664 D ForegroundUtils: UID: 10130 is in foreground: false
05-04 11:59:28.950  1650  1664 D ForegroundUtils: UID: 10152 is in foreground: true
05-04 11:59:28.950  1650  1664 D ForegroundUtils: UID: 10159 is in foreground: true
05-04 11:59:28.950  1650  1664 D ForegroundUtils: UID: 10173 is in foreground: true
05-04 11:59:28.950  1650  1664 D ForegroundUtils: UID: 10190 is in foreground: true
05-04 11:59:28.950  1650  1664 D ForegroundUtils: UID: 10193 is in foreground: false
05-04 11:59:28.959 32752 32752 D Zygote  : Forked child process 12668
05-04 11:59:28.960   307   526 I ActivityManager: Start proc 12668:com.westlake.host/u0a218 for next-top-activity {com.westlake.host/com.westlake.host.WestlakeActivity}
05-04 11:59:28.965   307   388 V WindowManager: Sent Transition (#4370) createdAt=05-04 11:59:28.890 via request=TransitionRequestInfo { type = OPEN, triggerTask = TaskInfo{userId=0 taskId=2249 effectiveUid=10218 displayId=0 isRunning=true baseIntent=Intent { flg=0x10000000 cmp=com.westlake.host/.WestlakeActivity } baseActivity=ComponentInfo{com.westlake.host/com.westlake.host.WestlakeActivity} topActivity=ComponentInfo{com.westlake.host/com.westlake.host.WestlakeActivity} origActivity=null realActivity=ComponentInfo{com.westlake.host/com.westlake.host.WestlakeActivity} numActivities=1 lastActiveTime=2158161480 supportsMultiWindow=true resizeMode=1 isResizeable=true minWidth=-1 minHeight=-1 defaultMinSize=220 token=WCT{RemoteToken{6a8d884 Task{c8535fd #2249 type=standard A=10218:com.westlake.host}}} topActivityType=1 pictureInPictureParams=null shouldDockBigOverlays=false launchIntoPipHostTaskId=-1 lastParentTaskIdBeforePip=-1 displayCutoutSafeInsets=Rect(0, 80 - 0, 0) topActivityInfo=ActivityInfo{1f4986d com.westlake.host.WestlakeActivity} launchCookies=[] positionInParent=Point(0, 0) parentTaskId=-1 isFocused=false isVisible=false isVisibleRequested=false isTopActivityNoDisplay=false isSleeping=false locusId=null displayAreaFeatureId=1 isTopActivityTransparent=false isActivityStackTransparent=false lastNonFullscreenBounds=Rect(267, 606 - 814, 1686) capturedLink=null capturedLinkTimestamp=0 requestedVisibleTypes=-9 topActivityRequestOpenInBrowserEducationTimestamp=0 appCompatTaskInfo=AppCompatTaskInfo { topActivityInSizeCompat=false eligibleForLetterboxEducation= false isLetterboxEducationEnabled= false isLetterboxDoubleTapEnabled= false eligibleForUserAspectRatioButton= false topActivityBoundsLetterboxed= false isFromLetterboxDoubleTap= false topActivityLetterboxVerticalPosition= -1 topActivityLetterboxHorizontalPosition= -1 topActivityLetterboxWidth=-1 topActivityLetterboxHeight=-1 topActivityLetterboxAppWidth=-1 topActivityLetterboxAppHeight=-1 isUserFullscreenOverrideEnabled=false isSystemFullscreenOverrideEnabled=false hasMinAspectRatioOverride=false topActivityLetterboxBounds=null cameraCompatTaskInfo=CameraCompatTaskInfo { freeformCameraCompatMode=inactive}} topActivityMainWindowFrame=null}, pipChange = null, remoteTransition = null, displayChange = null, flags = 0, debugId = 4370 }
05-04 11:59:28.965   307   388 V WindowManager:     startWCT=WindowContainerTransaction { changes= {} hops= [] errorCallbackToken=null taskFragmentOrganizer=null }
05-04 11:59:28.966   307   388 V WindowManager:     info={id=4370 t=OPEN f=0x0 trk=0 r=[0@Point(0, 0)] c=[
05-04 11:59:28.966   307   388 V WindowManager:         {WCT{RemoteToken{6a8d884 Task{c8535fd #2249 type=standard A=10218:com.westlake.host}}} m=OPEN f=NONE leash=Surface(name=Task=2249)/@0xf05f516 sb=Rect(0, 0 - 1080, 2280) eb=Rect(0, 0 - 1080, 2280) epz=Point(1080, 2280) d=0 taskParent=-1},
05-04 11:59:28.966   307   388 V WindowManager:         {WCT{RemoteToken{cb0a3c2 Task{a516ecc #1 type=home}}} m=TO_BACK f=SHOW_WALLPAPER leash=Surface(name=Task=1)/@0xdc03e5b sb=Rect(0, 0 - 1080, 2280) eb=Rect(0, 0 - 1080, 2280) epz=Point(1080, 2280) d=0 taskParent=-1}
05-04 11:59:28.966   307   388 V WindowManager:     ]}
05-04 11:59:28.966   960  1250 V WindowManagerShell: onTransitionReady(transaction=1318555124019)
05-04 11:59:28.966   960   982 V WindowManagerShell: onTransitionReady (#4370) android.os.BinderProxy@f68a31d: {id=4370 t=OPEN f=0x0 trk=0 r=[0@Point(0, 0)] c=[
05-04 11:59:28.966   960   982 V WindowManagerShell:         {m=OPEN f=NONE leash=Surface(name=Task=2249)/@0x2106d51 sb=Rect(0, 0 - 1080, 2280) eb=Rect(0, 0 - 1080, 2280) epz=Point(1080, 2280) d=0 taskParent=-1},
05-04 11:59:28.966   960   982 V WindowManagerShell:         {m=TO_BACK f=SHOW_WALLPAPER leash=Surface(name=Task=1)/@0xff369b6 sb=Rect(0, 0 - 1080, 2280) eb=Rect(0, 0 - 1080, 2280) epz=Point(1080, 2280) d=0 taskParent=-1}
05-04 11:59:28.966   960   982 V WindowManagerShell:     ]}
05-04 11:59:28.966   960   982 V WindowManagerShell: Playing animation for (#4370) android.os.BinderProxy@f68a31d@0
05-04 11:59:28.966   960   982 V ShellRecents: RecentsTransitionHandler.startAnimation: no controller found
05-04 11:59:28.967   960   982 V WindowManagerShell: Transition doesn't have explicit remote, search filters for match for {id=4370 t=OPEN f=0x0 trk=0 r=[0@Point(0, 0)] c=[{m=OPEN f=NONE leash=Surface(name=Task=2249)/@0x2106d51 sb=Rect(0, 0 - 1080, 2280) eb=Rect(0, 0 - 1080, 2280) epz=Point(1080, 2280) d=0 taskParent=-1},{m=TO_BACK f=SHOW_WALLPAPER leash=Surface(name=Task=1)/@0xff369b6 sb=Rect(0, 0 - 1080, 2280) eb=Rect(0, 0 - 1080, 2280) epz=Point(1080, 2280) d=0 taskParent=-1}]}
05-04 11:59:28.967   960   982 V WindowManagerShell:  Checking filter Pair{{types=[] flags=0x0] notFlags=0x100 checks=[{atype=home independent=true modes=[OPEN,TO_FRONT] flags=NONE mustBeTask=false order=TOP topActivity=ComponentInfo{com.android.launcher3/com.android.launcher3.uioverrides.QuickstepLauncher} launchCookie=null windowingMode=undefined},{atype=standard independent=true modes=[CLOSE,TO_BACK] flags=NONE mustBeTask=false order=ANY topActivity=null launchCookie=null windowingMode=undefined},{NOT atype=undefined independent=true modes=[] flags=NONE mustBeTask=true order=ANY topActivity=null launchCookie=null customAnim=true windowingMode=undefined}]} RemoteTransition { remoteTransition = android.window.IRemoteTransition$Stub$Proxy@ae59c67, appThread = android.app.IApplicationThread$Stub$Proxy@8152a14, debugName = QuickstepLaunchHome }}
05-04 11:59:28.967   960   982 V WindowManagerShell:  Delegate animation for (#4370) to null
05-04 11:59:28.967   960   982 V WindowManagerShell: start default transition animation, info = {id=4370 t=OPEN f=0x0 trk=0 r=[0@Point(0, 0)] c=[{m=OPEN f=NONE leash=Surface(name=Task=2249)/@0x2106d51 sb=Rect(0, 0 - 1080, 2280) eb=Rect(0, 0 - 1080, 2280) epz=Point(1080, 2280) d=0 taskParent=-1},{m=TO_BACK f=SHOW_WALLPAPER leash=Surface(name=Task=1)/@0xff369b6 sb=Rect(0, 0 - 1080, 2280) eb=Rect(0, 0 - 1080, 2280) epz=Point(1080, 2280) d=0 taskParent=-1}]}
05-04 11:59:28.968   960   982 V WindowManagerShell: loadAnimation: anim=android.view.animation.AnimationSet@d9d8d8d animAttr=0x13 type=OPEN isEntrance=false
05-04 11:59:28.968   960   982 V WindowManagerShell: loadAnimation: anim=android.view.animation.AnimationSet@e627589 animAttr=0x12 type=OPEN isEntrance=true
05-04 11:59:28.973   960   982 V WindowManagerShell:  animated by com.android.wm.shell.transition.DefaultTransitionHandler@6c3a7ac
05-04 11:59:28.975 12668 12668 I Zygote  : seccomp disabled by setenforce 0
05-04 11:59:28.977   307  4369 W UserManagerService: Requested status bar icon for non-badged user 0
05-04 11:59:28.987 12668 12668 I m.westlake.host: Late-enabling -Xcheck:jni
05-04 11:59:29.041 12668 12668 I m.westlake.host: Using CollectorTypeCC GC.
05-04 11:59:29.047   307 29116 W HWUI    : Image decoding logging dropped!
05-04 11:59:29.047 23361 23366 I adbd    : jdwp connection from 12668
05-04 11:59:29.058 12668 12668 D nativeloader: Load libframework-connectivity-tiramisu-jni.so using APEX ns com_android_tethering for caller /apex/com.android.tethering/javalib/framework-connectivity-t.jar: ok
05-04 11:59:28.972     0     0 I binder  : 12668:12668 ioctl 40046210 7fd4a812f4 returned -22
05-04 11:59:29.081   307   780 D BackgroundInstallControlService: Package event received: 0
05-04 11:59:29.081  1650  1664 D ForegroundUtils: Foreground UID status:
05-04 11:59:29.081  1650  1664 D ForegroundUtils: UID: 10130 is in foreground: false
05-04 11:59:29.081  1650  1664 D ForegroundUtils: UID: 10152 is in foreground: true
05-04 11:59:29.081  1650  1664 D ForegroundUtils: UID: 10159 is in foreground: true
05-04 11:59:29.081  1650  1664 D ForegroundUtils: UID: 10173 is in foreground: true
05-04 11:59:29.081  1650  1664 D ForegroundUtils: UID: 10190 is in foreground: true
05-04 11:59:29.081  1650  1664 D ForegroundUtils: UID: 10193 is in foreground: false
05-04 11:59:29.081  1650  1664 D ForegroundUtils: UID: 10218 is in foreground: true
05-04 11:59:29.102 12668 12668 D nativeloader: Load libstats_jni.so using APEX ns com_android_os_statsd for caller /apex/com.android.os.statsd/javalib/framework-statsd.jar: ok
05-04 11:59:29.139 12668 12668 D ApplicationLoaders: Returning zygote-cached class loader: /system/framework/android.test.base.jar
05-04 11:59:29.141 12668 12668 W ziparchive: Unable to open '/data/app/~~Gg0G5CtqAB4V4yzAnUxcxw==/com.westlake.host-3z7eVqF571ZZVn3bfdrfTg==/base.dm': No such file or directory
05-04 11:59:29.141 12668 12668 W ziparchive: Unable to open '/data/app/~~Gg0G5CtqAB4V4yzAnUxcxw==/com.westlake.host-3z7eVqF571ZZVn3bfdrfTg==/base.dm': No such file or directory
05-04 11:59:29.271   960   982 V WindowManagerShell: Transition animation finished (aborted=false), notifying core (#4370) android.os.BinderProxy@f68a31d@0
05-04 11:59:29.275   307   388 V WindowManager: Finish Transition (#4370): created at 05-04 11:59:28.890 collect-started=0.166ms request-sent=23.229ms started=31.275ms ready=71.253ms sent=73.627ms finished=383.829ms
05-04 11:59:29.276  1230  1230 D VRI[QuickstepLauncher]: visibilityChanged oldVisibility=true newVisibility=false
05-04 11:59:29.278   960   982 V WindowManagerShell: Track 0 became idle
05-04 11:59:29.278   960   982 V WindowManagerShell: All active transition animations finished
05-04 11:59:29.278   307 26097 W UserManagerService: Requested status bar icon for non-badged user 0
05-04 11:59:29.279   307 26097 W UserManagerService: Requested status bar icon for non-badged user 0
05-04 11:59:29.726  3704  3747 W HidlServiceManagement: Waited one second for vendor.qti.hardware.cacert@1.0::IService/default
05-04 11:59:29.726   660   660 I hwservicemanager: Since vendor.qti.hardware.cacert@1.0::IService/default is not registered, trying to start it as a lazy HAL (if it's not configured to be a lazy HAL, it may be stuck starting or still starting).
05-04 11:59:29.727  3704  3747 I HidlServiceManagement: getService: Trying again for vendor.qti.hardware.cacert@1.0::IService/default...
05-04 11:59:29.728   660 12681 W libc    : Unable to set property "ctl.interface_start" to "vendor.qti.hardware.cacert@1.0::IService/default": PROP_ERROR_HANDLE_CONTROL_MESSAGE (0x20)
05-04 11:59:29.728   660 12681 I hwservicemanager: Tried to start vendor.qti.hardware.cacert@1.0::IService/default as a lazy service, but was unable to. Usually this happens when a service is not installed, but if the service is intended to be used as a lazy service, then it may be configured incorrectly.
05-04 11:59:29.642     0     0 E init    : Control message: Could not find 'vendor.qti.hardware.cacert@1.0::IService/default' for ctl.interface_start from pid: 660 (/system/system_ext/bin/hwservicemanager)
05-04 11:59:29.785     0     0 I QCOM-BATT: pl_fcc_vote_callback: total_fcc_ua=1950000
05-04 11:59:29.785     0     0 I QCOM-BATT: pl_fv_vote_callback: fv_uv=4400000
05-04 11:59:30.145     0     0 E FG      : fg_psy_get_property: unsupported property 79
05-04 11:59:30.151     0     0 E FG      : fg_psy_get_property: unsupported property 79
05-04 11:59:30.157     0     0 W healthd : battery l=100 v=3096 t=22.5 h=2 st=5 c=0 fc=2831000 chg=u
05-04 11:59:30.244 12668 12668 D nativeloader: Configuring clns-7 for other apk /data/app/~~Gg0G5CtqAB4V4yzAnUxcxw==/com.westlake.host-3z7eVqF571ZZVn3bfdrfTg==/base.apk. target_sdk_version=28, uses_libraries=, library_path=/data/app/~~Gg0G5CtqAB4V4yzAnUxcxw==/com.westlake.host-3z7eVqF571ZZVn3bfdrfTg==/lib/arm64:/data/app/~~Gg0G5CtqAB4V4yzAnUxcxw==/com.westlake.host-3z7eVqF571ZZVn3bfdrfTg==/base.apk!/lib/arm64-v8a, permitted_path=/data:/mnt/expand:/data/user/0/com.westlake.host
05-04 11:59:30.248  1126  1126 D QtiCarrierConfigHelper: WARNING, no carrier configs on phone Id: 0
05-04 11:59:30.254 12668 12668 I m.westlake.host: AssetManager2(0x7bd463b4f8) locale list changing from [] to [en-US]
05-04 11:59:30.255   960  2676 D PowerUI : can't show warning due to - plugged: true status unknown: false
05-04 11:59:30.172     0     0 E FG      : fg_psy_get_property: unsupported property 79
05-04 11:59:30.266 12668 12668 V GraphicsEnvironment: Currently set values for:
05-04 11:59:30.266 12668 12668 V GraphicsEnvironment:   angle_gl_driver_selection_pkgs=[]
05-04 11:59:30.266 12668 12668 V GraphicsEnvironment:   angle_gl_driver_selection_values=[]
05-04 11:59:30.266 12668 12668 V GraphicsEnvironment: com.westlake.host is not listed in per-application setting
05-04 11:59:30.267 12668 12668 V GraphicsEnvironment: Neither updatable production driver nor prerelease driver is supported.
05-04 11:59:30.327   307   780 D BackgroundInstallControlService: Package event received: 0
05-04 11:59:30.327   307   780 D BackgroundInstallControlService: Package event received: 0
05-04 11:59:30.337 12668 12668 I m.westlake.host: AssetManager2(0x7bd4645db8) locale list changing from [] to [en-US]
05-04 11:59:30.388 12668 12668 I Westlake: WestlakeActivity onCreate (ComponentActivity + Compose)
05-04 11:59:30.388 12668 12668 I Westlake: Auto-launching: WESTLAKE_ART_MCD
05-04 11:59:30.388 12668 12668 I Westlake: Launching MCD via Westlake ART VM
05-04 11:59:30.418 12668 12668 D DesktopModeFlagsUtil: Toggle override initialized to: OVERRIDE_UNSET
05-04 11:59:30.553 12668 12668 D InsetsController: Setting requestedVisibleTypes to -10 (was -9)
05-04 11:59:30.554   307 26097 W WindowManager: Failed looking up window session=Session{58ad477 12668:u0a10218} callers=com.android.server.wm.WindowManagerService.windowForClientLocked:6324 com.android.server.wm.Session.updateRequestedVisibleTypes:699 android.view.IWindowSession$Stub.onTransact:1023 
05-04 11:59:30.728  3704  3747 W HidlServiceManagement: Waited one second for vendor.qti.hardware.cacert@1.0::IService/default
05-04 11:59:30.728   660   660 I hwservicemanager: Since vendor.qti.hardware.cacert@1.0::IService/default is not registered, trying to start it as a lazy HAL (if it's not configured to be a lazy HAL, it may be stuck starting or still starting).
05-04 11:59:30.729  3704  3747 I HidlServiceManagement: getService: Trying again for vendor.qti.hardware.cacert@1.0::IService/default...
05-04 11:59:30.729   660 12688 W libc    : Unable to set property "ctl.interface_start" to "vendor.qti.hardware.cacert@1.0::IService/default": PROP_ERROR_HANDLE_CONTROL_MESSAGE (0x20)
05-04 11:59:30.730   660 12688 I hwservicemanager: Tried to start vendor.qti.hardware.cacert@1.0::IService/default as a lazy service, but was unable to. Usually this happens when a service is not installed, but if the service is intended to be used as a lazy service, then it may be configured incorrectly.
05-04 11:59:30.643     0     0 E init    : Control message: Could not find 'vendor.qti.hardware.cacert@1.0::IService/default' for ctl.interface_start from pid: 660 (/system/system_ext/bin/hwservicemanager)
05-04 11:59:30.929 12668 12668 W m.westlake.host: Method java.lang.Object androidx.compose.runtime.snapshots.SnapshotStateMap.mutate(kotlin.jvm.functions.Function1) failed lock verification and will run slower.
05-04 11:59:30.929 12668 12668 W m.westlake.host: Common causes for lock verification issues are non-optimized dex code
05-04 11:59:30.929 12668 12668 W m.westlake.host: and incorrect proguard optimizations.
05-04 11:59:30.929 12668 12668 W m.westlake.host: Method void androidx.compose.runtime.snapshots.SnapshotStateMap.update(kotlin.jvm.functions.Function1) failed lock verification and will run slower.
05-04 11:59:30.930 12668 12668 W m.westlake.host: Method boolean androidx.compose.runtime.snapshots.SnapshotStateMap.removeIf$runtime_release(kotlin.jvm.functions.Function1) failed lock verification and will run slower.
05-04 11:59:31.219 12668 12668 I WestlakeVM: DisplayListFrameView 1080x2280 for com.mcdonalds.app
05-04 11:59:31.239 12668 12668 I WestlakeVM: startPipeReader: pipe=false holder=true thread=null
05-04 11:59:31.282   307 29116 D CoreBackPreview: Window{ce4113 u0 com.westlake.host/com.westlake.host.WestlakeActivity}: Setting back callback OnBackInvokedCallbackInfo{mCallback=android.window.IOnBackInvokedCallback$Stub$Proxy@6e91e4e, mPriority=0, mIsAnimationCallback=false, mOverrideBehavior=0}
05-04 11:59:31.314 12668 12684 I AdrenoGLES-0: QUALCOMM build                   : 8e5405b, I57aaec3440
05-04 11:59:31.314 12668 12684 I AdrenoGLES-0: Build Date                       : 05/21/21
05-04 11:59:31.314 12668 12684 I AdrenoGLES-0: OpenGL ES Shader Compiler Version: EV031.32.02.10
05-04 11:59:31.314 12668 12684 I AdrenoGLES-0: Local Branch                     : mybranchebba1dbe-451b-f160-ac81-1458d0b52ae8
05-04 11:59:31.314 12668 12684 I AdrenoGLES-0: Remote Branch                    : quic/gfx-adreno.lnx.1.0.r135-rel
05-04 11:59:31.314 12668 12684 I AdrenoGLES-0: Remote Branch                    : NONE
05-04 11:59:31.314 12668 12684 I AdrenoGLES-0: Reconstruct Branch               : NOTHING
05-04 11:59:31.314 12668 12684 I AdrenoGLES-0: Build Config                     : S P 10.0.7 AArch64
05-04 11:59:31.314 12668 12684 I AdrenoGLES-0: Driver Path                      : /vendor/lib64/egl/libGLESv2_adreno.so
05-04 11:59:31.319 12668 12684 I AdrenoGLES-0: PFP: 0x016ee190, ME: 0x00000000
05-04 11:59:31.343  3320  5010 E HWComposer: getSupportedContentTypes: getSupportedContentTypes failed for display 4630946883826275713: UNSUPPORTED (8)
05-04 11:59:31.346   660   660 I hwservicemanager: getTransport: Cannot find entry android.hardware.graphics.mapper@4.0::IMapper/default in either framework or device VINTF manifest.
05-04 11:59:31.347 12668 12690 I Gralloc4: mapper 4.x is not supported
05-04 11:59:31.347   660   660 I hwservicemanager: getTransport: Cannot find entry android.hardware.graphics.mapper@3.0::IMapper/default in either framework or device VINTF manifest.
05-04 11:59:31.347 12668 12690 W Gralloc3: mapper 3.x is not supported
05-04 11:59:31.350 12668 12690 I Gralloc2: Adding additional valid usage bits: 0x8202000
05-04 11:59:31.259     0     0 I servicemanager: Caller(pid=12668,uid=10218,sid=u:r:untrusted_app_27:s0:c218,c256,c512,c768) Could not find android.hardware.graphics.allocator.IAllocator/default in the VINTF manifest. No alternative instances declared in VINTF.
05-04 11:59:31.260     0     0 I binder  : 12668:12690 ioctl 40046210 7a9c042094 returned -22
05-04 11:59:31.428   307   388 W ziparchive: Unable to open '/data/app/~~Gg0G5CtqAB4V4yzAnUxcxw==/com.westlake.host-3z7eVqF571ZZVn3bfdrfTg==/base.dm': No such file or directory
05-04 11:59:31.430   307   388 I ActivityTaskManager: Displayed com.westlake.host/.WestlakeActivity for user 0: +2s547ms
05-04 11:59:31.454 12668 12678 I HWUI    : Davey! duration=871ms; Flags=1, FrameTimelineVsyncId=93614294, IntendedVsync=2118202129143976, Vsync=2118202129143976, InputEventId=0, HandleInputStart=2118202139377956, AnimationStart=2118202139388946, PerformTraversalsStart=2118202139400092, DrawStart=2118202921128060, FrameDeadline=2118202145810642, FrameInterval=2118202139332644, FrameStartTime=16684870, SyncQueued=2118202930991602, SyncStart=2118202931159414, IssueDrawCommandsStart=2118202931842331, SwapBuffers=2118202996987435, FrameCompleted=2118203000583112, DequeueBufferDuration=22656, QueueBufferDuration=518593, GpuCompleted=2118203000583112, SwapBuffersCompleted=2118202998487123, DisplayPresentTime=0, CommandSubmissionCompleted=2118202996987435, 
05-04 11:59:31.489 12668 12668 I Choreographer: Skipped 46 frames!  The application may be doing too much work on its main thread.
05-04 11:59:31.494 12668 12696 I WestlakeVM: startWithConfig() called, config=ApkVmConfig(packageName=com.mcdonalds.app, activityName=com.mcdonalds.mcdcoreapp.common.activity.SplashActivity, displayName=McDonald's (ART), apkSourceDir=/data/app/~~fW7Sv1_dlvHrX7sE8tW3bQ==/com.mcdonalds.app-Svx0yrUAa2tazE4zEUXQzg==/base.apk, allowRealFrameworkFallback=false, backendMode=null, extraVmProperties={})
05-04 11:59:31.513   307   656 I ImeTracker: com.westlake.host:a32b5d8: onRequestHide at ORIGIN_SERVER reason HIDE_UNSPECIFIED_WINDOW fromUser false
05-04 11:59:31.532 12668 12668 D InsetsController: hide(ime(), fromIme=false)
05-04 11:59:31.533 12668 12668 I ImeTracker: com.westlake.host:a32b5d8: onCancelled at PHASE_CLIENT_ALREADY_HIDDEN
05-04 11:59:31.537  3220  3220 I android.hardware.power-service-qti: Power setMode: 5 to: 0
05-04 11:59:31.543  1650  1664 D ForegroundUtils: Foreground UID status:
05-04 11:59:31.543  1650  1664 D ForegroundUtils: UID: 10130 is in foreground: false
05-04 11:59:31.543  1650  1664 D ForegroundUtils: UID: 10152 is in foreground: false
05-04 11:59:31.543  1650  1664 D ForegroundUtils: UID: 10159 is in foreground: true
05-04 11:59:31.543  1650  1664 D ForegroundUtils: UID: 10173 is in foreground: true
05-04 11:59:31.543  1650  1664 D ForegroundUtils: UID: 10190 is in foreground: true
05-04 11:59:31.543  1650  1664 D ForegroundUtils: UID: 10193 is in foreground: false
05-04 11:59:31.543  1650  1664 D ForegroundUtils: UID: 10218 is in foreground: true
05-04 11:59:31.548  1230  1230 D BaseDepthController: setSurface:
05-04 11:59:31.548  1230  1230 D BaseDepthController: 	mWaitingOnSurfaceValidity: false
05-04 11:59:31.548  1230  1230 D BaseDepthController: 	mSurface: null
05-04 11:59:31.550  1230  1230 D StateManager: goToState - fromState: Normal, toState: Normal, partial trace:
05-04 11:59:31.550  1230  1230 D StateManager: 	at com.android.launcher3.statemanager.StateManager.moveToRestState(StateManager.java:465)
05-04 11:59:31.550  1230  1230 D StateManager: 	at com.android.launcher3.statemanager.StateManager.moveToRestState(StateManager.java:456)
05-04 11:59:31.550  1230  1230 D StateManager: 	at com.android.launcher3.statemanager.StatefulActivity.onStop(StatefulActivity.java:136)
05-04 11:59:31.550  1230  1230 D StatsLog: LAUNCHER_ONSTOP
05-04 11:59:31.552   307 29116 I AppWidgetServiceImpl: setAppWidgetHidden() 0
05-04 11:59:31.553  3080 29189 I netd    : tetherGetStats() -> {[]} <3.94ms>
05-04 11:59:31.556   307   780 D BackgroundInstallControlService: Package event received: 0
05-04 11:59:31.729  3704  3747 W HidlServiceManagement: Waited one second for vendor.qti.hardware.cacert@1.0::IService/default
05-04 11:59:31.730   660   660 I hwservicemanager: Since vendor.qti.hardware.cacert@1.0::IService/default is not registered, trying to start it as a lazy HAL (if it's not configured to be a lazy HAL, it may be stuck starting or still starting).
05-04 11:59:31.731  3704  3747 I HidlServiceManagement: getService: Trying again for vendor.qti.hardware.cacert@1.0::IService/default...
05-04 11:59:31.733   660 12701 W libc    : Unable to set property "ctl.interface_start" to "vendor.qti.hardware.cacert@1.0::IService/default": PROP_ERROR_HANDLE_CONTROL_MESSAGE (0x20)
05-04 11:59:31.733   660 12701 I hwservicemanager: Tried to start vendor.qti.hardware.cacert@1.0::IService/default as a lazy service, but was unable to. Usually this happens when a service is not installed, but if the service is intended to be used as a lazy service, then it may be configured incorrectly.
05-04 11:59:31.646     0     0 E init    : Control message: Could not find 'vendor.qti.hardware.cacert@1.0::IService/default' for ctl.interface_start from pid: 660 (/system/system_ext/bin/hwservicemanager)
05-04 11:59:31.806  3220  3220 I android.hardware.power-service-qti: Power setBoost: 0, duration: 0
05-04 11:59:31.808   960  1004 W WindowOnBackDispatcher: sendCancelIfRunning: isInProgress=false callback=android.view.ViewRootImpl$$ExternalSyntheticLambda13@bb69cde
05-04 11:59:31.810   307 26097 D CoreBackPreview: Window{af434f9 u0 Splash Screen com.westlake.host EXITING}: Setting back callback null
05-04 11:59:31.859   960  1004 W FrameTracker: Missing SF jank callback for vsyncId: 93614404, CUJ=J<SPLASHSCREEN_EXIT_ANIM>
05-04 11:59:31.859   960  1004 W FrameTracker: Missing SF jank callback for vsyncId: 93614419, CUJ=J<SPLASHSCREEN_EXIT_ANIM>
05-04 11:59:31.859   960  1004 W FrameTracker: Missing SF jank callback for vsyncId: 93614436, CUJ=J<SPLASHSCREEN_EXIT_ANIM>
05-04 11:59:31.859   960  1004 W FrameTracker: Missing SF jank callback for vsyncId: 93614449, CUJ=J<SPLASHSCREEN_EXIT_ANIM>
05-04 11:59:31.859   960  1004 W FrameTracker: Missing SF jank callback for vsyncId: 93614503, CUJ=J<SPLASHSCREEN_EXIT_ANIM>
05-04 11:59:31.859   960  1004 W FrameTracker: Missing SF jank callback for vsyncId: 93614526, CUJ=J<SPLASHSCREEN_EXIT_ANIM>
05-04 11:59:31.859   960  1004 W FrameTracker: Missing SF jank callback for vsyncId: 93614550, CUJ=J<SPLASHSCREEN_EXIT_ANIM>
05-04 11:59:31.859   960  1004 W FrameTracker: Missing SF jank callback for vsyncId: 93614569, CUJ=J<SPLASHSCREEN_EXIT_ANIM>
05-04 11:59:31.859   960  1004 W FrameTracker: Missing SF jank callback for vsyncId: 93614588, CUJ=J<SPLASHSCREEN_EXIT_ANIM>
05-04 11:59:31.859   960  1004 W FrameTracker: Missing SF jank callback for vsyncId: 93614607, CUJ=J<SPLASHSCREEN_EXIT_ANIM>
05-04 11:59:31.859   960  1004 W FrameTracker: Missing SF jank callback for vsyncId: 93614626, CUJ=J<SPLASHSCREEN_EXIT_ANIM>
05-04 11:59:31.859   960  1004 W FrameTracker: Missing SF jank callback for vsyncId: 93614639, CUJ=J<SPLASHSCREEN_EXIT_ANIM>
05-04 11:59:31.859   960  1004 W FrameTracker: Missing SF jank callback for vsyncId: 93614652, CUJ=J<SPLASHSCREEN_EXIT_ANIM>
05-04 11:59:31.859   960  1004 W FrameTracker: Missing SF jank callback for vsyncId: 93614665, CUJ=J<SPLASHSCREEN_EXIT_ANIM>
05-04 11:59:31.859   960  1004 W FrameTracker: Missing SF jank callback for vsyncId: 93614678, CUJ=J<SPLASHSCREEN_EXIT_ANIM>
05-04 11:59:31.859   960  1004 W FrameTracker: Missing SF jank callback for vsyncId: 93614691, CUJ=J<SPLASHSCREEN_EXIT_ANIM>
05-04 11:59:31.859   960  1004 W FrameTracker: Missing SF jank callback for vsyncId: 93614704, CUJ=J<SPLASHSCREEN_EXIT_ANIM>
05-04 11:59:31.859   960  1004 W FrameTracker: Missing SF jank callback for vsyncId: 93614717, CUJ=J<SPLASHSCREEN_EXIT_ANIM>
05-04 11:59:31.859   960  1004 W FrameTracker: Missing SF jank callback for vsyncId: 93614743, CUJ=J<SPLASHSCREEN_EXIT_ANIM>
05-04 11:59:31.867 12668 12699 W InteractionJankMonitor: Initializing without READ_DEVICE_CONFIG permission. enabled=true, interval=1, missedFrameThreshold=3, frameTimeThreshold=64, package=com.westlake.host
05-04 11:59:32.040 12668 12696 I WestlakeVM: App OAT symlinks: 0 files in /data/local/tmp/westlake/oat/arm64
05-04 11:59:32.362   307   717 E WifiStaIfaceAidlImpl: getCachedScanData failed with service-specific exception: android.os.ServiceSpecificException:  (code 4)
05-04 11:59:32.375   307   540 E KernelWakelockReader: neither /proc/wakelocks nor /d/wakeup_sources exists
05-04 11:59:32.375   307   540 W BatteryStatsImpl: Couldn't get kernel wake lock stats
05-04 11:59:32.380  3080 29189 I netd    : tetherGetStats() -> {[]} <1.53ms>
05-04 11:59:32.389  3731  3790 E QMI_FW  : qmi_cci_get_ref: ref count increased 2
05-04 11:59:32.391  3731  3790 E QMI_FW  : qmi_cci_get_ref: ref count increased 2
05-04 11:59:32.393   307 27670 D TelephonyManager: requestModemActivityInfo: Sending result to app: ModemActivityInfo{ mTimestamp=2158164959 mSleepTimeMs=1454712635 mIdleTimeMs=39607968 mActivityStatsTechSpecificInfo=[{mRat=UNKNOWN,mFrequencyRange=UNKNOWN,mTxTimeMs[]=[0, 0, 0, 0, 0],mRxTimeMs=323970306}]}
05-04 11:59:32.396  3080 29189 I netd    : tetherGetStats() -> {[]} <1.14ms>
05-04 11:59:32.731  3704  3747 W HidlServiceManagement: Waited one second for vendor.qti.hardware.cacert@1.0::IService/default
05-04 11:59:32.736   660   660 I hwservicemanager: Since vendor.qti.hardware.cacert@1.0::IService/default is not registered, trying to start it as a lazy HAL (if it's not configured to be a lazy HAL, it may be stuck starting or still starting).
05-04 11:59:32.737  3704  3747 I HidlServiceManagement: getService: Trying again for vendor.qti.hardware.cacert@1.0::IService/default...
05-04 11:59:32.740   660 12714 W libc    : Unable to set property "ctl.interface_start" to "vendor.qti.hardware.cacert@1.0::IService/default": PROP_ERROR_HANDLE_CONTROL_MESSAGE (0x20)
05-04 11:59:32.740   660 12714 I hwservicemanager: Tried to start vendor.qti.hardware.cacert@1.0::IService/default as a lazy service, but was unable to. Usually this happens when a service is not installed, but if the service is intended to be used as a lazy service, then it may be configured incorrectly.
05-04 11:59:32.653     0     0 E init    : Control message: Could not find 'vendor.qti.hardware.cacert@1.0::IService/default' for ctl.interface_start from pid: 660 (/system/system_ext/bin/hwservicemanager)
05-04 11:59:33.738  3704  3747 W HidlServiceManagement: Waited one second for vendor.qti.hardware.cacert@1.0::IService/default
05-04 11:59:33.739   660   660 I hwservicemanager: Since vendor.qti.hardware.cacert@1.0::IService/default is not registered, trying to start it as a lazy HAL (if it's not configured to be a lazy HAL, it may be stuck starting or still starting).
05-04 11:59:33.741  3704  3747 I HidlServiceManagement: getService: Trying again for vendor.qti.hardware.cacert@1.0::IService/default...
05-04 11:59:33.656     0     0 E init    : Control message: Could not find 'vendor.qti.hardware.cacert@1.0::IService/default' for ctl.interface_start from pid: 660 (/system/system_ext/bin/hwservicemanager)
05-04 11:59:33.744   660 12715 W libc    : Unable to set property "ctl.interface_start" to "vendor.qti.hardware.cacert@1.0::IService/default": PROP_ERROR_HANDLE_CONTROL_MESSAGE (0x20)
05-04 11:59:33.744   660 12715 I hwservicemanager: Tried to start vendor.qti.hardware.cacert@1.0::IService/default as a lazy service, but was unable to. Usually this happens when a service is not installed, but if the service is intended to be used as a lazy service, then it may be configured incorrectly.
05-04 11:59:34.495     0     0 E FG      : fg_psy_get_property: unsupported property 79
05-04 11:59:34.503     0     0 W healthd : battery l=100 v=3095 t=22.6 h=2 st=5 c=0 fc=2831000 chg=u
05-04 11:59:34.597  1126  1126 D QtiCarrierConfigHelper: WARNING, no carrier configs on phone Id: 0
05-04 11:59:34.510     0     0 E FG      : fg_psy_get_property: unsupported property 79
05-04 11:59:34.614   960  2694 D PowerUI : can't show warning due to - plugged: true status unknown: false
05-04 11:59:34.742  3704  3747 W HidlServiceManagement: Waited one second for vendor.qti.hardware.cacert@1.0::IService/default
05-04 11:59:34.744   660   660 I hwservicemanager: Since vendor.qti.hardware.cacert@1.0::IService/default is not registered, trying to start it as a lazy HAL (if it's not configured to be a lazy HAL, it may be stuck starting or still starting).
05-04 11:59:34.746  3704  3747 I HidlServiceManagement: getService: Trying again for vendor.qti.hardware.cacert@1.0::IService/default...
05-04 11:59:34.748   660 12716 W libc    : Unable to set property "ctl.interface_start" to "vendor.qti.hardware.cacert@1.0::IService/default": PROP_ERROR_HANDLE_CONTROL_MESSAGE (0x20)
05-04 11:59:34.748   660 12716 I hwservicemanager: Tried to start vendor.qti.hardware.cacert@1.0::IService/default as a lazy service, but was unable to. Usually this happens when a service is not installed, but if the service is intended to be used as a lazy service, then it may be configured incorrectly.
05-04 11:59:34.661     0     0 E init    : Control message: Could not find 'vendor.qti.hardware.cacert@1.0::IService/default' for ctl.interface_start from pid: 660 (/system/system_ext/bin/hwservicemanager)
05-04 11:59:35.747  3704  3747 W HidlServiceManagement: Waited one second for vendor.qti.hardware.cacert@1.0::IService/default
05-04 11:59:35.748   660   660 I hwservicemanager: Since vendor.qti.hardware.cacert@1.0::IService/default is not registered, trying to start it as a lazy HAL (if it's not configured to be a lazy HAL, it may be stuck starting or still starting).
05-04 11:59:35.751  3704  3747 I HidlServiceManagement: getService: Trying again for vendor.qti.hardware.cacert@1.0::IService/default...
05-04 11:59:35.753   660 12717 W libc    : Unable to set property "ctl.interface_start" to "vendor.qti.hardware.cacert@1.0::IService/default": PROP_ERROR_HANDLE_CONTROL_MESSAGE (0x20)
05-04 11:59:35.753   660 12717 I hwservicemanager: Tried to start vendor.qti.hardware.cacert@1.0::IService/default as a lazy service, but was unable to. Usually this happens when a service is not installed, but if the service is intended to be used as a lazy service, then it may be configured incorrectly.
05-04 11:59:35.666     0     0 E init    : Control message: Could not find 'vendor.qti.hardware.cacert@1.0::IService/default' for ctl.interface_start from pid: 660 (/system/system_ext/bin/hwservicemanager)
05-04 11:59:36.279 12668 12718 D ProfileInstaller: Installing profile for com.westlake.host
05-04 11:59:36.304   307   717 E WifiScoringParams: Invalid frequency(-1), using 5G as default rssi array
05-04 11:59:36.308  3530  3530 W wificond: Failed to get NL80211_ATTR_MAX_NUM_AKM_SUITES
05-04 11:59:36.310  3530  3530 W wificond: Failed to get NL80211_ATTR_MAX_NUM_AKM_SUITES
05-04 11:59:36.311  3530  3530 W wificond: Failed to get NL80211_ATTR_MAX_NUM_AKM_SUITES
05-04 11:59:36.312  3703 20622 D LOWI-9.0.0.79: [LOWI-Scan] wait_event:Wait done with Cmd 33
05-04 11:59:36.312  3703 20622 D LOWI-9.0.0.79: [LOWI-Scan] do_listen_events: Rcvd valid Netlink Cmd 0 Err 0
05-04 11:59:36.751  3704  3747 W HidlServiceManagement: Waited one second for vendor.qti.hardware.cacert@1.0::IService/default
05-04 11:59:36.752   660   660 I hwservicemanager: Since vendor.qti.hardware.cacert@1.0::IService/default is not registered, trying to start it as a lazy HAL (if it's not configured to be a lazy HAL, it may be stuck starting or still starting).
05-04 11:59:36.752  3704  3747 I HidlServiceManagement: getService: Trying again for vendor.qti.hardware.cacert@1.0::IService/default...
05-04 11:59:36.668     0     0 E init    : Control message: Could not find 'vendor.qti.hardware.cacert@1.0::IService/default' for ctl.interface_start from pid: 660 (/system/system_ext/bin/hwservicemanager)
05-04 11:59:36.755   660 12719 W libc    : Unable to set property "ctl.interface_start" to "vendor.qti.hardware.cacert@1.0::IService/default": PROP_ERROR_HANDLE_CONTROL_MESSAGE (0x20)
05-04 11:59:36.755   660 12719 I hwservicemanager: Tried to start vendor.qti.hardware.cacert@1.0::IService/default as a lazy service, but was unable to. Usually this happens when a service is not installed, but if the service is intended to be used as a lazy service, then it may be configured incorrectly.
05-04 11:59:36.826     0     0 I QCOM-BATT: pl_fcc_vote_callback: total_fcc_ua=1950000
05-04 11:59:36.826     0     0 I QCOM-BATT: pl_fv_vote_callback: fv_uv=4400000
05-04 11:59:36.987 12668 12672 I m.westlake.host: Compiler allocated 13MB to compile java.util.List com.westlake.host.WestlakeVM.startWithConfig(com.westlake.host.ApkVmConfig)
05-04 11:59:37.157   703 12634 I keystore2: system/security/keystore2/watchdog/src/lib.rs:356 - Watchdog thread idle -> terminating. Have a great day.
05-04 11:59:37.065     0     0 E FG      : fg_psy_get_property: unsupported property 79
05-04 11:59:37.071     0     0 E FG      : fg_psy_get_property: unsupported property 79
