05-05 10:13:29.688  8231  8280 I WestlakeVM: VM: [PFCUT] InterpreterJni jdk.Unsafe CAS long target=0x14079fc0 offset=40 current=10 expected=10 new=11 success=1
05-05 10:13:29.690  8231  8280 I WestlakeVM: VM: [PFCUT] InterpreterJni jdk.Unsafe CAS ref target=0x14080a10 offset=64 current=0 expected=0 new=0x14093ca0 success=1 array_index=13
05-05 10:13:29.690  8231  8280 I WestlakeVM: VM: [PFCUT] InterpreterJni jdk.Unsafe CAS long target=0x14079fc0 offset=40 current=11 expected=11 new=12 success=1
05-05 10:13:29.690  8231  8280 I WestlakeVM: VM: [PFCUT] InterpreterJni jdk.Unsafe CAS int target=0x14079fc0 offset=52 current=12 expected=12 new=-2145714174 success=1
05-05 10:13:29.690  8231  8280 I WestlakeVM: VM: [PFCUT] InterpreterJni jdk.Unsafe CAS int target=0x14079fc0 offset=56 current=16 expected=16 new=0 success=1
05-05 10:13:29.691  8231  8280 I WestlakeVM: VM: [PFCUT-TRACE] thread=main-256mb ts_us=2198241265969 kind=setSlot.jdk caller="void jdk.internal.misc.Unsafe.putReferenceVolatile(java.lang.Object, long, java.lang.Object)" array.class=java.util.concurrent.ConcurrentHashMap$Node[] array.componentType=java.util.concurrent.ConcurrentHashMap$Node array.length=32 index=15 value.ptr=0x14093c10 value.class=java.util.concurrent.ConcurrentHashMap$Node assignable=1
05-05 10:13:29.691  8231  8280 I WestlakeVM: VM: [PFCUT-TRACE] thread=main-256mb ts_us=2198241266165 kind=setSlot.jdk caller="void jdk.internal.misc.Unsafe.putReferenceVolatile(java.lang.Object, long, java.lang.Object)" array.class=java.util.concurrent.ConcurrentHashMap$Node[] array.componentType=java.util.concurrent.ConcurrentHashMap$Node array.length=32 index=31 value.ptr=0 value.class=<null> assignable=1
05-05 10:13:29.691  8231  8280 I WestlakeVM: VM: [PFCUT-TRACE] thread=main-256mb ts_us=2198241266268 kind=setSlot.jdk caller="void jdk.internal.misc.Unsafe.putReferenceVolatile(java.lang.Object, long, java.lang.Object)" array.class=java.util.concurrent.ConcurrentHashMap$Node[] array.componentType=java.util.concurrent.ConcurrentHashMap$Node array.length=16 index=15 value.ptr=0x14097540 value.class=java.util.concurrent.ConcurrentHashMap$ForwardingNode assignable=1
05-05 10:13:29.691  8231  8280 I WestlakeVM: VM: [PFCUT] InterpreterJni jdk.Unsafe CAS ref target=0x14080a10 offset=68 current=0 expected=0 new=0x14097540 success=1 array_index=14
05-05 10:13:29.691  8231  8280 I WestlakeVM: VM: [PFCUT-TRACE] thread=main-256mb ts_us=2198241266659 kind=setSlot.jdk caller="void jdk.internal.misc.Unsafe.putReferenceVolatile(java.lang.Object, long, java.lang.Object)" array.class=java.util.concurrent.ConcurrentHashMap$Node[] array.componentType=java.util.concurrent.ConcurrentHashMap$Node array.length=32 index=13 value.ptr=0 value.class=<null> assignable=1
05-05 10:13:29.692  8231  8280 I WestlakeVM: VM: [PFCUT-TRACE] thread=main-256mb ts_us=2198241266758 kind=setSlot.jdk caller="void jdk.internal.misc.Unsafe.putReferenceVolatile(java.lang.Object, long, java.lang.Object)" array.class=java.util.concurrent.ConcurrentHashMap$Node[] array.componentType=java.util.concurrent.ConcurrentHashMap$Node array.length=32 index=29 value.ptr=0x14093ca0 value.class=java.util.concurrent.ConcurrentHashMap$Node assignable=1
05-05 10:13:29.692  8231  8280 I WestlakeVM: VM: [PFCUT-TRACE] thread=main-256mb ts_us=2198241266858 kind=setSlot.jdk caller="void jdk.internal.misc.Unsafe.putReferenceVolatile(java.lang.Object, long, java.lang.Object)" array.class=java.util.concurrent.ConcurrentHashMap$Node[] array.componentType=java.util.concurrent.ConcurrentHashMap$Node array.length=16 index=13 value.ptr=0x14097540 value.class=java.util.concurrent.ConcurrentHashMap$ForwardingNode assignable=1
05-05 10:13:29.692  8231  8280 I WestlakeVM: VM: [PFCUT-TRACE] thread=main-256mb ts_us=2198241267106 kind=setSlot.jdk caller="void jdk.internal.misc.Unsafe.putReferenceVolatile(java.lang.Object, long, java.lang.Object)" array.class=java.util.concurrent.ConcurrentHashMap$Node[] array.componentType=java.util.concurrent.ConcurrentHashMap$Node array.length=32 index=12 value.ptr=0x14093aa8 value.class=java.util.concurrent.ConcurrentHashMap$Node assignable=1
05-05 10:13:29.692  8231  8280 I WestlakeVM: VM: [PFCUT-TRACE] thread=main-256mb ts_us=2198241267203 kind=setSlot.jdk caller="void jdk.internal.misc.Unsafe.putReferenceVolatile(java.lang.Object, long, java.lang.Object)" array.class=java.util.concurrent.ConcurrentHashMap$Node[] array.componentType=java.util.concurrent.ConcurrentHashMap$Node array.length=32 index=28 value.ptr=0 value.class=<null> assignable=1
05-05 10:13:29.692  8231  8280 I WestlakeVM: VM: [PFCUT-TRACE] thread=main-256mb ts_us=2198241267296 kind=setSlot.jdk caller="void jdk.internal.misc.Unsafe.putReferenceVolatile(java.lang.Object, long, java.lang.Object)" array.class=java.util.concurrent.ConcurrentHashMap$Node[] array.componentType=java.util.concurrent.ConcurrentHashMap$Node array.length=16 index=12 value.ptr=0x14097540 value.class=java.util.concurrent.ConcurrentHashMap$ForwardingNode assignable=1
05-05 10:13:29.692  8231  8280 I WestlakeVM: VM: [PFCUT-TRACE] thread=main-256mb ts_us=2198241267624 kind=setSlot.jdk caller="void jdk.internal.misc.Unsafe.putReferenceVolatile(java.lang.Object, long, java.lang.Object)" array.class=java.util.concurrent.ConcurrentHashMap$Node[] array.componentType=java.util.concurrent.ConcurrentHashMap$Node array.length=32 index=11 value.ptr=0x14093cb8 value.class=java.util.concurrent.ConcurrentHashMap$Node assignable=1
05-05 10:13:29.693  8231  8280 I WestlakeVM: VM: [PFCUT-TRACE] thread=main-256mb ts_us=2198241267724 kind=setSlot.jdk caller="void jdk.internal.misc.Unsafe.putReferenceVolatile(java.lang.Object, long, java.lang.Object)" array.class=java.util.concurrent.ConcurrentHashMap$Node[] array.componentType=java.util.concurrent.ConcurrentHashMap$Node array.length=32 index=27 value.ptr=0x14093bb0 value.class=java.util.concurrent.ConcurrentHashMap$Node assignable=1
05-05 10:13:29.693  8231  8280 I WestlakeVM: VM: [PFCUT-TRACE] thread=main-256mb ts_us=2198241267821 kind=setSlot.jdk caller="void jdk.internal.misc.Unsafe.putReferenceVolatile(java.lang.Object, long, java.lang.Object)" array.class=java.util.concurrent.ConcurrentHashMap$Node[] array.componentType=java.util.concurrent.ConcurrentHashMap$Node array.length=16 index=11 value.ptr=0x14097540 value.class=java.util.concurrent.ConcurrentHashMap$ForwardingNode assignable=1
05-05 10:13:29.693  8231  8280 I WestlakeVM: VM: [PFCUT] InterpreterJni jdk.Unsafe CAS ref target=0x14080a10 offset=52 current=0 expected=0 new=0x14097540 success=1 array_index=10
05-05 10:13:29.693  8231  8280 I WestlakeVM: VM: [PFCUT] InterpreterJni jdk.Unsafe CAS ref target=0x14080a10 offset=48 current=0 expected=0 new=0x14097540 success=1 array_index=9
05-05 10:13:29.693  8231  8280 I WestlakeVM: VM: [PFCUT] InterpreterJni jdk.Unsafe CAS ref target=0x14080a10 offset=44 current=0 expected=0 new=0x14097540 success=1 array_index=8
05-05 10:13:29.693  8231  8280 I WestlakeVM: VM: [PFCUT-TRACE] thread=main-256mb ts_us=2198241268483 kind=setSlot.jdk caller="void jdk.internal.misc.Unsafe.putReferenceVolatile(java.lang.Object, long, java.lang.Object)" array.class=java.util.concurrent.ConcurrentHashMap$Node[] array.componentType=java.util.concurrent.ConcurrentHashMap$Node array.length=32 index=7 value.ptr=0x14093be0 value.class=java.util.concurrent.ConcurrentHashMap$Node assignable=1
05-05 10:13:29.694  8231  8280 I WestlakeVM: VM: [PFCUT-TRACE] thread=main-256mb ts_us=2198241268583 kind=setSlot.jdk caller="void jdk.internal.misc.Unsafe.putReferenceVolatile(java.lang.Object, long, java.lang.Object)" array.class=java.util.concurrent.ConcurrentHashMap$Node[] array.componentType=java.util.concurrent.ConcurrentHashMap$Node array.length=32 index=23 value.ptr=0 value.class=<null> assignable=1
05-05 10:13:29.694  8231  8280 I WestlakeVM: VM: [PFCUT-TRACE] thread=main-256mb ts_us=2198241268679 kind=setSlot.jdk caller="void jdk.internal.misc.Unsafe.putReferenceVolatile(java.lang.Object, long, java.lang.Object)" array.class=java.util.concurrent.ConcurrentHashMap$Node[] array.componentType=java.util.concurrent.ConcurrentHashMap$Node array.length=16 index=7 value.ptr=0x14097540 value.class=java.util.concurrent.ConcurrentHashMap$ForwardingNode assignable=1
05-05 10:13:29.694  8231  8280 I WestlakeVM: VM: [PFCUT-TRACE] thread=main-256mb ts_us=2198241268924 kind=setSlot.jdk caller="void jdk.internal.misc.Unsafe.putReferenceVolatile(java.lang.Object, long, java.lang.Object)" array.class=java.util.concurrent.ConcurrentHashMap$Node[] array.componentType=java.util.concurrent.ConcurrentHashMap$Node array.length=32 index=6 value.ptr=0 value.class=<null> assignable=1
05-05 10:13:29.694  8231  8280 I WestlakeVM: VM: [PFCUT-TRACE] thread=main-256mb ts_us=2198241269019 kind=setSlot.jdk caller="void jdk.internal.misc.Unsafe.putReferenceVolatile(java.lang.Object, long, java.lang.Object)" array.class=java.util.concurrent.ConcurrentHashMap$Node[] array.componentType=java.util.concurrent.ConcurrentHashMap$Node array.length=32 index=22 value.ptr=0x14093b08 value.class=java.util.concurrent.ConcurrentHashMap$Node assignable=1
05-05 10:13:29.695  8231  8280 I WestlakeVM: VM: [PFCUT-TRACE] thread=main-256mb ts_us=2198241269117 kind=setSlot.jdk caller="void jdk.internal.misc.Unsafe.putReferenceVolatile(java.lang.Object, long, java.lang.Object)" array.class=java.util.concurrent.ConcurrentHashMap$Node[] array.componentType=java.util.concurrent.ConcurrentHashMap$Node array.length=16 index=6 value.ptr=0x14097540 value.class=java.util.concurrent.ConcurrentHashMap$ForwardingNode assignable=1
05-05 10:13:29.695  8231  8280 I WestlakeVM: VM: [PFCUT] InterpreterJni jdk.Unsafe CAS ref target=0x14080a10 offset=32 current=0 expected=0 new=0x14097540 success=1 array_index=5
05-05 10:13:29.695  8231  8280 I WestlakeVM: VM: [PFCUT-TRACE] thread=main-256mb ts_us=2198241269499 kind=setSlot.jdk caller="void jdk.internal.misc.Unsafe.putReferenceVolatile(java.lang.Object, long, java.lang.Object)" array.class=java.util.concurrent.ConcurrentHashMap$Node[] array.componentType=java.util.concurrent.ConcurrentHashMap$Node array.length=32 index=4 value.ptr=0x14093ad8 value.class=java.util.concurrent.ConcurrentHashMap$Node assignable=1
05-05 10:13:29.695  8231  8280 I WestlakeVM: VM: [PFCUT-TRACE] thread=main-256mb ts_us=2198241269597 kind=setSlot.jdk caller="void jdk.internal.misc.Unsafe.putReferenceVolatile(java.lang.Object, long, java.lang.Object)" array.class=java.util.concurrent.ConcurrentHashMap$Node[] array.componentType=java.util.concurrent.ConcurrentHashMap$Node array.length=32 index=20 value.ptr=0 value.class=<null> assignable=1
05-05 10:13:29.695  8231  8280 I WestlakeVM: VM: [PFCUT-TRACE] thread=main-256mb ts_us=2198241269691 kind=setSlot.jdk caller="void jdk.internal.misc.Unsafe.putReferenceVolatile(java.lang.Object, long, java.lang.Object)" array.class=java.util.concurrent.ConcurrentHashMap$Node[] array.componentType=java.util.concurrent.ConcurrentHashMap$Node array.length=16 index=4 value.ptr=0x14097540 value.class=java.util.concurrent.ConcurrentHashMap$ForwardingNode assignable=1
05-05 10:13:29.695  8231  8280 I WestlakeVM: VM: [PFCUT] InterpreterJni jdk.Unsafe CAS ref target=0x14080a10 offset=24 current=0 expected=0 new=0x14097540 success=1 array_index=3
05-05 10:13:29.695  8231  8280 I WestlakeVM: VM: [PFCUT] InterpreterJni jdk.Unsafe CAS ref target=0x14080a10 offset=20 current=0 expected=0 new=0x14097540 success=1 array_index=2
05-05 10:13:29.696  8231  8280 I WestlakeVM: VM: [PFCUT-TRACE] thread=main-256mb ts_us=2198241270440 kind=setSlot.jdk caller="void jdk.internal.misc.Unsafe.putReferenceVolatile(java.lang.Object, long, java.lang.Object)" array.class=java.util.concurrent.ConcurrentHashMap$Node[] array.componentType=java.util.concurrent.ConcurrentHashMap$Node array.length=32 index=1 value.ptr=0x14093cd0 value.class=java.util.concurrent.ConcurrentHashMap$Node assignable=1
05-05 10:13:29.696  8231  8280 I WestlakeVM: VM: [PFCUT-TRACE] thread=main-256mb ts_us=2198241270547 kind=setSlot.jdk caller="void jdk.internal.misc.Unsafe.putReferenceVolatile(java.lang.Object, long, java.lang.Object)" array.class=java.util.concurrent.ConcurrentHashMap$Node[] array.componentType=java.util.concurrent.ConcurrentHashMap$Node array.length=32 index=17 value.ptr=0x14093c40 value.class=java.util.concurrent.ConcurrentHashMap$Node assignable=1
05-05 10:13:29.696  8231  8280 I WestlakeVM: VM: [PFCUT-TRACE] thread=main-256mb ts_us=2198241270644 kind=setSlot.jdk caller="void jdk.internal.misc.Unsafe.putReferenceVolatile(java.lang.Object, long, java.lang.Object)" array.class=java.util.concurrent.ConcurrentHashMap$Node[] array.componentType=java.util.concurrent.ConcurrentHashMap$Node array.length=16 index=1 value.ptr=0x14097540 value.class=java.util.concurrent.ConcurrentHashMap$ForwardingNode assignable=1
05-05 10:13:29.696  8231  8280 I WestlakeVM: VM: [PFCUT] InterpreterJni jdk.Unsafe CAS ref target=0x14080a10 offset=12 current=0 expected=0 new=0x14097540 success=1 array_index=0
05-05 10:13:29.696  8231  8280 I WestlakeVM: VM: [PFCUT] InterpreterJni jdk.Unsafe CAS int target=0x14079fc0 offset=52 current=-2145714174 expected=-2145714174 new=-2145714175 success=1
05-05 10:13:29.698  8231  8280 I WestlakeVM: VM: [PFCUT] InterpreterJni jdk.Unsafe CAS ref target=0x1408c790 offset=136 current=0 expected=0 new=0x14093d00 success=1 array_index=31
05-05 10:13:29.698  8231  8280 I WestlakeVM: VM: [PFCUT] InterpreterJni jdk.Unsafe CAS long target=0x14079fc0 offset=40 current=12 expected=12 new=13 success=1
05-05 10:13:29.699  8231  8280 I WestlakeVM: VM: [PFCUT] Class.newInstance intrinsic class=java.lang.Class<com.android.org.conscrypt.OpenSSLProvider> ctor=void com.android.org.conscrypt.OpenSSLProvider.<init>()
05-05 10:13:29.700  8231  8280 I WestlakeVM: VM: [PFCUT] InterpreterJni jdk.Unsafe CAS int target=0x14099180 offset=52 current=16 expected=16 new=-1 success=1
05-05 10:13:29.700  8231  8280 I WestlakeVM: VM: [PFCUT] InterpreterJni jdk.Unsafe CAS ref target=0x14080b50 offset=60 current=0 expected=0 new=0x14093d18 success=1 array_index=12
05-05 10:13:29.701  8231  8280 I WestlakeVM: VM: [PFCUT] InterpreterJni jdk.Unsafe CAS long target=0x14099180 offset=40 current=0 expected=0 new=1 success=1
05-05 10:13:29.702  8231  8280 I WestlakeVM: VM: [PFCUT] InterpreterJni jdk.Unsafe CAS ref target=0x14080b50 offset=28 current=0 expected=0 new=0x14093d48 success=1 array_index=4
05-05 10:13:29.702  8231  8280 I WestlakeVM: VM: [PFCUT] InterpreterJni jdk.Unsafe CAS long target=0x14099180 offset=40 current=1 expected=1 new=2 success=1
05-05 10:13:29.702  8231  8280 I WestlakeVM: VM: [PFCUT] InterpreterJni jdk.Unsafe CAS ref target=0x14080b50 offset=56 current=0 expected=0 new=0x14093d60 success=1 array_index=11
05-05 10:13:29.703  8231  8280 I WestlakeVM: VM: [PFCUT] InterpreterJni jdk.Unsafe CAS long target=0x14099180 offset=40 current=2 expected=2 new=3 success=1
05-05 10:13:29.703  8231  8280 I WestlakeVM: VM: [PFCUT] InterpreterJni jdk.Unsafe CAS ref target=0x14080b50 offset=36 current=0 expected=0 new=0x14093d78 success=1 array_index=6
05-05 10:13:29.703  8231  8280 I WestlakeVM: VM: [PFCUT] InterpreterJni jdk.Unsafe CAS long target=0x14099180 offset=40 current=3 expected=3 new=4 success=1
05-05 10:13:29.705  8231  8280 I WestlakeVM: VM: [PFCUT] InterpreterJni jdk.Unsafe CAS ref target=0x14080b50 offset=16 current=0 expected=0 new=0x14093da8 success=1 array_index=1
05-05 10:13:29.705  8231  8280 I WestlakeVM: VM: [PFCUT] InterpreterJni jdk.Unsafe CAS long target=0x14099180 offset=40 current=4 expected=4 new=5 success=1
05-05 10:13:29.706  8231  8280 I WestlakeVM: VM: [PFCUT] InterpreterJni jdk.Unsafe CAS ref target=0x14080b50 offset=44 current=0 expected=0 new=0x14093df0 success=1 array_index=8
05-05 10:13:29.707  8231  8280 I WestlakeVM: VM: [PFCUT] InterpreterJni jdk.Unsafe CAS long target=0x14099180 offset=40 current=5 expected=5 new=6 success=1
05-05 10:13:29.708  8231  8280 I WestlakeVM: VM: [PFCUT] InterpreterJni jdk.Unsafe CAS long target=0x14099180 offset=40 current=6 expected=6 new=7 success=1
05-05 10:13:29.710  8231  8280 I WestlakeVM: VM: [PFCUT] InterpreterJni jdk.Unsafe CAS long target=0x14099180 offset=40 current=7 expected=7 new=8 success=1
05-05 10:13:29.712  8231  8280 I WestlakeVM: VM: [PFCUT] InterpreterJni jdk.Unsafe CAS ref target=0x14080b50 offset=48 current=0 expected=0 new=0x14093e98 success=1 array_index=9
05-05 10:13:29.712  8231  8280 I WestlakeVM: VM: [PFCUT] InterpreterJni jdk.Unsafe CAS long target=0x14099180 offset=40 current=8 expected=8 new=9 success=1
05-05 10:13:29.713  8231  8280 I WestlakeVM: VM: [PFCUT] InterpreterJni jdk.Unsafe CAS ref target=0x14080b50 offset=12 current=0 expected=0 new=0x14093ec8 success=1 array_index=0
05-05 10:13:29.713  8231  8280 I WestlakeVM: VM: [PFCUT] InterpreterJni jdk.Unsafe CAS long target=0x14099180 offset=40 current=9 expected=9 new=10 success=1
05-05 10:13:29.714  8231  8280 I WestlakeVM: VM: [PFCUT] Class.newInstance intrinsic class=java.lang.Class<sun.security.provider.CertPathProvider> ctor=void sun.security.provider.CertPathProvider.<init>()
05-05 10:13:29.718  8231  8280 I WestlakeVM: VM: [PFCUT] AtomicInteger.incrementAndGet intrinsic current=0
05-05 10:13:29.870  8231  8280 I WestlakeVM: VM: [PFCUT] InterpreterJni jdk.Unsafe CAS int target=0x14099300 offset=52 current=16 expected=16 new=-1 success=1
05-05 10:13:29.871  8231  8280 I WestlakeVM: VM: [PFCUT] InterpreterJni jdk.Unsafe CAS ref target=0x14080e20 offset=60 current=0 expected=0 new=0x1409c778 success=1 array_index=12
05-05 10:13:29.871  8231  8280 I WestlakeVM: VM: [PFCUT] InterpreterJni jdk.Unsafe CAS long target=0x14099300 offset=40 current=0 expected=0 new=1 success=1
05-05 10:13:29.872  8231  8280 I WestlakeVM: VM: [PFCUT] InterpreterJni jdk.Unsafe CAS ref target=0x14080e20 offset=28 current=0 expected=0 new=0x1409c7a8 success=1 array_index=4
05-05 10:13:29.873  8231  8280 I WestlakeVM: VM: [PFCUT] InterpreterJni jdk.Unsafe CAS long target=0x14099300 offset=40 current=1 expected=1 new=2 success=1
05-05 10:13:29.873  8231  8280 I WestlakeVM: VM: [PFCUT] InterpreterJni jdk.Unsafe CAS ref target=0x14080e20 offset=56 current=0 expected=0 new=0x1409c7c0 success=1 array_index=11
05-05 10:13:29.873  8231  8280 I WestlakeVM: VM: [PFCUT] InterpreterJni jdk.Unsafe CAS long target=0x14099300 offset=40 current=2 expected=2 new=3 success=1
05-05 10:13:29.873  8231  8280 I WestlakeVM: VM: [PFCUT] InterpreterJni jdk.Unsafe CAS ref target=0x14080e20 offset=36 current=0 expected=0 new=0x1409c7d8 success=1 array_index=6
05-05 10:13:29.873  8231  8280 I WestlakeVM: VM: [PFCUT] InterpreterJni jdk.Unsafe CAS long target=0x14099300 offset=40 current=3 expected=3 new=4 success=1
05-05 10:13:29.876  8231  8280 I WestlakeVM: VM: [PFCUT] InterpreterJni jdk.Unsafe CAS long target=0x14099300 offset=40 current=4 expected=4 new=5 success=1
05-05 10:13:29.877  8231  8280 I WestlakeVM: VM: [PFCUT] InterpreterJni jdk.Unsafe CAS ref target=0x14080e20 offset=20 current=0 expected=0 new=0x1409c838 success=1 array_index=2
05-05 10:13:29.877  8231  8280 I WestlakeVM: VM: [PFCUT] InterpreterJni jdk.Unsafe CAS long target=0x14099300 offset=40 current=5 expected=5 new=6 success=1
05-05 10:13:29.879  8231  8280 I WestlakeVM: VM: [PFCUT] InterpreterJni jdk.Unsafe CAS long target=0x14099300 offset=40 current=6 expected=6 new=7 success=1
05-05 10:13:29.881  8231  8280 I WestlakeVM: VM: [PFCUT] InterpreterJni jdk.Unsafe CAS ref target=0x14080e20 offset=64 current=0 expected=0 new=0x1409c898 success=1 array_index=13
05-05 10:13:29.881  8231  8280 I WestlakeVM: VM: [PFCUT] InterpreterJni jdk.Unsafe CAS long target=0x14099300 offset=40 current=7 expected=7 new=8 success=1
05-05 10:13:29.883  8231  8280 I WestlakeVM: VM: [PFCUT] InterpreterJni jdk.Unsafe CAS long target=0x14099300 offset=40 current=8 expected=8 new=9 success=1
05-05 10:13:29.885  8231  8280 I WestlakeVM: VM: [PFCUT] InterpreterJni jdk.Unsafe CAS ref target=0x14080e20 offset=32 current=0 expected=0 new=0x1409c8f8 success=1 array_index=5
05-05 10:13:29.885  8231  8280 I WestlakeVM: VM: [PFCUT] InterpreterJni jdk.Unsafe CAS long target=0x14099300 offset=40 current=9 expected=9 new=10 success=1
05-05 10:13:29.887  8231  8280 I WestlakeVM: VM: [PFCUT] InterpreterJni jdk.Unsafe CAS ref target=0x14080e20 offset=40 current=0 expected=0 new=0x1409c928 success=1 array_index=7
05-05 10:13:29.887  8231  8280 I WestlakeVM: VM: [PFCUT] InterpreterJni jdk.Unsafe CAS long target=0x14099300 offset=40 current=10 expected=10 new=11 success=1
05-05 10:13:29.889  8231  8280 I WestlakeVM: VM: [PFCUT] InterpreterJni jdk.Unsafe CAS long target=0x14099300 offset=40 current=11 expected=11 new=12 success=1
05-05 10:13:29.889  8231  8280 I WestlakeVM: VM: [PFCUT] InterpreterJni jdk.Unsafe CAS int target=0x14099300 offset=52 current=12 expected=12 new=-2145714174 success=1
05-05 10:13:29.889  8231  8280 I WestlakeVM: VM: [PFCUT] InterpreterJni jdk.Unsafe CAS int target=0x14099300 offset=56 current=16 expected=16 new=0 success=1
05-05 10:13:29.890  8231  8280 I WestlakeVM: VM: [PFCUT-TRACE] thread=main-256mb ts_us=2198241465199 kind=setSlot.jdk caller="void jdk.internal.misc.Unsafe.putReferenceVolatile(java.lang.Object, long, java.lang.Object)" array.class=java.util.concurrent.ConcurrentHashMap$Node[] array.componentType=java.util.concurrent.ConcurrentHashMap$Node array.length=32 index=14 value.ptr=0x1409c958 value.class=java.util.concurrent.ConcurrentHashMap$Node assignable=1
05-05 10:13:29.890  8231  8280 I WestlakeVM: VM: [PFCUT-TRACE] thread=main-256mb ts_us=2198241465350 kind=setSlot.jdk caller="void jdk.internal.misc.Unsafe.putReferenceVolatile(java.lang.Object, long, java.lang.Object)" array.class=java.util.concurrent.ConcurrentHashMap$Node[] array.componentType=java.util.concurrent.ConcurrentHashMap$Node array.length=32 index=30 value.ptr=0 value.class=<null> assignable=1
05-05 10:13:29.890  8231  8280 I WestlakeVM: VM: [PFCUT-TRACE] thread=main-256mb ts_us=2198241465451 kind=setSlot.jdk caller="void jdk.internal.misc.Unsafe.putReferenceVolatile(java.lang.Object, long, java.lang.Object)" array.class=java.util.concurrent.ConcurrentHashMap$Node[] array.componentType=java.util.concurrent.ConcurrentHashMap$Node array.length=16 index=14 value.ptr=0x14097fc0 value.class=java.util.concurrent.ConcurrentHashMap$ForwardingNode assignable=1
05-05 10:13:29.890  8231  8280 I WestlakeVM: VM: [PFCUT-TRACE] thread=main-256mb ts_us=2198241465785 kind=setSlot.jdk caller="void jdk.internal.misc.Unsafe.putReferenceVolatile(java.lang.Object, long, java.lang.Object)" array.class=java.util.concurrent.ConcurrentHashMap$Node[] array.componentType=java.util.concurrent.ConcurrentHashMap$Node array.length=32 index=13 value.ptr=0x1409c8c8 value.class=java.util.concurrent.ConcurrentHashMap$Node assignable=1
05-05 10:13:29.890  8231  8280 I WestlakeVM: VM: [PFCUT-TRACE] thread=main-256mb ts_us=2198241465885 kind=setSlot.jdk caller="void jdk.internal.misc.Unsafe.putReferenceVolatile(java.lang.Object, long, java.lang.Object)" array.class=java.util.concurrent.ConcurrentHashMap$Node[] array.componentType=java.util.concurrent.ConcurrentHashMap$Node array.length=32 index=29 value.ptr=0x1409c970 value.class=java.util.concurrent.ConcurrentHashMap$Node assignable=1
05-05 10:13:29.891  8231  8280 I WestlakeVM: VM: [PFCUT-TRACE] thread=main-256mb ts_us=2198241465981 kind=setSlot.jdk caller="void jdk.internal.misc.Unsafe.putReferenceVolatile(java.lang.Object, long, java.lang.Object)" array.class=java.util.concurrent.ConcurrentHashMap$Node[] array.componentType=java.util.concurrent.ConcurrentHashMap$Node array.length=16 index=13 value.ptr=0x14097fc0 value.class=java.util.concurrent.ConcurrentHashMap$ForwardingNode assignable=1
05-05 10:13:29.891  8231  8280 I WestlakeVM: VM: [PFCUT-TRACE] thread=main-256mb ts_us=2198241466225 kind=setSlot.jdk caller="void jdk.internal.misc.Unsafe.putReferenceVolatile(java.lang.Object, long, java.lang.Object)" array.class=java.util.concurrent.ConcurrentHashMap$Node[] array.componentType=java.util.concurrent.ConcurrentHashMap$Node array.length=32 index=12 value.ptr=0x1409c778 value.class=java.util.concurrent.ConcurrentHashMap$Node assignable=1
05-05 10:13:29.891  8231  8280 I WestlakeVM: VM: [PFCUT-TRACE] thread=main-256mb ts_us=2198241466323 kind=setSlot.jdk caller="void jdk.internal.misc.Unsafe.putReferenceVolatile(java.lang.Object, long, java.lang.Object)" array.class=java.util.concurrent.ConcurrentHashMap$Node[] array.componentType=java.util.concurrent.ConcurrentHashMap$Node array.length=32 index=28 value.ptr=0 value.class=<null> assignable=1
05-05 10:13:29.891  8231  8280 I WestlakeVM: VM: [PFCUT-TRACE] thread=main-256mb ts_us=2198241466421 kind=setSlot.jdk caller="void jdk.internal.misc.Unsafe.putReferenceVolatile(java.lang.Object, long, java.lang.Object)" array.class=java.util.concurrent.ConcurrentHashMap$Node[] array.componentType=java.util.concurrent.ConcurrentHashMap$Node array.length=16 index=12 value.ptr=0x14097fc0 value.class=java.util.concurrent.ConcurrentHashMap$ForwardingNode assignable=1
05-05 10:13:29.891  8231  8280 I WestlakeVM: VM: [PFCUT-TRACE] thread=main-256mb ts_us=2198241466746 kind=setSlot.jdk caller="void jdk.internal.misc.Unsafe.putReferenceVolatile(java.lang.Object, long, java.lang.Object)" array.class=java.util.concurrent.ConcurrentHashMap$Node[] array.componentType=java.util.concurrent.ConcurrentHashMap$Node array.length=32 index=11 value.ptr=0x1409c988 value.class=java.util.concurrent.ConcurrentHashMap$Node assignable=1
05-05 10:13:29.892  8231  8280 I WestlakeVM: VM: [PFCUT-TRACE] thread=main-256mb ts_us=2198241466843 kind=setSlot.jdk caller="void jdk.internal.misc.Unsafe.putReferenceVolatile(java.lang.Object, long, java.lang.Object)" array.class=java.util.concurrent.ConcurrentHashMap$Node[] array.componentType=java.util.concurrent.ConcurrentHashMap$Node array.length=32 index=27 value.ptr=0x1409c868 value.class=java.util.concurrent.ConcurrentHashMap$Node assignable=1
05-05 10:13:29.892  8231  8280 I WestlakeVM: VM: [PFCUT-TRACE] thread=main-256mb ts_us=2198241466943 kind=setSlot.jdk caller="void jdk.internal.misc.Unsafe.putReferenceVolatile(java.lang.Object, long, java.lang.Object)" array.class=java.util.concurrent.ConcurrentHashMap$Node[] array.componentType=java.util.concurrent.ConcurrentHashMap$Node array.length=16 index=11 value.ptr=0x14097fc0 value.class=java.util.concurrent.ConcurrentHashMap$ForwardingNode assignable=1
05-05 10:13:29.892  8231  8280 I WestlakeVM: VM: [PFCUT-TRACE] thread=main-256mb ts_us=2198241467563 kind=setSlot.jdk caller="void jdk.internal.misc.Unsafe.putReferenceVolatile(java.lang.Object, long, java.lang.Object)" array.class=java.util.concurrent.ConcurrentHashMap$Node[] array.componentType=java.util.concurrent.ConcurrentHashMap$Node array.length=32 index=7 value.ptr=0x1409c928 value.class=java.util.concurrent.ConcurrentHashMap$Node assignable=1
05-05 10:13:29.892  8231  8280 I WestlakeVM: VM: [PFCUT-TRACE] thread=main-256mb ts_us=2198241467663 kind=setSlot.jdk caller="void jdk.internal.misc.Unsafe.putReferenceVolatile(java.lang.Object, long, java.lang.Object)" array.class=java.util.concurrent.ConcurrentHashMap$Node[] array.componentType=java.util.concurrent.ConcurrentHashMap$Node array.length=32 index=23 value.ptr=0 value.class=<null> assignable=1
05-05 10:13:29.892  8231  8280 I WestlakeVM: VM: [PFCUT-TRACE] thread=main-256mb ts_us=2198241467757 kind=setSlot.jdk caller="void jdk.internal.misc.Unsafe.putReferenceVolatile(java.lang.Object, long, java.lang.Object)" array.class=java.util.concurrent.ConcurrentHashMap$Node[] array.componentType=java.util.concurrent.ConcurrentHashMap$Node array.length=16 index=7 value.ptr=0x14097fc0 value.class=java.util.concurrent.ConcurrentHashMap$ForwardingNode assignable=1
05-05 10:13:29.893  8231  8280 I WestlakeVM: VM: [PFCUT-TRACE] thread=main-256mb ts_us=2198241467997 kind=setSlot.jdk caller="void jdk.internal.misc.Unsafe.putReferenceVolatile(java.lang.Object, long, java.lang.Object)" array.class=java.util.concurrent.ConcurrentHashMap$Node[] array.componentType=java.util.concurrent.ConcurrentHashMap$Node array.length=32 index=6 value.ptr=0 value.class=<null> assignable=1
05-05 10:13:29.893  8231  8280 I WestlakeVM: VM: [PFCUT-TRACE] thread=main-256mb ts_us=2198241468092 kind=setSlot.jdk caller="void jdk.internal.misc.Unsafe.putReferenceVolatile(java.lang.Object, long, java.lang.Object)" array.class=java.util.concurrent.ConcurrentHashMap$Node[] array.componentType=java.util.concurrent.ConcurrentHashMap$Node array.length=32 index=22 value.ptr=0x1409c7d8 value.class=java.util.concurrent.ConcurrentHashMap$Node assignable=1
05-05 10:13:29.893  8231  8280 I WestlakeVM: VM: [PFCUT-TRACE] thread=main-256mb ts_us=2198241468189 kind=setSlot.jdk caller="void jdk.internal.misc.Unsafe.putReferenceVolatile(java.lang.Object, long, java.lang.Object)" array.class=java.util.concurrent.ConcurrentHashMap$Node[] array.componentType=java.util.concurrent.ConcurrentHashMap$Node array.length=16 index=6 value.ptr=0x14097fc0 value.class=java.util.concurrent.ConcurrentHashMap$ForwardingNode assignable=1
05-05 10:13:29.893  8231  8280 I WestlakeVM: VM: [PFCUT-TRACE] thread=main-256mb ts_us=2198241468430 kind=setSlot.jdk caller="void jdk.internal.misc.Unsafe.putReferenceVolatile(java.lang.Object, long, java.lang.Object)" array.class=java.util.concurrent.ConcurrentHashMap$Node[] array.componentType=java.util.concurrent.ConcurrentHashMap$Node array.length=32 index=5 value.ptr=0x1409c8f8 value.class=java.util.concurrent.ConcurrentHashMap$Node assignable=1
05-05 10:13:29.893  8231  8280 I WestlakeVM: VM: [PFCUT-TRACE] thread=main-256mb ts_us=2198241468527 kind=setSlot.jdk caller="void jdk.internal.misc.Unsafe.putReferenceVolatile(java.lang.Object, long, java.lang.Object)" array.class=java.util.concurrent.ConcurrentHashMap$Node[] array.componentType=java.util.concurrent.ConcurrentHashMap$Node array.length=32 index=21 value.ptr=0 value.class=<null> assignable=1
05-05 10:13:29.893  8231  8280 I WestlakeVM: VM: [PFCUT-TRACE] thread=main-256mb ts_us=2198241468619 kind=setSlot.jdk caller="void jdk.internal.misc.Unsafe.putReferenceVolatile(java.lang.Object, long, java.lang.Object)" array.class=java.util.concurrent.ConcurrentHashMap$Node[] array.componentType=java.util.concurrent.ConcurrentHashMap$Node array.length=16 index=5 value.ptr=0x14097fc0 value.class=java.util.concurrent.ConcurrentHashMap$ForwardingNode assignable=1
05-05 10:13:29.894  8231  8280 I WestlakeVM: VM: [PFCUT-TRACE] thread=main-256mb ts_us=2198241468860 kind=setSlot.jdk caller="void jdk.internal.misc.Unsafe.putReferenceVolatile(java.lang.Object, long, java.lang.Object)" array.class=java.util.concurrent.ConcurrentHashMap$Node[] array.componentType=java.util.concurrent.ConcurrentHashMap$Node array.length=32 index=4 value.ptr=0x1409c7a8 value.class=java.util.concurrent.ConcurrentHashMap$Node assignable=1
05-05 10:13:29.894  8231  8280 I WestlakeVM: VM: [PFCUT-TRACE] thread=main-256mb ts_us=2198241468956 kind=setSlot.jdk caller="void jdk.internal.misc.Unsafe.putReferenceVolatile(java.lang.Object, long, java.lang.Object)" array.class=java.util.concurrent.ConcurrentHashMap$Node[] array.componentType=java.util.concurrent.ConcurrentHashMap$Node array.length=32 index=20 value.ptr=0 value.class=<null> assignable=1
05-05 10:13:29.894  8231  8280 I WestlakeVM: VM: [PFCUT-TRACE] thread=main-256mb ts_us=2198241469051 kind=setSlot.jdk caller="void jdk.internal.misc.Unsafe.putReferenceVolatile(java.lang.Object, long, java.lang.Object)" array.class=java.util.concurrent.ConcurrentHashMap$Node[] array.componentType=java.util.concurrent.ConcurrentHashMap$Node array.length=16 index=4 value.ptr=0x14097fc0 value.class=java.util.concurrent.ConcurrentHashMap$ForwardingNode assignable=1
05-05 10:13:29.894  8231  8280 I WestlakeVM: VM: [PFCUT-TRACE] thread=main-256mb ts_us=2198241469421 kind=setSlot.jdk caller="void jdk.internal.misc.Unsafe.putReferenceVolatile(java.lang.Object, long, java.lang.Object)" array.class=java.util.concurrent.ConcurrentHashMap$Node[] array.componentType=java.util.concurrent.ConcurrentHashMap$Node array.length=32 index=2 value.ptr=0x1409c838 value.class=java.util.concurrent.ConcurrentHashMap$Node assignable=1
05-05 10:13:29.895  8231  8280 I WestlakeVM: VM: [PFCUT-TRACE] thread=main-256mb ts_us=2198241469519 kind=setSlot.jdk caller="void jdk.internal.misc.Unsafe.putReferenceVolatile(java.lang.Object, long, java.lang.Object)" array.class=java.util.concurrent.ConcurrentHashMap$Node[] array.componentType=java.util.concurrent.ConcurrentHashMap$Node array.length=32 index=18 value.ptr=0 value.class=<null> assignable=1
05-05 10:13:29.895  8231  8280 I WestlakeVM: VM: [PFCUT-TRACE] thread=main-256mb ts_us=2198241469613 kind=setSlot.jdk caller="void jdk.internal.misc.Unsafe.putReferenceVolatile(java.lang.Object, long, java.lang.Object)" array.class=java.util.concurrent.ConcurrentHashMap$Node[] array.componentType=java.util.concurrent.ConcurrentHashMap$Node array.length=16 index=2 value.ptr=0x14097fc0 value.class=java.util.concurrent.ConcurrentHashMap$ForwardingNode assignable=1
05-05 10:13:29.895  8231  8280 I WestlakeVM: VM: [PFCUT] InterpreterJni jdk.Unsafe CAS int target=0x14099300 offset=52 current=-2145714174 expected=-2145714174 new=-2145714175 success=1
05-05 10:13:29.898  8231  8280 I WestlakeVM: VM: [PFCUT] InterpreterJni jdk.Unsafe CAS long target=0x14099300 offset=40 current=12 expected=12 new=13 success=1
05-05 10:13:29.909  8231  8280 I WestlakeVM: VM: [PFCUT] AtomicInteger.incrementAndGet intrinsic current=1
05-05 10:13:29.909  8231  8280 I WestlakeVM: VM: WESTLAKE_SECURITY_SUNX509_ALIAS_READY tmfSpi=com.westlake.engine.WestlakeTrustManagerFactorySpi sslSpi=com.westlake.engine.WestlakeSslContextSpi
05-05 10:13:29.912  8231  8280 I WestlakeVM: VM: [PFCUT] InterpreterJni jdk.Unsafe CAS int target=0x14079680 offset=52 current=0 expected=0 new=-1 success=1
05-05 10:13:30.019  8231  8280 I WestlakeVM: VM: WESTLAKE_SECURITY_SHA256_READY provider=WestlakeDigest len=32 first=186
05-05 10:13:30.019  8231  8280 I WestlakeVM: VM: Hidden API exemption step skipped on standalone guest
05-05 10:13:30.020  8231  8280 I WestlakeVM: VM: Real runtime probe skipped on standalone guest
05-05 10:13:30.020  8231  8280 I WestlakeVM: VM: Framework stubs pre-registered by runtime
05-05 10:13:30.021  8231  8280 I WestlakeVM: VM: [dalvikvm] prime cutoff canary launch
05-05 10:13:30.036  8231  8280 I WestlakeVM: VM: System.log(E): Ignoring attempt to set property "westlake.apk.path" to value "/data/local/tmp/westlake/com_github_ashutoshgngwr_noice.apk".
05-05 10:13:30.041  8231  8280 I WestlakeVM: VM: System.log(E): Ignoring attempt to set property "westlake.apk.resdir" to value "/data/local/tmp/westlake/com_github_ashutoshgngwr_noice_res".
05-05 10:13:30.043  8231  8280 I WestlakeVM: VM: [PFCUT] Class.getDeclaredField intrinsic hit class=java.lang.ClassLoader name=packages
05-05 10:13:30.045  8231  8280 I WestlakeVM: VM: [WestlakeLauncher] Repaired ClassLoader packages for dalvik.system.PathClassLoader
05-05 10:13:30.045  8231  8280 I WestlakeVM: VM: [PFCUT] Class.getDeclaredField intrinsic hit class=java.lang.ClassLoader name=packages
05-05 10:13:30.046  8231  8280 I WestlakeVM: VM: [WestlakeLauncher] Repaired ClassLoader packages for java.lang.BootClassLoader
05-05 10:13:30.049  8231  8280 I WestlakeVM: VM: Starting on OHOS + ART ...
05-05 10:13:30.049  8231  8280 I WestlakeVM: VM: APK:
05-05 10:13:30.049  8231  8280 I WestlakeVM: VM: /data/local/tmp/westlake/com_github_ashutoshgngwr_noice.apk
05-05 10:13:30.049  8231  8280 I WestlakeVM: VM: Activity:
05-05 10:13:30.049  8231  8280 I WestlakeVM: VM: com.github.ashutoshgngwr.noice.activity.MainActivity
05-05 10:13:30.050  8231  8280 I WestlakeVM: VM: Package:
05-05 10:13:30.050  8231  8280 I WestlakeVM: VM: com.github.ashutoshgngwr.noice
05-05 10:13:30.050  8231  8280 I WestlakeVM: VM: Backend mode:
05-05 10:13:30.050  8231  8280 I WestlakeVM: VM: target_ohos_backend
05-05 10:13:30.050  8231  8280 I WestlakeVM: VM: Framework policy:
05-05 10:13:30.050  8231  8280 I WestlakeVM: VM: westlake_only
05-05 10:13:30.051  8231  8280 I WestlakeVM: VM: Real context bootstrap skipped on standalone guest
05-05 10:13:30.275  8231  8280 I WestlakeVM: VM: Manifest: com.github.ashutoshgngwr.noice.NoiceApplication (8 activities, 1 providers)
05-05 10:13:30.276  8231  8280 I WestlakeVM: VM: OHBridge bootstrap deferred on standalone guest
05-05 10:13:30.276  8231  8280 I WestlakeVM: VM: Aux native loads deferred on standalone guest
05-05 10:13:30.276  8231  8280 I WestlakeVM: VM: Bootstrap prop refresh deferred on standalone guest
05-05 10:13:30.276  8231  8280 I WestlakeVM: VM: MiniServer init begin
05-05 10:13:30.280  8231  8280 I WestlakeVM: VM: MiniServer init returned
05-05 10:13:30.280  8231  8280 I WestlakeVM: VM: MiniServer activityManager ready
05-05 10:13:30.280  8231  8280 I WestlakeVM: VM: MiniServer initialized
05-05 10:13:30.282  8231  8280 I WestlakeVM: VM: [WestlakeLauncher] Application from manifest: com.github.ashutoshgngwr.noice.NoiceApplication
05-05 10:13:30.284  8231  8280 I WestlakeVM: VM: [PFCUT] Class.getDeclaredField intrinsic hit class=java.lang.ClassLoader name=packages
05-05 10:13:30.284  8231  8280 I WestlakeVM: VM: [PFCUT] Class.getDeclaredField intrinsic hit class=java.lang.ClassLoader name=packages
05-05 10:13:30.299  8231  8280 I WestlakeVM: VM: [WestlakeLauncher] Coroutine runtime seeded before Application.onCreate
05-05 10:13:30.318  8231  8280 I WestlakeVM: VM: PF202 ApkLoader enter
05-05 10:13:30.320  8231  8280 I WestlakeVM: VM: PF202 ApkLoader info seeded
05-05 10:13:30.324  8231  8280 I WestlakeVM: VM: CV PF-MCD-RES_TABLE_READ_BEGIN path=/data/local/tmp/westlake/com_github_ashutoshgngwr_noice_res/resources.arsc
05-05 10:13:30.339  8231  8280 I WestlakeVM: VM: CV PF-MCD-RES_TABLE_READ_DONE bytes=2019644
05-05 10:13:30.340  8231  8280 I WestlakeVM: VM: CV PF-MCD-RES_TABLE_PARSE_BEGIN
05-05 10:13:30.351  3704  3747 W HidlServiceManagement: Waited one second for vendor.qti.hardware.cacert@1.0::IService/default
05-05 10:13:30.352   660   660 I hwservicemanager: Since vendor.qti.hardware.cacert@1.0::IService/default is not registered, trying to start it as a lazy HAL (if it's not configured to be a lazy HAL, it may be stuck starting or still starting).
05-05 10:13:30.353  3704  3747 I HidlServiceManagement: getService: Trying again for vendor.qti.hardware.cacert@1.0::IService/default...
05-05 10:13:30.355   660  8286 W libc    : Unable to set property "ctl.interface_start" to "vendor.qti.hardware.cacert@1.0::IService/default": PROP_ERROR_HANDLE_CONTROL_MESSAGE (0x20)
05-05 10:13:30.355   660  8286 I hwservicemanager: Tried to start vendor.qti.hardware.cacert@1.0::IService/default as a lazy service, but was unable to. Usually this happens when a service is not installed, but if the service is intended to be used as a lazy service, then it may be configured incorrectly.
05-05 10:13:30.268     0     0 E init    : Control message: Could not find 'vendor.qti.hardware.cacert@1.0::IService/default' for ctl.interface_start from pid: 660 (/system/system_ext/bin/hwservicemanager)
05-05 10:13:30.364  8231  8287 D ProfileInstaller: Installing profile for com.westlake.host
05-05 10:13:31.353  3704  3747 W HidlServiceManagement: Waited one second for vendor.qti.hardware.cacert@1.0::IService/default
05-05 10:13:31.355   660   660 I hwservicemanager: Since vendor.qti.hardware.cacert@1.0::IService/default is not registered, trying to start it as a lazy HAL (if it's not configured to be a lazy HAL, it may be stuck starting or still starting).
05-05 10:13:31.357  3704  3747 I HidlServiceManagement: getService: Trying again for vendor.qti.hardware.cacert@1.0::IService/default...
05-05 10:13:31.360   660  8288 W libc    : Unable to set property "ctl.interface_start" to "vendor.qti.hardware.cacert@1.0::IService/default": PROP_ERROR_HANDLE_CONTROL_MESSAGE (0x20)
05-05 10:13:31.360   660  8288 I hwservicemanager: Tried to start vendor.qti.hardware.cacert@1.0::IService/default as a lazy service, but was unable to. Usually this happens when a service is not installed, but if the service is intended to be used as a lazy service, then it may be configured incorrectly.
05-05 10:13:31.272     0     0 E init    : Control message: Could not find 'vendor.qti.hardware.cacert@1.0::IService/default' for ctl.interface_start from pid: 660 (/system/system_ext/bin/hwservicemanager)
05-05 10:13:31.517   703  8190 I keystore2: system/security/keystore2/watchdog/src/lib.rs:356 - Watchdog thread idle -> terminating. Have a great day.
05-05 10:13:32.358  3704  3747 W HidlServiceManagement: Waited one second for vendor.qti.hardware.cacert@1.0::IService/default
05-05 10:13:32.359   660   660 I hwservicemanager: Since vendor.qti.hardware.cacert@1.0::IService/default is not registered, trying to start it as a lazy HAL (if it's not configured to be a lazy HAL, it may be stuck starting or still starting).
05-05 10:13:32.359  3704  3747 I HidlServiceManagement: getService: Trying again for vendor.qti.hardware.cacert@1.0::IService/default...
05-05 10:13:32.362   660  8289 W libc    : Unable to set property "ctl.interface_start" to "vendor.qti.hardware.cacert@1.0::IService/default": PROP_ERROR_HANDLE_CONTROL_MESSAGE (0x20)
05-05 10:13:32.362   660  8289 I hwservicemanager: Tried to start vendor.qti.hardware.cacert@1.0::IService/default as a lazy service, but was unable to. Usually this happens when a service is not installed, but if the service is intended to be used as a lazy service, then it may be configured incorrectly.
05-05 10:13:32.276     0     0 E init    : Control message: Could not find 'vendor.qti.hardware.cacert@1.0::IService/default' for ctl.interface_start from pid: 660 (/system/system_ext/bin/hwservicemanager)
05-05 10:13:33.360  3704  3747 W HidlServiceManagement: Waited one second for vendor.qti.hardware.cacert@1.0::IService/default
05-05 10:13:33.362   660   660 I hwservicemanager: Since vendor.qti.hardware.cacert@1.0::IService/default is not registered, trying to start it as a lazy HAL (if it's not configured to be a lazy HAL, it may be stuck starting or still starting).
05-05 10:13:33.364  3704  3747 I HidlServiceManagement: getService: Trying again for vendor.qti.hardware.cacert@1.0::IService/default...
05-05 10:13:33.366   660  8290 W libc    : Unable to set property "ctl.interface_start" to "vendor.qti.hardware.cacert@1.0::IService/default": PROP_ERROR_HANDLE_CONTROL_MESSAGE (0x20)
05-05 10:13:33.366   660  8290 I hwservicemanager: Tried to start vendor.qti.hardware.cacert@1.0::IService/default as a lazy service, but was unable to. Usually this happens when a service is not installed, but if the service is intended to be used as a lazy service, then it may be configured incorrectly.
05-05 10:13:33.279     0     0 E init    : Control message: Could not find 'vendor.qti.hardware.cacert@1.0::IService/default' for ctl.interface_start from pid: 660 (/system/system_ext/bin/hwservicemanager)
05-05 10:13:33.947     0     0 I QCOM-BATT: pl_fcc_vote_callback: total_fcc_ua=1950000
05-05 10:13:33.947     0     0 I QCOM-BATT: pl_fv_vote_callback: fv_uv=4400000
05-05 10:13:34.364  3704  3747 W HidlServiceManagement: Waited one second for vendor.qti.hardware.cacert@1.0::IService/default
05-05 10:13:34.365   660   660 I hwservicemanager: Since vendor.qti.hardware.cacert@1.0::IService/default is not registered, trying to start it as a lazy HAL (if it's not configured to be a lazy HAL, it may be stuck starting or still starting).
05-05 10:13:34.366  3704  3747 I HidlServiceManagement: getService: Trying again for vendor.qti.hardware.cacert@1.0::IService/default...
05-05 10:13:34.368   660  8292 W libc    : Unable to set property "ctl.interface_start" to "vendor.qti.hardware.cacert@1.0::IService/default": PROP_ERROR_HANDLE_CONTROL_MESSAGE (0x20)
05-05 10:13:34.368   660  8292 I hwservicemanager: Tried to start vendor.qti.hardware.cacert@1.0::IService/default as a lazy service, but was unable to. Usually this happens when a service is not installed, but if the service is intended to be used as a lazy service, then it may be configured incorrectly.
05-05 10:13:34.281     0     0 E init    : Control message: Could not find 'vendor.qti.hardware.cacert@1.0::IService/default' for ctl.interface_start from pid: 660 (/system/system_ext/bin/hwservicemanager)
05-05 10:13:34.306     0     0 E FG      : fg_psy_get_property: unsupported property 79
05-05 10:13:34.315     0     0 E FG      : fg_psy_get_property: unsupported property 79
05-05 10:13:34.320     0     0 W healthd : battery l=100 v=2915 t=21.2 h=2 st=5 c=0 fc=2831000 chg=u
05-05 10:13:34.414  1126  1126 D QtiCarrierConfigHelper: WARNING, no carrier configs on phone Id: 0
05-05 10:13:34.420   960  2713 D PowerUI : can't show warning due to - plugged: true status unknown: false
05-05 10:13:34.339     0     0 E FG      : fg_psy_get_property: unsupported property 79
05-05 10:13:34.494     0     0 E FG      : fg_psy_get_property: unsupported property 79
05-05 10:13:34.499     0     0 W healthd : battery l=100 v=2915 t=21.2 h=2 st=5 c=0 fc=2831000 chg=u
05-05 10:13:34.506     0     0 E FG      : fg_psy_get_property: unsupported property 79
05-05 10:13:34.599  8231  8236 I m.westlake.host: Background concurrent copying GC freed 15MB AllocSpace bytes, 9(460KB) LOS objects, 86% free, 3810KB/27MB, paused 136us,114us total 131.287ms
05-05 10:13:34.957   713  1834 I NxpNciR : len =   4 > 600701A1
05-05 10:13:35.366  3704  3747 W HidlServiceManagement: Waited one second for vendor.qti.hardware.cacert@1.0::IService/default
05-05 10:13:35.368   660   660 I hwservicemanager: Since vendor.qti.hardware.cacert@1.0::IService/default is not registered, trying to start it as a lazy HAL (if it's not configured to be a lazy HAL, it may be stuck starting or still starting).
05-05 10:13:35.369  3704  3747 I HidlServiceManagement: getService: Trying again for vendor.qti.hardware.cacert@1.0::IService/default...
05-05 10:13:35.373   660  8293 W libc    : Unable to set property "ctl.interface_start" to "vendor.qti.hardware.cacert@1.0::IService/default": PROP_ERROR_HANDLE_CONTROL_MESSAGE (0x20)
05-05 10:13:35.373   660  8293 I hwservicemanager: Tried to start vendor.qti.hardware.cacert@1.0::IService/default as a lazy service, but was unable to. Usually this happens when a service is not installed, but if the service is intended to be used as a lazy service, then it may be configured incorrectly.
05-05 10:13:35.286     0     0 E init    : Control message: Could not find 'vendor.qti.hardware.cacert@1.0::IService/default' for ctl.interface_start from pid: 660 (/system/system_ext/bin/hwservicemanager)
05-05 10:13:36.370  3704  3747 W HidlServiceManagement: Waited one second for vendor.qti.hardware.cacert@1.0::IService/default
05-05 10:13:36.371   660   660 I hwservicemanager: Since vendor.qti.hardware.cacert@1.0::IService/default is not registered, trying to start it as a lazy HAL (if it's not configured to be a lazy HAL, it may be stuck starting or still starting).
05-05 10:13:36.372  3704  3747 I HidlServiceManagement: getService: Trying again for vendor.qti.hardware.cacert@1.0::IService/default...
05-05 10:13:36.288     0     0 E init    : Control message: Could not find 'vendor.qti.hardware.cacert@1.0::IService/default' for ctl.interface_start from pid: 660 (/system/system_ext/bin/hwservicemanager)
05-05 10:13:36.375   660  8294 W libc    : Unable to set property "ctl.interface_start" to "vendor.qti.hardware.cacert@1.0::IService/default": PROP_ERROR_HANDLE_CONTROL_MESSAGE (0x20)
05-05 10:13:36.375   660  8294 I hwservicemanager: Tried to start vendor.qti.hardware.cacert@1.0::IService/default as a lazy service, but was unable to. Usually this happens when a service is not installed, but if the service is intended to be used as a lazy service, then it may be configured incorrectly.
05-05 10:13:37.115   713  1834 I NxpNciR : len =   4 > 600701A1
05-05 10:13:37.372  3704  3747 W HidlServiceManagement: Waited one second for vendor.qti.hardware.cacert@1.0::IService/default
05-05 10:13:37.373   660   660 I hwservicemanager: Since vendor.qti.hardware.cacert@1.0::IService/default is not registered, trying to start it as a lazy HAL (if it's not configured to be a lazy HAL, it may be stuck starting or still starting).
05-05 10:13:37.375  3704  3747 I HidlServiceManagement: getService: Trying again for vendor.qti.hardware.cacert@1.0::IService/default...
05-05 10:13:37.290     0     0 E init    : Control message: Could not find 'vendor.qti.hardware.cacert@1.0::IService/default' for ctl.interface_start from pid: 660 (/system/system_ext/bin/hwservicemanager)
05-05 10:13:37.377   660  8295 W libc    : Unable to set property "ctl.interface_start" to "vendor.qti.hardware.cacert@1.0::IService/default": PROP_ERROR_HANDLE_CONTROL_MESSAGE (0x20)
05-05 10:13:37.377   660  8295 I hwservicemanager: Tried to start vendor.qti.hardware.cacert@1.0::IService/default as a lazy service, but was unable to. Usually this happens when a service is not installed, but if the service is intended to be used as a lazy service, then it may be configured incorrectly.
05-05 10:13:38.375  3704  3747 W HidlServiceManagement: Waited one second for vendor.qti.hardware.cacert@1.0::IService/default
05-05 10:13:38.376   660   660 I hwservicemanager: Since vendor.qti.hardware.cacert@1.0::IService/default is not registered, trying to start it as a lazy HAL (if it's not configured to be a lazy HAL, it may be stuck starting or still starting).
05-05 10:13:38.377  3704  3747 I HidlServiceManagement: getService: Trying again for vendor.qti.hardware.cacert@1.0::IService/default...
05-05 10:13:38.380   660  8296 W libc    : Unable to set property "ctl.interface_start" to "vendor.qti.hardware.cacert@1.0::IService/default": PROP_ERROR_HANDLE_CONTROL_MESSAGE (0x20)
