--------- beginning of kernel
05-05 10:13:21.533     0     0 I logd    : logdr: UID=2000 GID=2000 PID=8203 b tail=0 logMask=99 pid=0 start=0ns deadline=0ns
--------- beginning of main
05-05 10:13:21.857   713  1834 I NxpNciR : len =   4 > 600701A1
--------- beginning of system
05-05 10:13:22.142   307   391 E AccessPersistence: Failed to verity-protect runtime-permissions
05-05 10:13:22.142   307   391 E AccessPersistence: java.io.IOException: Failed to enable fs-verity on FD(543): Inappropriate ioctl for device
05-05 10:13:22.142   307   391 E AccessPersistence: 	at com.android.internal.security.VerityUtils.setUpFsverity(VerityUtils.java:94)
05-05 10:13:22.142   307   391 E AccessPersistence: 	at com.android.server.security.FileIntegrity.setUpFsVerity(FileIntegrity.java:66)
05-05 10:13:22.142   307   391 E AccessPersistence: 	at com.android.server.security.FileIntegrity.setUpFsVerity(FileIntegrity.java:50)
05-05 10:13:22.142   307   391 E AccessPersistence: 	at com.android.server.permission.access.AccessPersistence.writeSystemState(AccessPersistence.kt:65)
05-05 10:13:22.142   307   391 E AccessPersistence: 	at com.android.server.permission.access.AccessPersistence.writePendingState(AccessPersistence.kt:149)
05-05 10:13:22.142   307   391 E AccessPersistence: 	at com.android.server.permission.access.AccessPersistence.access$writePendingState(AccessPersistence.kt:41)
05-05 10:13:22.142   307   391 E AccessPersistence: 	at com.android.server.permission.access.AccessPersistence$WriteHandler.handleMessage(AccessPersistence.kt:190)
05-05 10:13:22.142   307   391 E AccessPersistence: 	at android.os.Handler.dispatchMessage(Handler.java:109)
05-05 10:13:22.142   307   391 E AccessPersistence: 	at android.os.Looper.loopOnce(Looper.java:232)
05-05 10:13:22.142   307   391 E AccessPersistence: 	at android.os.Looper.loop(Looper.java:317)
05-05 10:13:22.142   307   391 E AccessPersistence: 	at android.os.HandlerThread.run(HandlerThread.java:85)
05-05 10:13:22.142   307   391 E AccessPersistence: 	at com.android.server.ServiceThread.run(ServiceThread.java:49)
05-05 10:13:22.169   307   391 E AccessPersistence: Failed to verity-protect runtime-permissions
05-05 10:13:22.169   307   391 E AccessPersistence: java.io.IOException: Failed to enable fs-verity on FD(543): Inappropriate ioctl for device
05-05 10:13:22.169   307   391 E AccessPersistence: 	at com.android.internal.security.VerityUtils.setUpFsverity(VerityUtils.java:94)
05-05 10:13:22.169   307   391 E AccessPersistence: 	at com.android.server.security.FileIntegrity.setUpFsVerity(FileIntegrity.java:66)
05-05 10:13:22.169   307   391 E AccessPersistence: 	at com.android.server.security.FileIntegrity.setUpFsVerity(FileIntegrity.java:50)
05-05 10:13:22.169   307   391 E AccessPersistence: 	at com.android.server.permission.access.AccessPersistence.writeUserState(AccessPersistence.kt:65)
05-05 10:13:22.169   307   391 E AccessPersistence: 	at com.android.server.permission.access.AccessPersistence.writePendingState(AccessPersistence.kt:151)
05-05 10:13:22.169   307   391 E AccessPersistence: 	at com.android.server.permission.access.AccessPersistence.access$writePendingState(AccessPersistence.kt:41)
05-05 10:13:22.169   307   391 E AccessPersistence: 	at com.android.server.permission.access.AccessPersistence$WriteHandler.handleMessage(AccessPersistence.kt:190)
05-05 10:13:22.169   307   391 E AccessPersistence: 	at android.os.Handler.dispatchMessage(Handler.java:109)
05-05 10:13:22.169   307   391 E AccessPersistence: 	at android.os.Looper.loopOnce(Looper.java:232)
05-05 10:13:22.169   307   391 E AccessPersistence: 	at android.os.Looper.loop(Looper.java:317)
05-05 10:13:22.169   307   391 E AccessPersistence: 	at android.os.HandlerThread.run(HandlerThread.java:85)
05-05 10:13:22.169   307   391 E AccessPersistence: 	at com.android.server.ServiceThread.run(ServiceThread.java:49)
05-05 10:13:22.183     0     0 I binder  : 8209:8209 ioctl 40046210 7fd4976d44 returned -22
05-05 10:13:22.278   307 22229 I ActivityManager: Force stopping com.westlake.host appid=10218 user=0: from pid 8209
05-05 10:13:22.287  1166  1166 D CarrierSvcBindHelper: onHandleForceStop: [com.westlake.host]
05-05 10:13:22.288   307   767 I AppWidgetServiceImpl: Received broadcast: android.intent.action.PACKAGE_RESTARTED on user 0
05-05 10:13:22.288   307   767 I AppWidgetServiceImpl: Updating package stopped masked state for uid 10218 package com.westlake.host isStopped true
05-05 10:13:22.291  1166  1166 D CarrierSvcBindHelper: No carrier app for: 0
05-05 10:13:22.292  1166  1166 D CarrierSvcBindHelper: No carrier app for: 1
05-05 10:13:22.330  3704  3747 W HidlServiceManagement: Waited one second for vendor.qti.hardware.cacert@1.0::IService/default
05-05 10:13:22.330   660   660 I hwservicemanager: Since vendor.qti.hardware.cacert@1.0::IService/default is not registered, trying to start it as a lazy HAL (if it's not configured to be a lazy HAL, it may be stuck starting or still starting).
05-05 10:13:22.331  3704  3747 I HidlServiceManagement: getService: Trying again for vendor.qti.hardware.cacert@1.0::IService/default...
05-05 10:13:22.332   660  8214 W libc    : Unable to set property "ctl.interface_start" to "vendor.qti.hardware.cacert@1.0::IService/default": PROP_ERROR_HANDLE_CONTROL_MESSAGE (0x20)
05-05 10:13:22.332   660  8214 I hwservicemanager: Tried to start vendor.qti.hardware.cacert@1.0::IService/default as a lazy service, but was unable to. Usually this happens when a service is not installed, but if the service is intended to be used as a lazy service, then it may be configured incorrectly.
05-05 10:13:22.245     0     0 E init    : Control message: Could not find 'vendor.qti.hardware.cacert@1.0::IService/default' for ctl.interface_start from pid: 660 (/system/system_ext/bin/hwservicemanager)
05-05 10:13:23.012   307 22229 I ActivityManager: Force stopping com.westlake.host appid=10218 user=0: from pid 8225
05-05 10:13:22.920     0     0 I binder  : 8225:8225 ioctl 40046210 7fd197edf4 returned -22
05-05 10:13:23.019   307   767 I AppWidgetServiceImpl: Received broadcast: android.intent.action.PACKAGE_RESTARTED on user 0
05-05 10:13:23.019   307   767 I AppWidgetServiceImpl: Updating package stopped masked state for uid 10218 package com.westlake.host isStopped true
05-05 10:13:23.021  1166  1166 D CarrierSvcBindHelper: onHandleForceStop: [com.westlake.host]
05-05 10:13:23.023  1166  1166 D CarrierSvcBindHelper: No carrier app for: 0
05-05 10:13:23.023  1166  1166 D CarrierSvcBindHelper: No carrier app for: 1
05-05 10:13:23.271   307 22229 W ActivityTaskManager: callingPackage for (uid=2000, pid=8225) has no WPC
05-05 10:13:23.276   307 22229 V GrammaticalInflectionUtils: AttributionSource: AttributionSource { uid = 10218, packageName = null, attributionTag = null, token = android.os.Binder@a81f694, deviceId = 0, next = null } does not have READ_SYSTEM_GRAMMATICAL_GENDER permission.
05-05 10:13:23.277   307 22229 W OptProp : Cannot read opt property android.window.PROPERTY_COMPAT_ALLOW_RESIZEABLE_ACTIVITY_OVERRIDES
05-05 10:13:23.277   307 22229 W OptProp : Cannot read opt property android.window.PROPERTY_COMPAT_ALLOW_MIN_ASPECT_RATIO_OVERRIDE
05-05 10:13:23.289   307 22229 W OptProp : Cannot read opt property android.window.PROPERTY_COMPAT_ALLOW_ORIENTATION_OVERRIDE
05-05 10:13:23.289  3320  4831 I BpBinder: onLastStrongRef automatically unlinking death recipients: 
05-05 10:13:23.293   307 22229 V SplashScreenExceptionList: SplashScreen checking exception for package com.westlake.host (target sdk:28) -> false
05-05 10:13:23.293  3220  3220 I android.hardware.power-service-qti: Power setMode: 5 to: 1
05-05 10:13:23.297  3267  3300 E ANDR-PERF-UTIL: Failed to read /sys/class/mmc_host/mmc0/clk_scaling/enable
05-05 10:13:23.297  3267  3300 E ANDR-PERF-OPTSHANDLER: Failed to read /sys/class/mmc_host/mmc0/clk_scaling/enable
05-05 10:13:23.297  3267  3300 E ANDR-PERF-RESOURCEQS: Failed to apply optimization [11, 4]
05-05 10:13:23.299   307 22229 I ActivityTaskManager: START u0 {flg=0x10000000 cmp=com.westlake.host/.WestlakeActivity (has extras)} with LAUNCH_MULTIPLE from uid 2000 (BAL_ALLOW_PERMISSION) result code=0
05-05 10:13:23.300   960  1004 I ndroid.systemui: AssetManager2(0x7bd47144d8) locale list changing from [] to [en-US]
05-05 10:13:23.301  1230  1230 W SplitSelectStateCtor: Missing session instanceIds
05-05 10:13:23.301  1230  1230 D StatsLog: LAUNCHER_SPLIT_SELECTION_EXIT_INTERRUPTED
05-05 10:13:23.302   960   982 V WindowManagerShell: Transition requested (#4408): android.os.BinderProxy@d0c8b01 TransitionRequestInfo { type = OPEN, triggerTask = TaskInfo{userId=0 taskId=2268 effectiveUid=10218 displayId=0 isRunning=true baseIntent=Intent { flg=0x10000000 cmp=com.westlake.host/.WestlakeActivity } baseActivity=ComponentInfo{com.westlake.host/com.westlake.host.WestlakeActivity} topActivity=ComponentInfo{com.westlake.host/com.westlake.host.WestlakeActivity} origActivity=null realActivity=ComponentInfo{com.westlake.host/com.westlake.host.WestlakeActivity} numActivities=1 lastActiveTime=2238195865 supportsMultiWindow=true resizeMode=1 isResizeable=true minWidth=-1 minHeight=-1 defaultMinSize=220 token=WCT{android.window.IWindowContainerToken$Stub$Proxy@241b3e7} topActivityType=1 pictureInPictureParams=null shouldDockBigOverlays=false launchIntoPipHostTaskId=-1 lastParentTaskIdBeforePip=-1 displayCutoutSafeInsets=Rect(0, 80 - 0, 0) topActivityInfo=ActivityInfo{6742b94 com.westlake.host.WestlakeActivity} launchCookies=[] positionInParent=Point(0, 0) parentTaskId=-1 isFocused=false isVisible=false isVisibleRequested=false isTopActivityNoDisplay=false isSleeping=false locusId=null displayAreaFeatureId=1 isTopActivityTransparent=false isActivityStackTransparent=false lastNonFullscreenBounds=Rect(267, 606 - 814, 1686) capturedLink=null capturedLinkTimestamp=0 requestedVisibleTypes=-9 topActivityRequestOpenInBrowserEducationTimestamp=0 appCompatTaskInfo=AppCompatTaskInfo { topActivityInSizeCompat=false eligibleForLetterboxEducation= false isLetterboxEducationEnabled= false isLetterboxDoubleTapEnabled= false eligibleForUserAspectRatioButton= false topActivityBoundsLetterboxed= false isFromLetterboxDoubleTap= false topActivityLetterboxVerticalPosition= -1 topActivityLetterboxHorizontalPosition= -1 topActivityLetterboxWidth=-1 topActivityLetterboxHeight=-1 topActivityLetterboxAppWidth=-1 topActivityLetterboxAppHeight=-1 isUserFullscreenOverrideEnabled=false isSystemFullscreenOverrideEnabled=false hasMinAspectRatioOverride=false topActivityLetterboxBounds=null cameraCompatTaskInfo=CameraCompatTaskInfo { freeformCameraCompatMode=inactive}} topActivityMainWindowFrame=null}, pipChange = null, remoteTransition = null, displayChange = null, flags = 0, debugId = 4408 }
05-05 10:13:23.303   960   982 D ShellSplitScreen: logExit: no-op, mLoggerSessionId is null
05-05 10:13:23.311   960  1005 D SplashScreenView: Build android.window.SplashScreenView{760fe32 V.E...... ......ID 0,0-0,0}
05-05 10:13:23.311   960  1005 D SplashScreenView: Icon: view: android.widget.ImageView{e6ba783 V.ED..... ......I. 0,0-0,0 #1020525 android:id/splashscreen_icon_view} drawable: com.android.wm.shell.startingsurface.SplashscreenIconDrawableFactory$ImmobileIconDrawable@3326d00 size: 450
05-05 10:13:23.311   960  1005 D SplashScreenView: Branding: view: android.view.View{7ae9939 G.ED..... ......I. 0,0-0,0 #1020524 android:id/splashscreen_branding_view} drawable: null size w: 0 h: 0
05-05 10:13:23.311   960   982 D WindowManagerShell: setLauncherKeepClearAreaHeight: visible=false, height=292
05-05 10:13:23.315   307   421 V GrammaticalInflectionUtils: AttributionSource: AttributionSource { uid = 10218, packageName = null, attributionTag = null, token = android.os.Binder@a81f694, deviceId = 0, next = null } does not have READ_SYSTEM_GRAMMATICAL_GENDER permission.
05-05 10:13:23.316  3080 29189 I netd    : tetherGetStats() -> {[]} <2.13ms>
05-05 10:13:23.324  3320  3320 I BpBinder: onLastStrongRef automatically unlinking death recipients: 
05-05 10:13:23.328   307   780 D BackgroundInstallControlService: Package event received: 0
05-05 10:13:23.328   307   767 I AppWidgetServiceImpl: Received broadcast: android.intent.action.PACKAGE_UNSTOPPED on user 0
05-05 10:13:23.328   307   767 I AppWidgetServiceImpl: Updating package stopped masked state for uid 10218 package com.westlake.host isStopped false
05-05 10:13:23.331  3704  3747 W HidlServiceManagement: Waited one second for vendor.qti.hardware.cacert@1.0::IService/default
05-05 10:13:23.333   660   660 I hwservicemanager: Since vendor.qti.hardware.cacert@1.0::IService/default is not registered, trying to start it as a lazy HAL (if it's not configured to be a lazy HAL, it may be stuck starting or still starting).
05-05 10:13:23.334   307 22755 D CoreBackPreview: Window{23a580b u0 Splash Screen com.westlake.host}: Setting back callback OnBackInvokedCallbackInfo{mCallback=android.window.IOnBackInvokedCallback$Stub$Proxy@83469e7, mPriority=0, mIsAnimationCallback=false, mOverrideBehavior=0}
05-05 10:13:23.338  3704  3747 I HidlServiceManagement: getService: Trying again for vendor.qti.hardware.cacert@1.0::IService/default...
05-05 10:13:23.348 32752 32752 D Zygote  : Forked child process 8231
05-05 10:13:23.349   660  8229 W libc    : Unable to set property "ctl.interface_start" to "vendor.qti.hardware.cacert@1.0::IService/default": PROP_ERROR_HANDLE_CONTROL_MESSAGE (0x20)
05-05 10:13:23.349   660  8229 I hwservicemanager: Tried to start vendor.qti.hardware.cacert@1.0::IService/default as a lazy service, but was unable to. Usually this happens when a service is not installed, but if the service is intended to be used as a lazy service, then it may be configured incorrectly.
05-05 10:13:23.350  1650  1664 D ForegroundUtils: Foreground UID status:
05-05 10:13:23.350  1650  1664 D ForegroundUtils: UID: 10130 is in foreground: false
05-05 10:13:23.350  1650  1664 D ForegroundUtils: UID: 10152 is in foreground: true
05-05 10:13:23.350  1650  1664 D ForegroundUtils: UID: 10159 is in foreground: true
05-05 10:13:23.350  1650  1664 D ForegroundUtils: UID: 10173 is in foreground: true
05-05 10:13:23.350  1650  1664 D ForegroundUtils: UID: 10190 is in foreground: true
05-05 10:13:23.350  1650  1664 D ForegroundUtils: UID: 10193 is in foreground: false
05-05 10:13:23.352   307   526 I ActivityManager: Start proc 8231:com.westlake.host/u0a218 for next-top-activity {com.westlake.host/com.westlake.host.WestlakeActivity}
05-05 10:13:23.261     0     0 E init    : Control message: Could not find 'vendor.qti.hardware.cacert@1.0::IService/default' for ctl.interface_start from pid: 660 (/system/system_ext/bin/hwservicemanager)
05-05 10:13:23.359   960  1270 V WindowManagerShell: onTransitionReady(transaction=1318555125401)
05-05 10:13:23.359   307   388 V WindowManager: Sent Transition (#4408) createdAt=05-05 10:13:23.278 via request=TransitionRequestInfo { type = OPEN, triggerTask = TaskInfo{userId=0 taskId=2268 effectiveUid=10218 displayId=0 isRunning=true baseIntent=Intent { flg=0x10000000 cmp=com.westlake.host/.WestlakeActivity } baseActivity=ComponentInfo{com.westlake.host/com.westlake.host.WestlakeActivity} topActivity=ComponentInfo{com.westlake.host/com.westlake.host.WestlakeActivity} origActivity=null realActivity=ComponentInfo{com.westlake.host/com.westlake.host.WestlakeActivity} numActivities=1 lastActiveTime=2238195865 supportsMultiWindow=true resizeMode=1 isResizeable=true minWidth=-1 minHeight=-1 defaultMinSize=220 token=WCT{RemoteToken{98aaedf Task{b20ebef #2268 type=standard A=10218:com.westlake.host}}} topActivityType=1 pictureInPictureParams=null shouldDockBigOverlays=false launchIntoPipHostTaskId=-1 lastParentTaskIdBeforePip=-1 displayCutoutSafeInsets=Rect(0, 80 - 0, 0) topActivityInfo=ActivityInfo{ce972c com.westlake.host.WestlakeActivity} launchCookies=[] positionInParent=Point(0, 0) parentTaskId=-1 isFocused=false isVisible=false isVisibleRequested=false isTopActivityNoDisplay=false isSleeping=false locusId=null displayAreaFeatureId=1 isTopActivityTransparent=false isActivityStackTransparent=false lastNonFullscreenBounds=Rect(267, 606 - 814, 1686) capturedLink=null capturedLinkTimestamp=0 requestedVisibleTypes=-9 topActivityRequestOpenInBrowserEducationTimestamp=0 appCompatTaskInfo=AppCompatTaskInfo { topActivityInSizeCompat=false eligibleForLetterboxEducation= false isLetterboxEducationEnabled= false isLetterboxDoubleTapEnabled= false eligibleForUserAspectRatioButton= false topActivityBoundsLetterboxed= false isFromLetterboxDoubleTap= false topActivityLetterboxVerticalPosition= -1 topActivityLetterboxHorizontalPosition= -1 topActivityLetterboxWidth=-1 topActivityLetterboxHeight=-1 topActivityLetterboxAppWidth=-1 topActivityLetterboxAppHeight=-1 isUserFullscreenOverrideEnabled=false isSystemFullscreenOverrideEnabled=false hasMinAspectRatioOverride=false topActivityLetterboxBounds=null cameraCompatTaskInfo=CameraCompatTaskInfo { freeformCameraCompatMode=inactive}} topActivityMainWindowFrame=null}, pipChange = null, remoteTransition = null, displayChange = null, flags = 0, debugId = 4408 }
05-05 10:13:23.359   307   388 V WindowManager:     startWCT=WindowContainerTransaction { changes= {} hops= [] errorCallbackToken=null taskFragmentOrganizer=null }
05-05 10:13:23.359   307   388 V WindowManager:     info={id=4408 t=OPEN f=0x0 trk=0 r=[0@Point(0, 0)] c=[
05-05 10:13:23.359   307   388 V WindowManager:         {WCT{RemoteToken{98aaedf Task{b20ebef #2268 type=standard A=10218:com.westlake.host}}} m=OPEN f=NONE leash=Surface(name=Task=2268)/@0xfd3bd83 sb=Rect(0, 0 - 1080, 2280) eb=Rect(0, 0 - 1080, 2280) epz=Point(1080, 2280) d=0 taskParent=-1},
05-05 10:13:23.359   307   388 V WindowManager:         {WCT{RemoteToken{cb0a3c2 Task{a516ecc #1 type=home}}} m=TO_BACK f=SHOW_WALLPAPER leash=Surface(name=Task=1)/@0xdc03e5b sb=Rect(0, 0 - 1080, 2280) eb=Rect(0, 0 - 1080, 2280) epz=Point(1080, 2280) d=0 taskParent=-1}
05-05 10:13:23.359   307   388 V WindowManager:     ]}
05-05 10:13:23.360   960   982 V WindowManagerShell: onTransitionReady (#4408) android.os.BinderProxy@d0c8b01: {id=4408 t=OPEN f=0x0 trk=0 r=[0@Point(0, 0)] c=[
05-05 10:13:23.360   960   982 V WindowManagerShell:         {m=OPEN f=NONE leash=Surface(name=Task=2268)/@0xdd57773 sb=Rect(0, 0 - 1080, 2280) eb=Rect(0, 0 - 1080, 2280) epz=Point(1080, 2280) d=0 taskParent=-1},
05-05 10:13:23.360   960   982 V WindowManagerShell:         {m=TO_BACK f=SHOW_WALLPAPER leash=Surface(name=Task=1)/@0x43b1630 sb=Rect(0, 0 - 1080, 2280) eb=Rect(0, 0 - 1080, 2280) epz=Point(1080, 2280) d=0 taskParent=-1}
05-05 10:13:23.360   960   982 V WindowManagerShell:     ]}
05-05 10:13:23.360   960   982 V WindowManagerShell: Playing animation for (#4408) android.os.BinderProxy@d0c8b01@0
05-05 10:13:23.360   960   982 V ShellRecents: RecentsTransitionHandler.startAnimation: no controller found
05-05 10:13:23.360   960   982 V WindowManagerShell: Transition doesn't have explicit remote, search filters for match for {id=4408 t=OPEN f=0x0 trk=0 r=[0@Point(0, 0)] c=[{m=OPEN f=NONE leash=Surface(name=Task=2268)/@0xdd57773 sb=Rect(0, 0 - 1080, 2280) eb=Rect(0, 0 - 1080, 2280) epz=Point(1080, 2280) d=0 taskParent=-1},{m=TO_BACK f=SHOW_WALLPAPER leash=Surface(name=Task=1)/@0x43b1630 sb=Rect(0, 0 - 1080, 2280) eb=Rect(0, 0 - 1080, 2280) epz=Point(1080, 2280) d=0 taskParent=-1}]}
05-05 10:13:23.360   960   982 V WindowManagerShell:  Checking filter Pair{{types=[] flags=0x0] notFlags=0x100 checks=[{atype=home independent=true modes=[OPEN,TO_FRONT] flags=NONE mustBeTask=false order=TOP topActivity=ComponentInfo{com.android.launcher3/com.android.launcher3.uioverrides.QuickstepLauncher} launchCookie=null windowingMode=undefined},{atype=standard independent=true modes=[CLOSE,TO_BACK] flags=NONE mustBeTask=false order=ANY topActivity=null launchCookie=null windowingMode=undefined},{NOT atype=undefined independent=true modes=[] flags=NONE mustBeTask=true order=ANY topActivity=null launchCookie=null customAnim=true windowingMode=undefined}]} RemoteTransition { remoteTransition = android.window.IRemoteTransition$Stub$Proxy@ae59c67, appThread = android.app.IApplicationThread$Stub$Proxy@8152a14, debugName = QuickstepLaunchHome }}
05-05 10:13:23.360   960   982 V WindowManagerShell:  Delegate animation for (#4408) to null
05-05 10:13:23.361   960   982 V WindowManagerShell: start default transition animation, info = {id=4408 t=OPEN f=0x0 trk=0 r=[0@Point(0, 0)] c=[{m=OPEN f=NONE leash=Surface(name=Task=2268)/@0xdd57773 sb=Rect(0, 0 - 1080, 2280) eb=Rect(0, 0 - 1080, 2280) epz=Point(1080, 2280) d=0 taskParent=-1},{m=TO_BACK f=SHOW_WALLPAPER leash=Surface(name=Task=1)/@0x43b1630 sb=Rect(0, 0 - 1080, 2280) eb=Rect(0, 0 - 1080, 2280) epz=Point(1080, 2280) d=0 taskParent=-1}]}
05-05 10:13:23.361   960   982 V WindowManagerShell: loadAnimation: anim=android.view.animation.AnimationSet@e8617cf animAttr=0x13 type=OPEN isEntrance=false
05-05 10:13:23.362   960   982 V WindowManagerShell: loadAnimation: anim=android.view.animation.AnimationSet@3f661eb animAttr=0x12 type=OPEN isEntrance=true
05-05 10:13:23.364   960   982 V WindowManagerShell:  animated by com.android.wm.shell.transition.DefaultTransitionHandler@6c3a7ac
05-05 10:13:23.368   307  3739 W UserManagerService: Requested status bar icon for non-badged user 0
05-05 10:13:23.369  8231  8231 I Zygote  : seccomp disabled by setenforce 0
05-05 10:13:23.381  8231  8231 I m.westlake.host: Late-enabling -Xcheck:jni
05-05 10:13:23.438  8231  8231 I m.westlake.host: Using CollectorTypeCC GC.
05-05 10:13:23.444 23361 23366 I adbd    : jdwp connection from 8231
05-05 10:13:23.454  8231  8231 D nativeloader: Load libframework-connectivity-tiramisu-jni.so using APEX ns com_android_tethering for caller /apex/com.android.tethering/javalib/framework-connectivity-t.jar: ok
05-05 10:13:23.369     0     0 I binder  : 8231:8231 ioctl 40046210 7fd4a812f4 returned -22
05-05 10:13:23.477   307   780 D BackgroundInstallControlService: Package event received: 0
05-05 10:13:23.479  1650  1664 D ForegroundUtils: Foreground UID status:
05-05 10:13:23.480  1650  1664 D ForegroundUtils: UID: 10130 is in foreground: false
05-05 10:13:23.480  1650  1664 D ForegroundUtils: UID: 10152 is in foreground: true
05-05 10:13:23.480  1650  1664 D ForegroundUtils: UID: 10159 is in foreground: true
05-05 10:13:23.480  1650  1664 D ForegroundUtils: UID: 10173 is in foreground: true
05-05 10:13:23.480  1650  1664 D ForegroundUtils: UID: 10190 is in foreground: true
05-05 10:13:23.480  1650  1664 D ForegroundUtils: UID: 10193 is in foreground: false
05-05 10:13:23.480  1650  1664 D ForegroundUtils: UID: 10218 is in foreground: true
05-05 10:13:23.494  8231  8231 D nativeloader: Load libstats_jni.so using APEX ns com_android_os_statsd for caller /apex/com.android.os.statsd/javalib/framework-statsd.jar: ok
05-05 10:13:23.531  8231  8231 D ApplicationLoaders: Returning zygote-cached class loader: /system/framework/android.test.base.jar
05-05 10:13:23.533  8231  8231 W ziparchive: Unable to open '/data/app/~~Gg0G5CtqAB4V4yzAnUxcxw==/com.westlake.host-3z7eVqF571ZZVn3bfdrfTg==/base.dm': No such file or directory
05-05 10:13:23.533  8231  8231 W ziparchive: Unable to open '/data/app/~~Gg0G5CtqAB4V4yzAnUxcxw==/com.westlake.host-3z7eVqF571ZZVn3bfdrfTg==/base.dm': No such file or directory
05-05 10:13:23.658   960   982 V WindowManagerShell: Transition animation finished (aborted=false), notifying core (#4408) android.os.BinderProxy@d0c8b01@0
05-05 10:13:23.660   307   388 V WindowManager: Finish Transition (#4408): created at 05-05 10:13:23.278 collect-started=0.164ms request-sent=20.143ms started=32.867ms ready=75.817ms sent=78.594ms finished=381.034ms
05-05 10:13:23.661  1230  1230 D VRI[QuickstepLauncher]: visibilityChanged oldVisibility=true newVisibility=false
05-05 10:13:23.663   960   982 V WindowManagerShell: Track 0 became idle
05-05 10:13:23.663   960   982 V WindowManagerShell: All active transition animations finished
05-05 10:13:23.663   307  3739 W UserManagerService: Requested status bar icon for non-badged user 0
05-05 10:13:23.664   307 21841 W UserManagerService: Requested status bar icon for non-badged user 0
05-05 10:13:24.338  3704  3747 W HidlServiceManagement: Waited one second for vendor.qti.hardware.cacert@1.0::IService/default
05-05 10:13:24.339   660   660 I hwservicemanager: Since vendor.qti.hardware.cacert@1.0::IService/default is not registered, trying to start it as a lazy HAL (if it's not configured to be a lazy HAL, it may be stuck starting or still starting).
05-05 10:13:24.339  3704  3747 I HidlServiceManagement: getService: Trying again for vendor.qti.hardware.cacert@1.0::IService/default...
05-05 10:13:24.340   660  8244 W libc    : Unable to set property "ctl.interface_start" to "vendor.qti.hardware.cacert@1.0::IService/default": PROP_ERROR_HANDLE_CONTROL_MESSAGE (0x20)
05-05 10:13:24.341   660  8244 I hwservicemanager: Tried to start vendor.qti.hardware.cacert@1.0::IService/default as a lazy service, but was unable to. Usually this happens when a service is not installed, but if the service is intended to be used as a lazy service, then it may be configured incorrectly.
05-05 10:13:24.254     0     0 E init    : Control message: Could not find 'vendor.qti.hardware.cacert@1.0::IService/default' for ctl.interface_start from pid: 660 (/system/system_ext/bin/hwservicemanager)
05-05 10:13:24.657  8231  8231 D nativeloader: Configuring clns-7 for other apk /data/app/~~Gg0G5CtqAB4V4yzAnUxcxw==/com.westlake.host-3z7eVqF571ZZVn3bfdrfTg==/base.apk. target_sdk_version=28, uses_libraries=, library_path=/data/app/~~Gg0G5CtqAB4V4yzAnUxcxw==/com.westlake.host-3z7eVqF571ZZVn3bfdrfTg==/lib/arm64:/data/app/~~Gg0G5CtqAB4V4yzAnUxcxw==/com.westlake.host-3z7eVqF571ZZVn3bfdrfTg==/base.apk!/lib/arm64-v8a, permitted_path=/data:/mnt/expand:/data/user/0/com.westlake.host
05-05 10:13:24.667  8231  8231 I m.westlake.host: AssetManager2(0x7bd463b4f8) locale list changing from [] to [en-US]
05-05 10:13:24.677  8231  8231 V GraphicsEnvironment: Currently set values for:
05-05 10:13:24.677  8231  8231 V GraphicsEnvironment:   angle_gl_driver_selection_pkgs=[]
05-05 10:13:24.677  8231  8231 V GraphicsEnvironment:   angle_gl_driver_selection_values=[]
05-05 10:13:24.677  8231  8231 V GraphicsEnvironment: com.westlake.host is not listed in per-application setting
05-05 10:13:24.678  8231  8231 V GraphicsEnvironment: Neither updatable production driver nor prerelease driver is supported.
05-05 10:13:24.737   307   780 D BackgroundInstallControlService: Package event received: 0
05-05 10:13:24.737   307   780 D BackgroundInstallControlService: Package event received: 0
05-05 10:13:24.747  8231  8231 I m.westlake.host: AssetManager2(0x7bd4645db8) locale list changing from [] to [en-US]
05-05 10:13:24.798  8231  8231 I Westlake: WestlakeActivity onCreate (ComponentActivity + Compose)
05-05 10:13:24.798  8231  8231 I Westlake: Auto-launching: WESTLAKE_ART_NOICE
05-05 10:13:24.798  8231  8231 I Westlake: Launching Noice via Westlake ART VM
05-05 10:13:24.829  8231  8231 D DesktopModeFlagsUtil: Toggle override initialized to: OVERRIDE_UNSET
05-05 10:13:24.964  8231  8231 D InsetsController: Setting requestedVisibleTypes to -10 (was -9)
05-05 10:13:24.966   307  3739 W WindowManager: Failed looking up window session=Session{4cce3e1 8231:u0a10218} callers=com.android.server.wm.WindowManagerService.windowForClientLocked:6324 com.android.server.wm.Session.updateRequestedVisibleTypes:699 android.view.IWindowSession$Stub.onTransact:1023 
05-05 10:13:25.339  3704  3747 W HidlServiceManagement: Waited one second for vendor.qti.hardware.cacert@1.0::IService/default
05-05 10:13:25.340   660   660 I hwservicemanager: Since vendor.qti.hardware.cacert@1.0::IService/default is not registered, trying to start it as a lazy HAL (if it's not configured to be a lazy HAL, it may be stuck starting or still starting).
05-05 10:13:25.340  3704  3747 I HidlServiceManagement: getService: Trying again for vendor.qti.hardware.cacert@1.0::IService/default...
05-05 10:13:25.341   660  8251 W libc    : Unable to set property "ctl.interface_start" to "vendor.qti.hardware.cacert@1.0::IService/default": PROP_ERROR_HANDLE_CONTROL_MESSAGE (0x20)
05-05 10:13:25.342   660  8251 I hwservicemanager: Tried to start vendor.qti.hardware.cacert@1.0::IService/default as a lazy service, but was unable to. Usually this happens when a service is not installed, but if the service is intended to be used as a lazy service, then it may be configured incorrectly.
05-05 10:13:25.343  8231  8231 W m.westlake.host: Method java.lang.Object androidx.compose.runtime.snapshots.SnapshotStateMap.mutate(kotlin.jvm.functions.Function1) failed lock verification and will run slower.
05-05 10:13:25.343  8231  8231 W m.westlake.host: Common causes for lock verification issues are non-optimized dex code
05-05 10:13:25.343  8231  8231 W m.westlake.host: and incorrect proguard optimizations.
05-05 10:13:25.343  8231  8231 W m.westlake.host: Method void androidx.compose.runtime.snapshots.SnapshotStateMap.update(kotlin.jvm.functions.Function1) failed lock verification and will run slower.
05-05 10:13:25.344  8231  8231 W m.westlake.host: Method boolean androidx.compose.runtime.snapshots.SnapshotStateMap.removeIf$runtime_release(kotlin.jvm.functions.Function1) failed lock verification and will run slower.
05-05 10:13:25.255     0     0 E init    : Control message: Could not find 'vendor.qti.hardware.cacert@1.0::IService/default' for ctl.interface_start from pid: 660 (/system/system_ext/bin/hwservicemanager)
05-05 10:13:25.771  8231  8231 I WestlakeVM: DisplayListFrameView 480x800 for com.github.ashutoshgngwr.noice
05-05 10:13:25.789  8231  8231 I WestlakeVM: startPipeReader: pipe=false holder=true thread=null
05-05 10:13:25.843   307 21841 D CoreBackPreview: Window{252dd1d u0 com.westlake.host/com.westlake.host.WestlakeActivity}: Setting back callback OnBackInvokedCallbackInfo{mCallback=android.window.IOnBackInvokedCallback$Stub$Proxy@d24c960, mPriority=0, mIsAnimationCallback=false, mOverrideBehavior=0}
05-05 10:13:25.970  8231  8247 I AdrenoGLES-0: QUALCOMM build                   : 8e5405b, I57aaec3440
05-05 10:13:25.970  8231  8247 I AdrenoGLES-0: Build Date                       : 05/21/21
05-05 10:13:25.970  8231  8247 I AdrenoGLES-0: OpenGL ES Shader Compiler Version: EV031.32.02.10
05-05 10:13:25.970  8231  8247 I AdrenoGLES-0: Local Branch                     : mybranchebba1dbe-451b-f160-ac81-1458d0b52ae8
05-05 10:13:25.970  8231  8247 I AdrenoGLES-0: Remote Branch                    : quic/gfx-adreno.lnx.1.0.r135-rel
05-05 10:13:25.970  8231  8247 I AdrenoGLES-0: Remote Branch                    : NONE
05-05 10:13:25.970  8231  8247 I AdrenoGLES-0: Reconstruct Branch               : NOTHING
05-05 10:13:25.970  8231  8247 I AdrenoGLES-0: Build Config                     : S P 10.0.7 AArch64
05-05 10:13:25.970  8231  8247 I AdrenoGLES-0: Driver Path                      : /vendor/lib64/egl/libGLESv2_adreno.so
05-05 10:13:25.977  8231  8247 I AdrenoGLES-0: PFP: 0x016ee190, ME: 0x00000000
05-05 10:13:25.996  3320  3358 E HWComposer: getSupportedContentTypes: getSupportedContentTypes failed for display 4630946883826275713: UNSUPPORTED (8)
05-05 10:13:26.004   660   660 I hwservicemanager: getTransport: Cannot find entry android.hardware.graphics.mapper@4.0::IMapper/default in either framework or device VINTF manifest.
05-05 10:13:25.915     0     0 I servicemanager: Caller(pid=8231,uid=10218,sid=u:r:untrusted_app_27:s0:c218,c256,c512,c768) Could not find android.hardware.graphics.allocator.IAllocator/default in the VINTF manifest. No alternative instances declared in VINTF.
05-05 10:13:25.917     0     0 I binder  : 8231:8252 ioctl 40046210 7a9c059094 returned -22
05-05 10:13:26.004  8231  8252 I Gralloc4: mapper 4.x is not supported
05-05 10:13:26.004   660   660 I hwservicemanager: getTransport: Cannot find entry android.hardware.graphics.mapper@3.0::IMapper/default in either framework or device VINTF manifest.
05-05 10:13:26.004  8231  8252 W Gralloc3: mapper 3.x is not supported
05-05 10:13:26.011  8231  8252 I Gralloc2: Adding additional valid usage bits: 0x8202000
05-05 10:13:26.128   307   388 W ziparchive: Unable to open '/data/app/~~Gg0G5CtqAB4V4yzAnUxcxw==/com.westlake.host-3z7eVqF571ZZVn3bfdrfTg==/base.dm': No such file or directory
05-05 10:13:26.129   307   388 I ActivityTaskManager: Displayed com.westlake.host/.WestlakeActivity for user 0: +2s857ms
05-05 10:13:26.156  8231  8240 I HWUI    : Davey! duration=1151ms; Flags=1, FrameTimelineVsyncId=93943658, IntendedVsync=2198236547854289, Vsync=2198236547854289, InputEventId=0, HandleInputStart=2198236551397165, AnimationStart=2198236551414301, PerformTraversalsStart=2198236551425447, DrawStart=2198237591072425, FrameDeadline=2198236564520955, FrameInterval=2198236551349561, FrameStartTime=16678115, SyncQueued=2198237612061696, SyncStart=2198237612234144, IssueDrawCommandsStart=2198237612808623, SwapBuffers=2198237695645707, FrameCompleted=2198237699238727, DequeueBufferDuration=25000, QueueBufferDuration=547917, GpuCompleted=2198237699238727, SwapBuffersCompleted=2198237697259873, DisplayPresentTime=0, CommandSubmissionCompleted=2198237695645707, 
05-05 10:13:26.186  8231  8258 I WestlakeVM: startWithConfig() called, config=ApkVmConfig(packageName=com.github.ashutoshgngwr.noice, activityName=com.github.ashutoshgngwr.noice.activity.MainActivity, displayName=Noice (ART), apkSourceDir=/data/app/~~R7-vSKxT523z7oA2P8Ynag==/com.github.ashutoshgngwr.noice-D3ESsKFH5h3RNFnLUIp9ig==/base.apk, allowRealFrameworkFallback=false, backendMode=null, extraVmProperties={})
05-05 10:13:26.186  8231  8231 I Choreographer: Skipped 62 frames!  The application may be doing too much work on its main thread.
05-05 10:13:26.205   307   656 I ImeTracker: com.westlake.host:240ff822: onRequestHide at ORIGIN_SERVER reason HIDE_UNSPECIFIED_WINDOW fromUser false
05-05 10:13:26.220  8231  8231 D InsetsController: hide(ime(), fromIme=false)
05-05 10:13:26.220  8231  8231 I ImeTracker: com.westlake.host:240ff822: onCancelled at PHASE_CLIENT_ALREADY_HIDDEN
05-05 10:13:26.229  3220  3220 I android.hardware.power-service-qti: Power setMode: 5 to: 0
05-05 10:13:26.233  1230  1230 D BaseDepthController: setSurface:
05-05 10:13:26.233  1230  1230 D BaseDepthController: 	mWaitingOnSurfaceValidity: false
05-05 10:13:26.233  1230  1230 D BaseDepthController: 	mSurface: null
05-05 10:13:26.236  1230  1230 D StateManager: goToState - fromState: Normal, toState: Normal, partial trace:
05-05 10:13:26.236  1230  1230 D StateManager: 	at com.android.launcher3.statemanager.StateManager.moveToRestState(StateManager.java:465)
05-05 10:13:26.236  1230  1230 D StateManager: 	at com.android.launcher3.statemanager.StateManager.moveToRestState(StateManager.java:456)
05-05 10:13:26.236  1230  1230 D StateManager: 	at com.android.launcher3.statemanager.StatefulActivity.onStop(StatefulActivity.java:136)
05-05 10:13:26.236  1230  1230 D StatsLog: LAUNCHER_ONSTOP
05-05 10:13:26.238   307  3739 I AppWidgetServiceImpl: setAppWidgetHidden() 0
05-05 10:13:26.239   713  1834 I NxpNciR : len =   4 > 600701A1
05-05 10:13:26.250  1650  1664 D ForegroundUtils: Foreground UID status:
05-05 10:13:26.251  1650  1664 D ForegroundUtils: UID: 10130 is in foreground: false
05-05 10:13:26.251  1650  1664 D ForegroundUtils: UID: 10152 is in foreground: false
05-05 10:13:26.251  1650  1664 D ForegroundUtils: UID: 10159 is in foreground: true
05-05 10:13:26.251  1650  1664 D ForegroundUtils: UID: 10173 is in foreground: true
05-05 10:13:26.251  1650  1664 D ForegroundUtils: UID: 10190 is in foreground: true
05-05 10:13:26.251  1650  1664 D ForegroundUtils: UID: 10193 is in foreground: false
05-05 10:13:26.251  1650  1664 D ForegroundUtils: UID: 10218 is in foreground: true
05-05 10:13:26.254   307   780 D BackgroundInstallControlService: Package event received: 0
05-05 10:13:26.259  3080 29189 I netd    : tetherGetStats() -> {[]} <6.37ms>
05-05 10:13:26.341  3704  3747 W HidlServiceManagement: Waited one second for vendor.qti.hardware.cacert@1.0::IService/default
05-05 10:13:26.342   660   660 I hwservicemanager: Since vendor.qti.hardware.cacert@1.0::IService/default is not registered, trying to start it as a lazy HAL (if it's not configured to be a lazy HAL, it may be stuck starting or still starting).
05-05 10:13:26.343  3704  3747 I HidlServiceManagement: getService: Trying again for vendor.qti.hardware.cacert@1.0::IService/default...
05-05 10:13:26.349   660  8263 W libc    : Unable to set property "ctl.interface_start" to "vendor.qti.hardware.cacert@1.0::IService/default": PROP_ERROR_HANDLE_CONTROL_MESSAGE (0x20)
05-05 10:13:26.349   660  8263 I hwservicemanager: Tried to start vendor.qti.hardware.cacert@1.0::IService/default as a lazy service, but was unable to. Usually this happens when a service is not installed, but if the service is intended to be used as a lazy service, then it may be configured incorrectly.
05-05 10:13:26.263     0     0 E init    : Control message: Could not find 'vendor.qti.hardware.cacert@1.0::IService/default' for ctl.interface_start from pid: 660 (/system/system_ext/bin/hwservicemanager)
05-05 10:13:26.505   960  1004 W WindowOnBackDispatcher: sendCancelIfRunning: isInProgress=false callback=android.view.ViewRootImpl$$ExternalSyntheticLambda13@c90dc18
05-05 10:13:26.505   307 21841 D CoreBackPreview: Window{23a580b u0 Splash Screen com.westlake.host EXITING}: Setting back callback null
05-05 10:13:26.511  3220  3220 I android.hardware.power-service-qti: Power setBoost: 0, duration: 0
05-05 10:13:26.556   960  1004 W FrameTracker: Missing SF jank callback for vsyncId: 93943786, CUJ=J<SPLASHSCREEN_EXIT_ANIM>
05-05 10:13:26.556   960  1004 W FrameTracker: Missing SF jank callback for vsyncId: 93943820, CUJ=J<SPLASHSCREEN_EXIT_ANIM>
05-05 10:13:26.556   960  1004 W FrameTracker: Missing SF jank callback for vsyncId: 93943840, CUJ=J<SPLASHSCREEN_EXIT_ANIM>
05-05 10:13:26.556   960  1004 W FrameTracker: Missing SF jank callback for vsyncId: 93943885, CUJ=J<SPLASHSCREEN_EXIT_ANIM>
05-05 10:13:26.556   960  1004 W FrameTracker: Missing SF jank callback for vsyncId: 93943915, CUJ=J<SPLASHSCREEN_EXIT_ANIM>
05-05 10:13:26.556   960  1004 W FrameTracker: Missing SF jank callback for vsyncId: 93943940, CUJ=J<SPLASHSCREEN_EXIT_ANIM>
05-05 10:13:26.556   960  1004 W FrameTracker: Missing SF jank callback for vsyncId: 93943956, CUJ=J<SPLASHSCREEN_EXIT_ANIM>
05-05 10:13:26.556   960  1004 W FrameTracker: Missing SF jank callback for vsyncId: 93943978, CUJ=J<SPLASHSCREEN_EXIT_ANIM>
05-05 10:13:26.556   960  1004 W FrameTracker: Missing SF jank callback for vsyncId: 93943991, CUJ=J<SPLASHSCREEN_EXIT_ANIM>
05-05 10:13:26.556   960  1004 W FrameTracker: Missing SF jank callback for vsyncId: 93944004, CUJ=J<SPLASHSCREEN_EXIT_ANIM>
05-05 10:13:26.556   960  1004 W FrameTracker: Missing SF jank callback for vsyncId: 93944017, CUJ=J<SPLASHSCREEN_EXIT_ANIM>
05-05 10:13:26.556   960  1004 W FrameTracker: Missing SF jank callback for vsyncId: 93944043, CUJ=J<SPLASHSCREEN_EXIT_ANIM>
05-05 10:13:26.556   960  1004 W FrameTracker: Missing SF jank callback for vsyncId: 93944056, CUJ=J<SPLASHSCREEN_EXIT_ANIM>
05-05 10:13:26.556   960  1004 W FrameTracker: Missing SF jank callback for vsyncId: 93944069, CUJ=J<SPLASHSCREEN_EXIT_ANIM>
05-05 10:13:26.556   960  1004 W FrameTracker: Missing SF jank callback for vsyncId: 93944082, CUJ=J<SPLASHSCREEN_EXIT_ANIM>
05-05 10:13:26.556   960  1004 W FrameTracker: Missing SF jank callback for vsyncId: 93944095, CUJ=J<SPLASHSCREEN_EXIT_ANIM>
05-05 10:13:26.556   960  1004 W FrameTracker: Missing SF jank callback for vsyncId: 93944108, CUJ=J<SPLASHSCREEN_EXIT_ANIM>
05-05 10:13:26.566  8231  8262 W InteractionJankMonitor: Initializing without READ_DEVICE_CONFIG permission. enabled=true, interval=1, missedFrameThreshold=3, frameTimeThreshold=64, package=com.westlake.host
05-05 10:13:26.714  8231  8258 I WestlakeVM: App OAT symlinks: 0 files in /data/local/tmp/westlake/oat/arm64
05-05 10:13:26.910     0     0 I QCOM-BATT: pl_fcc_vote_callback: total_fcc_ua=1950000
05-05 10:13:26.910     0     0 I QCOM-BATT: pl_fv_vote_callback: fv_uv=4400000
05-05 10:13:27.343  3704  3747 W HidlServiceManagement: Waited one second for vendor.qti.hardware.cacert@1.0::IService/default
05-05 10:13:27.345   660   660 I hwservicemanager: Since vendor.qti.hardware.cacert@1.0::IService/default is not registered, trying to start it as a lazy HAL (if it's not configured to be a lazy HAL, it may be stuck starting or still starting).
05-05 10:13:27.347  3704  3747 I HidlServiceManagement: getService: Trying again for vendor.qti.hardware.cacert@1.0::IService/default...
05-05 10:13:27.349   660  8276 W libc    : Unable to set property "ctl.interface_start" to "vendor.qti.hardware.cacert@1.0::IService/default": PROP_ERROR_HANDLE_CONTROL_MESSAGE (0x20)
05-05 10:13:27.349   660  8276 I hwservicemanager: Tried to start vendor.qti.hardware.cacert@1.0::IService/default as a lazy service, but was unable to. Usually this happens when a service is not installed, but if the service is intended to be used as a lazy service, then it may be configured incorrectly.
05-05 10:13:27.263     0     0 E init    : Control message: Could not find 'vendor.qti.hardware.cacert@1.0::IService/default' for ctl.interface_start from pid: 660 (/system/system_ext/bin/hwservicemanager)
05-05 10:13:27.268     0     0 E FG      : fg_psy_get_property: unsupported property 79
05-05 10:13:27.275     0     0 E FG      : fg_psy_get_property: unsupported property 79
05-05 10:13:27.281     0     0 W healthd : battery l=100 v=2907 t=21.2 h=2 st=5 c=16000 fc=2831000 chg=u
05-05 10:13:27.374  1126  1126 D QtiCarrierConfigHelper: WARNING, no carrier configs on phone Id: 0
05-05 10:13:27.380   960  2692 D PowerUI : can't show warning due to - plugged: true status unknown: false
05-05 10:13:27.297     0     0 E FG      : fg_psy_get_property: unsupported property 79
05-05 10:13:28.242  8231  8231 I DefaultDispatch: type=1400 audit(0.0:56547): avc:  denied  { setattr } for  name="westlake-launch.properties" dev="sda17" ino=1973264 scontext=u:r:untrusted_app_27:s0:c218,c256,c512,c768 tcontext=u:object_r:shell_data_file:s0 tclass=file permissive=1 app=com.westlake.host
05-05 10:13:28.252  8277  8277 W DefaultDispatch: type=1400 audit(0.0:56548): avc:  granted  { execute } for  name="dalvikvm" dev="sda17" ino=524812 scontext=u:r:untrusted_app_27:s0:c218,c256,c512,c768 tcontext=u:object_r:app_data_file:s0:c218,c256,c512,c768 tclass=file app=com.westlake.host
05-05 10:13:28.252  8277  8277 W DefaultDispatch: type=1400 audit(0.0:56549): avc:  granted  { execute_no_trans } for  path="/data/user/0/com.westlake.host/files/vm/dalvikvm" dev="sda17" ino=524812 scontext=u:r:untrusted_app_27:s0:c218,c256,c512,c768 tcontext=u:object_r:app_data_file:s0:c218,c256,c512,c768 tclass=file app=com.westlake.host
05-05 10:13:28.252  8277  8277 W dalvikvm: type=1400 audit(0.0:56550): avc:  granted  { execute } for  path="/data/user/0/com.westlake.host/files/vm/dalvikvm" dev="sda17" ino=524812 scontext=u:r:untrusted_app_27:s0:c218,c256,c512,c768 tcontext=u:object_r:app_data_file:s0:c218,c256,c512,c768 tclass=file app=com.westlake.host
05-05 10:13:28.261  8231  8279 I WestlakeVM: startPipeReader: pipe=true holder=true thread=null
05-05 10:13:28.262  8231  8282 I WestlakeVM: PIPE READER: started, holder=com.westlake.host.DisplayListFrameView{fd30aae V.ED..... ........ 0,0-1080,1800}
05-05 10:13:28.264  8231  8280 I WestlakeVM: VM: [dalvikvm] Injected mainThreadStackSize=256MB
05-05 10:13:28.264  8231  8280 I WestlakeVM: VM: [dalvikvm] Captured -classpath=/data/local/tmp/westlake/com_github_ashutoshgngwr_noice_classes.dex:/data/local/tmp/westlake/com_github_ashutoshgngwr_noice.apk
05-05 10:13:28.265  8231  8280 I WestlakeVM: VM: [RT-DBG] Locks::Init done, calling InitLogging
05-05 10:13:28.265  8231  8280 I WestlakeVM: VM: [RT-DBG] InitLogging done, calling ParsedOptions::Parse
05-05 10:13:28.268  8231  8258 I WestlakeVM: Pipe reader started, syncing to DLST magic...
05-05 10:13:28.268  8231  8280 I WestlakeVM: VM: nullptr I 05-05 21:13:28  8277  8281 parsed_options.cc:701] setting boot class path to /data/local/tmp/westlake/core-oj.jar:/data/local/tmp/westlake/core-libart.jar:/data/local/tmp/westlake/core-icu4j.jar:/data/local/tmp/westlake/bouncycastle.jar:/data/local/tmp/westlake/aosp-shim.dex
05-05 10:13:28.269  8231  8280 I WestlakeVM: VM: nullptr I 05-05 21:13:28  8277  8281 heap.cc:440] Using CollectorType(2) GC.
05-05 10:13:28.269  8231  8278 I WestlakeVM: HTTP bridge started: /data/user/0/com.westlake.host/files/vm/http_bridge
05-05 10:13:28.270  8231  8280 I WestlakeVM: VM: [IMG] LoadBootImage entered, image_locations=0
05-05 10:13:28.319  8231  8280 I WestlakeVM: VM: [PFCUT] Standalone runtime forcing JIT/profiling off
05-05 10:13:28.319  8231  8280 I WestlakeVM: VM: nullptr W 05-05 21:13:28  8277  8281 fault_handler.cc:131] FaultHandler: MEMBARRIER_CMD_REGISTER_PRIVATE_EXPEDITED failed: 38 Function not implemented
05-05 10:13:28.321  8231  8280 I WestlakeVM: VM: nullptr W 05-05 21:13:28  8277  8281 dex_file_loader.cc:536] Can't mmap dex file /data/local/tmp/westlake/core-icu4j.jar!classes.dex directly; please zipalign to 4 bytes. Falling back to extracting file.
05-05 10:13:28.333  8231  8280 I WestlakeVM: VM: nullptr W 05-05 21:13:28  8277  8281 class_linker.cc:875] CheckSystemClass: Class mismatch for Ljava/lang/String; (continuing for standalone dex2oat)
05-05 10:13:28.333  8231  8280 I WestlakeVM: VM: nullptr W 05-05 21:13:28  8277  8281 class_linker.cc:878]   c1 (pre-allocated) ptr=0x10e7780 objectSize=0 classSize=784 status=1 numVTable=81 numMethods=0 numSFields=0 numIFields=0
05-05 10:13:28.333  8231  8280 I WestlakeVM: VM: nullptr W 05-05 21:13:28  8277  8281 class_linker.cc:887]   c2 (from DEX)      ptr=0x1400b800 objectSize=0 classSize=808 status=7 numVTable=-1 numMethods=131 numSFields=7 numIFields=2
05-05 10:13:28.334  8231  8280 I WestlakeVM: VM: nullptr W 05-05 21:13:28  8277  8281 class_linker.cc:903]   String root = c2 (0x1400b800, 131 methods)
05-05 10:13:28.337  8231  8280 I WestlakeVM: VM: [RT] Runtime::Start() ENTERED
05-05 10:13:28.337  8231  8280 I WestlakeVM: VM: [RT] Standalone class path open: /data/local/tmp/westlake/com_github_ashutoshgngwr_noice_classes.dex (1 dex)
05-05 10:13:28.347  3704  3747 W HidlServiceManagement: Waited one second for vendor.qti.hardware.cacert@1.0::IService/default
05-05 10:13:28.348   660   660 I hwservicemanager: Since vendor.qti.hardware.cacert@1.0::IService/default is not registered, trying to start it as a lazy HAL (if it's not configured to be a lazy HAL, it may be stuck starting or still starting).
05-05 10:13:28.348  3704  3747 I HidlServiceManagement: getService: Trying again for vendor.qti.hardware.cacert@1.0::IService/default...
05-05 10:13:28.350   660  8283 W libc    : Unable to set property "ctl.interface_start" to "vendor.qti.hardware.cacert@1.0::IService/default": PROP_ERROR_HANDLE_CONTROL_MESSAGE (0x20)
05-05 10:13:28.350   660  8283 I hwservicemanager: Tried to start vendor.qti.hardware.cacert@1.0::IService/default as a lazy service, but was unable to. Usually this happens when a service is not installed, but if the service is intended to be used as a lazy service, then it may be configured incorrectly.
05-05 10:13:28.264     0     0 E init    : Control message: Could not find 'vendor.qti.hardware.cacert@1.0::IService/default' for ctl.interface_start from pid: 660 (/system/system_ext/bin/hwservicemanager)
05-05 10:13:28.398   713  1834 I NxpNciR : len =   4 > 600701A1
05-05 10:13:28.402  8231  8280 I WestlakeVM: VM: [RT] Standalone class path open: /data/local/tmp/westlake/com_github_ashutoshgngwr_noice.apk (1 dex)
05-05 10:13:28.402  8231  8280 I WestlakeVM: VM: [RT] Standalone class path ready: 2 dex files
05-05 10:13:28.402  8231  8280 I WestlakeVM: VM: [RT]   TRY_REGISTER(register_java_lang_Throwable) ...
05-05 10:13:28.402  8231  8280 I WestlakeVM: VM: [RT]   TRY_REGISTER(register_java_lang_Throwable) done
05-05 10:13:28.402  8231  8280 I WestlakeVM: VM: [RT]   TRY_REGISTER(register_dalvik_system_DexFile) ...
05-05 10:13:28.403  8231  8280 I WestlakeVM: VM: [RT]   TRY_REGISTER(register_dalvik_system_DexFile) done
05-05 10:13:28.403  8231  8280 I WestlakeVM: VM: [RT]   TRY_REGISTER(register_dalvik_system_BaseDexClassLoader) ...
05-05 10:13:28.403  8231  8280 I WestlakeVM: VM: [RT]   TRY_REGISTER(register_dalvik_system_BaseDexClassLoader) done
05-05 10:13:28.403  8231  8280 I WestlakeVM: VM: [RT]   TRY_REGISTER(register_dalvik_system_VMDebug) ...
05-05 10:13:28.403  8231  8280 I WestlakeVM: VM: [RT]   TRY_REGISTER(register_dalvik_system_VMDebug) done
05-05 10:13:28.403  8231  8280 I WestlakeVM: VM: [RT]   TRY_REGISTER(real_register_dalvik_system_VMRuntime) ...
05-05 10:13:28.403  8231  8280 I WestlakeVM: VM: [jni] Skipping missing native method: getFullGcCount()J
05-05 10:13:28.404  8231  8280 I WestlakeVM: VM: [jni] Skipping missing native method: getFullGcCount()J
05-05 10:13:28.404  8231  8280 I WestlakeVM: VM: nullptr W 05-05 21:13:28  8277  8281 tolerant_native_util.h:41] RegisterNatives: skipping dalvik/system/VMRuntime.getFullGcCount()J (not in JAR)
05-05 10:13:28.404  8231  8280 I WestlakeVM: VM: nullptr I 05-05 21:13:28  8277  8281 tolerant_native_util.h:47] RegisterNatives: dalvik/system/VMRuntime: 48/49 methods registered
05-05 10:13:28.404  8231  8280 I WestlakeVM: VM: [RT]   TRY_REGISTER(real_register_dalvik_system_VMRuntime) done
05-05 10:13:28.404  8231  8280 I WestlakeVM: VM: [RT]   TRY_REGISTER(register_dalvik_system_VMStack) ...
05-05 10:13:28.404  8231  8280 I WestlakeVM: VM: [RT]   TRY_REGISTER(register_dalvik_system_VMStack) done
05-05 10:13:28.404  8231  8280 I WestlakeVM: VM: [RT]   TRY_REGISTER(register_dalvik_system_ZygoteHooks) ...
