05-04 19:26:20.341 12454 12506 I WestlakeVM: VM: 	at com.westlake.engine.WestlakeSslContextSpi.engineGetSocketFactory(WestlakeSslContextSpi.java:27)
05-04 19:26:20.347 12454 12506 I WestlakeVM: VM: 	at javax.net.ssl.SSLContext.getSocketFactory(SSLContext.java:338)
05-04 19:26:20.347  3704  3747 W HidlServiceManagement: Waited one second for vendor.qti.hardware.cacert@1.0::IService/default
05-04 19:26:20.348   660   660 I hwservicemanager: Since vendor.qti.hardware.cacert@1.0::IService/default is not registered, trying to start it as a lazy HAL (if it's not configured to be a lazy HAL, it may be stuck starting or still starting).
05-04 19:26:20.349  3704  3747 I HidlServiceManagement: getService: Trying again for vendor.qti.hardware.cacert@1.0::IService/default...
05-04 19:26:20.352   660 12544 W libc    : Unable to set property "ctl.interface_start" to "vendor.qti.hardware.cacert@1.0::IService/default": PROP_ERROR_HANDLE_CONTROL_MESSAGE (0x20)
05-04 19:26:20.352   660 12544 I hwservicemanager: Tried to start vendor.qti.hardware.cacert@1.0::IService/default as a lazy service, but was unable to. Usually this happens when a service is not installed, but if the service is intended to be used as a lazy service, then it may be configured incorrectly.
05-04 19:26:20.353 12454 12506 I WestlakeVM: VM: 	at javax.net.ssl.SSLSocketFactory.getDefault(SSLSocketFactory.java:152)
05-04 19:26:20.265     0     0 E init    : Control message: Could not find 'vendor.qti.hardware.cacert@1.0::IService/default' for ctl.interface_start from pid: 660 (/system/system_ext/bin/hwservicemanager)
05-04 19:26:20.360 12454 12506 I WestlakeVM: VM: 	at com.westlake.engine.WestlakeSslContextSpi.engineGetSocketFactory(WestlakeSslContextSpi.java:27)
05-04 19:26:20.366 12454 12506 I WestlakeVM: VM: 	at javax.net.ssl.SSLContext.getSocketFactory(SSLContext.java:338)
05-04 19:26:20.373 12454 12506 I WestlakeVM: VM: 	at javax.net.ssl.SSLSocketFactory.getDefault(SSLSocketFactory.java:152)
05-04 19:26:20.379 12454 12506 I WestlakeVM: VM: 	at com.westlake.engine.WestlakeSslContextSpi.engineGetSocketFactory(WestlakeSslContextSpi.java:27)
05-04 19:26:20.386 12454 12506 I WestlakeVM: VM: 	at javax.net.ssl.SSLContext.getSocketFactory(SSLContext.java:338)
05-04 19:26:20.392 12454 12506 I WestlakeVM: VM: 	at javax.net.ssl.SSLSocketFactory.getDefault(SSLSocketFactory.java:152)
05-04 19:26:20.399 12454 12506 I WestlakeVM: VM: 	at com.westlake.engine.WestlakeSslContextSpi.engineGetSocketFactory(WestlakeSslContextSpi.java:27)
05-04 19:26:20.405 12454 12506 I WestlakeVM: VM: 	at javax.net.ssl.SSLContext.getSocketFactory(SSLContext.java:338)
05-04 19:26:20.411 12454 12506 I WestlakeVM: VM: 	at javax.net.ssl.SSLSocketFactory.getDefault(SSLSocketFactory.java:152)
05-04 19:26:20.418 12454 12506 I WestlakeVM: VM: 	at com.westlake.engine.WestlakeSslContextSpi.engineGetSocketFactory(WestlakeSslContextSpi.java:27)
05-04 19:26:20.424 12454 12506 I WestlakeVM: VM: 	at javax.net.ssl.SSLContext.getSocketFactory(SSLContext.java:338)
05-04 19:26:20.430 12454 12506 I WestlakeVM: VM: 	at javax.net.ssl.SSLSocketFactory.getDefault(SSLSocketFactory.java:152)
05-04 19:26:20.437 12454 12506 I WestlakeVM: VM: 	at com.westlake.engine.WestlakeSslContextSpi.engineGetSocketFactory(WestlakeSslContextSpi.java:27)
05-04 19:26:20.443 12454 12506 I WestlakeVM: VM: 	at javax.net.ssl.SSLContext.getSocketFactory(SSLContext.java:338)
05-04 19:26:20.449 12454 12506 I WestlakeVM: VM: 	at javax.net.ssl.SSLSocketFactory.getDefault(SSLSocketFactory.java:152)
05-04 19:26:20.456 12454 12506 I WestlakeVM: VM: 	at com.westlake.engine.WestlakeSslContextSpi.engineGetSocketFactory(WestlakeSslContextSpi.java:27)
05-04 19:26:20.462 12454 12506 I WestlakeVM: VM: 	at javax.net.ssl.SSLContext.getSocketFactory(SSLContext.java:338)
05-04 19:26:20.469 12454 12506 I WestlakeVM: VM: 	at javax.net.ssl.SSLSocketFactory.getDefault(SSLSocketFactory.java:152)
05-04 19:26:20.475 12454 12506 I WestlakeVM: VM: 	at com.westlake.engine.WestlakeSslContextSpi.engineGetSocketFactory(WestlakeSslContextSpi.java:27)
05-04 19:26:20.481 12454 12506 I WestlakeVM: VM: 	at javax.net.ssl.SSLContext.getSocketFactory(SSLContext.java:338)
05-04 19:26:20.488 12454 12506 I WestlakeVM: VM: 	at javax.net.ssl.SSLSocketFactory.getDefault(SSLSocketFactory.java:152)
05-04 19:26:20.494 12454 12506 I WestlakeVM: VM: 	at com.westlake.engine.WestlakeSslContextSpi.engineGetSocketFactory(WestlakeSslContextSpi.java:27)
05-04 19:26:20.500 12454 12506 I WestlakeVM: VM: 	at javax.net.ssl.SSLContext.getSocketFactory(SSLContext.java:338)
05-04 19:26:20.507 12454 12506 I WestlakeVM: VM: 	at javax.net.ssl.SSLSocketFactory.getDefault(SSLSocketFactory.java:152)
05-04 19:26:20.513 12454 12506 I WestlakeVM: VM: 	at com.westlake.engine.WestlakeSslContextSpi.engineGetSocketFactory(WestlakeSslContextSpi.java:27)
05-04 19:26:20.520 12454 12506 I WestlakeVM: VM: 	at javax.net.ssl.SSLContext.getSocketFactory(SSLContext.java:338)
05-04 19:26:20.526 12454 12506 I WestlakeVM: VM: 	at javax.net.ssl.SSLSocketFactory.getDefault(SSLSocketFactory.java:152)
05-04 19:26:20.532 12454 12506 I WestlakeVM: VM: 	at com.westlake.engine.WestlakeSslContextSpi.engineGetSocketFactory(WestlakeSslContextSpi.java:27)
05-04 19:26:20.539 12454 12506 I WestlakeVM: VM: 	at javax.net.ssl.SSLContext.getSocketFactory(SSLContext.java:338)
05-04 19:26:20.545 12454 12506 I WestlakeVM: VM: 	at javax.net.ssl.SSLSocketFactory.getDefault(SSLSocketFactory.java:152)
05-04 19:26:20.551 12454 12506 I WestlakeVM: VM: 	at com.westlake.engine.WestlakeSslContextSpi.engineGetSocketFactory(WestlakeSslContextSpi.java:27)
05-04 19:26:20.557 12454 12506 I WestlakeVM: VM: 	at javax.net.ssl.SSLContext.getSocketFactory(SSLContext.java:338)
05-04 19:26:20.563 12454 12506 I WestlakeVM: VM: 	at javax.net.ssl.SSLSocketFactory.getDefault(SSLSocketFactory.java:152)
05-04 19:26:20.570 12454 12506 I WestlakeVM: VM: 	at com.westlake.engine.WestlakeSslContextSpi.engineGetSocketFactory(WestlakeSslContextSpi.java:27)
05-04 19:26:20.576 12454 12506 I WestlakeVM: VM: 	at javax.net.ssl.SSLContext.getSocketFactory(SSLContext.java:338)
05-04 19:26:20.583 12454 12506 I WestlakeVM: VM: 	at javax.net.ssl.SSLSocketFactory.getDefault(SSLSocketFactory.java:152)
05-04 19:26:20.590 12454 12506 I WestlakeVM: VM: 	at com.westlake.engine.WestlakeSslContextSpi.engineGetSocketFactory(WestlakeSslContextSpi.java:27)
05-04 19:26:20.596 12454 12506 I WestlakeVM: VM: 	at javax.net.ssl.SSLContext.getSocketFactory(SSLContext.java:338)
05-04 19:26:20.602 12454 12506 I WestlakeVM: VM: 	at javax.net.ssl.SSLSocketFactory.getDefault(SSLSocketFactory.java:152)
05-04 19:26:20.609 12454 12506 I WestlakeVM: VM: 	at com.westlake.engine.WestlakeSslContextSpi.engineGetSocketFactory(WestlakeSslContextSpi.java:27)
05-04 19:26:20.615 12454 12506 I WestlakeVM: VM: 	at javax.net.ssl.SSLContext.getSocketFactory(SSLContext.java:338)
05-04 19:26:20.622 12454 12506 I WestlakeVM: VM: 	at javax.net.ssl.SSLSocketFactory.getDefault(SSLSocketFactory.java:152)
05-04 19:26:20.628 12454 12506 I WestlakeVM: VM: 	at com.westlake.engine.WestlakeSslContextSpi.engineGetSocketFactory(WestlakeSslContextSpi.java:27)
05-04 19:26:20.634 12454 12506 I WestlakeVM: VM: 	at javax.net.ssl.SSLContext.getSocketFactory(SSLContext.java:338)
05-04 19:26:20.640 12454 12506 I WestlakeVM: VM: 	at javax.net.ssl.SSLSocketFactory.getDefault(SSLSocketFactory.java:152)
05-04 19:26:20.647 12454 12506 I WestlakeVM: VM: 	at com.westlake.engine.WestlakeSslContextSpi.engineGetSocketFactory(WestlakeSslContextSpi.java:27)
05-04 19:26:20.653 12454 12506 I WestlakeVM: VM: 	at javax.net.ssl.SSLContext.getSocketFactory(SSLContext.java:338)
05-04 19:26:20.659 12454 12506 I WestlakeVM: VM: 	at javax.net.ssl.SSLSocketFactory.getDefault(SSLSocketFactory.java:152)
05-04 19:26:20.666 12454 12506 I WestlakeVM: VM: 	at com.westlake.engine.WestlakeSslContextSpi.engineGetSocketFactory(WestlakeSslContextSpi.java:27)
05-04 19:26:20.672 12454 12506 I WestlakeVM: VM: 	at javax.net.ssl.SSLContext.getSocketFactory(SSLContext.java:338)
05-04 19:26:20.678 12454 12506 I WestlakeVM: VM: 	at javax.net.ssl.SSLSocketFactory.getDefault(SSLSocketFactory.java:152)
05-04 19:26:20.685 12454 12506 I WestlakeVM: VM: 	at com.westlake.engine.WestlakeSslContextSpi.engineGetSocketFactory(WestlakeSslContextSpi.java:27)
05-04 19:26:20.691 12454 12506 I WestlakeVM: VM: 	at javax.net.ssl.SSLContext.getSocketFactory(SSLContext.java:338)
05-04 19:26:20.697 12454 12506 I WestlakeVM: VM: 	at javax.net.ssl.SSLSocketFactory.getDefault(SSLSocketFactory.java:152)
05-04 19:26:20.703 12454 12506 I WestlakeVM: VM: 	at com.westlake.engine.WestlakeSslContextSpi.engineGetSocketFactory(WestlakeSslContextSpi.java:27)
05-04 19:26:20.710 12454 12506 I WestlakeVM: VM: 	at javax.net.ssl.SSLContext.getSocketFactory(SSLContext.java:338)
05-04 19:26:20.716 12454 12506 I WestlakeVM: VM: 	at javax.net.ssl.SSLSocketFactory.getDefault(SSLSocketFactory.java:152)
05-04 19:26:20.722 12454 12506 I WestlakeVM: VM: 	at com.westlake.engine.WestlakeSslContextSpi.engineGetSocketFactory(WestlakeSslContextSpi.java:27)
05-04 19:26:20.729 12454 12506 I WestlakeVM: VM: 	at javax.net.ssl.SSLContext.getSocketFactory(SSLContext.java:338)
05-04 19:26:20.736 12454 12506 I WestlakeVM: VM: 	at javax.net.ssl.SSLSocketFactory.getDefault(SSLSocketFactory.java:152)
05-04 19:26:20.742 12454 12506 I WestlakeVM: VM: 	at com.westlake.engine.WestlakeSslContextSpi.engineGetSocketFactory(WestlakeSslContextSpi.java:27)
05-04 19:26:20.749 12454 12506 I WestlakeVM: VM: 	at javax.net.ssl.SSLContext.getSocketFactory(SSLContext.java:338)
05-04 19:26:20.755 12454 12506 I WestlakeVM: VM: 	at javax.net.ssl.SSLSocketFactory.getDefault(SSLSocketFactory.java:152)
05-04 19:26:20.762 12454 12506 I WestlakeVM: VM: 	at com.westlake.engine.WestlakeSslContextSpi.engineGetSocketFactory(WestlakeSslContextSpi.java:27)
05-04 19:26:20.768 12454 12506 I WestlakeVM: VM: 	at javax.net.ssl.SSLContext.getSocketFactory(SSLContext.java:338)
05-04 19:26:20.775 12454 12506 I WestlakeVM: VM: 	at javax.net.ssl.SSLSocketFactory.getDefault(SSLSocketFactory.java:152)
05-04 19:26:20.781 12454 12506 I WestlakeVM: VM: 	at com.westlake.engine.WestlakeSslContextSpi.engineGetSocketFactory(WestlakeSslContextSpi.java:27)
05-04 19:26:20.787 12454 12506 I WestlakeVM: VM: 	at javax.net.ssl.SSLContext.getSocketFactory(SSLContext.java:338)
05-04 19:26:20.794 12454 12506 I WestlakeVM: VM: 	at javax.net.ssl.SSLSocketFactory.getDefault(SSLSocketFactory.java:152)
05-04 19:26:20.800 12454 12506 I WestlakeVM: VM: 	at com.westlake.engine.WestlakeSslContextSpi.engineGetSocketFactory(WestlakeSslContextSpi.java:27)
05-04 19:26:20.807 12454 12506 I WestlakeVM: VM: 	at javax.net.ssl.SSLContext.getSocketFactory(SSLContext.java:338)
05-04 19:26:20.813 12454 12506 I WestlakeVM: VM: 	at javax.net.ssl.SSLSocketFactory.getDefault(SSLSocketFactory.java:152)
05-04 19:26:20.819 12454 12506 I WestlakeVM: VM: 	at com.westlake.engine.WestlakeSslContextSpi.engineGetSocketFactory(WestlakeSslContextSpi.java:27)
05-04 19:26:20.826 12454 12506 I WestlakeVM: VM: 	at javax.net.ssl.SSLContext.getSocketFactory(SSLContext.java:338)
05-04 19:26:20.832 12454 12506 I WestlakeVM: VM: 	at javax.net.ssl.SSLSocketFactory.getDefault(SSLSocketFactory.java:152)
05-04 19:26:20.838 12454 12506 I WestlakeVM: VM: 	at com.westlake.engine.WestlakeSslContextSpi.engineGetSocketFactory(WestlakeSslContextSpi.java:27)
05-04 19:26:20.844 12454 12506 I WestlakeVM: VM: 	at javax.net.ssl.SSLContext.getSocketFactory(SSLContext.java:338)
05-04 19:26:20.851 12454 12506 I WestlakeVM: VM: 	at javax.net.ssl.SSLSocketFactory.getDefault(SSLSocketFactory.java:152)
05-04 19:26:20.857 12454 12506 I WestlakeVM: VM: 	at com.westlake.engine.WestlakeSslContextSpi.engineGetSocketFactory(WestlakeSslContextSpi.java:27)
05-04 19:26:20.863 12454 12506 I WestlakeVM: VM: 	at javax.net.ssl.SSLContext.getSocketFactory(SSLContext.java:338)
05-04 19:26:20.869 12454 12506 I WestlakeVM: VM: 	at javax.net.ssl.SSLSocketFactory.getDefault(SSLSocketFactory.java:152)
05-04 19:26:20.876 12454 12506 I WestlakeVM: VM: 	at com.westlake.engine.WestlakeSslContextSpi.engineGetSocketFactory(WestlakeSslContextSpi.java:27)
05-04 19:26:20.882 12454 12506 I WestlakeVM: VM: 	at javax.net.ssl.SSLContext.getSocketFactory(SSLContext.java:338)
05-04 19:26:20.889 12454 12506 I WestlakeVM: VM: 	at javax.net.ssl.SSLSocketFactory.getDefault(SSLSocketFactory.java:152)
05-04 19:26:20.895 12454 12506 I WestlakeVM: VM: 	at com.westlake.engine.WestlakeSslContextSpi.engineGetSocketFactory(WestlakeSslContextSpi.java:27)
05-04 19:26:20.901 12454 12506 I WestlakeVM: VM: 	at javax.net.ssl.SSLContext.getSocketFactory(SSLContext.java:338)
05-04 19:26:20.907 12454 12506 I WestlakeVM: VM: 	at javax.net.ssl.SSLSocketFactory.getDefault(SSLSocketFactory.java:152)
05-04 19:26:20.913 12454 12506 I WestlakeVM: VM: 	at com.westlake.engine.WestlakeSslContextSpi.engineGetSocketFactory(WestlakeSslContextSpi.java:27)
05-04 19:26:20.920 12454 12506 I WestlakeVM: VM: 	at javax.net.ssl.SSLContext.getSocketFactory(SSLContext.java:338)
05-04 19:26:20.926 12454 12506 I WestlakeVM: VM: 	at javax.net.ssl.SSLSocketFactory.getDefault(SSLSocketFactory.java:152)
05-04 19:26:20.932 12454 12506 I WestlakeVM: VM: 	at com.westlake.engine.WestlakeSslContextSpi.engineGetSocketFactory(WestlakeSslContextSpi.java:27)
05-04 19:26:20.939 12454 12506 I WestlakeVM: VM: 	at javax.net.ssl.SSLContext.getSocketFactory(SSLContext.java:338)
05-04 19:26:20.945 12454 12506 I WestlakeVM: VM: 	at javax.net.ssl.SSLSocketFactory.getDefault(SSLSocketFactory.java:152)
05-04 19:26:20.951 12454 12506 I WestlakeVM: VM: 	at com.westlake.engine.WestlakeSslContextSpi.engineGetSocketFactory(WestlakeSslContextSpi.java:27)
05-04 19:26:20.958 12454 12506 I WestlakeVM: VM: 	at javax.net.ssl.SSLContext.getSocketFactory(SSLContext.java:338)
05-04 19:26:20.964 12454 12506 I WestlakeVM: VM: 	at javax.net.ssl.SSLSocketFactory.getDefault(SSLSocketFactory.java:152)
05-04 19:26:20.970 12454 12506 I WestlakeVM: VM: 	at com.westlake.engine.WestlakeSslContextSpi.engineGetSocketFactory(WestlakeSslContextSpi.java:27)
05-04 19:26:20.976 12454 12506 I WestlakeVM: VM: 	at javax.net.ssl.SSLContext.getSocketFactory(SSLContext.java:338)
05-04 19:26:20.983 12454 12506 I WestlakeVM: VM: 	at javax.net.ssl.SSLSocketFactory.getDefault(SSLSocketFactory.java:152)
05-04 19:26:20.989 12454 12506 I WestlakeVM: VM: 	at com.westlake.engine.WestlakeSslContextSpi.engineGetSocketFactory(WestlakeSslContextSpi.java:27)
05-04 19:26:20.995 12454 12506 I WestlakeVM: VM: 	at javax.net.ssl.SSLContext.getSocketFactory(SSLContext.java:338)
05-04 19:26:21.002 12454 12506 I WestlakeVM: VM: 	at javax.net.ssl.SSLSocketFactory.getDefault(SSLSocketFactory.java:152)
05-04 19:26:21.008 12454 12506 I WestlakeVM: VM: 	at com.westlake.engine.WestlakeSslContextSpi.engineGetSocketFactory(WestlakeSslContextSpi.java:27)
05-04 19:26:21.015 12454 12506 I WestlakeVM: VM: 	at javax.net.ssl.SSLContext.getSocketFactory(SSLContext.java:338)
05-04 19:26:21.021 12454 12506 I WestlakeVM: VM: 	at javax.net.ssl.SSLSocketFactory.getDefault(SSLSocketFactory.java:152)
05-04 19:26:21.028 12454 12506 I WestlakeVM: VM: 	at com.westlake.engine.WestlakeSslContextSpi.engineGetSocketFactory(WestlakeSslContextSpi.java:27)
05-04 19:26:21.035 12454 12506 I WestlakeVM: VM: 	at javax.net.ssl.SSLContext.getSocketFactory(SSLContext.java:338)
05-04 19:26:21.041 12454 12506 I WestlakeVM: VM: 	at javax.net.ssl.SSLSocketFactory.getDefault(SSLSocketFactory.java:152)
05-04 19:26:21.048 12454 12506 I WestlakeVM: VM: 	at com.westlake.engine.WestlakeSslContextSpi.engineGetSocketFactory(WestlakeSslContextSpi.java:27)
05-04 19:26:21.054 12454 12506 I WestlakeVM: VM: 	at javax.net.ssl.SSLContext.getSocketFactory(SSLContext.java:338)
05-04 19:26:21.060 12454 12506 I WestlakeVM: VM: 	at javax.net.ssl.SSLSocketFactory.getDefault(SSLSocketFactory.java:152)
05-04 19:26:21.067 12454 12506 I WestlakeVM: VM: 	at com.westlake.engine.WestlakeSslContextSpi.engineGetSocketFactory(WestlakeSslContextSpi.java:27)
05-04 19:26:21.073 12454 12506 I WestlakeVM: VM: 	at javax.net.ssl.SSLContext.getSocketFactory(SSLContext.java:338)
05-04 19:26:21.080 12454 12506 I WestlakeVM: VM: 	at javax.net.ssl.SSLSocketFactory.getDefault(SSLSocketFactory.java:152)
05-04 19:26:21.086 12454 12506 I WestlakeVM: VM: 	at com.westlake.engine.WestlakeSslContextSpi.engineGetSocketFactory(WestlakeSslContextSpi.java:27)
05-04 19:26:21.093 12454 12506 I WestlakeVM: VM: 	at javax.net.ssl.SSLContext.getSocketFactory(SSLContext.java:338)
05-04 19:26:21.099 12454 12506 I WestlakeVM: VM: 	at javax.net.ssl.SSLSocketFactory.getDefault(SSLSocketFactory.java:152)
05-04 19:26:21.106 12454 12506 I WestlakeVM: VM: 	at com.westlake.engine.WestlakeSslContextSpi.engineGetSocketFactory(WestlakeSslContextSpi.java:27)
05-04 19:26:21.112 12454 12506 I WestlakeVM: VM: 	at javax.net.ssl.SSLContext.getSocketFactory(SSLContext.java:338)
05-04 19:26:21.118 12454 12506 I WestlakeVM: VM: 	at javax.net.ssl.SSLSocketFactory.getDefault(SSLSocketFactory.java:152)
05-04 19:26:21.125 12454 12506 I WestlakeVM: VM: 	at com.westlake.engine.WestlakeSslContextSpi.engineGetSocketFactory(WestlakeSslContextSpi.java:27)
05-04 19:26:21.131 12454 12506 I WestlakeVM: VM: 	at javax.net.ssl.SSLContext.getSocketFactory(SSLContext.java:338)
05-04 19:26:21.138 12454 12506 I WestlakeVM: VM: 	at javax.net.ssl.SSLSocketFactory.getDefault(SSLSocketFactory.java:152)
05-04 19:26:21.144 12454 12506 I WestlakeVM: VM: 	at com.westlake.engine.WestlakeSslContextSpi.engineGetSocketFactory(WestlakeSslContextSpi.java:27)
05-04 19:26:21.150 12454 12506 I WestlakeVM: VM: 	at javax.net.ssl.SSLContext.getSocketFactory(SSLContext.java:338)
05-04 19:26:21.157 12454 12506 I WestlakeVM: VM: 	at javax.net.ssl.SSLSocketFactory.getDefault(SSLSocketFactory.java:152)
05-04 19:26:21.163 12454 12506 I WestlakeVM: VM: 	at com.westlake.engine.WestlakeSslContextSpi.engineGetSocketFactory(WestlakeSslContextSpi.java:27)
05-04 19:26:21.170 12454 12506 I WestlakeVM: VM: 	at javax.net.ssl.SSLContext.getSocketFactory(SSLContext.java:338)
05-04 19:26:21.176 12454 12506 I WestlakeVM: VM: 	at javax.net.ssl.SSLSocketFactory.getDefault(SSLSocketFactory.java:152)
05-04 19:26:21.182 12454 12506 I WestlakeVM: VM: 	at com.westlake.engine.WestlakeSslContextSpi.engineGetSocketFactory(WestlakeSslContextSpi.java:27)
05-04 19:26:21.189 12454 12506 I WestlakeVM: VM: 	at javax.net.ssl.SSLContext.getSocketFactory(SSLContext.java:338)
05-04 19:26:21.195 12454 12506 I WestlakeVM: VM: 	at javax.net.ssl.SSLSocketFactory.getDefault(SSLSocketFactory.java:152)
05-04 19:26:21.201 12454 12506 I WestlakeVM: VM: 	at com.westlake.engine.WestlakeSslContextSpi.engineGetSocketFactory(WestlakeSslContextSpi.java:27)
05-04 19:26:21.208 12454 12506 I WestlakeVM: VM: 	at javax.net.ssl.SSLContext.getSocketFactory(SSLContext.java:338)
05-04 19:26:21.214 12454 12506 I WestlakeVM: VM: 	at javax.net.ssl.SSLSocketFactory.getDefault(SSLSocketFactory.java:152)
05-04 19:26:21.220 12454 12506 I WestlakeVM: VM: 	at com.westlake.engine.WestlakeSslContextSpi.engineGetSocketFactory(WestlakeSslContextSpi.java:27)
05-04 19:26:21.227 12454 12506 I WestlakeVM: VM: 	at javax.net.ssl.SSLContext.getSocketFactory(SSLContext.java:338)
05-04 19:26:21.233 12454 12506 I WestlakeVM: VM: 	at javax.net.ssl.SSLSocketFactory.getDefault(SSLSocketFactory.java:152)
05-04 19:26:21.239 12454 12506 I WestlakeVM: VM: 	at com.westlake.engine.WestlakeSslContextSpi.engineGetSocketFactory(WestlakeSslContextSpi.java:27)
05-04 19:26:21.246 12454 12506 I WestlakeVM: VM: 	at javax.net.ssl.SSLContext.getSocketFactory(SSLContext.java:338)
05-04 19:26:21.252 12454 12506 I WestlakeVM: VM: 	at javax.net.ssl.SSLSocketFactory.getDefault(SSLSocketFactory.java:152)
05-04 19:26:21.258 12454 12506 I WestlakeVM: VM: 	at com.westlake.engine.WestlakeSslContextSpi.engineGetSocketFactory(WestlakeSslContextSpi.java:27)
05-04 19:26:21.265 12454 12506 I WestlakeVM: VM: 	at javax.net.ssl.SSLContext.getSocketFactory(SSLContext.java:338)
05-04 19:26:21.271 12454 12506 I WestlakeVM: VM: 	at javax.net.ssl.SSLSocketFactory.getDefault(SSLSocketFactory.java:152)
05-04 19:26:21.277 12454 12506 I WestlakeVM: VM: 	at com.westlake.engine.WestlakeSslContextSpi.engineGetSocketFactory(WestlakeSslContextSpi.java:27)
05-04 19:26:21.283 12454 12506 I WestlakeVM: VM: 	at javax.net.ssl.SSLContext.getSocketFactory(SSLContext.java:338)
05-04 19:26:21.289 12454 12506 I WestlakeVM: VM: 	at javax.net.ssl.SSLSocketFactory.getDefault(SSLSocketFactory.java:152)
05-04 19:26:21.296 12454 12506 I WestlakeVM: VM: 	at com.westlake.engine.WestlakeSslContextSpi.engineGetSocketFactory(WestlakeSslContextSpi.java:27)
05-04 19:26:21.302 12454 12506 I WestlakeVM: VM: 	at javax.net.ssl.SSLContext.getSocketFactory(SSLContext.java:338)
05-04 19:26:21.308 12454 12506 I WestlakeVM: VM: 	at javax.net.ssl.SSLSocketFactory.getDefault(SSLSocketFactory.java:152)
05-04 19:26:21.315 12454 12506 I WestlakeVM: VM: 	at com.westlake.engine.WestlakeSslContextSpi.engineGetSocketFactory(WestlakeSslContextSpi.java:27)
05-04 19:26:21.321 12454 12506 I WestlakeVM: VM: 	at javax.net.ssl.SSLContext.getSocketFactory(SSLContext.java:338)
05-04 19:26:21.327 12454 12506 I WestlakeVM: VM: 	at javax.net.ssl.SSLSocketFactory.getDefault(SSLSocketFactory.java:152)
05-04 19:26:21.333 12454 12506 I WestlakeVM: VM: 	at com.westlake.engine.WestlakeSslContextSpi.engineGetSocketFactory(WestlakeSslContextSpi.java:27)
05-04 19:26:21.340 12454 12506 I WestlakeVM: VM: 	at javax.net.ssl.SSLContext.getSocketFactory(SSLContext.java:338)
05-04 19:26:21.346 12454 12506 I WestlakeVM: VM: 	at javax.net.ssl.SSLSocketFactory.getDefault(SSLSocketFactory.java:152)
05-04 19:26:21.350  3704  3747 W HidlServiceManagement: Waited one second for vendor.qti.hardware.cacert@1.0::IService/default
05-04 19:26:21.351   660   660 I hwservicemanager: Since vendor.qti.hardware.cacert@1.0::IService/default is not registered, trying to start it as a lazy HAL (if it's not configured to be a lazy HAL, it may be stuck starting or still starting).
05-04 19:26:21.352  3704  3747 I HidlServiceManagement: getService: Trying again for vendor.qti.hardware.cacert@1.0::IService/default...
05-04 19:26:21.352 12454 12506 I WestlakeVM: VM: 	at com.westlake.engine.WestlakeSslContextSpi.engineGetSocketFactory(WestlakeSslContextSpi.java:27)
05-04 19:26:21.268     0     0 E init    : Control message: Could not find 'vendor.qti.hardware.cacert@1.0::IService/default' for ctl.interface_start from pid: 660 (/system/system_ext/bin/hwservicemanager)
05-04 19:26:21.355   660 12545 W libc    : Unable to set property "ctl.interface_start" to "vendor.qti.hardware.cacert@1.0::IService/default": PROP_ERROR_HANDLE_CONTROL_MESSAGE (0x20)
05-04 19:26:21.355   660 12545 I hwservicemanager: Tried to start vendor.qti.hardware.cacert@1.0::IService/default as a lazy service, but was unable to. Usually this happens when a service is not installed, but if the service is intended to be used as a lazy service, then it may be configured incorrectly.
05-04 19:26:21.359 12454 12506 I WestlakeVM: VM: 	at javax.net.ssl.SSLContext.getSocketFactory(SSLContext.java:338)
05-04 19:26:21.365 12454 12506 I WestlakeVM: VM: 	at javax.net.ssl.SSLSocketFactory.getDefault(SSLSocketFactory.java:152)
05-04 19:26:21.371 12454 12506 I WestlakeVM: VM: 	at com.westlake.engine.WestlakeSslContextSpi.engineGetSocketFactory(WestlakeSslContextSpi.java:27)
05-04 19:26:21.378 12454 12506 I WestlakeVM: VM: 	at javax.net.ssl.SSLContext.getSocketFactory(SSLContext.java:338)
05-04 19:26:21.384 12454 12506 I WestlakeVM: VM: 	at javax.net.ssl.SSLSocketFactory.getDefault(SSLSocketFactory.java:152)
05-04 19:26:21.391 12454 12506 I WestlakeVM: VM: 	at com.westlake.engine.WestlakeSslContextSpi.engineGetSocketFactory(WestlakeSslContextSpi.java:27)
05-04 19:26:21.397 12454 12506 I WestlakeVM: VM: 	at javax.net.ssl.SSLContext.getSocketFactory(SSLContext.java:338)
05-04 19:26:21.403 12454 12506 I WestlakeVM: VM: 	at javax.net.ssl.SSLSocketFactory.getDefault(SSLSocketFactory.java:152)
05-04 19:26:21.410 12454 12506 I WestlakeVM: VM: 	at com.westlake.engine.WestlakeSslContextSpi.engineGetSocketFactory(WestlakeSslContextSpi.java:27)
05-04 19:26:21.416 12454 12506 I WestlakeVM: VM: 	at javax.net.ssl.SSLContext.getSocketFactory(SSLContext.java:338)
05-04 19:26:21.422 12454 12506 I WestlakeVM: VM: 	at javax.net.ssl.SSLSocketFactory.getDefault(SSLSocketFactory.java:152)
05-04 19:26:21.429 12454 12506 I WestlakeVM: VM: 	at com.westlake.engine.WestlakeSslContextSpi.engineGetSocketFactory(WestlakeSslContextSpi.java:27)
05-04 19:26:21.435 12454 12506 I WestlakeVM: VM: 	at javax.net.ssl.SSLContext.getSocketFactory(SSLContext.java:338)
05-04 19:26:21.441 12454 12506 I WestlakeVM: VM: 	at javax.net.ssl.SSLSocketFactory.getDefault(SSLSocketFactory.java:152)
05-04 19:26:21.448 12454 12506 I WestlakeVM: VM: 	at com.westlake.engine.WestlakeSslContextSpi.engineGetSocketFactory(WestlakeSslContextSpi.java:27)
05-04 19:26:21.454 12454 12506 I WestlakeVM: VM: 	at javax.net.ssl.SSLContext.getSocketFactory(SSLContext.java:338)
05-04 19:26:21.460 12454 12506 I WestlakeVM: VM: 	at javax.net.ssl.SSLSocketFactory.getDefault(SSLSocketFactory.java:152)
05-04 19:26:21.467 12454 12506 I WestlakeVM: VM: 	at com.westlake.engine.WestlakeSslContextSpi.engineGetSocketFactory(WestlakeSslContextSpi.java:27)
05-04 19:26:21.473 12454 12506 I WestlakeVM: VM: 	at javax.net.ssl.SSLContext.getSocketFactory(SSLContext.java:338)
05-04 19:26:21.480 12454 12506 I WestlakeVM: VM: 	at javax.net.ssl.SSLSocketFactory.getDefault(SSLSocketFactory.java:152)
05-04 19:26:21.486 12454 12506 I WestlakeVM: VM: 	at com.westlake.engine.WestlakeSslContextSpi.engineGetSocketFactory(WestlakeSslContextSpi.java:27)
05-04 19:26:21.493 12454 12506 I WestlakeVM: VM: 	at javax.net.ssl.SSLContext.getSocketFactory(SSLContext.java:338)
05-04 19:26:21.499 12454 12506 I WestlakeVM: VM: 	at javax.net.ssl.SSLSocketFactory.getDefault(SSLSocketFactory.java:152)
05-04 19:26:21.505 12454 12506 I WestlakeVM: VM: 	at com.westlake.engine.WestlakeSslContextSpi.engineGetSocketFactory(WestlakeSslContextSpi.java:27)
05-04 19:26:21.511 12454 12506 I WestlakeVM: VM: 	at javax.net.ssl.SSLContext.getSocketFactory(SSLContext.java:338)
05-04 19:26:21.518 12454 12506 I WestlakeVM: VM: 	at javax.net.ssl.SSLSocketFactory.getDefault(SSLSocketFactory.java:152)
05-04 19:26:21.524 12454 12506 I WestlakeVM: VM: 	at com.westlake.engine.WestlakeSslContextSpi.engineGetSocketFactory(WestlakeSslContextSpi.java:27)
05-04 19:26:21.530 12454 12506 I WestlakeVM: VM: 	at javax.net.ssl.SSLContext.getSocketFactory(SSLContext.java:338)
05-04 19:26:21.536 12454 12506 I WestlakeVM: VM: 	at javax.net.ssl.SSLSocketFactory.getDefault(SSLSocketFactory.java:152)
05-04 19:26:21.543 12454 12506 I WestlakeVM: VM: 	at com.westlake.engine.WestlakeSslContextSpi.engineGetSocketFactory(WestlakeSslContextSpi.java:27)
05-04 19:26:21.549 12454 12506 I WestlakeVM: VM: 	at javax.net.ssl.SSLContext.getSocketFactory(SSLContext.java:338)
05-04 19:26:21.555 12454 12506 I WestlakeVM: VM: 	at javax.net.ssl.SSLSocketFactory.getDefault(SSLSocketFactory.java:152)
05-04 19:26:21.562 12454 12506 I WestlakeVM: VM: 	at com.westlake.engine.WestlakeSslContextSpi.engineGetSocketFactory(WestlakeSslContextSpi.java:27)
05-04 19:26:21.568 12454 12506 I WestlakeVM: VM: 	at javax.net.ssl.SSLContext.getSocketFactory(SSLContext.java:338)
05-04 19:26:21.574 12454 12506 I WestlakeVM: VM: 	at javax.net.ssl.SSLSocketFactory.getDefault(SSLSocketFactory.java:152)
05-04 19:26:21.580 12454 12506 I WestlakeVM: VM: 	at com.westlake.engine.WestlakeSslContextSpi.engineGetSocketFactory(WestlakeSslContextSpi.java:27)
05-04 19:26:21.587 12454 12506 I WestlakeVM: VM: 	at javax.net.ssl.SSLContext.getSocketFactory(SSLContext.java:338)
05-04 19:26:21.593 12454 12506 I WestlakeVM: VM: 	at javax.net.ssl.SSLSocketFactory.getDefault(SSLSocketFactory.java:152)
05-04 19:26:21.599 12454 12506 I WestlakeVM: VM: 	at com.westlake.engine.WestlakeSslContextSpi.engineGetSocketFactory(WestlakeSslContextSpi.java:27)
05-04 19:26:21.606 12454 12506 I WestlakeVM: VM: 	at javax.net.ssl.SSLContext.getSocketFactory(SSLContext.java:338)
05-04 19:26:21.612 12454 12506 I WestlakeVM: VM: 	at javax.net.ssl.SSLSocketFactory.getDefault(SSLSocketFactory.java:152)
05-04 19:26:21.618 12454 12506 I WestlakeVM: VM: 	at com.westlake.engine.WestlakeSslContextSpi.engineGetSocketFactory(WestlakeSslContextSpi.java:27)
05-04 19:26:21.624 12454 12506 I WestlakeVM: VM: 	at javax.net.ssl.SSLContext.getSocketFactory(SSLContext.java:338)
05-04 19:26:21.631 12454 12506 I WestlakeVM: VM: 	at javax.net.ssl.SSLSocketFactory.getDefault(SSLSocketFactory.java:152)
05-04 19:26:21.637 12454 12506 I WestlakeVM: VM: 	at com.westlake.engine.WestlakeSslContextSpi.engineGetSocketFactory(WestlakeSslContextSpi.java:27)
05-04 19:26:21.643 12454 12506 I WestlakeVM: VM: 	at javax.net.ssl.SSLContext.getSocketFactory(SSLContext.java:338)
05-04 19:26:21.650 12454 12506 I WestlakeVM: VM: 	at javax.net.ssl.SSLSocketFactory.getDefault(SSLSocketFactory.java:152)
05-04 19:26:21.656 12454 12506 I WestlakeVM: VM: 	at com.westlake.engine.WestlakeSslContextSpi.engineGetSocketFactory(WestlakeSslContextSpi.java:27)
05-04 19:26:21.662 12454 12506 I WestlakeVM: VM: 	at javax.net.ssl.SSLContext.getSocketFactory(SSLContext.java:338)
05-04 19:26:21.669 12454 12506 I WestlakeVM: VM: 	at javax.net.ssl.SSLSocketFactory.getDefault(SSLSocketFactory.java:152)
05-04 19:26:21.675 12454 12506 I WestlakeVM: VM: 	at com.westlake.engine.WestlakeSslContextSpi.engineGetSocketFactory(WestlakeSslContextSpi.java:27)
05-04 19:26:21.682 12454 12506 I WestlakeVM: VM: 	at javax.net.ssl.SSLContext.getSocketFactory(SSLContext.java:338)
05-04 19:26:21.688 12454 12506 I WestlakeVM: VM: 	at javax.net.ssl.SSLSocketFactory.getDefault(SSLSocketFactory.java:152)
05-04 19:26:21.694 12454 12506 I WestlakeVM: VM: 	at com.westlake.engine.WestlakeSslContextSpi.engineGetSocketFactory(WestlakeSslContextSpi.java:27)
05-04 19:26:21.700 12454 12506 I WestlakeVM: VM: 	at javax.net.ssl.SSLContext.getSocketFactory(SSLContext.java:338)
05-04 19:26:21.707 12454 12506 I WestlakeVM: VM: 	at javax.net.ssl.SSLSocketFactory.getDefault(SSLSocketFactory.java:152)
05-04 19:26:21.713 12454 12506 I WestlakeVM: VM: 	at com.westlake.engine.WestlakeSslContextSpi.engineGetSocketFactory(WestlakeSslContextSpi.java:27)
05-04 19:26:21.720 12454 12506 I WestlakeVM: VM: 	at javax.net.ssl.SSLContext.getSocketFactory(SSLContext.java:338)
05-04 19:26:21.726 12454 12506 I WestlakeVM: VM: 	at javax.net.ssl.SSLSocketFactory.getDefault(SSLSocketFactory.java:152)
05-04 19:26:21.732 12454 12506 I WestlakeVM: VM: 	at com.westlake.engine.WestlakeSslContextSpi.engineGetSocketFactory(WestlakeSslContextSpi.java:27)
05-04 19:26:21.738 12454 12506 I WestlakeVM: VM: 	at javax.net.ssl.SSLContext.getSocketFactory(SSLContext.java:338)
05-04 19:26:21.745 12454 12506 I WestlakeVM: VM: 	at javax.net.ssl.SSLSocketFactory.getDefault(SSLSocketFactory.java:152)
05-04 19:26:21.751 12454 12506 I WestlakeVM: VM: 	at com.westlake.engine.WestlakeSslContextSpi.engineGetSocketFactory(WestlakeSslContextSpi.java:27)
05-04 19:26:21.757 12454 12506 I WestlakeVM: VM: 	at javax.net.ssl.SSLContext.getSocketFactory(SSLContext.java:338)
05-04 19:26:21.763 12454 12506 I WestlakeVM: VM: 	at javax.net.ssl.SSLSocketFactory.getDefault(SSLSocketFactory.java:152)
05-04 19:26:21.770 12454 12506 I WestlakeVM: VM: 	at com.westlake.engine.WestlakeSslContextSpi.engineGetSocketFactory(WestlakeSslContextSpi.java:27)
05-04 19:26:21.777 12454 12506 I WestlakeVM: VM: 	at javax.net.ssl.SSLContext.getSocketFactory(SSLContext.java:338)
05-04 19:26:21.783 12454 12506 I WestlakeVM: VM: 	at javax.net.ssl.SSLSocketFactory.getDefault(SSLSocketFactory.java:152)
05-04 19:26:21.789 12454 12506 I WestlakeVM: VM: 	at com.westlake.engine.WestlakeSslContextSpi.engineGetSocketFactory(WestlakeSslContextSpi.java:27)
05-04 19:26:21.795 12454 12506 I WestlakeVM: VM: 	at javax.net.ssl.SSLContext.getSocketFactory(SSLContext.java:338)
05-04 19:26:21.801 12454 12506 I WestlakeVM: VM: 	at javax.net.ssl.SSLSocketFactory.getDefault(SSLSocketFactory.java:152)
05-04 19:26:21.808 12454 12506 I WestlakeVM: VM: 	at com.westlake.engine.WestlakeSslContextSpi.engineGetSocketFactory(WestlakeSslContextSpi.java:27)
05-04 19:26:21.814 12454 12506 I WestlakeVM: VM: 	at javax.net.ssl.SSLContext.getSocketFactory(SSLContext.java:338)
05-04 19:26:21.820 12454 12506 I WestlakeVM: VM: 	at javax.net.ssl.SSLSocketFactory.getDefault(SSLSocketFactory.java:152)
05-04 19:26:21.827 12454 12506 I WestlakeVM: VM: 	at com.westlake.engine.WestlakeSslContextSpi.engineGetSocketFactory(WestlakeSslContextSpi.java:27)
05-04 19:26:21.833 12454 12506 I WestlakeVM: VM: 	at javax.net.ssl.SSLContext.getSocketFactory(SSLContext.java:338)
05-04 19:26:21.839 12454 12506 I WestlakeVM: VM: 	at javax.net.ssl.SSLSocketFactory.getDefault(SSLSocketFactory.java:152)
05-04 19:26:21.845 12454 12506 I WestlakeVM: VM: 	at com.westlake.engine.WestlakeSslContextSpi.engineGetSocketFactory(WestlakeSslContextSpi.java:27)
05-04 19:26:21.852 12454 12506 I WestlakeVM: VM: 	at javax.net.ssl.SSLContext.getSocketFactory(SSLContext.java:338)
05-04 19:26:21.858 12454 12506 I WestlakeVM: VM: 	at javax.net.ssl.SSLSocketFactory.getDefault(SSLSocketFactory.java:152)
05-04 19:26:21.864 12454 12506 I WestlakeVM: VM: 	at com.westlake.engine.WestlakeSslContextSpi.engineGetSocketFactory(WestlakeSslContextSpi.java:27)
05-04 19:26:21.870 12454 12506 I WestlakeVM: VM: 	at javax.net.ssl.SSLContext.getSocketFactory(SSLContext.java:338)
05-04 19:26:21.876 12454 12506 I WestlakeVM: VM: 	at javax.net.ssl.SSLSocketFactory.getDefault(SSLSocketFactory.java:152)
05-04 19:26:21.883 12454 12506 I WestlakeVM: VM: 	at com.westlake.engine.WestlakeSslContextSpi.engineGetSocketFactory(WestlakeSslContextSpi.java:27)
05-04 19:26:21.889 12454 12506 I WestlakeVM: VM: 	at javax.net.ssl.SSLContext.getSocketFactory(SSLContext.java:338)
05-04 19:26:21.896 12454 12506 I WestlakeVM: VM: 	at javax.net.ssl.SSLSocketFactory.getDefault(SSLSocketFactory.java:152)
05-04 19:26:21.903 12454 12506 I WestlakeVM: VM: 	at com.westlake.engine.WestlakeSslContextSpi.engineGetSocketFactory(WestlakeSslContextSpi.java:27)
05-04 19:26:21.909 12454 12506 I WestlakeVM: VM: 	at javax.net.ssl.SSLContext.getSocketFactory(SSLContext.java:338)
05-04 19:26:21.916 12454 12506 I WestlakeVM: VM: 	at javax.net.ssl.SSLSocketFactory.getDefault(SSLSocketFactory.java:152)
05-04 19:26:21.922 12454 12506 I WestlakeVM: VM: 	at com.westlake.engine.WestlakeSslContextSpi.engineGetSocketFactory(WestlakeSslContextSpi.java:27)
05-04 19:26:21.928 12454 12506 I WestlakeVM: VM: 	at javax.net.ssl.SSLContext.getSocketFactory(SSLContext.java:338)
05-04 19:26:21.935 12454 12506 I WestlakeVM: VM: 	at javax.net.ssl.SSLSocketFactory.getDefault(SSLSocketFactory.java:152)
05-04 19:26:21.941 12454 12506 I WestlakeVM: VM: 	at com.westlake.engine.WestlakeSslContextSpi.engineGetSocketFactory(WestlakeSslContextSpi.java:27)
05-04 19:26:21.948 12454 12506 I WestlakeVM: VM: 	at javax.net.ssl.SSLContext.getSocketFactory(SSLContext.java:338)
05-04 19:26:21.954 12454 12506 I WestlakeVM: VM: 	at javax.net.ssl.SSLSocketFactory.getDefault(SSLSocketFactory.java:152)
05-04 19:26:21.961 12454 12506 I WestlakeVM: VM: 	at com.westlake.engine.WestlakeSslContextSpi.engineGetSocketFactory(WestlakeSslContextSpi.java:27)
05-04 19:26:21.967 12454 12506 I WestlakeVM: VM: 	at javax.net.ssl.SSLContext.getSocketFactory(SSLContext.java:338)
05-04 19:26:21.974 12454 12506 I WestlakeVM: VM: 	at javax.net.ssl.SSLSocketFactory.getDefault(SSLSocketFactory.java:152)
05-04 19:26:21.980 12454 12506 I WestlakeVM: VM: 	at com.westlake.engine.WestlakeSslContextSpi.engineGetSocketFactory(WestlakeSslContextSpi.java:27)
05-04 19:26:21.987 12454 12506 I WestlakeVM: VM: 	at javax.net.ssl.SSLContext.getSocketFactory(SSLContext.java:338)
05-04 19:26:21.993 12454 12506 I WestlakeVM: VM: 	at javax.net.ssl.SSLSocketFactory.getDefault(SSLSocketFactory.java:152)
05-04 19:26:21.999 12454 12506 I WestlakeVM: VM: 	at com.westlake.engine.WestlakeSslContextSpi.engineGetSocketFactory(WestlakeSslContextSpi.java:27)
05-04 19:26:22.006 12454 12506 I WestlakeVM: VM: 	at javax.net.ssl.SSLContext.getSocketFactory(SSLContext.java:338)
05-04 19:26:22.012 12454 12506 I WestlakeVM: VM: 	at javax.net.ssl.SSLSocketFactory.getDefault(SSLSocketFactory.java:152)
05-04 19:26:22.019 12454 12506 I WestlakeVM: VM: 	at com.westlake.engine.WestlakeSslContextSpi.engineGetSocketFactory(WestlakeSslContextSpi.java:27)
05-04 19:26:22.026 12454 12506 I WestlakeVM: VM: 	at javax.net.ssl.SSLContext.getSocketFactory(SSLContext.java:338)
05-04 19:26:22.033 12454 12506 I WestlakeVM: VM: 	at javax.net.ssl.SSLSocketFactory.getDefault(SSLSocketFactory.java:152)
05-04 19:26:21.946     0     0 I QCOM-BATT: pl_fcc_vote_callback: total_fcc_ua=1950000
05-04 19:26:21.946     0     0 I QCOM-BATT: pl_fv_vote_callback: fv_uv=4400000
05-04 19:26:22.040 12454 12506 I WestlakeVM: VM: 	at com.westlake.engine.WestlakeSslContextSpi.engineGetSocketFactory(WestlakeSslContextSpi.java:27)
05-04 19:26:22.047 12454 12506 I WestlakeVM: VM: 	at javax.net.ssl.SSLContext.getSocketFactory(SSLContext.java:338)
05-04 19:26:22.053 12454 12506 I WestlakeVM: VM: 	at javax.net.ssl.SSLSocketFactory.getDefault(SSLSocketFactory.java:152)
05-04 19:26:22.060 12454 12506 I WestlakeVM: VM: 	at com.westlake.engine.WestlakeSslContextSpi.engineGetSocketFactory(WestlakeSslContextSpi.java:27)
05-04 19:26:22.066 12454 12506 I WestlakeVM: VM: 	at javax.net.ssl.SSLContext.getSocketFactory(SSLContext.java:338)
05-04 19:26:22.072 12454 12506 I WestlakeVM: VM: 	at javax.net.ssl.SSLSocketFactory.getDefault(SSLSocketFactory.java:152)
05-04 19:26:22.079 12454 12506 I WestlakeVM: VM: 	at com.westlake.engine.WestlakeSslContextSpi.engineGetSocketFactory(WestlakeSslContextSpi.java:27)
05-04 19:26:22.085 12454 12506 I WestlakeVM: VM: 	at javax.net.ssl.SSLContext.getSocketFactory(SSLContext.java:338)
05-04 19:26:22.092 12454 12506 I WestlakeVM: VM: 	at javax.net.ssl.SSLSocketFactory.getDefault(SSLSocketFactory.java:152)
05-04 19:26:22.098 12454 12506 I WestlakeVM: VM: 	at com.westlake.engine.WestlakeSslContextSpi.engineGetSocketFactory(WestlakeSslContextSpi.java:27)
05-04 19:26:22.105 12454 12506 I WestlakeVM: VM: 	at javax.net.ssl.SSLContext.getSocketFactory(SSLContext.java:338)
05-04 19:26:22.111 12454 12506 I WestlakeVM: VM: 	at javax.net.ssl.SSLSocketFactory.getDefault(SSLSocketFactory.java:152)
05-04 19:26:22.118 12454 12506 I WestlakeVM: VM: 	at com.westlake.engine.WestlakeSslContextSpi.engineGetSocketFactory(WestlakeSslContextSpi.java:27)
05-04 19:26:22.124 12454 12506 I WestlakeVM: VM: 	at javax.net.ssl.SSLContext.getSocketFactory(SSLContext.java:338)
05-04 19:26:22.131 12454 12506 I WestlakeVM: VM: 	at javax.net.ssl.SSLSocketFactory.getDefault(SSLSocketFactory.java:152)
05-04 19:26:22.137 12454 12506 I WestlakeVM: VM: 	at com.westlake.engine.WestlakeSslContextSpi.engineGetSocketFactory(WestlakeSslContextSpi.java:27)
05-04 19:26:22.143 12454 12506 I WestlakeVM: VM: 	at javax.net.ssl.SSLContext.getSocketFactory(SSLContext.java:338)
05-04 19:26:22.150 12454 12506 I WestlakeVM: VM: 	at javax.net.ssl.SSLSocketFactory.getDefault(SSLSocketFactory.java:152)
05-04 19:26:22.157 12454 12506 I WestlakeVM: VM: 	at com.westlake.engine.WestlakeSslContextSpi.engineGetSocketFactory(WestlakeSslContextSpi.java:27)
05-04 19:26:22.163 12454 12506 I WestlakeVM: VM: 	at javax.net.ssl.SSLContext.getSocketFactory(SSLContext.java:338)
05-04 19:26:22.169 12454 12506 I WestlakeVM: VM: 	at javax.net.ssl.SSLSocketFactory.getDefault(SSLSocketFactory.java:152)
05-04 19:26:22.176 12454 12506 I WestlakeVM: VM: 	at com.westlake.engine.WestlakeSslContextSpi.engineGetSocketFactory(WestlakeSslContextSpi.java:27)
05-04 19:26:22.182 12454 12506 I WestlakeVM: VM: 	at javax.net.ssl.SSLContext.getSocketFactory(SSLContext.java:338)
05-04 19:26:22.189 12454 12506 I WestlakeVM: VM: 	at javax.net.ssl.SSLSocketFactory.getDefault(SSLSocketFactory.java:152)
05-04 19:26:22.195 12454 12506 I WestlakeVM: VM: 	at com.westlake.engine.WestlakeSslContextSpi.engineGetSocketFactory(WestlakeSslContextSpi.java:27)
05-04 19:26:22.202 12454 12506 I WestlakeVM: VM: 	at javax.net.ssl.SSLContext.getSocketFactory(SSLContext.java:338)
05-04 19:26:22.208 12454 12506 I WestlakeVM: VM: 	at javax.net.ssl.SSLSocketFactory.getDefault(SSLSocketFactory.java:152)
05-04 19:26:22.214 12454 12506 I WestlakeVM: VM: 	at com.westlake.engine.WestlakeSslContextSpi.engineGetSocketFactory(WestlakeSslContextSpi.java:27)
05-04 19:26:22.220 12454 12506 I WestlakeVM: VM: 	at javax.net.ssl.SSLContext.getSocketFactory(SSLContext.java:338)
05-04 19:26:22.227 12454 12506 I WestlakeVM: VM: 	at javax.net.ssl.SSLSocketFactory.getDefault(SSLSocketFactory.java:152)
05-04 19:26:22.233 12454 12506 I WestlakeVM: VM: 	at com.westlake.engine.WestlakeSslContextSpi.engineGetSocketFactory(WestlakeSslContextSpi.java:27)
05-04 19:26:22.239 12454 12506 I WestlakeVM: VM: 	at javax.net.ssl.SSLContext.getSocketFactory(SSLContext.java:338)
05-04 19:26:22.246 12454 12506 I WestlakeVM: VM: 	at javax.net.ssl.SSLSocketFactory.getDefault(SSLSocketFactory.java:152)
05-04 19:26:22.252 12454 12506 I WestlakeVM: VM: 	at com.westlake.engine.WestlakeSslContextSpi.engineGetSocketFactory(WestlakeSslContextSpi.java:27)
05-04 19:26:22.258 12454 12506 I WestlakeVM: VM: 	at javax.net.ssl.SSLContext.getSocketFactory(SSLContext.java:338)
05-04 19:26:22.265 12454 12506 I WestlakeVM: VM: 	at javax.net.ssl.SSLSocketFactory.getDefault(SSLSocketFactory.java:152)
05-04 19:26:22.272 12454 12506 I WestlakeVM: VM: 	at com.westlake.engine.WestlakeSslContextSpi.engineGetSocketFactory(WestlakeSslContextSpi.java:27)
05-04 19:26:22.278 12454 12506 I WestlakeVM: VM: 	at javax.net.ssl.SSLContext.getSocketFactory(SSLContext.java:338)
05-04 19:26:22.284 12454 12506 I WestlakeVM: VM: 	at javax.net.ssl.SSLSocketFactory.getDefault(SSLSocketFactory.java:152)
05-04 19:26:22.290 12454 12506 I WestlakeVM: VM: 	at com.westlake.engine.WestlakeSslContextSpi.engineGetSocketFactory(WestlakeSslContextSpi.java:27)
05-04 19:26:22.296 12454 12506 I WestlakeVM: VM: 	at javax.net.ssl.SSLContext.getSocketFactory(SSLContext.java:338)
05-04 19:26:22.302 12454 12506 I WestlakeVM: VM: 	at javax.net.ssl.SSLSocketFactory.getDefault(SSLSocketFactory.java:152)
05-04 19:26:22.309 12454 12506 I WestlakeVM: VM: 	at com.westlake.engine.WestlakeSslContextSpi.engineGetSocketFactory(WestlakeSslContextSpi.java:27)
05-04 19:26:22.315 12454 12506 I WestlakeVM: VM: 	at javax.net.ssl.SSLContext.getSocketFactory(SSLContext.java:338)
05-04 19:26:22.321 12454 12506 I WestlakeVM: VM: 	at javax.net.ssl.SSLSocketFactory.getDefault(SSLSocketFactory.java:152)
05-04 19:26:22.328 12454 12506 I WestlakeVM: VM: 	at com.westlake.engine.WestlakeSslContextSpi.engineGetSocketFactory(WestlakeSslContextSpi.java:27)
05-04 19:26:22.334 12454 12506 I WestlakeVM: VM: 	at javax.net.ssl.SSLContext.getSocketFactory(SSLContext.java:338)
05-04 19:26:22.340 12454 12506 I WestlakeVM: VM: 	at javax.net.ssl.SSLSocketFactory.getDefault(SSLSocketFactory.java:152)
05-04 19:26:22.347 12454 12506 I WestlakeVM: VM: 	at com.westlake.engine.WestlakeSslContextSpi.engineGetSocketFactory(WestlakeSslContextSpi.java:27)
05-04 19:26:22.352  3704  3747 W HidlServiceManagement: Waited one second for vendor.qti.hardware.cacert@1.0::IService/default
05-04 19:26:22.353 12454 12506 I WestlakeVM: VM: 	at javax.net.ssl.SSLContext.getSocketFactory(SSLContext.java:338)
05-04 19:26:22.354   660   660 I hwservicemanager: Since vendor.qti.hardware.cacert@1.0::IService/default is not registered, trying to start it as a lazy HAL (if it's not configured to be a lazy HAL, it may be stuck starting or still starting).
05-04 19:26:22.355  3704  3747 I HidlServiceManagement: getService: Trying again for vendor.qti.hardware.cacert@1.0::IService/default...
05-04 19:26:22.357   660 12546 W libc    : Unable to set property "ctl.interface_start" to "vendor.qti.hardware.cacert@1.0::IService/default": PROP_ERROR_HANDLE_CONTROL_MESSAGE (0x20)
05-04 19:26:22.357   660 12546 I hwservicemanager: Tried to start vendor.qti.hardware.cacert@1.0::IService/default as a lazy service, but was unable to. Usually this happens when a service is not installed, but if the service is intended to be used as a lazy service, then it may be configured incorrectly.
05-04 19:26:22.360 12454 12506 I WestlakeVM: VM: 	at javax.net.ssl.SSLSocketFactory.getDefault(SSLSocketFactory.java:152)
05-04 19:26:22.271     0     0 E init    : Control message: Could not find 'vendor.qti.hardware.cacert@1.0::IService/default' for ctl.interface_start from pid: 660 (/system/system_ext/bin/hwservicemanager)
05-04 19:26:22.366 12454 12506 I WestlakeVM: VM: 	at com.westlake.engine.WestlakeSslContextSpi.engineGetSocketFactory(WestlakeSslContextSpi.java:27)
05-04 19:26:22.372 12454 12506 I WestlakeVM: VM: 	at javax.net.ssl.SSLContext.getSocketFactory(SSLContext.java:338)
05-04 19:26:22.379 12454 12506 I WestlakeVM: VM: 	at javax.net.ssl.SSLSocketFactory.getDefault(SSLSocketFactory.java:152)
05-04 19:26:22.386 12454 12506 I WestlakeVM: VM: 	at com.westlake.engine.WestlakeSslContextSpi.engineGetSocketFactory(WestlakeSslContextSpi.java:27)
05-04 19:26:22.306     0     0 E FG      : fg_psy_get_property: unsupported property 79
05-04 19:26:22.394 12454 12506 I WestlakeVM: VM: 	at javax.net.ssl.SSLContext.getSocketFactory(SSLContext.java:338)
05-04 19:26:22.400 12454 12506 I WestlakeVM: VM: 	at javax.net.ssl.SSLSocketFactory.getDefault(SSLSocketFactory.java:152)
05-04 19:26:22.314     0     0 E FG      : fg_psy_get_property: unsupported property 79
05-04 19:26:22.407 12454 12506 I WestlakeVM: VM: 	at com.westlake.engine.WestlakeSslContextSpi.engineGetSocketFactory(WestlakeSslContextSpi.java:27)
05-04 19:26:22.412  1126  1126 D QtiCarrierConfigHelper: WARNING, no carrier configs on phone Id: 0
05-04 19:26:22.414 12454 12506 I WestlakeVM: VM: 	at javax.net.ssl.SSLContext.getSocketFactory(SSLContext.java:338)
05-04 19:26:22.320     0     0 W healthd : battery l=100 v=3042 t=24.9 h=2 st=5 c=0 fc=2831000 chg=u
05-04 19:26:22.421 12454 12506 I WestlakeVM: VM: 	at javax.net.ssl.SSLSocketFactory.getDefault(SSLSocketFactory.java:152)
05-04 19:26:22.421   960  1373 D PowerUI : can't show warning due to - plugged: true status unknown: false
05-04 19:26:22.330     0     0 E FG      : fg_psy_get_property: unsupported property 79
05-04 19:26:22.428 12454 12506 I WestlakeVM: VM: 	at com.westlake.engine.WestlakeSslContextSpi.engineGetSocketFactory(WestlakeSslContextSpi.java:27)
05-04 19:26:22.434 12454 12506 I WestlakeVM: VM: 	at javax.net.ssl.SSLContext.getSocketFactory(SSLContext.java:338)
05-04 19:26:22.441 12454 12506 I WestlakeVM: VM: 	at javax.net.ssl.SSLSocketFactory.getDefault(SSLSocketFactory.java:152)
05-04 19:26:22.448 12454 12506 I WestlakeVM: VM: 	at com.westlake.engine.WestlakeSslContextSpi.engineGetSocketFactory(WestlakeSslContextSpi.java:27)
05-04 19:26:22.455 12454 12506 I WestlakeVM: VM: 	at javax.net.ssl.SSLContext.getSocketFactory(SSLContext.java:338)
05-04 19:26:22.461 12454 12506 I WestlakeVM: VM: 	at javax.net.ssl.SSLSocketFactory.getDefault(SSLSocketFactory.java:152)
05-04 19:26:22.467 12454 12506 I WestlakeVM: VM: 	at com.westlake.engine.WestlakeSslContextSpi.engineGetSocketFactory(WestlakeSslContextSpi.java:27)
05-04 19:26:22.473 12454 12506 I WestlakeVM: VM: 	at javax.net.ssl.SSLContext.getSocketFactory(SSLContext.java:338)
05-04 19:26:22.480 12454 12506 I WestlakeVM: VM: 	at javax.net.ssl.SSLSocketFactory.getDefault(SSLSocketFactory.java:152)
05-04 19:26:22.487 12454 12506 I WestlakeVM: VM: 	at com.westlake.engine.WestlakeSslContextSpi.engineGetSocketFactory(WestlakeSslContextSpi.java:27)
05-04 19:26:22.493 12454 12506 I WestlakeVM: VM: 	at javax.net.ssl.SSLContext.getSocketFactory(SSLContext.java:338)
05-04 19:26:22.499 12454 12506 I WestlakeVM: VM: 	at javax.net.ssl.SSLSocketFactory.getDefault(SSLSocketFactory.java:152)
05-04 19:26:22.506 12454 12506 I WestlakeVM: VM: 	at com.westlake.engine.WestlakeSslContextSpi.engineGetSocketFactory(WestlakeSslContextSpi.java:27)
05-04 19:26:22.512 12454 12506 I WestlakeVM: VM: 	at javax.net.ssl.SSLContext.getSocketFactory(SSLContext.java:338)
05-04 19:26:22.519 12454 12506 I WestlakeVM: VM: 	at javax.net.ssl.SSLSocketFactory.getDefault(SSLSocketFactory.java:152)
05-04 19:26:22.525 12454 12506 I WestlakeVM: VM: 	at com.westlake.engine.WestlakeSslContextSpi.engineGetSocketFactory(WestlakeSslContextSpi.java:27)
05-04 19:26:22.531 12454 12506 I WestlakeVM: VM: 	at javax.net.ssl.SSLContext.getSocketFactory(SSLContext.java:338)
05-04 19:26:22.538 12454 12506 I WestlakeVM: VM: 	at javax.net.ssl.SSLSocketFactory.getDefault(SSLSocketFactory.java:152)
05-04 19:26:22.544 12454 12506 I WestlakeVM: VM: 	at com.westlake.engine.WestlakeSslContextSpi.engineGetSocketFactory(WestlakeSslContextSpi.java:27)
05-04 19:26:22.551 12454 12506 I WestlakeVM: VM: 	at javax.net.ssl.SSLContext.getSocketFactory(SSLContext.java:338)
05-04 19:26:22.557 12454 12506 I WestlakeVM: VM: 	at javax.net.ssl.SSLSocketFactory.getDefault(SSLSocketFactory.java:152)
05-04 19:26:22.564 12454 12506 I WestlakeVM: VM: 	at com.westlake.engine.WestlakeSslContextSpi.engineGetSocketFactory(WestlakeSslContextSpi.java:27)
05-04 19:26:22.570 12454 12506 I WestlakeVM: VM: 	at javax.net.ssl.SSLContext.getSocketFactory(SSLContext.java:338)
05-04 19:26:22.577 12454 12506 I WestlakeVM: VM: 	at javax.net.ssl.SSLSocketFactory.getDefault(SSLSocketFactory.java:152)
05-04 19:26:22.583 12454 12506 I WestlakeVM: VM: 	at com.westlake.engine.WestlakeSslContextSpi.engineGetSocketFactory(WestlakeSslContextSpi.java:27)
05-04 19:26:22.590 12454 12506 I WestlakeVM: VM: 	at javax.net.ssl.SSLContext.getSocketFactory(SSLContext.java:338)
