05-04 19:26:14.370 12454 12506 I WestlakeVM: VM: [PFCUT] forced interpreter JNI reason=Class.classForName method=java.lang.Class java.lang.Class.classForName(java.lang.String, boolean, java.lang.ClassLoader) quick=0xd23cc0 jni=0x750018
05-04 19:26:14.371 12454 12506 I WestlakeVM: VM: [PFCUT] Class.newInstance intrinsic class=java.lang.Class<sun.net.spi.DefaultProxySelector> ctor=void sun.net.spi.DefaultProxySelector.<init>()
05-04 19:26:14.372 12454 12506 I WestlakeVM: VM: [PFCUT] forced interpreter JNI reason=Unsafe method=java.lang.Object jdk.internal.misc.Unsafe.getReferenceVolatile(java.lang.Object, long) quick=0xd23e00 jni=0x74e2c0
05-04 19:26:14.372 12454 12506 I WestlakeVM: VM: [PFCUT] InterpreterJni jdk.Unsafe getReferenceVolatile target=0x14055380 offset=48 value=0 array_index=9
05-04 19:26:14.372 12454 12506 I WestlakeVM: VM: [PFCUT] forced interpreter JNI reason=Unsafe method=java.lang.Object jdk.internal.misc.Unsafe.getReferenceVolatile(java.lang.Object, long) quick=0xd23e00 jni=0x74e2c0
05-04 19:26:14.372 12454 12506 I WestlakeVM: VM: [PFCUT] InterpreterJni jdk.Unsafe getReferenceVolatile target=0x14058450 offset=112 value=0x14057628 array_index=25
05-04 19:26:14.430 12454 12506 I WestlakeVM: VM: [PFCUT] forced interpreter JNI reason=Unsafe method=java.lang.Object jdk.internal.misc.Unsafe.getReferenceVolatile(java.lang.Object, long) quick=0xd23e00 jni=0x74e2c0
05-04 19:26:14.430 12454 12506 I WestlakeVM: VM: [PFCUT] InterpreterJni jdk.Unsafe getReferenceVolatile target=0x14055380 offset=48 value=0 array_index=9
05-04 19:26:14.430 12454 12506 I WestlakeVM: VM: [PFCUT] forced interpreter JNI reason=Unsafe method=java.lang.Object jdk.internal.misc.Unsafe.getReferenceVolatile(java.lang.Object, long) quick=0xd23e00 jni=0x74e2c0
05-04 19:26:14.431 12454 12506 I WestlakeVM: VM: [PFCUT] InterpreterJni jdk.Unsafe getReferenceVolatile target=0x14058450 offset=112 value=0x14057628 array_index=25
05-04 19:26:14.431 12454 12506 I WestlakeVM: VM: [PFCUT] forced interpreter JNI reason=Unsafe method=java.lang.Object jdk.internal.misc.Unsafe.getReferenceVolatile(java.lang.Object, long) quick=0xd23e00 jni=0x74e2c0
05-04 19:26:14.431 12454 12506 I WestlakeVM: VM: [PFCUT] InterpreterJni jdk.Unsafe getReferenceVolatile target=0x14055380 offset=48 value=0 array_index=9
05-04 19:26:14.431 12454 12506 I WestlakeVM: VM: [PFCUT] forced interpreter JNI reason=Unsafe method=java.lang.Object jdk.internal.misc.Unsafe.getReferenceVolatile(java.lang.Object, long) quick=0xd23e00 jni=0x74e2c0
05-04 19:26:14.432 12454 12506 I WestlakeVM: VM: [PFCUT] InterpreterJni jdk.Unsafe getReferenceVolatile target=0x14058450 offset=112 value=0x14057628 array_index=25
05-04 19:26:14.434 12454 12506 I WestlakeVM: VM: [PFCUT] forced interpreter JNI reason=Unsafe method=java.lang.Object jdk.internal.misc.Unsafe.getReferenceVolatile(java.lang.Object, long) quick=0xd23e00 jni=0x74e2c0
05-04 19:26:14.434 12454 12506 I WestlakeVM: VM: [PFCUT] InterpreterJni jdk.Unsafe getReferenceVolatile target=0x14055380 offset=48 value=0 array_index=9
05-04 19:26:14.434 12454 12506 I WestlakeVM: VM: [PFCUT] forced interpreter JNI reason=Unsafe method=java.lang.Object jdk.internal.misc.Unsafe.getReferenceVolatile(java.lang.Object, long) quick=0xd23e00 jni=0x74e2c0
05-04 19:26:14.434 12454 12506 I WestlakeVM: VM: [PFCUT] InterpreterJni jdk.Unsafe getReferenceVolatile target=0x14058450 offset=112 value=0x14057628 array_index=25
05-04 19:26:14.436 12454 12506 I WestlakeVM: VM: [PFCUT] forced interpreter JNI reason=Unsafe method=java.lang.Object jdk.internal.misc.Unsafe.getReferenceVolatile(java.lang.Object, long) quick=0xd23e00 jni=0x74e2c0
05-04 19:26:14.436 12454 12506 I WestlakeVM: VM: [PFCUT] InterpreterJni jdk.Unsafe getReferenceVolatile target=0x14055f60 offset=28 value=0 array_index=4
05-04 19:26:14.440 12454 12506 I WestlakeVM: VM: [PFCUT] forced interpreter JNI reason=Class.classForName method=java.lang.Class java.lang.Class.classForName(java.lang.String, boolean, java.lang.ClassLoader) quick=0xd23cc0 jni=0x750018
05-04 19:26:14.445 12454 12506 I WestlakeVM: VM: [PFCUT] forced interpreter JNI reason=Class.classForName method=java.lang.Class java.lang.Class.classForName(java.lang.String, boolean, java.lang.ClassLoader) quick=0xd23cc0 jni=0x750018
05-04 19:26:14.447 12454 12506 I WestlakeVM: VM: [PFCUT] forced interpreter JNI reason=Unsafe method=java.lang.Object jdk.internal.misc.Unsafe.getReferenceVolatile(java.lang.Object, long) quick=0xd23e00 jni=0x74e2c0
05-04 19:26:14.447 12454 12506 I WestlakeVM: VM: [PFCUT] InterpreterJni jdk.Unsafe getReferenceVolatile target=0x14055380 offset=28 value=0 array_index=4
05-04 19:26:14.447 12454 12506 I WestlakeVM: VM: [PFCUT] forced interpreter JNI reason=Unsafe method=java.lang.Object jdk.internal.misc.Unsafe.getReferenceVolatile(java.lang.Object, long) quick=0xd23e00 jni=0x74e2c0
05-04 19:26:14.448 12454 12506 I WestlakeVM: VM: [PFCUT] InterpreterJni jdk.Unsafe getReferenceVolatile target=0x14058450 offset=92 value=0x14057c40 array_index=20
05-04 19:26:14.448 12454 12506 I WestlakeVM: VM: [PFCUT] AtomicInteger.get intrinsic current=2
05-04 19:26:14.449 12454 12506 I WestlakeVM: VM: [PFCUT] forced interpreter JNI reason=Unsafe method=java.lang.Object jdk.internal.misc.Unsafe.getReferenceVolatile(java.lang.Object, long) quick=0xd23e00 jni=0x74e2c0
05-04 19:26:14.449 12454 12506 I WestlakeVM: VM: [PFCUT] InterpreterJni jdk.Unsafe getReferenceVolatile target=0x14055f60 offset=68 value=0 array_index=14
05-04 19:26:14.453 12454 12506 I WestlakeVM: VM: [PFCUT] AtomicInteger.get intrinsic current=2
05-04 19:26:14.453 12454 12506 I WestlakeVM: VM: [PFCUT] forced interpreter JNI reason=Unsafe method=java.lang.Object jdk.internal.misc.Unsafe.getReferenceVolatile(java.lang.Object, long) quick=0xd23e00 jni=0x74e2c0
05-04 19:26:14.453 12454 12506 I WestlakeVM: VM: [PFCUT] InterpreterJni jdk.Unsafe getReferenceVolatile target=0x14055f60 offset=68 value=0 array_index=14
05-04 19:26:14.453 12454 12506 I WestlakeVM: VM: [PFCUT] AtomicInteger.get intrinsic current=2
05-04 19:26:14.454 12454 12506 I WestlakeVM: VM: [PFCUT] forced interpreter JNI reason=Unsafe method=java.lang.Object jdk.internal.misc.Unsafe.getReferenceVolatile(java.lang.Object, long) quick=0xd23e00 jni=0x74e2c0
05-04 19:26:14.454 12454 12506 I WestlakeVM: VM: [PFCUT] InterpreterJni jdk.Unsafe getReferenceVolatile target=0x14055f60 offset=68 value=0 array_index=14
05-04 19:26:14.454 12454 12506 I WestlakeVM: VM: [PFCUT] AtomicInteger.get intrinsic current=2
05-04 19:26:14.454 12454 12506 I WestlakeVM: VM: [PFCUT] forced interpreter JNI reason=Unsafe method=java.lang.Object jdk.internal.misc.Unsafe.getReferenceVolatile(java.lang.Object, long) quick=0xd23e00 jni=0x74e2c0
05-04 19:26:14.454 12454 12506 I WestlakeVM: VM: [PFCUT] InterpreterJni jdk.Unsafe getReferenceVolatile target=0x14055f60 offset=68 value=0 array_index=14
05-04 19:26:14.454 12454 12506 I WestlakeVM: VM: [PFCUT] AtomicInteger.get intrinsic current=2
05-04 19:26:14.455 12454 12506 I WestlakeVM: VM: [PFCUT] forced interpreter JNI reason=Unsafe method=java.lang.Object jdk.internal.misc.Unsafe.getReferenceVolatile(java.lang.Object, long) quick=0xd23e00 jni=0x74e2c0
05-04 19:26:14.455 12454 12506 I WestlakeVM: VM: [PFCUT] InterpreterJni jdk.Unsafe getReferenceVolatile target=0x14055f60 offset=68 value=0 array_index=14
05-04 19:26:14.455 12454 12506 I WestlakeVM: VM: [PFCUT] AtomicInteger.get intrinsic current=2
05-04 19:26:14.455 12454 12506 I WestlakeVM: VM: [PFCUT] forced interpreter JNI reason=Unsafe method=java.lang.Object jdk.internal.misc.Unsafe.getReferenceVolatile(java.lang.Object, long) quick=0xd23e00 jni=0x74e2c0
05-04 19:26:14.455 12454 12506 I WestlakeVM: VM: [PFCUT] InterpreterJni jdk.Unsafe getReferenceVolatile target=0x14055f60 offset=68 value=0 array_index=14
05-04 19:26:14.456 12454 12506 I WestlakeVM: VM: [PFCUT] AtomicInteger.get intrinsic current=2
05-04 19:26:14.456 12454 12506 I WestlakeVM: VM: [PFCUT] forced interpreter JNI reason=Unsafe method=java.lang.Object jdk.internal.misc.Unsafe.getReferenceVolatile(java.lang.Object, long) quick=0xd23e00 jni=0x74e2c0
05-04 19:26:14.456 12454 12506 I WestlakeVM: VM: [PFCUT] InterpreterJni jdk.Unsafe getReferenceVolatile target=0x14055f60 offset=68 value=0 array_index=14
05-04 19:26:14.456 12454 12506 I WestlakeVM: VM: [PFCUT] AtomicInteger.get intrinsic current=2
05-04 19:26:14.456 12454 12506 I WestlakeVM: VM: [PFCUT] forced interpreter JNI reason=Unsafe method=java.lang.Object jdk.internal.misc.Unsafe.getReferenceVolatile(java.lang.Object, long) quick=0xd23e00 jni=0x74e2c0
05-04 19:26:14.457 12454 12506 I WestlakeVM: VM: [PFCUT] InterpreterJni jdk.Unsafe getReferenceVolatile target=0x14055f60 offset=68 value=0 array_index=14
05-04 19:26:14.457 12454 12506 I WestlakeVM: VM: [PFCUT] AtomicInteger.get intrinsic current=2
05-04 19:26:14.457 12454 12506 I WestlakeVM: VM: [PFCUT] forced interpreter JNI reason=Unsafe method=java.lang.Object jdk.internal.misc.Unsafe.getReferenceVolatile(java.lang.Object, long) quick=0xd23e00 jni=0x74e2c0
05-04 19:26:14.457 12454 12506 I WestlakeVM: VM: [PFCUT] InterpreterJni jdk.Unsafe getReferenceVolatile target=0x14055f60 offset=68 value=0 array_index=14
05-04 19:26:14.457 12454 12506 I WestlakeVM: VM: [PFCUT] AtomicInteger.get intrinsic current=2
05-04 19:26:14.457 12454 12506 I WestlakeVM: VM: [PFCUT] forced interpreter JNI reason=Unsafe method=java.lang.Object jdk.internal.misc.Unsafe.getReferenceVolatile(java.lang.Object, long) quick=0xd23e00 jni=0x74e2c0
05-04 19:26:14.458 12454 12506 I WestlakeVM: VM: [PFCUT] InterpreterJni jdk.Unsafe getReferenceVolatile target=0x14055f60 offset=68 value=0 array_index=14
05-04 19:26:14.458 12454 12506 I WestlakeVM: VM: [PFCUT] AtomicInteger.get intrinsic current=2
05-04 19:26:14.458 12454 12506 I WestlakeVM: VM: [PFCUT] forced interpreter JNI reason=Unsafe method=java.lang.Object jdk.internal.misc.Unsafe.getReferenceVolatile(java.lang.Object, long) quick=0xd23e00 jni=0x74e2c0
05-04 19:26:14.458 12454 12506 I WestlakeVM: VM: [PFCUT] AtomicInteger.get intrinsic current=2
05-04 19:26:14.459 12454 12506 I WestlakeVM: VM: [PFCUT] forced interpreter JNI reason=Unsafe method=java.lang.Object jdk.internal.misc.Unsafe.getReferenceVolatile(java.lang.Object, long) quick=0xd23e00 jni=0x74e2c0
05-04 19:26:14.459 12454 12506 I WestlakeVM: VM: [PFCUT] AtomicInteger.get intrinsic current=2
05-04 19:26:14.459 12454 12506 I WestlakeVM: VM: [PFCUT] forced interpreter JNI reason=Unsafe method=java.lang.Object jdk.internal.misc.Unsafe.getReferenceVolatile(java.lang.Object, long) quick=0xd23e00 jni=0x74e2c0
05-04 19:26:14.459 12454 12506 I WestlakeVM: VM: [PFCUT] AtomicInteger.get intrinsic current=2
05-04 19:26:14.460 12454 12506 I WestlakeVM: VM: [PFCUT] forced interpreter JNI reason=Unsafe method=java.lang.Object jdk.internal.misc.Unsafe.getReferenceVolatile(java.lang.Object, long) quick=0xd23e00 jni=0x74e2c0
05-04 19:26:14.460 12454 12506 I WestlakeVM: VM: [PFCUT] AtomicInteger.get intrinsic current=2
05-04 19:26:14.460 12454 12506 I WestlakeVM: VM: [PFCUT] forced interpreter JNI reason=Unsafe method=java.lang.Object jdk.internal.misc.Unsafe.getReferenceVolatile(java.lang.Object, long) quick=0xd23e00 jni=0x74e2c0
05-04 19:26:14.460 12454 12506 I WestlakeVM: VM: [PFCUT] AtomicInteger.get intrinsic current=2
05-04 19:26:14.461 12454 12506 I WestlakeVM: VM: [PFCUT] forced interpreter JNI reason=Unsafe method=java.lang.Object jdk.internal.misc.Unsafe.getReferenceVolatile(java.lang.Object, long) quick=0xd23e00 jni=0x74e2c0
05-04 19:26:14.461 12454 12506 I WestlakeVM: VM: [PFCUT] AtomicInteger.get intrinsic current=2
05-04 19:26:14.461 12454 12506 I WestlakeVM: VM: [PFCUT] forced interpreter JNI reason=Unsafe method=java.lang.Object jdk.internal.misc.Unsafe.getReferenceVolatile(java.lang.Object, long) quick=0xd23e00 jni=0x74e2c0
05-04 19:26:14.462 12454 12506 I WestlakeVM: VM: [PFCUT] AtomicInteger.get intrinsic current=2
05-04 19:26:14.462 12454 12506 I WestlakeVM: VM: [PFCUT] forced interpreter JNI reason=Unsafe method=java.lang.Object jdk.internal.misc.Unsafe.getReferenceVolatile(java.lang.Object, long) quick=0xd23e00 jni=0x74e2c0
05-04 19:26:14.462 12454 12506 I WestlakeVM: VM: [PFCUT] AtomicInteger.get intrinsic current=2
05-04 19:26:14.463 12454 12506 I WestlakeVM: VM: [PFCUT] forced interpreter JNI reason=Unsafe method=java.lang.Object jdk.internal.misc.Unsafe.getReferenceVolatile(java.lang.Object, long) quick=0xd23e00 jni=0x74e2c0
05-04 19:26:14.463 12454 12506 I WestlakeVM: VM: [PFCUT] AtomicInteger.get intrinsic current=2
05-04 19:26:14.463 12454 12506 I WestlakeVM: VM: [PFCUT] forced interpreter JNI reason=Unsafe method=java.lang.Object jdk.internal.misc.Unsafe.getReferenceVolatile(java.lang.Object, long) quick=0xd23e00 jni=0x74e2c0
05-04 19:26:14.463 12454 12506 I WestlakeVM: VM: [PFCUT] AtomicInteger.get intrinsic current=2
05-04 19:26:14.464 12454 12506 I WestlakeVM: VM: [PFCUT] forced interpreter JNI reason=Unsafe method=java.lang.Object jdk.internal.misc.Unsafe.getReferenceVolatile(java.lang.Object, long) quick=0xd23e00 jni=0x74e2c0
05-04 19:26:14.465 12454 12506 I WestlakeVM: VM: [PFCUT] AtomicInteger.get intrinsic current=2
05-04 19:26:14.465 12454 12506 I WestlakeVM: VM: [PFCUT] forced interpreter JNI reason=Unsafe method=java.lang.Object jdk.internal.misc.Unsafe.getReferenceVolatile(java.lang.Object, long) quick=0xd23e00 jni=0x74e2c0
05-04 19:26:14.465 12454 12506 I WestlakeVM: VM: [PFCUT] AtomicInteger.get intrinsic current=2
05-04 19:26:14.465 12454 12506 I WestlakeVM: VM: [PFCUT] forced interpreter JNI reason=Unsafe method=java.lang.Object jdk.internal.misc.Unsafe.getReferenceVolatile(java.lang.Object, long) quick=0xd23e00 jni=0x74e2c0
05-04 19:26:14.465 12454 12506 I WestlakeVM: VM: [PFCUT] AtomicInteger.get intrinsic current=2
05-04 19:26:14.466 12454 12506 I WestlakeVM: VM: [PFCUT] forced interpreter JNI reason=Unsafe method=java.lang.Object jdk.internal.misc.Unsafe.getReferenceVolatile(java.lang.Object, long) quick=0xd23e00 jni=0x74e2c0
05-04 19:26:14.466 12454 12506 I WestlakeVM: VM: [PFCUT] AtomicInteger.get intrinsic current=2
05-04 19:26:14.466 12454 12506 I WestlakeVM: VM: [PFCUT] forced interpreter JNI reason=Unsafe method=java.lang.Object jdk.internal.misc.Unsafe.getReferenceVolatile(java.lang.Object, long) quick=0xd23e00 jni=0x74e2c0
05-04 19:26:14.466 12454 12506 I WestlakeVM: VM: [PFCUT] AtomicInteger.get intrinsic current=2
05-04 19:26:14.467 12454 12506 I WestlakeVM: VM: [PFCUT] forced interpreter JNI reason=Unsafe method=java.lang.Object jdk.internal.misc.Unsafe.getReferenceVolatile(java.lang.Object, long) quick=0xd23e00 jni=0x74e2c0
05-04 19:26:14.467 12454 12506 I WestlakeVM: VM: [PFCUT] AtomicInteger.get intrinsic current=2
05-04 19:26:14.467 12454 12506 I WestlakeVM: VM: [PFCUT] forced interpreter JNI reason=Unsafe method=java.lang.Object jdk.internal.misc.Unsafe.getReferenceVolatile(java.lang.Object, long) quick=0xd23e00 jni=0x74e2c0
05-04 19:26:14.467 12454 12506 I WestlakeVM: VM: [PFCUT] AtomicInteger.get intrinsic current=2
05-04 19:26:14.468 12454 12506 I WestlakeVM: VM: [PFCUT] forced interpreter JNI reason=Unsafe method=java.lang.Object jdk.internal.misc.Unsafe.getReferenceVolatile(java.lang.Object, long) quick=0xd23e00 jni=0x74e2c0
05-04 19:26:14.468 12454 12506 I WestlakeVM: VM: [PFCUT] AtomicInteger.get intrinsic current=2
05-04 19:26:14.468 12454 12506 I WestlakeVM: VM: [PFCUT] forced interpreter JNI reason=Unsafe method=java.lang.Object jdk.internal.misc.Unsafe.getReferenceVolatile(java.lang.Object, long) quick=0xd23e00 jni=0x74e2c0
05-04 19:26:14.468 12454 12506 I WestlakeVM: VM: [PFCUT] AtomicInteger.get intrinsic current=2
05-04 19:26:14.469 12454 12506 I WestlakeVM: VM: [PFCUT] forced interpreter JNI reason=Unsafe method=java.lang.Object jdk.internal.misc.Unsafe.getReferenceVolatile(java.lang.Object, long) quick=0xd23e00 jni=0x74e2c0
05-04 19:26:14.469 12454 12506 I WestlakeVM: VM: [PFCUT] AtomicInteger.get intrinsic current=2
05-04 19:26:14.469 12454 12506 I WestlakeVM: VM: [PFCUT] forced interpreter JNI reason=Unsafe method=java.lang.Object jdk.internal.misc.Unsafe.getReferenceVolatile(java.lang.Object, long) quick=0xd23e00 jni=0x74e2c0
05-04 19:26:14.470 12454 12506 I WestlakeVM: VM: [PFCUT] AtomicInteger.get intrinsic current=2
05-04 19:26:14.470 12454 12506 I WestlakeVM: VM: [PFCUT] forced interpreter JNI reason=Unsafe method=java.lang.Object jdk.internal.misc.Unsafe.getReferenceVolatile(java.lang.Object, long) quick=0xd23e00 jni=0x74e2c0
05-04 19:26:14.470 12454 12506 I WestlakeVM: VM: [PFCUT] AtomicInteger.get intrinsic current=2
05-04 19:26:14.470 12454 12506 I WestlakeVM: VM: [PFCUT] forced interpreter JNI reason=Unsafe method=java.lang.Object jdk.internal.misc.Unsafe.getReferenceVolatile(java.lang.Object, long) quick=0xd23e00 jni=0x74e2c0
05-04 19:26:14.471 12454 12506 I WestlakeVM: VM: [PFCUT] AtomicInteger.get intrinsic current=2
05-04 19:26:14.471 12454 12506 I WestlakeVM: VM: [PFCUT] forced interpreter JNI reason=Unsafe method=java.lang.Object jdk.internal.misc.Unsafe.getReferenceVolatile(java.lang.Object, long) quick=0xd23e00 jni=0x74e2c0
05-04 19:26:14.471 12454 12506 I WestlakeVM: VM: [PFCUT] AtomicInteger.get intrinsic current=2
05-04 19:26:14.472 12454 12506 I WestlakeVM: VM: [PFCUT] forced interpreter JNI reason=Unsafe method=java.lang.Object jdk.internal.misc.Unsafe.getReferenceVolatile(java.lang.Object, long) quick=0xd23e00 jni=0x74e2c0
05-04 19:26:14.472 12454 12506 I WestlakeVM: VM: [PFCUT] AtomicInteger.get intrinsic current=2
05-04 19:26:14.472 12454 12506 I WestlakeVM: VM: [PFCUT] forced interpreter JNI reason=Unsafe method=java.lang.Object jdk.internal.misc.Unsafe.getReferenceVolatile(java.lang.Object, long) quick=0xd23e00 jni=0x74e2c0
05-04 19:26:14.472 12454 12506 I WestlakeVM: VM: [PFCUT] AtomicInteger.get intrinsic current=2
05-04 19:26:14.472 12454 12506 I WestlakeVM: VM: [PFCUT] forced interpreter JNI reason=Unsafe method=java.lang.Object jdk.internal.misc.Unsafe.getReferenceVolatile(java.lang.Object, long) quick=0xd23e00 jni=0x74e2c0
05-04 19:26:14.473 12454 12506 I WestlakeVM: VM: [PFCUT] AtomicInteger.get intrinsic current=2
05-04 19:26:14.473 12454 12506 I WestlakeVM: VM: [PFCUT] forced interpreter JNI reason=Unsafe method=java.lang.Object jdk.internal.misc.Unsafe.getReferenceVolatile(java.lang.Object, long) quick=0xd23e00 jni=0x74e2c0
05-04 19:26:14.473 12454 12506 I WestlakeVM: VM: [PFCUT] AtomicInteger.get intrinsic current=2
05-04 19:26:14.474 12454 12506 I WestlakeVM: VM: [PFCUT] forced interpreter JNI reason=Unsafe method=java.lang.Object jdk.internal.misc.Unsafe.getReferenceVolatile(java.lang.Object, long) quick=0xd23e00 jni=0x74e2c0
05-04 19:26:14.474 12454 12506 I WestlakeVM: VM: [PFCUT] AtomicInteger.get intrinsic current=2
05-04 19:26:14.474 12454 12506 I WestlakeVM: VM: [PFCUT] forced interpreter JNI reason=Unsafe method=java.lang.Object jdk.internal.misc.Unsafe.getReferenceVolatile(java.lang.Object, long) quick=0xd23e00 jni=0x74e2c0
05-04 19:26:14.474 12454 12506 I WestlakeVM: VM: [PFCUT] AtomicInteger.get intrinsic current=2
05-04 19:26:14.475 12454 12506 I WestlakeVM: VM: [PFCUT] forced interpreter JNI reason=Unsafe method=java.lang.Object jdk.internal.misc.Unsafe.getReferenceVolatile(java.lang.Object, long) quick=0xd23e00 jni=0x74e2c0
05-04 19:26:14.475 12454 12506 I WestlakeVM: VM: [PFCUT] AtomicInteger.get intrinsic current=2
05-04 19:26:14.476 12454 12506 I WestlakeVM: VM: [PFCUT] forced interpreter JNI reason=Unsafe method=java.lang.Object jdk.internal.misc.Unsafe.getReferenceVolatile(java.lang.Object, long) quick=0xd23e00 jni=0x74e2c0
05-04 19:26:14.476 12454 12506 I WestlakeVM: VM: [PFCUT] AtomicInteger.get intrinsic current=2
05-04 19:26:14.476 12454 12506 I WestlakeVM: VM: [PFCUT] forced interpreter JNI reason=Unsafe method=java.lang.Object jdk.internal.misc.Unsafe.getReferenceVolatile(java.lang.Object, long) quick=0xd23e00 jni=0x74e2c0
05-04 19:26:14.476 12454 12506 I WestlakeVM: VM: [PFCUT] AtomicInteger.get intrinsic current=2
05-04 19:26:14.476 12454 12506 I WestlakeVM: VM: [PFCUT] forced interpreter JNI reason=Unsafe method=java.lang.Object jdk.internal.misc.Unsafe.getReferenceVolatile(java.lang.Object, long) quick=0xd23e00 jni=0x74e2c0
05-04 19:26:14.477 12454 12506 I WestlakeVM: VM: [PFCUT] AtomicInteger.get intrinsic current=2
05-04 19:26:14.477 12454 12506 I WestlakeVM: VM: [PFCUT] forced interpreter JNI reason=Unsafe method=java.lang.Object jdk.internal.misc.Unsafe.getReferenceVolatile(java.lang.Object, long) quick=0xd23e00 jni=0x74e2c0
05-04 19:26:14.477 12454 12506 I WestlakeVM: VM: [PFCUT] AtomicInteger.get intrinsic current=2
05-04 19:26:14.478 12454 12506 I WestlakeVM: VM: [PFCUT] forced interpreter JNI reason=Unsafe method=java.lang.Object jdk.internal.misc.Unsafe.getReferenceVolatile(java.lang.Object, long) quick=0xd23e00 jni=0x74e2c0
05-04 19:26:14.478 12454 12506 I WestlakeVM: VM: [PFCUT] AtomicInteger.get intrinsic current=2
05-04 19:26:14.478 12454 12506 I WestlakeVM: VM: [PFCUT] forced interpreter JNI reason=Unsafe method=java.lang.Object jdk.internal.misc.Unsafe.getReferenceVolatile(java.lang.Object, long) quick=0xd23e00 jni=0x74e2c0
05-04 19:26:14.478 12454 12506 I WestlakeVM: VM: [PFCUT] AtomicInteger.get intrinsic current=2
05-04 19:26:14.479 12454 12506 I WestlakeVM: VM: [PFCUT] forced interpreter JNI reason=Unsafe method=java.lang.Object jdk.internal.misc.Unsafe.getReferenceVolatile(java.lang.Object, long) quick=0xd23e00 jni=0x74e2c0
05-04 19:26:14.479 12454 12506 I WestlakeVM: VM: [PFCUT] AtomicInteger.get intrinsic current=2
05-04 19:26:14.479 12454 12506 I WestlakeVM: VM: [PFCUT] forced interpreter JNI reason=Unsafe method=java.lang.Object jdk.internal.misc.Unsafe.getReferenceVolatile(java.lang.Object, long) quick=0xd23e00 jni=0x74e2c0
05-04 19:26:14.480 12454 12506 I WestlakeVM: VM: [PFCUT] AtomicInteger.get intrinsic current=2
05-04 19:26:14.480 12454 12506 I WestlakeVM: VM: [PFCUT] forced interpreter JNI reason=Unsafe method=java.lang.Object jdk.internal.misc.Unsafe.getReferenceVolatile(java.lang.Object, long) quick=0xd23e00 jni=0x74e2c0
05-04 19:26:14.480 12454 12506 I WestlakeVM: VM: [PFCUT] AtomicInteger.get intrinsic current=2
05-04 19:26:14.480 12454 12506 I WestlakeVM: VM: [PFCUT] forced interpreter JNI reason=Unsafe method=java.lang.Object jdk.internal.misc.Unsafe.getReferenceVolatile(java.lang.Object, long) quick=0xd23e00 jni=0x74e2c0
05-04 19:26:14.481 12454 12506 I WestlakeVM: VM: [PFCUT] AtomicInteger.get intrinsic current=2
05-04 19:26:14.481 12454 12506 I WestlakeVM: VM: [PFCUT] forced interpreter JNI reason=Unsafe method=java.lang.Object jdk.internal.misc.Unsafe.getReferenceVolatile(java.lang.Object, long) quick=0xd23e00 jni=0x74e2c0
05-04 19:26:14.481 12454 12506 I WestlakeVM: VM: [PFCUT] AtomicInteger.get intrinsic current=2
05-04 19:26:14.482 12454 12506 I WestlakeVM: VM: [PFCUT] forced interpreter JNI reason=Unsafe method=java.lang.Object jdk.internal.misc.Unsafe.getReferenceVolatile(java.lang.Object, long) quick=0xd23e00 jni=0x74e2c0
05-04 19:26:14.482 12454 12506 I WestlakeVM: VM: [PFCUT] AtomicInteger.get intrinsic current=2
05-04 19:26:14.482 12454 12506 I WestlakeVM: VM: [PFCUT] forced interpreter JNI reason=Unsafe method=java.lang.Object jdk.internal.misc.Unsafe.getReferenceVolatile(java.lang.Object, long) quick=0xd23e00 jni=0x74e2c0
05-04 19:26:14.482 12454 12506 I WestlakeVM: VM: [PFCUT] AtomicInteger.get intrinsic current=2
05-04 19:26:14.483 12454 12506 I WestlakeVM: VM: [PFCUT] forced interpreter JNI reason=Unsafe method=java.lang.Object jdk.internal.misc.Unsafe.getReferenceVolatile(java.lang.Object, long) quick=0xd23e00 jni=0x74e2c0
05-04 19:26:14.483 12454 12506 I WestlakeVM: VM: [PFCUT] AtomicInteger.get intrinsic current=2
05-04 19:26:14.483 12454 12506 I WestlakeVM: VM: [PFCUT] forced interpreter JNI reason=Unsafe method=java.lang.Object jdk.internal.misc.Unsafe.getReferenceVolatile(java.lang.Object, long) quick=0xd23e00 jni=0x74e2c0
05-04 19:26:14.483 12454 12506 I WestlakeVM: VM: [PFCUT] AtomicInteger.get intrinsic current=2
05-04 19:26:14.484 12454 12506 I WestlakeVM: VM: [PFCUT] forced interpreter JNI reason=Unsafe method=java.lang.Object jdk.internal.misc.Unsafe.getReferenceVolatile(java.lang.Object, long) quick=0xd23e00 jni=0x74e2c0
05-04 19:26:14.484 12454 12506 I WestlakeVM: VM: [PFCUT] AtomicInteger.get intrinsic current=2
05-04 19:26:14.484 12454 12506 I WestlakeVM: VM: [PFCUT] forced interpreter JNI reason=Unsafe method=java.lang.Object jdk.internal.misc.Unsafe.getReferenceVolatile(java.lang.Object, long) quick=0xd23e00 jni=0x74e2c0
05-04 19:26:14.485 12454 12506 I WestlakeVM: VM: [PFCUT] AtomicInteger.get intrinsic current=2
05-04 19:26:14.485 12454 12506 I WestlakeVM: VM: [PFCUT] forced interpreter JNI reason=Unsafe method=java.lang.Object jdk.internal.misc.Unsafe.getReferenceVolatile(java.lang.Object, long) quick=0xd23e00 jni=0x74e2c0
05-04 19:26:14.485 12454 12506 I WestlakeVM: VM: [PFCUT] AtomicInteger.get intrinsic current=2
05-04 19:26:14.486 12454 12506 I WestlakeVM: VM: [PFCUT] forced interpreter JNI reason=Unsafe method=java.lang.Object jdk.internal.misc.Unsafe.getReferenceVolatile(java.lang.Object, long) quick=0xd23e00 jni=0x74e2c0
05-04 19:26:14.486 12454 12506 I WestlakeVM: VM: [PFCUT] AtomicInteger.get intrinsic current=2
05-04 19:26:14.486 12454 12506 I WestlakeVM: VM: [PFCUT] forced interpreter JNI reason=Unsafe method=java.lang.Object jdk.internal.misc.Unsafe.getReferenceVolatile(java.lang.Object, long) quick=0xd23e00 jni=0x74e2c0
05-04 19:26:14.486 12454 12506 I WestlakeVM: VM: [PFCUT] AtomicInteger.get intrinsic current=2
05-04 19:26:14.487 12454 12506 I WestlakeVM: VM: [PFCUT] forced interpreter JNI reason=Unsafe method=java.lang.Object jdk.internal.misc.Unsafe.getReferenceVolatile(java.lang.Object, long) quick=0xd23e00 jni=0x74e2c0
05-04 19:26:14.487 12454 12506 I WestlakeVM: VM: [PFCUT] AtomicInteger.get intrinsic current=2
05-04 19:26:14.487 12454 12506 I WestlakeVM: VM: [PFCUT] forced interpreter JNI reason=Unsafe method=java.lang.Object jdk.internal.misc.Unsafe.getReferenceVolatile(java.lang.Object, long) quick=0xd23e00 jni=0x74e2c0
05-04 19:26:14.487 12454 12506 I WestlakeVM: VM: [PFCUT] AtomicInteger.get intrinsic current=2
05-04 19:26:14.488 12454 12506 I WestlakeVM: VM: [PFCUT] forced interpreter JNI reason=Unsafe method=java.lang.Object jdk.internal.misc.Unsafe.getReferenceVolatile(java.lang.Object, long) quick=0xd23e00 jni=0x74e2c0
05-04 19:26:14.488 12454 12506 I WestlakeVM: VM: [PFCUT] AtomicInteger.get intrinsic current=2
05-04 19:26:14.488 12454 12506 I WestlakeVM: VM: [PFCUT] forced interpreter JNI reason=Unsafe method=java.lang.Object jdk.internal.misc.Unsafe.getReferenceVolatile(java.lang.Object, long) quick=0xd23e00 jni=0x74e2c0
05-04 19:26:14.489 12454 12506 I WestlakeVM: VM: [PFCUT] AtomicInteger.get intrinsic current=2
05-04 19:26:14.489 12454 12506 I WestlakeVM: VM: [PFCUT] forced interpreter JNI reason=Unsafe method=java.lang.Object jdk.internal.misc.Unsafe.getReferenceVolatile(java.lang.Object, long) quick=0xd23e00 jni=0x74e2c0
05-04 19:26:14.489 12454 12506 I WestlakeVM: VM: [PFCUT] AtomicInteger.get intrinsic current=2
05-04 19:26:14.489 12454 12506 I WestlakeVM: VM: [PFCUT] forced interpreter JNI reason=Unsafe method=java.lang.Object jdk.internal.misc.Unsafe.getReferenceVolatile(java.lang.Object, long) quick=0xd23e00 jni=0x74e2c0
05-04 19:26:14.490 12454 12506 I WestlakeVM: VM: [PFCUT] AtomicInteger.get intrinsic current=2
05-04 19:26:14.490 12454 12506 I WestlakeVM: VM: [PFCUT] forced interpreter JNI reason=Unsafe method=java.lang.Object jdk.internal.misc.Unsafe.getReferenceVolatile(java.lang.Object, long) quick=0xd23e00 jni=0x74e2c0
05-04 19:26:14.490 12454 12506 I WestlakeVM: VM: [PFCUT] AtomicInteger.get intrinsic current=2
05-04 19:26:14.490 12454 12506 I WestlakeVM: VM: [PFCUT] forced interpreter JNI reason=Unsafe method=java.lang.Object jdk.internal.misc.Unsafe.getReferenceVolatile(java.lang.Object, long) quick=0xd23e00 jni=0x74e2c0
05-04 19:26:14.491 12454 12506 I WestlakeVM: VM: [PFCUT] AtomicInteger.get intrinsic current=2
05-04 19:26:14.491 12454 12506 I WestlakeVM: VM: [PFCUT] forced interpreter JNI reason=Unsafe method=java.lang.Object jdk.internal.misc.Unsafe.getReferenceVolatile(java.lang.Object, long) quick=0xd23e00 jni=0x74e2c0
05-04 19:26:14.491 12454 12506 I WestlakeVM: VM: [PFCUT] AtomicInteger.get intrinsic current=2
05-04 19:26:14.492 12454 12506 I WestlakeVM: VM: [PFCUT] forced interpreter JNI reason=Unsafe method=java.lang.Object jdk.internal.misc.Unsafe.getReferenceVolatile(java.lang.Object, long) quick=0xd23e00 jni=0x74e2c0
05-04 19:26:14.492 12454 12506 I WestlakeVM: VM: [PFCUT] AtomicInteger.get intrinsic current=2
05-04 19:26:14.492 12454 12506 I WestlakeVM: VM: [PFCUT] forced interpreter JNI reason=Unsafe method=java.lang.Object jdk.internal.misc.Unsafe.getReferenceVolatile(java.lang.Object, long) quick=0xd23e00 jni=0x74e2c0
05-04 19:26:14.492 12454 12506 I WestlakeVM: VM: [PFCUT] AtomicInteger.get intrinsic current=2
05-04 19:26:14.493 12454 12506 I WestlakeVM: VM: [PFCUT] forced interpreter JNI reason=Unsafe method=java.lang.Object jdk.internal.misc.Unsafe.getReferenceVolatile(java.lang.Object, long) quick=0xd23e00 jni=0x74e2c0
05-04 19:26:14.493 12454 12506 I WestlakeVM: VM: [PFCUT] AtomicInteger.get intrinsic current=2
05-04 19:26:14.494 12454 12506 I WestlakeVM: VM: [PFCUT] AtomicInteger.get intrinsic current=2
05-04 19:26:14.494 12454 12506 I WestlakeVM: VM: [PFCUT] AtomicInteger.get intrinsic current=2
05-04 19:26:14.495 12454 12506 I WestlakeVM: VM: [PFCUT] AtomicInteger.get intrinsic current=2
05-04 19:26:14.495 12454 12506 I WestlakeVM: VM: [PFCUT] AtomicInteger.get intrinsic current=2
05-04 19:26:14.496 12454 12506 I WestlakeVM: VM: [PFCUT] AtomicInteger.get intrinsic current=2
05-04 19:26:14.496 12454 12506 I WestlakeVM: VM: [PFCUT] AtomicInteger.get intrinsic current=2
05-04 19:26:14.497 12454 12506 I WestlakeVM: VM: [PFCUT] AtomicInteger.get intrinsic current=2
05-04 19:26:14.497 12454 12506 I WestlakeVM: VM: [PFCUT] AtomicInteger.get intrinsic current=2
05-04 19:26:14.498 12454 12506 I WestlakeVM: VM: [PFCUT] AtomicInteger.get intrinsic current=2
05-04 19:26:14.498 12454 12506 I WestlakeVM: VM: [PFCUT] AtomicInteger.get intrinsic current=2
05-04 19:26:14.499 12454 12506 I WestlakeVM: VM: [PFCUT] AtomicInteger.get intrinsic current=2
05-04 19:26:14.499 12454 12506 I WestlakeVM: VM: [PFCUT] AtomicInteger.get intrinsic current=2
05-04 19:26:14.500 12454 12506 I WestlakeVM: VM: [PFCUT] AtomicInteger.get intrinsic current=2
05-04 19:26:14.500 12454 12506 I WestlakeVM: VM: [PFCUT] AtomicInteger.get intrinsic current=2
05-04 19:26:14.501 12454 12506 I WestlakeVM: VM: [PFCUT] AtomicInteger.get intrinsic current=2
05-04 19:26:14.501 12454 12506 I WestlakeVM: VM: [PFCUT] AtomicInteger.get intrinsic current=2
05-04 19:26:14.502 12454 12506 I WestlakeVM: VM: [PFCUT] AtomicInteger.get intrinsic current=2
05-04 19:26:14.503 12454 12506 I WestlakeVM: VM: [PFCUT] AtomicInteger.get intrinsic current=2
05-04 19:26:14.503 12454 12506 I WestlakeVM: VM: [PFCUT] AtomicInteger.get intrinsic current=2
05-04 19:26:14.504 12454 12506 I WestlakeVM: VM: [PFCUT] AtomicInteger.get intrinsic current=2
05-04 19:26:14.504 12454 12506 I WestlakeVM: VM: [PFCUT] AtomicInteger.get intrinsic current=2
05-04 19:26:14.505 12454 12506 I WestlakeVM: VM: [PFCUT] AtomicInteger.get intrinsic current=2
05-04 19:26:14.505 12454 12506 I WestlakeVM: VM: [PFCUT] AtomicInteger.get intrinsic current=2
05-04 19:26:14.506 12454 12506 I WestlakeVM: VM: [PFCUT] AtomicInteger.get intrinsic current=2
05-04 19:26:14.507 12454 12506 I WestlakeVM: VM: [PFCUT] AtomicInteger.get intrinsic current=2
05-04 19:26:14.507 12454 12506 I WestlakeVM: VM: [PFCUT] AtomicInteger.get intrinsic current=2
05-04 19:26:14.508 12454 12506 I WestlakeVM: VM: [PFCUT] AtomicInteger.get intrinsic current=2
05-04 19:26:14.508 12454 12506 I WestlakeVM: VM: [PFCUT] AtomicInteger.get intrinsic current=2
05-04 19:26:14.509 12454 12506 I WestlakeVM: VM: [PFCUT] AtomicInteger.get intrinsic current=2
05-04 19:26:14.509 12454 12506 I WestlakeVM: VM: [PFCUT] AtomicInteger.get intrinsic current=2
05-04 19:26:14.510 12454 12506 I WestlakeVM: VM: [PFCUT] AtomicInteger.get intrinsic current=2
05-04 19:26:14.510 12454 12506 I WestlakeVM: VM: [PFCUT] AtomicInteger.get intrinsic current=2
05-04 19:26:14.511 12454 12506 I WestlakeVM: VM: [PFCUT] AtomicInteger.get intrinsic current=2
05-04 19:26:14.511 12454 12506 I WestlakeVM: VM: [PFCUT] AtomicInteger.get intrinsic current=2
05-04 19:26:14.512 12454 12506 I WestlakeVM: VM: [PFCUT] AtomicInteger.get intrinsic current=2
05-04 19:26:14.512 12454 12506 I WestlakeVM: VM: [PFCUT] AtomicInteger.get intrinsic current=2
05-04 19:26:14.513 12454 12506 I WestlakeVM: VM: [PFCUT] AtomicInteger.get intrinsic current=2
05-04 19:26:14.513 12454 12506 I WestlakeVM: VM: [PFCUT] AtomicInteger.get intrinsic current=2
05-04 19:26:14.514 12454 12506 I WestlakeVM: VM: [PFCUT] AtomicInteger.get intrinsic current=2
05-04 19:26:14.515 12454 12506 I WestlakeVM: VM: [PFCUT] AtomicInteger.get intrinsic current=2
05-04 19:26:14.515 12454 12506 I WestlakeVM: VM: [PFCUT] AtomicInteger.get intrinsic current=2
05-04 19:26:14.516 12454 12506 I WestlakeVM: VM: [PFCUT] AtomicInteger.get intrinsic current=2
05-04 19:26:14.516 12454 12506 I WestlakeVM: VM: [PFCUT] AtomicInteger.get intrinsic current=2
05-04 19:26:14.517 12454 12506 I WestlakeVM: VM: [PFCUT] AtomicInteger.get intrinsic current=2
05-04 19:26:14.517 12454 12506 I WestlakeVM: VM: [PFCUT] AtomicInteger.get intrinsic current=2
05-04 19:26:14.518 12454 12506 I WestlakeVM: VM: [PFCUT] AtomicInteger.get intrinsic current=2
05-04 19:26:14.518 12454 12506 I WestlakeVM: VM: [PFCUT] AtomicInteger.get intrinsic current=2
05-04 19:26:14.519 12454 12506 I WestlakeVM: VM: [PFCUT] AtomicInteger.get intrinsic current=2
05-04 19:26:14.519 12454 12506 I WestlakeVM: VM: [PFCUT] AtomicInteger.get intrinsic current=2
05-04 19:26:14.520 12454 12506 I WestlakeVM: VM: [PFCUT] AtomicInteger.get intrinsic current=2
05-04 19:26:14.521 12454 12506 I WestlakeVM: VM: [PFCUT] AtomicInteger.get intrinsic current=2
05-04 19:26:14.521 12454 12506 I WestlakeVM: VM: [PFCUT] AtomicInteger.get intrinsic current=2
05-04 19:26:14.522 12454 12506 I WestlakeVM: VM: [PFCUT] AtomicInteger.get intrinsic current=2
05-04 19:26:14.522 12454 12506 I WestlakeVM: VM: [PFCUT] AtomicInteger.get intrinsic current=2
05-04 19:26:14.523 12454 12506 I WestlakeVM: VM: [PFCUT] AtomicInteger.get intrinsic current=2
05-04 19:26:14.523 12454 12506 I WestlakeVM: VM: [PFCUT] AtomicInteger.get intrinsic current=2
05-04 19:26:14.524 12454 12506 I WestlakeVM: VM: [PFCUT] AtomicInteger.get intrinsic current=2
05-04 19:26:14.524 12454 12506 I WestlakeVM: VM: [PFCUT] AtomicInteger.get intrinsic current=2
05-04 19:26:14.525 12454 12506 I WestlakeVM: VM: [PFCUT] AtomicInteger.get intrinsic current=2
05-04 19:26:14.525 12454 12506 I WestlakeVM: VM: [PFCUT] AtomicInteger.get intrinsic current=2
05-04 19:26:14.526 12454 12506 I WestlakeVM: VM: [PFCUT] AtomicInteger.get intrinsic current=2
05-04 19:26:14.527 12454 12506 I WestlakeVM: VM: [PFCUT] AtomicInteger.get intrinsic current=2
05-04 19:26:14.527 12454 12506 I WestlakeVM: VM: [PFCUT] AtomicInteger.get intrinsic current=2
05-04 19:26:14.528 12454 12506 I WestlakeVM: VM: [PFCUT] AtomicInteger.get intrinsic current=2
05-04 19:26:14.528 12454 12506 I WestlakeVM: VM: [PFCUT] AtomicInteger.get intrinsic current=2
05-04 19:26:14.529 12454 12506 I WestlakeVM: VM: [PFCUT] AtomicInteger.get intrinsic current=2
05-04 19:26:14.529 12454 12506 I WestlakeVM: VM: [PFCUT] AtomicInteger.get intrinsic current=2
05-04 19:26:14.530 12454 12506 I WestlakeVM: VM: [PFCUT] AtomicInteger.get intrinsic current=2
05-04 19:26:14.530 12454 12506 I WestlakeVM: VM: [PFCUT] AtomicInteger.get intrinsic current=2
05-04 19:26:14.531 12454 12506 I WestlakeVM: VM: [PFCUT] AtomicInteger.get intrinsic current=2
05-04 19:26:14.531 12454 12506 I WestlakeVM: VM: [PFCUT] AtomicInteger.get intrinsic current=2
05-04 19:26:14.532 12454 12506 I WestlakeVM: VM: [PFCUT] AtomicInteger.get intrinsic current=2
05-04 19:26:14.532 12454 12506 I WestlakeVM: VM: [PFCUT] AtomicInteger.get intrinsic current=2
05-04 19:26:14.533 12454 12506 I WestlakeVM: VM: [PFCUT] AtomicInteger.get intrinsic current=2
05-04 19:26:14.533 12454 12506 I WestlakeVM: VM: [PFCUT] AtomicInteger.get intrinsic current=2
05-04 19:26:14.534 12454 12506 I WestlakeVM: VM: [PFCUT] AtomicInteger.get intrinsic current=2
05-04 19:26:14.535 12454 12506 I WestlakeVM: VM: [PFCUT] AtomicInteger.get intrinsic current=2
05-04 19:26:14.535 12454 12506 I WestlakeVM: VM: [PFCUT] AtomicInteger.get intrinsic current=2
05-04 19:26:14.536 12454 12506 I WestlakeVM: VM: [PFCUT] AtomicInteger.get intrinsic current=2
05-04 19:26:14.536 12454 12506 I WestlakeVM: VM: [PFCUT] AtomicInteger.get intrinsic current=2
05-04 19:26:14.537 12454 12506 I WestlakeVM: VM: [PFCUT] AtomicInteger.get intrinsic current=2
05-04 19:26:14.537 12454 12506 I WestlakeVM: VM: [PFCUT] AtomicInteger.get intrinsic current=2
05-04 19:26:14.538 12454 12506 I WestlakeVM: VM: [PFCUT] AtomicInteger.get intrinsic current=2
05-04 19:26:14.538 12454 12506 I WestlakeVM: VM: [PFCUT] AtomicInteger.get intrinsic current=2
05-04 19:26:14.539 12454 12506 I WestlakeVM: VM: [PFCUT] AtomicInteger.get intrinsic current=2
05-04 19:26:14.540 12454 12506 I WestlakeVM: VM: [PFCUT] AtomicInteger.get intrinsic current=2
05-04 19:26:14.906     0     0 I QCOM-BATT: pl_fcc_vote_callback: total_fcc_ua=1950000
05-04 19:26:14.906     0     0 I QCOM-BATT: pl_fv_vote_callback: fv_uv=4400000
05-04 19:26:15.328  3704  3747 W HidlServiceManagement: Waited one second for vendor.qti.hardware.cacert@1.0::IService/default
05-04 19:26:15.330   660   660 I hwservicemanager: Since vendor.qti.hardware.cacert@1.0::IService/default is not registered, trying to start it as a lazy HAL (if it's not configured to be a lazy HAL, it may be stuck starting or still starting).
05-04 19:26:15.331  3704  3747 I HidlServiceManagement: getService: Trying again for vendor.qti.hardware.cacert@1.0::IService/default...
05-04 19:26:15.333   660 12539 W libc    : Unable to set property "ctl.interface_start" to "vendor.qti.hardware.cacert@1.0::IService/default": PROP_ERROR_HANDLE_CONTROL_MESSAGE (0x20)
05-04 19:26:15.333   660 12539 I hwservicemanager: Tried to start vendor.qti.hardware.cacert@1.0::IService/default as a lazy service, but was unable to. Usually this happens when a service is not installed, but if the service is intended to be used as a lazy service, then it may be configured incorrectly.
05-04 19:26:15.247     0     0 E init    : Control message: Could not find 'vendor.qti.hardware.cacert@1.0::IService/default' for ctl.interface_start from pid: 660 (/system/system_ext/bin/hwservicemanager)
05-04 19:26:15.265     0     0 E FG      : fg_psy_get_property: unsupported property 79
05-04 19:26:15.275     0     0 E FG      : fg_psy_get_property: unsupported property 79
05-04 19:26:15.280     0     0 W healthd : battery l=100 v=3043 t=24.9 h=2 st=5 c=0 fc=2831000 chg=u
05-04 19:26:15.375  1126  1126 D QtiCarrierConfigHelper: WARNING, no carrier configs on phone Id: 0
05-04 19:26:15.380   960  2704 D PowerUI : can't show warning due to - plugged: true status unknown: false
05-04 19:26:15.303     0     0 E FG      : fg_psy_get_property: unsupported property 79
05-04 19:26:16.332  3704  3747 W HidlServiceManagement: Waited one second for vendor.qti.hardware.cacert@1.0::IService/default
05-04 19:26:16.333   660   660 I hwservicemanager: Since vendor.qti.hardware.cacert@1.0::IService/default is not registered, trying to start it as a lazy HAL (if it's not configured to be a lazy HAL, it may be stuck starting or still starting).
05-04 19:26:16.335  3704  3747 I HidlServiceManagement: getService: Trying again for vendor.qti.hardware.cacert@1.0::IService/default...
05-04 19:26:16.338   660 12540 W libc    : Unable to set property "ctl.interface_start" to "vendor.qti.hardware.cacert@1.0::IService/default": PROP_ERROR_HANDLE_CONTROL_MESSAGE (0x20)
05-04 19:26:16.338   660 12540 I hwservicemanager: Tried to start vendor.qti.hardware.cacert@1.0::IService/default as a lazy service, but was unable to. Usually this happens when a service is not installed, but if the service is intended to be used as a lazy service, then it may be configured incorrectly.
05-04 19:26:16.251     0     0 E init    : Control message: Could not find 'vendor.qti.hardware.cacert@1.0::IService/default' for ctl.interface_start from pid: 660 (/system/system_ext/bin/hwservicemanager)
05-04 19:26:17.336  3704  3747 W HidlServiceManagement: Waited one second for vendor.qti.hardware.cacert@1.0::IService/default
05-04 19:26:17.337   660   660 I hwservicemanager: Since vendor.qti.hardware.cacert@1.0::IService/default is not registered, trying to start it as a lazy HAL (if it's not configured to be a lazy HAL, it may be stuck starting or still starting).
05-04 19:26:17.340   660 12541 W libc    : Unable to set property "ctl.interface_start" to "vendor.qti.hardware.cacert@1.0::IService/default": PROP_ERROR_HANDLE_CONTROL_MESSAGE (0x20)
05-04 19:26:17.340   660 12541 I hwservicemanager: Tried to start vendor.qti.hardware.cacert@1.0::IService/default as a lazy service, but was unable to. Usually this happens when a service is not installed, but if the service is intended to be used as a lazy service, then it may be configured incorrectly.
05-04 19:26:17.341  3704  3747 I HidlServiceManagement: getService: Trying again for vendor.qti.hardware.cacert@1.0::IService/default...
05-04 19:26:17.253     0     0 E init    : Control message: Could not find 'vendor.qti.hardware.cacert@1.0::IService/default' for ctl.interface_start from pid: 660 (/system/system_ext/bin/hwservicemanager)
05-04 19:26:17.560 12454 12506 I WestlakeVM: VM: [shim-log] E/MiniActivityManager: performCreate error: RuntimeException: java.lang.StackOverflowError: stack size 32MB
05-04 19:26:17.565 12454 12506 I WestlakeVM: VM: [shim-log] E/MiniActivityManager: performCreate ROOT: java.lang.StackOverflowError: stack size 32MB
05-04 19:26:17.570 12454 12506 I WestlakeVM: VM: [PFCUT] AtomicInteger.addAndGet intrinsic current=1
05-04 19:26:17.570 12454 12506 I WestlakeVM: VM: [PFCUT] Ljava/nio/charset/CharsetEncoder;.onMalformedInput fallback action=0x14059d50
05-04 19:26:17.570 12454 12506 I WestlakeVM: VM: [PFCUT] Ljava/nio/charset/CharsetEncoder;.onUnmappableCharacter fallback action=0x14059d50
05-04 19:26:17.575 12454 12506 I WestlakeVM: VM: java.lang.StackOverflowError: stack size 32MB
05-04 19:26:17.644 12454 12506 I WestlakeVM: VM: 	at java.util.concurrent.ConcurrentHashMap.get(ConcurrentHashMap.java:936)
05-04 19:26:17.650 12454 12506 I WestlakeVM: VM: 	at java.util.Properties.getProperty(Properties.java:1126)
05-04 19:26:17.656 12454 12506 I WestlakeVM: VM: 	at java.security.Security.getProperty(Security.java:696)
05-04 19:26:17.662 12454 12506 I WestlakeVM: VM: 	at javax.net.ssl.SSLSocketFactory$1.run(SSLSocketFactory.java:166)
05-04 19:26:17.669 12454 12506 I WestlakeVM: VM: 	at javax.net.ssl.SSLSocketFactory$1.run(SSLSocketFactory.java:163)
05-04 19:26:17.675 12454 12506 I WestlakeVM: VM: 	at java.security.AccessController.doPrivileged(AccessController.java:46)
05-04 19:26:17.681 12454 12506 I WestlakeVM: VM: 	at javax.net.ssl.SSLSocketFactory.getSecurityProperty(SSLSocketFactory.java:163)
05-04 19:26:17.688 12454 12506 I WestlakeVM: VM: 	at javax.net.ssl.SSLSocketFactory.getDefault(SSLSocketFactory.java:107)
05-04 19:26:17.694 12454 12506 I WestlakeVM: VM: 	at com.westlake.engine.WestlakeSslContextSpi.engineGetSocketFactory(WestlakeSslContextSpi.java:27)
05-04 19:26:17.701 12454 12506 I WestlakeVM: VM: 	at javax.net.ssl.SSLContext.getSocketFactory(SSLContext.java:338)
05-04 19:26:17.707 12454 12506 I WestlakeVM: VM: 	at javax.net.ssl.SSLSocketFactory.getDefault(SSLSocketFactory.java:152)
05-04 19:26:17.713 12454 12506 I WestlakeVM: VM: 	at com.westlake.engine.WestlakeSslContextSpi.engineGetSocketFactory(WestlakeSslContextSpi.java:27)
05-04 19:26:17.720 12454 12506 I WestlakeVM: VM: 	at javax.net.ssl.SSLContext.getSocketFactory(SSLContext.java:338)
05-04 19:26:17.726 12454 12506 I WestlakeVM: VM: 	at javax.net.ssl.SSLSocketFactory.getDefault(SSLSocketFactory.java:152)
05-04 19:26:17.732 12454 12506 I WestlakeVM: VM: 	at com.westlake.engine.WestlakeSslContextSpi.engineGetSocketFactory(WestlakeSslContextSpi.java:27)
05-04 19:26:17.739 12454 12506 I WestlakeVM: VM: 	at javax.net.ssl.SSLContext.getSocketFactory(SSLContext.java:338)
05-04 19:26:17.745 12454 12506 I WestlakeVM: VM: 	at javax.net.ssl.SSLSocketFactory.getDefault(SSLSocketFactory.java:152)
05-04 19:26:17.751 12454 12506 I WestlakeVM: VM: 	at com.westlake.engine.WestlakeSslContextSpi.engineGetSocketFactory(WestlakeSslContextSpi.java:27)
05-04 19:26:17.757 12454 12506 I WestlakeVM: VM: 	at javax.net.ssl.SSLContext.getSocketFactory(SSLContext.java:338)
05-04 19:26:17.764 12454 12506 I WestlakeVM: VM: 	at javax.net.ssl.SSLSocketFactory.getDefault(SSLSocketFactory.java:152)
05-04 19:26:17.770 12454 12506 I WestlakeVM: VM: 	at com.westlake.engine.WestlakeSslContextSpi.engineGetSocketFactory(WestlakeSslContextSpi.java:27)
05-04 19:26:17.776 12454 12506 I WestlakeVM: VM: 	at javax.net.ssl.SSLContext.getSocketFactory(SSLContext.java:338)
05-04 19:26:17.782 12454 12506 I WestlakeVM: VM: 	at javax.net.ssl.SSLSocketFactory.getDefault(SSLSocketFactory.java:152)
05-04 19:26:17.789 12454 12506 I WestlakeVM: VM: 	at com.westlake.engine.WestlakeSslContextSpi.engineGetSocketFactory(WestlakeSslContextSpi.java:27)
05-04 19:26:17.795 12454 12506 I WestlakeVM: VM: 	at javax.net.ssl.SSLContext.getSocketFactory(SSLContext.java:338)
05-04 19:26:17.801 12454 12506 I WestlakeVM: VM: 	at javax.net.ssl.SSLSocketFactory.getDefault(SSLSocketFactory.java:152)
05-04 19:26:17.808 12454 12506 I WestlakeVM: VM: 	at com.westlake.engine.WestlakeSslContextSpi.engineGetSocketFactory(WestlakeSslContextSpi.java:27)
05-04 19:26:17.814 12454 12506 I WestlakeVM: VM: 	at javax.net.ssl.SSLContext.getSocketFactory(SSLContext.java:338)
05-04 19:26:17.820 12454 12506 I WestlakeVM: VM: 	at javax.net.ssl.SSLSocketFactory.getDefault(SSLSocketFactory.java:152)
05-04 19:26:17.827 12454 12506 I WestlakeVM: VM: 	at com.westlake.engine.WestlakeSslContextSpi.engineGetSocketFactory(WestlakeSslContextSpi.java:27)
05-04 19:26:17.833 12454 12506 I WestlakeVM: VM: 	at javax.net.ssl.SSLContext.getSocketFactory(SSLContext.java:338)
05-04 19:26:17.839 12454 12506 I WestlakeVM: VM: 	at javax.net.ssl.SSLSocketFactory.getDefault(SSLSocketFactory.java:152)
05-04 19:26:17.846 12454 12506 I WestlakeVM: VM: 	at com.westlake.engine.WestlakeSslContextSpi.engineGetSocketFactory(WestlakeSslContextSpi.java:27)
05-04 19:26:17.852 12454 12506 I WestlakeVM: VM: 	at javax.net.ssl.SSLContext.getSocketFactory(SSLContext.java:338)
05-04 19:26:17.858 12454 12506 I WestlakeVM: VM: 	at javax.net.ssl.SSLSocketFactory.getDefault(SSLSocketFactory.java:152)
05-04 19:26:17.864 12454 12506 I WestlakeVM: VM: 	at com.westlake.engine.WestlakeSslContextSpi.engineGetSocketFactory(WestlakeSslContextSpi.java:27)
05-04 19:26:17.871 12454 12506 I WestlakeVM: VM: 	at javax.net.ssl.SSLContext.getSocketFactory(SSLContext.java:338)
05-04 19:26:17.877 12454 12506 I WestlakeVM: VM: 	at javax.net.ssl.SSLSocketFactory.getDefault(SSLSocketFactory.java:152)
05-04 19:26:17.884 12454 12506 I WestlakeVM: VM: 	at com.westlake.engine.WestlakeSslContextSpi.engineGetSocketFactory(WestlakeSslContextSpi.java:27)
05-04 19:26:17.890 12454 12506 I WestlakeVM: VM: 	at javax.net.ssl.SSLContext.getSocketFactory(SSLContext.java:338)
05-04 19:26:17.897 12454 12506 I WestlakeVM: VM: 	at javax.net.ssl.SSLSocketFactory.getDefault(SSLSocketFactory.java:152)
05-04 19:26:17.903 12454 12506 I WestlakeVM: VM: 	at com.westlake.engine.WestlakeSslContextSpi.engineGetSocketFactory(WestlakeSslContextSpi.java:27)
05-04 19:26:17.910 12454 12506 I WestlakeVM: VM: 	at javax.net.ssl.SSLContext.getSocketFactory(SSLContext.java:338)
05-04 19:26:17.916 12454 12506 I WestlakeVM: VM: 	at javax.net.ssl.SSLSocketFactory.getDefault(SSLSocketFactory.java:152)
05-04 19:26:17.923 12454 12506 I WestlakeVM: VM: 	at com.westlake.engine.WestlakeSslContextSpi.engineGetSocketFactory(WestlakeSslContextSpi.java:27)
05-04 19:26:17.929 12454 12506 I WestlakeVM: VM: 	at javax.net.ssl.SSLContext.getSocketFactory(SSLContext.java:338)
05-04 19:26:17.936 12454 12506 I WestlakeVM: VM: 	at javax.net.ssl.SSLSocketFactory.getDefault(SSLSocketFactory.java:152)
05-04 19:26:17.942 12454 12506 I WestlakeVM: VM: 	at com.westlake.engine.WestlakeSslContextSpi.engineGetSocketFactory(WestlakeSslContextSpi.java:27)
05-04 19:26:17.949 12454 12506 I WestlakeVM: VM: 	at javax.net.ssl.SSLContext.getSocketFactory(SSLContext.java:338)
05-04 19:26:17.955 12454 12506 I WestlakeVM: VM: 	at javax.net.ssl.SSLSocketFactory.getDefault(SSLSocketFactory.java:152)
05-04 19:26:17.961 12454 12506 I WestlakeVM: VM: 	at com.westlake.engine.WestlakeSslContextSpi.engineGetSocketFactory(WestlakeSslContextSpi.java:27)
05-04 19:26:17.968 12454 12506 I WestlakeVM: VM: 	at javax.net.ssl.SSLContext.getSocketFactory(SSLContext.java:338)
05-04 19:26:17.974 12454 12506 I WestlakeVM: VM: 	at javax.net.ssl.SSLSocketFactory.getDefault(SSLSocketFactory.java:152)
05-04 19:26:17.981 12454 12506 I WestlakeVM: VM: 	at com.westlake.engine.WestlakeSslContextSpi.engineGetSocketFactory(WestlakeSslContextSpi.java:27)
05-04 19:26:17.987 12454 12506 I WestlakeVM: VM: 	at javax.net.ssl.SSLContext.getSocketFactory(SSLContext.java:338)
05-04 19:26:17.994 12454 12506 I WestlakeVM: VM: 	at javax.net.ssl.SSLSocketFactory.getDefault(SSLSocketFactory.java:152)
05-04 19:26:18.000 12454 12506 I WestlakeVM: VM: 	at com.westlake.engine.WestlakeSslContextSpi.engineGetSocketFactory(WestlakeSslContextSpi.java:27)
