--------- beginning of kernel
05-04 19:25:44.084     0     0 I logd    : logdr: UID=2000 GID=2000 PID=12427 b tail=0 logMask=99 pid=0 start=0ns deadline=0ns
05-04 19:25:44.161     0     0 E init    : Control message: Could not find 'vendor.qti.hardware.cacert@1.0::IService/default' for ctl.interface_start from pid: 660 (/system/system_ext/bin/hwservicemanager)
--------- beginning of system
05-04 19:25:44.584   307   391 E AccessPersistence: Failed to verity-protect runtime-permissions
05-04 19:25:44.584   307   391 E AccessPersistence: java.io.IOException: Failed to enable fs-verity on FD(483): Inappropriate ioctl for device
05-04 19:25:44.584   307   391 E AccessPersistence: 	at com.android.internal.security.VerityUtils.setUpFsverity(VerityUtils.java:94)
05-04 19:25:44.584   307   391 E AccessPersistence: 	at com.android.server.security.FileIntegrity.setUpFsVerity(FileIntegrity.java:66)
05-04 19:25:44.584   307   391 E AccessPersistence: 	at com.android.server.security.FileIntegrity.setUpFsVerity(FileIntegrity.java:50)
05-04 19:25:44.584   307   391 E AccessPersistence: 	at com.android.server.permission.access.AccessPersistence.writeSystemState(AccessPersistence.kt:65)
05-04 19:25:44.584   307   391 E AccessPersistence: 	at com.android.server.permission.access.AccessPersistence.writePendingState(AccessPersistence.kt:149)
05-04 19:25:44.584   307   391 E AccessPersistence: 	at com.android.server.permission.access.AccessPersistence.access$writePendingState(AccessPersistence.kt:41)
05-04 19:25:44.584   307   391 E AccessPersistence: 	at com.android.server.permission.access.AccessPersistence$WriteHandler.handleMessage(AccessPersistence.kt:190)
05-04 19:25:44.584   307   391 E AccessPersistence: 	at android.os.Handler.dispatchMessage(Handler.java:109)
05-04 19:25:44.584   307   391 E AccessPersistence: 	at android.os.Looper.loopOnce(Looper.java:232)
05-04 19:25:44.584   307   391 E AccessPersistence: 	at android.os.Looper.loop(Looper.java:317)
05-04 19:25:44.584   307   391 E AccessPersistence: 	at android.os.HandlerThread.run(HandlerThread.java:85)
05-04 19:25:44.584   307   391 E AccessPersistence: 	at com.android.server.ServiceThread.run(ServiceThread.java:49)
05-04 19:25:44.605   307   391 E AccessPersistence: Failed to verity-protect runtime-permissions
05-04 19:25:44.605   307   391 E AccessPersistence: java.io.IOException: Failed to enable fs-verity on FD(483): Inappropriate ioctl for device
05-04 19:25:44.605   307   391 E AccessPersistence: 	at com.android.internal.security.VerityUtils.setUpFsverity(VerityUtils.java:94)
05-04 19:25:44.605   307   391 E AccessPersistence: 	at com.android.server.security.FileIntegrity.setUpFsVerity(FileIntegrity.java:66)
05-04 19:25:44.605   307   391 E AccessPersistence: 	at com.android.server.security.FileIntegrity.setUpFsVerity(FileIntegrity.java:50)
05-04 19:25:44.605   307   391 E AccessPersistence: 	at com.android.server.permission.access.AccessPersistence.writeUserState(AccessPersistence.kt:65)
05-04 19:25:44.605   307   391 E AccessPersistence: 	at com.android.server.permission.access.AccessPersistence.writePendingState(AccessPersistence.kt:151)
05-04 19:25:44.605   307   391 E AccessPersistence: 	at com.android.server.permission.access.AccessPersistence.access$writePendingState(AccessPersistence.kt:41)
05-04 19:25:44.605   307   391 E AccessPersistence: 	at com.android.server.permission.access.AccessPersistence$WriteHandler.handleMessage(AccessPersistence.kt:190)
05-04 19:25:44.605   307   391 E AccessPersistence: 	at android.os.Handler.dispatchMessage(Handler.java:109)
05-04 19:25:44.605   307   391 E AccessPersistence: 	at android.os.Looper.loopOnce(Looper.java:232)
05-04 19:25:44.605   307   391 E AccessPersistence: 	at android.os.Looper.loop(Looper.java:317)
05-04 19:25:44.605   307   391 E AccessPersistence: 	at android.os.HandlerThread.run(HandlerThread.java:85)
05-04 19:25:44.605   307   391 E AccessPersistence: 	at com.android.server.ServiceThread.run(ServiceThread.java:49)
05-04 19:25:44.796     0     0 I binder  : 12434:12434 ioctl 40046210 7fe8f3e194 returned -22
05-04 19:25:44.893   307 22755 I ActivityManager: Force stopping com.westlake.host appid=10218 user=0: from pid 12434
05-04 19:25:44.904   307   767 I AppWidgetServiceImpl: Received broadcast: android.intent.action.PACKAGE_RESTARTED on user 0
05-04 19:25:44.904   307   767 I AppWidgetServiceImpl: Updating package stopped masked state for uid 10218 package com.westlake.host isStopped true
05-04 19:25:45.166     0     0 E init    : Control message: Could not find 'vendor.qti.hardware.cacert@1.0::IService/default' for ctl.interface_start from pid: 660 (/system/system_ext/bin/hwservicemanager)
05-04 19:25:45.673   307 22755 I ActivityManager: Force stopping com.westlake.host appid=10218 user=0: from pid 12450
05-04 19:25:45.581     0     0 I binder  : 12450:12450 ioctl 40046210 7fe7b4ca34 returned -22
05-04 19:25:45.681   307   767 I AppWidgetServiceImpl: Received broadcast: android.intent.action.PACKAGE_RESTARTED on user 0
05-04 19:25:45.681   307   767 I AppWidgetServiceImpl: Updating package stopped masked state for uid 10218 package com.westlake.host isStopped true
05-04 19:25:45.932   307 22755 W ActivityTaskManager: callingPackage for (uid=2000, pid=12450) has no WPC
05-04 19:25:45.938   307 22755 W OptProp : Cannot read opt property android.window.PROPERTY_COMPAT_ALLOW_RESIZEABLE_ACTIVITY_OVERRIDES
05-04 19:25:45.938   307 22755 W OptProp : Cannot read opt property android.window.PROPERTY_COMPAT_ALLOW_MIN_ASPECT_RATIO_OVERRIDE
05-04 19:25:45.947   307 22755 W OptProp : Cannot read opt property android.window.PROPERTY_COMPAT_ALLOW_ORIENTATION_OVERRIDE
05-04 19:25:45.950   307 22755 V SplashScreenExceptionList: SplashScreen checking exception for package com.westlake.host (target sdk:28) -> false
05-04 19:25:45.955   307 22755 I ActivityTaskManager: START u0 {flg=0x10000000 cmp=com.westlake.host/.WestlakeActivity (has extras)} with LAUNCH_MULTIPLE from uid 2000 (BAL_ALLOW_PERMISSION) result code=0
05-04 19:25:45.956   960   982 V WindowManagerShell: Transition requested (#4400): android.os.BinderProxy@6dd3ced TransitionRequestInfo { type = OPEN, triggerTask = TaskInfo{userId=0 taskId=2264 effectiveUid=10218 displayId=0 isRunning=true baseIntent=Intent { flg=0x10000000 cmp=com.westlake.host/.WestlakeActivity } baseActivity=ComponentInfo{com.westlake.host/com.westlake.host.WestlakeActivity} topActivity=ComponentInfo{com.westlake.host/com.westlake.host.WestlakeActivity} origActivity=null realActivity=ComponentInfo{com.westlake.host/com.westlake.host.WestlakeActivity} numActivities=1 lastActiveTime=2184938521 supportsMultiWindow=true resizeMode=1 isResizeable=true minWidth=-1 minHeight=-1 defaultMinSize=220 token=WCT{android.window.IWindowContainerToken$Stub$Proxy@1115722} topActivityType=1 pictureInPictureParams=null shouldDockBigOverlays=false launchIntoPipHostTaskId=-1 lastParentTaskIdBeforePip=-1 displayCutoutSafeInsets=Rect(0, 80 - 0, 0) topActivityInfo=ActivityInfo{33aa5b3 com.westlake.host.WestlakeActivity} launchCookies=[] positionInParent=Point(0, 0) parentTaskId=-1 isFocused=false isVisible=false isVisibleRequested=false isTopActivityNoDisplay=false isSleeping=false locusId=null displayAreaFeatureId=1 isTopActivityTransparent=false isActivityStackTransparent=false lastNonFullscreenBounds=Rect(267, 606 - 814, 1686) capturedLink=null capturedLinkTimestamp=0 requestedVisibleTypes=-9 topActivityRequestOpenInBrowserEducationTimestamp=0 appCompatTaskInfo=AppCompatTaskInfo { topActivityInSizeCompat=false eligibleForLetterboxEducation= false isLetterboxEducationEnabled= false isLetterboxDoubleTapEnabled= false eligibleForUserAspectRatioButton= false topActivityBoundsLetterboxed= false isFromLetterboxDoubleTap= false topActivityLetterboxVerticalPosition= -1 topActivityLetterboxHorizontalPosition= -1 topActivityLetterboxWidth=-1 topActivityLetterboxHeight=-1 topActivityLetterboxAppWidth=-1 topActivityLetterboxAppHeight=-1 isUserFullscreenOverrideEnabled=false isSystemFullscreenOverrideEnabled=false hasMinAspectRatioOverride=false topActivityLetterboxBounds=null cameraCompatTaskInfo=CameraCompatTaskInfo { freeformCameraCompatMode=inactive}} topActivityMainWindowFrame=null}, pipChange = null, remoteTransition = null, displayChange = null, flags = 0, debugId = 4400 }
05-04 19:25:45.961   960   982 D ShellSplitScreen: logExit: no-op, mLoggerSessionId is null
05-04 19:25:45.968   960   982 D WindowManagerShell: setLauncherKeepClearAreaHeight: visible=false, height=292
05-04 19:25:45.974   307 27670 D CoreBackPreview: Window{66e4765 u0 Splash Screen com.westlake.host}: Setting back callback OnBackInvokedCallbackInfo{mCallback=android.window.IOnBackInvokedCallback$Stub$Proxy@bbbce48, mPriority=0, mIsAnimationCallback=false, mOverrideBehavior=0}
05-04 19:25:45.976   307   780 D BackgroundInstallControlService: Package event received: 0
05-04 19:25:45.976   307   767 I AppWidgetServiceImpl: Received broadcast: android.intent.action.PACKAGE_UNSTOPPED on user 0
05-04 19:25:45.976   307   767 I AppWidgetServiceImpl: Updating package stopped masked state for uid 10218 package com.westlake.host isStopped false
05-04 19:25:45.997   307   526 I ActivityManager: Start proc 12454:com.westlake.host/u0a218 for next-top-activity {com.westlake.host/com.westlake.host.WestlakeActivity}
05-04 19:25:46.010   960  1646 V WindowManagerShell: onTransitionReady(transaction=1318555125115)
05-04 19:25:46.010   307   388 V WindowManager: Sent Transition (#4400) createdAt=05-04 19:25:45.939 via request=TransitionRequestInfo { type = OPEN, triggerTask = TaskInfo{userId=0 taskId=2264 effectiveUid=10218 displayId=0 isRunning=true baseIntent=Intent { flg=0x10000000 cmp=com.westlake.host/.WestlakeActivity } baseActivity=ComponentInfo{com.westlake.host/com.westlake.host.WestlakeActivity} topActivity=ComponentInfo{com.westlake.host/com.westlake.host.WestlakeActivity} origActivity=null realActivity=ComponentInfo{com.westlake.host/com.westlake.host.WestlakeActivity} numActivities=1 lastActiveTime=2184938521 supportsMultiWindow=true resizeMode=1 isResizeable=true minWidth=-1 minHeight=-1 defaultMinSize=220 token=WCT{RemoteToken{52c1e60 Task{52cb9a9 #2264 type=standard A=10218:com.westlake.host}}} topActivityType=1 pictureInPictureParams=null shouldDockBigOverlays=false launchIntoPipHostTaskId=-1 lastParentTaskIdBeforePip=-1 displayCutoutSafeInsets=Rect(0, 80 - 0, 0) topActivityInfo=ActivityInfo{5fa4bde com.westlake.host.WestlakeActivity} launchCookies=[] positionInParent=Point(0, 0) parentTaskId=-1 isFocused=false isVisible=false isVisibleRequested=false isTopActivityNoDisplay=false isSleeping=false locusId=null displayAreaFeatureId=1 isTopActivityTransparent=false isActivityStackTransparent=false lastNonFullscreenBounds=Rect(267, 606 - 814, 1686) capturedLink=null capturedLinkTimestamp=0 requestedVisibleTypes=-9 topActivityRequestOpenInBrowserEducationTimestamp=0 appCompatTaskInfo=AppCompatTaskInfo { topActivityInSizeCompat=false eligibleForLetterboxEducation= false isLetterboxEducationEnabled= false isLetterboxDoubleTapEnabled= false eligibleForUserAspectRatioButton= false topActivityBoundsLetterboxed= false isFromLetterboxDoubleTap= false topActivityLetterboxVerticalPosition= -1 topActivityLetterboxHorizontalPosition= -1 topActivityLetterboxWidth=-1 topActivityLetterboxHeight=-1 topActivityLetterboxAppWidth=-1 topActivityLetterboxAppHeight=-1 isUserFullscreenOverrideEnabled=false isSystemFullscreenOverrideEnabled=false hasMinAspectRatioOverride=false topActivityLetterboxBounds=null cameraCompatTaskInfo=CameraCompatTaskInfo { freeformCameraCompatMode=inactive}} topActivityMainWindowFrame=null}, pipChange = null, remoteTransition = null, displayChange = null, flags = 0, debugId = 4400 }
05-04 19:25:46.011   307   388 V WindowManager:     startWCT=WindowContainerTransaction { changes= {} hops= [] errorCallbackToken=null taskFragmentOrganizer=null }
05-04 19:25:46.011   307   388 V WindowManager:     info={id=4400 t=OPEN f=0x0 trk=0 r=[0@Point(0, 0)] c=[
05-04 19:25:46.011   307   388 V WindowManager:         {WCT{RemoteToken{52c1e60 Task{52cb9a9 #2264 type=standard A=10218:com.westlake.host}}} m=OPEN f=NONE leash=Surface(name=Task=2264)/@0xcc53892 sb=Rect(0, 0 - 1080, 2280) eb=Rect(0, 0 - 1080, 2280) epz=Point(1080, 2280) d=0 taskParent=-1},
05-04 19:25:46.011   307   388 V WindowManager:         {WCT{RemoteToken{cb0a3c2 Task{a516ecc #1 type=home}}} m=TO_BACK f=SHOW_WALLPAPER leash=Surface(name=Task=1)/@0xdc03e5b sb=Rect(0, 0 - 1080, 2280) eb=Rect(0, 0 - 1080, 2280) epz=Point(1080, 2280) d=0 taskParent=-1}
05-04 19:25:46.011   307   388 V WindowManager:     ]}
05-04 19:25:46.011   960   982 V WindowManagerShell: onTransitionReady (#4400) android.os.BinderProxy@6dd3ced: {id=4400 t=OPEN f=0x0 trk=0 r=[0@Point(0, 0)] c=[
05-04 19:25:46.011   960   982 V WindowManagerShell:         {m=OPEN f=NONE leash=Surface(name=Task=2264)/@0xdde3059 sb=Rect(0, 0 - 1080, 2280) eb=Rect(0, 0 - 1080, 2280) epz=Point(1080, 2280) d=0 taskParent=-1},
05-04 19:25:46.011   960   982 V WindowManagerShell:         {m=TO_BACK f=SHOW_WALLPAPER leash=Surface(name=Task=1)/@0x82be41e sb=Rect(0, 0 - 1080, 2280) eb=Rect(0, 0 - 1080, 2280) epz=Point(1080, 2280) d=0 taskParent=-1}
05-04 19:25:46.011   960   982 V WindowManagerShell:     ]}
05-04 19:25:46.011   960   982 V WindowManagerShell: Playing animation for (#4400) android.os.BinderProxy@6dd3ced@0
05-04 19:25:46.011   960   982 V ShellRecents: RecentsTransitionHandler.startAnimation: no controller found
05-04 19:25:46.011   960   982 V WindowManagerShell: Transition doesn't have explicit remote, search filters for match for {id=4400 t=OPEN f=0x0 trk=0 r=[0@Point(0, 0)] c=[{m=OPEN f=NONE leash=Surface(name=Task=2264)/@0xdde3059 sb=Rect(0, 0 - 1080, 2280) eb=Rect(0, 0 - 1080, 2280) epz=Point(1080, 2280) d=0 taskParent=-1},{m=TO_BACK f=SHOW_WALLPAPER leash=Surface(name=Task=1)/@0x82be41e sb=Rect(0, 0 - 1080, 2280) eb=Rect(0, 0 - 1080, 2280) epz=Point(1080, 2280) d=0 taskParent=-1}]}
05-04 19:25:46.012   960   982 V WindowManagerShell:  Checking filter Pair{{types=[] flags=0x0] notFlags=0x100 checks=[{atype=home independent=true modes=[OPEN,TO_FRONT] flags=NONE mustBeTask=false order=TOP topActivity=ComponentInfo{com.android.launcher3/com.android.launcher3.uioverrides.QuickstepLauncher} launchCookie=null windowingMode=undefined},{atype=standard independent=true modes=[CLOSE,TO_BACK] flags=NONE mustBeTask=false order=ANY topActivity=null launchCookie=null windowingMode=undefined},{NOT atype=undefined independent=true modes=[] flags=NONE mustBeTask=true order=ANY topActivity=null launchCookie=null customAnim=true windowingMode=undefined}]} RemoteTransition { remoteTransition = android.window.IRemoteTransition$Stub$Proxy@ae59c67, appThread = android.app.IApplicationThread$Stub$Proxy@8152a14, debugName = QuickstepLaunchHome }}
05-04 19:25:46.012   960   982 V WindowManagerShell:  Delegate animation for (#4400) to null
05-04 19:25:46.012   960   982 V WindowManagerShell: start default transition animation, info = {id=4400 t=OPEN f=0x0 trk=0 r=[0@Point(0, 0)] c=[{m=OPEN f=NONE leash=Surface(name=Task=2264)/@0xdde3059 sb=Rect(0, 0 - 1080, 2280) eb=Rect(0, 0 - 1080, 2280) epz=Point(1080, 2280) d=0 taskParent=-1},{m=TO_BACK f=SHOW_WALLPAPER leash=Surface(name=Task=1)/@0x82be41e sb=Rect(0, 0 - 1080, 2280) eb=Rect(0, 0 - 1080, 2280) epz=Point(1080, 2280) d=0 taskParent=-1}]}
05-04 19:25:46.013   960   982 V WindowManagerShell: loadAnimation: anim=android.view.animation.AnimationSet@c12b2cc animAttr=0x13 type=OPEN isEntrance=false
05-04 19:25:46.013   960   982 V WindowManagerShell: loadAnimation: anim=android.view.animation.AnimationSet@c387915 animAttr=0x12 type=OPEN isEntrance=true
05-04 19:25:46.014   960   982 V WindowManagerShell:  animated by com.android.wm.shell.transition.DefaultTransitionHandler@6c3a7ac
05-04 19:25:46.020   307 26097 W UserManagerService: Requested status bar icon for non-badged user 0
05-04 19:25:46.017     0     0 I binder  : 12454:12454 ioctl 40046210 7fd4a812f4 returned -22
05-04 19:25:46.121   307   780 D BackgroundInstallControlService: Package event received: 0
05-04 19:25:46.164     0     0 E init    : Control message: Could not find 'vendor.qti.hardware.cacert@1.0::IService/default' for ctl.interface_start from pid: 660 (/system/system_ext/bin/hwservicemanager)
05-04 19:25:46.310   960   982 V WindowManagerShell: Transition animation finished (aborted=false), notifying core (#4400) android.os.BinderProxy@6dd3ced@0
05-04 19:25:46.313   307   388 V WindowManager: Finish Transition (#4400): created at 05-04 19:25:45.939 collect-started=0.116ms request-sent=15.118ms started=27.69ms ready=66.512ms sent=68.956ms finished=373.382ms
05-04 19:25:46.317   960   982 V WindowManagerShell: Track 0 became idle
05-04 19:25:46.317   960   982 V WindowManagerShell: All active transition animations finished
05-04 19:25:46.317   307 27670 W UserManagerService: Requested status bar icon for non-badged user 0
05-04 19:25:46.318   307 27670 W UserManagerService: Requested status bar icon for non-badged user 0
05-04 19:25:47.165     0     0 E init    : Control message: Could not find 'vendor.qti.hardware.cacert@1.0::IService/default' for ctl.interface_start from pid: 660 (/system/system_ext/bin/hwservicemanager)
05-04 19:25:47.386   307   780 D BackgroundInstallControlService: Package event received: 0
05-04 19:25:47.386   307   780 D BackgroundInstallControlService: Package event received: 0
05-04 19:25:47.385     0     0 I QCOM-BATT: pl_fcc_vote_callback: total_fcc_ua=1950000
05-04 19:25:47.385     0     0 I QCOM-BATT: pl_fv_vote_callback: fv_uv=4400000
05-04 19:25:47.612 12454 12454 D InsetsController: Setting requestedVisibleTypes to -10 (was -9)
05-04 19:25:47.613   307 27670 W WindowManager: Failed looking up window session=Session{9fc70cb 12454:u0a10218} callers=com.android.server.wm.WindowManagerService.windowForClientLocked:6324 com.android.server.wm.Session.updateRequestedVisibleTypes:699 android.view.IWindowSession$Stub.onTransact:1023 
05-04 19:25:47.745     0     0 E FG      : fg_psy_get_property: unsupported property 79
05-04 19:25:47.755     0     0 E FG      : fg_psy_get_property: unsupported property 79
05-04 19:25:47.761     0     0 W healthd : battery l=100 v=3043 t=24.9 h=2 st=5 c=4000 fc=2831000 chg=u
05-04 19:25:47.767     0     0 E FG      : fg_psy_get_property: unsupported property 79
05-04 19:25:48.167     0     0 E init    : Control message: Could not find 'vendor.qti.hardware.cacert@1.0::IService/default' for ctl.interface_start from pid: 660 (/system/system_ext/bin/hwservicemanager)
05-04 19:25:48.497   307 21841 D CoreBackPreview: Window{adf4ea7 u0 com.westlake.host/com.westlake.host.WestlakeActivity}: Setting back callback OnBackInvokedCallbackInfo{mCallback=android.window.IOnBackInvokedCallback$Stub$Proxy@c3467f2, mPriority=0, mIsAnimationCallback=false, mOverrideBehavior=0}
05-04 19:25:48.563     0     0 I servicemanager: Caller(pid=12454,uid=10218,sid=u:r:untrusted_app_27:s0:c218,c256,c512,c768) Could not find android.hardware.graphics.allocator.IAllocator/default in the VINTF manifest. No alternative instances declared in VINTF.
05-04 19:25:48.564     0     0 I binder  : 12454:12477 ioctl 40046210 7a9c071094 returned -22
05-04 19:25:48.893   307 27670 I AppWidgetServiceImpl: setAppWidgetHidden() 0
05-04 19:25:48.908   307   780 D BackgroundInstallControlService: Package event received: 0
05-04 19:25:49.162   307 27670 D CoreBackPreview: Window{66e4765 u0 Splash Screen com.westlake.host EXITING}: Setting back callback null
05-04 19:25:49.168     0     0 E init    : Control message: Could not find 'vendor.qti.hardware.cacert@1.0::IService/default' for ctl.interface_start from pid: 660 (/system/system_ext/bin/hwservicemanager)
05-04 19:25:50.172     0     0 E init    : Control message: Could not find 'vendor.qti.hardware.cacert@1.0::IService/default' for ctl.interface_start from pid: 660 (/system/system_ext/bin/hwservicemanager)
--------- beginning of main
05-04 19:25:51.138 12454 12506 I WestlakeVM: VM: [PFCUT]   caller#1 void java.util.concurrent.ConcurrentHashMap.addCount(long, int) dex_pc=23
05-04 19:25:51.138 12454 12506 I WestlakeVM: VM: [PFCUT]   caller#2 java.lang.Object java.util.concurrent.ConcurrentHashMap.putVal(java.lang.Object, java.lang.Object, boolean) dex_pc=189
05-04 19:25:51.138 12454 12506 I WestlakeVM: VM: [PFCUT]   caller#3 java.lang.Object java.util.concurrent.ConcurrentHashMap.put(java.lang.Object, java.lang.Object) dex_pc=1
05-04 19:25:51.138 12454 12506 I WestlakeVM: VM: [PFCUT]   caller#4 java.lang.Object java.util.Properties.put(java.lang.Object, java.lang.Object) dex_pc=3
05-04 19:25:51.138 12454 12506 I WestlakeVM: VM: [PFCUT]   caller#5 void java.lang.System.parsePropertyAssignments(java.util.Properties, java.lang.String[]) dex_pc=23
05-04 19:25:51.138 12454 12506 I WestlakeVM: VM: [PFCUT] forced interpreter JNI reason=Unsafe method=boolean jdk.internal.misc.Unsafe.compareAndSetInt(java.lang.Object, long, int, int) quick=0xd23e00 jni=0x74d440
05-04 19:25:51.138 12454 12506 I WestlakeVM: VM: [PFCUT] InterpreterJni jdk.Unsafe CAS int target=0x14054180 offset=52 current=12 expected=12 new=-2145714174 success=1
05-04 19:25:51.138 12454 12506 I WestlakeVM: VM: [PFCUT]   caller#0 boolean jdk.internal.misc.Unsafe.compareAndSetInt(java.lang.Object, long, int, int) dex_pc=0
05-04 19:25:51.139 12454 12506 I WestlakeVM: VM: [PFCUT]   caller#1 void java.util.concurrent.ConcurrentHashMap.addCount(long, int) dex_pc=159
05-04 19:25:51.139 12454 12506 I WestlakeVM: VM: [PFCUT]   caller#2 java.lang.Object java.util.concurrent.ConcurrentHashMap.putVal(java.lang.Object, java.lang.Object, boolean) dex_pc=189
05-04 19:25:51.139 12454 12506 I WestlakeVM: VM: [PFCUT]   caller#3 java.lang.Object java.util.concurrent.ConcurrentHashMap.put(java.lang.Object, java.lang.Object) dex_pc=1
05-04 19:25:51.139 12454 12506 I WestlakeVM: VM: [PFCUT]   caller#4 java.lang.Object java.util.Properties.put(java.lang.Object, java.lang.Object) dex_pc=3
05-04 19:25:51.139 12454 12506 I WestlakeVM: VM: [PFCUT]   caller#5 void java.lang.System.parsePropertyAssignments(java.util.Properties, java.lang.String[]) dex_pc=23
05-04 19:25:51.139 12454 12506 I WestlakeVM: VM: [PFCUT] forced interpreter JNI reason=Unsafe method=boolean jdk.internal.misc.Unsafe.compareAndSetInt(java.lang.Object, long, int, int) quick=0xd23e00 jni=0x74d440
05-04 19:25:51.139 12454 12506 I WestlakeVM: VM: [PFCUT] InterpreterJni jdk.Unsafe CAS int target=0x14054180 offset=56 current=16 expected=16 new=0 success=1
05-04 19:25:51.139 12454 12506 I WestlakeVM: VM: [PFCUT]   caller#0 boolean jdk.internal.misc.Unsafe.compareAndSetInt(java.lang.Object, long, int, int) dex_pc=0
05-04 19:25:51.140 12454 12506 I WestlakeVM: VM: [PFCUT]   caller#1 void java.util.concurrent.ConcurrentHashMap.transfer(java.util.concurrent.ConcurrentHashMap$Node[], java.util.concurrent.ConcurrentHashMap$Node[]) dex_pc=114
05-04 19:25:51.140 12454 12506 I WestlakeVM: VM: [PFCUT]   caller#2 void java.util.concurrent.ConcurrentHashMap.addCount(long, int) dex_pc=166
05-04 19:25:51.140 12454 12506 I WestlakeVM: VM: [PFCUT]   caller#3 java.lang.Object java.util.concurrent.ConcurrentHashMap.putVal(java.lang.Object, java.lang.Object, boolean) dex_pc=189
05-04 19:25:51.140 12454 12506 I WestlakeVM: VM: [PFCUT]   caller#4 java.lang.Object java.util.concurrent.ConcurrentHashMap.put(java.lang.Object, java.lang.Object) dex_pc=1
05-04 19:25:51.140 12454 12506 I WestlakeVM: VM: [PFCUT]   caller#5 java.lang.Object java.util.Properties.put(java.lang.Object, java.lang.Object) dex_pc=3
05-04 19:25:51.140 12454 12506 I WestlakeVM: VM: [PFCUT] forced interpreter JNI reason=Unsafe method=java.lang.Object jdk.internal.misc.Unsafe.getReferenceVolatile(java.lang.Object, long) quick=0xd23e00 jni=0x74e2c0
05-04 19:25:51.140 12454 12506 I WestlakeVM: VM: [PFCUT] InterpreterJni jdk.Unsafe getReferenceVolatile target=0x140551f0 offset=72 value=0x14057640 array_index=15
05-04 19:25:51.140 12454 12506 I WestlakeVM: VM: [PFCUT] forced interpreter JNI reason=Unsafe method=java.lang.Object jdk.internal.misc.Unsafe.getReferenceVolatile(java.lang.Object, long) quick=0xd23e00 jni=0x74e2c0
05-04 19:25:51.141 12454 12506 I WestlakeVM: VM: [PFCUT] InterpreterJni jdk.Unsafe getReferenceVolatile target=0x140551f0 offset=72 value=0x14057640 array_index=15
05-04 19:25:51.141 12454 12506 I WestlakeVM: VM: [PFCUT] forced interpreter JNI reason=Unsafe method=void jdk.internal.misc.Unsafe.putReferenceVolatile(java.lang.Object, long, java.lang.Object) quick=0xd23e00 jni=0x74e5d8
05-04 19:25:51.141 12454 12506 I WestlakeVM: VM: [PFCUT-TRACE] thread=main-256mb ts_us=2144982681544 kind=setSlot.jdk caller="void jdk.internal.misc.Unsafe.putReferenceVolatile(java.lang.Object, long, java.lang.Object)" array.class=java.util.concurrent.ConcurrentHashMap$Node[] array.componentType=java.util.concurrent.ConcurrentHashMap$Node array.length=32 index=15 value.ptr=0x14057640 value.class=java.util.concurrent.ConcurrentHashMap$Node assignable=1
05-04 19:25:51.141 12454 12506 I WestlakeVM: VM: [PFCUT] forced interpreter JNI reason=Unsafe method=void jdk.internal.misc.Unsafe.putReferenceVolatile(java.lang.Object, long, java.lang.Object) quick=0xd23e00 jni=0x74e5d8
05-04 19:25:51.141 12454 12506 I WestlakeVM: VM: [PFCUT-TRACE] thread=main-256mb ts_us=2144982685896 kind=setSlot.jdk caller="void jdk.internal.misc.Unsafe.putReferenceVolatile(java.lang.Object, long, java.lang.Object)" array.class=java.util.concurrent.ConcurrentHashMap$Node[] array.componentType=java.util.concurrent.ConcurrentHashMap$Node array.length=32 index=31 value.ptr=0 value.class=<null> assignable=1
05-04 19:25:51.142 12454 12506 I WestlakeVM: VM: [PFCUT] forced interpreter JNI reason=Unsafe method=void jdk.internal.misc.Unsafe.putReferenceVolatile(java.lang.Object, long, java.lang.Object) quick=0xd23e00 jni=0x74e5d8
05-04 19:25:51.142 12454 12506 I WestlakeVM: VM: [PFCUT-TRACE] thread=main-256mb ts_us=2144982686032 kind=setSlot.jdk caller="void jdk.internal.misc.Unsafe.putReferenceVolatile(java.lang.Object, long, java.lang.Object)" array.class=java.util.concurrent.ConcurrentHashMap$Node[] array.componentType=java.util.concurrent.ConcurrentHashMap$Node array.length=16 index=15 value.ptr=0x1404b4a0 value.class=java.util.concurrent.ConcurrentHashMap$ForwardingNode assignable=1
05-04 19:25:51.142 12454 12506 I WestlakeVM: VM: [PFCUT] forced interpreter JNI reason=Unsafe method=java.lang.Object jdk.internal.misc.Unsafe.getReferenceVolatile(java.lang.Object, long) quick=0xd23e00 jni=0x74e2c0
05-04 19:25:51.142 12454 12506 I WestlakeVM: VM: [PFCUT] InterpreterJni jdk.Unsafe getReferenceVolatile target=0x140551f0 offset=68 value=0 array_index=14
05-04 19:25:51.142 12454 12506 I WestlakeVM: VM: [PFCUT] forced interpreter JNI reason=Unsafe method=boolean jdk.internal.misc.Unsafe.compareAndSetReference(java.lang.Object, long, java.lang.Object, java.lang.Object) quick=0xd23e00 jni=0x74d810
05-04 19:25:51.142 12454 12506 I WestlakeVM: VM: [PFCUT] InterpreterJni jdk.Unsafe CAS ref target=0x140551f0 offset=68 current=0 expected=0 new=0x1404b4a0 success=1 array_index=14
05-04 19:25:51.142 12454 12506 I WestlakeVM: VM: [PFCUT]   caller#0 boolean jdk.internal.misc.Unsafe.compareAndSetReference(java.lang.Object, long, java.lang.Object, java.lang.Object) dex_pc=0
05-04 19:25:51.142 12454 12506 I WestlakeVM: VM: [PFCUT]   caller#1 boolean java.util.concurrent.ConcurrentHashMap.casTabAt(java.util.concurrent.ConcurrentHashMap$Node[], int, java.util.concurrent.ConcurrentHashMap$Node, java.util.concurrent.ConcurrentHashMap$Node) dex_pc=14
05-04 19:25:51.143 12454 12506 I WestlakeVM: VM: [PFCUT]   caller#2 void java.util.concurrent.ConcurrentHashMap.transfer(java.util.concurrent.ConcurrentHashMap$Node[], java.util.concurrent.ConcurrentHashMap$Node[]) dex_pc=166
05-04 19:25:51.143 12454 12506 I WestlakeVM: VM: [PFCUT]   caller#3 void java.util.concurrent.ConcurrentHashMap.addCount(long, int) dex_pc=166
05-04 19:25:51.143 12454 12506 I WestlakeVM: VM: [PFCUT]   caller#4 java.lang.Object java.util.concurrent.ConcurrentHashMap.putVal(java.lang.Object, java.lang.Object, boolean) dex_pc=189
05-04 19:25:51.143 12454 12506 I WestlakeVM: VM: [PFCUT]   caller#5 java.lang.Object java.util.concurrent.ConcurrentHashMap.put(java.lang.Object, java.lang.Object) dex_pc=1
05-04 19:25:51.143 12454 12506 I WestlakeVM: VM: [PFCUT] forced interpreter JNI reason=Unsafe method=java.lang.Object jdk.internal.misc.Unsafe.getReferenceVolatile(java.lang.Object, long) quick=0xd23e00 jni=0x74e2c0
05-04 19:25:51.143 12454 12506 I WestlakeVM: VM: [PFCUT] InterpreterJni jdk.Unsafe getReferenceVolatile target=0x140551f0 offset=64 value=0x140574f0 array_index=13
05-04 19:25:51.143 12454 12506 I WestlakeVM: VM: [PFCUT] forced interpreter JNI reason=Unsafe method=java.lang.Object jdk.internal.misc.Unsafe.getReferenceVolatile(java.lang.Object, long) quick=0xd23e00 jni=0x74e2c0
05-04 19:25:51.143 12454 12506 I WestlakeVM: VM: [PFCUT] InterpreterJni jdk.Unsafe getReferenceVolatile target=0x140551f0 offset=64 value=0x140574f0 array_index=13
05-04 19:25:51.143 12454 12506 I WestlakeVM: VM: [PFCUT] forced interpreter JNI reason=Unsafe method=void jdk.internal.misc.Unsafe.putReferenceVolatile(java.lang.Object, long, java.lang.Object) quick=0xd23e00 jni=0x74e5d8
05-04 19:25:51.144 12454 12506 I WestlakeVM: VM: [PFCUT-TRACE] thread=main-256mb ts_us=2144982686666 kind=setSlot.jdk caller="void jdk.internal.misc.Unsafe.putReferenceVolatile(java.lang.Object, long, java.lang.Object)" array.class=java.util.concurrent.ConcurrentHashMap$Node[] array.componentType=java.util.concurrent.ConcurrentHashMap$Node array.length=32 index=13 value.ptr=0x140574f0 value.class=java.util.concurrent.ConcurrentHashMap$Node assignable=1
05-04 19:25:51.144 12454 12506 I WestlakeVM: VM: [PFCUT] forced interpreter JNI reason=Unsafe method=void jdk.internal.misc.Unsafe.putReferenceVolatile(java.lang.Object, long, java.lang.Object) quick=0xd23e00 jni=0x74e5d8
05-04 19:25:51.144 12454 12506 I WestlakeVM: VM: [PFCUT-TRACE] thread=main-256mb ts_us=2144982686776 kind=setSlot.jdk caller="void jdk.internal.misc.Unsafe.putReferenceVolatile(java.lang.Object, long, java.lang.Object)" array.class=java.util.concurrent.ConcurrentHashMap$Node[] array.componentType=java.util.concurrent.ConcurrentHashMap$Node array.length=32 index=29 value.ptr=0 value.class=<null> assignable=1
05-04 19:25:51.144 12454 12506 I WestlakeVM: VM: [PFCUT] forced interpreter JNI reason=Unsafe method=void jdk.internal.misc.Unsafe.putReferenceVolatile(java.lang.Object, long, java.lang.Object) quick=0xd23e00 jni=0x74e5d8
05-04 19:25:51.145 12454 12506 I WestlakeVM: VM: [PFCUT-TRACE] thread=main-256mb ts_us=2144982686882 kind=setSlot.jdk caller="void jdk.internal.misc.Unsafe.putReferenceVolatile(java.lang.Object, long, java.lang.Object)" array.class=java.util.concurrent.ConcurrentHashMap$Node[] array.componentType=java.util.concurrent.ConcurrentHashMap$Node array.length=16 index=13 value.ptr=0x1404b4a0 value.class=java.util.concurrent.ConcurrentHashMap$ForwardingNode assignable=1
05-04 19:25:51.145 12454 12506 I WestlakeVM: VM: [PFCUT] forced interpreter JNI reason=Unsafe method=java.lang.Object jdk.internal.misc.Unsafe.getReferenceVolatile(java.lang.Object, long) quick=0xd23e00 jni=0x74e2c0
05-04 19:25:51.145 12454 12506 I WestlakeVM: VM: [PFCUT] InterpreterJni jdk.Unsafe getReferenceVolatile target=0x140551f0 offset=60 value=0 array_index=12
05-04 19:25:51.145 12454 12506 I WestlakeVM: VM: [PFCUT] forced interpreter JNI reason=Unsafe method=boolean jdk.internal.misc.Unsafe.compareAndSetReference(java.lang.Object, long, java.lang.Object, java.lang.Object) quick=0xd23e00 jni=0x74d810
05-04 19:25:51.145 12454 12506 I WestlakeVM: VM: [PFCUT] InterpreterJni jdk.Unsafe CAS ref target=0x140551f0 offset=60 current=0 expected=0 new=0x1404b4a0 success=1 array_index=12
05-04 19:25:51.145 12454 12506 I WestlakeVM: VM: [PFCUT]   caller#0 boolean jdk.internal.misc.Unsafe.compareAndSetReference(java.lang.Object, long, java.lang.Object, java.lang.Object) dex_pc=0
05-04 19:25:51.145 12454 12506 I WestlakeVM: VM: [PFCUT]   caller#1 boolean java.util.concurrent.ConcurrentHashMap.casTabAt(java.util.concurrent.ConcurrentHashMap$Node[], int, java.util.concurrent.ConcurrentHashMap$Node, java.util.concurrent.ConcurrentHashMap$Node) dex_pc=14
05-04 19:25:51.146 12454 12506 I WestlakeVM: VM: [PFCUT]   caller#2 void java.util.concurrent.ConcurrentHashMap.transfer(java.util.concurrent.ConcurrentHashMap$Node[], java.util.concurrent.ConcurrentHashMap$Node[]) dex_pc=166
05-04 19:25:51.146 12454 12506 I WestlakeVM: VM: [PFCUT]   caller#3 void java.util.concurrent.ConcurrentHashMap.addCount(long, int) dex_pc=166
05-04 19:25:51.146 12454 12506 I WestlakeVM: VM: [PFCUT]   caller#4 java.lang.Object java.util.concurrent.ConcurrentHashMap.putVal(java.lang.Object, java.lang.Object, boolean) dex_pc=189
05-04 19:25:51.146 12454 12506 I WestlakeVM: VM: [PFCUT]   caller#5 java.lang.Object java.util.concurrent.ConcurrentHashMap.put(java.lang.Object, java.lang.Object) dex_pc=1
05-04 19:25:51.146 12454 12506 I WestlakeVM: VM: [PFCUT] forced interpreter JNI reason=Unsafe method=java.lang.Object jdk.internal.misc.Unsafe.getReferenceVolatile(java.lang.Object, long) quick=0xd23e00 jni=0x74e2c0
05-04 19:25:51.146 12454 12506 I WestlakeVM: VM: [PFCUT] InterpreterJni jdk.Unsafe getReferenceVolatile target=0x140551f0 offset=56 value=0 array_index=11
05-04 19:25:51.146 12454 12506 I WestlakeVM: VM: [PFCUT] forced interpreter JNI reason=Unsafe method=boolean jdk.internal.misc.Unsafe.compareAndSetReference(java.lang.Object, long, java.lang.Object, java.lang.Object) quick=0xd23e00 jni=0x74d810
05-04 19:25:51.146 12454 12506 I WestlakeVM: VM: [PFCUT] InterpreterJni jdk.Unsafe CAS ref target=0x140551f0 offset=56 current=0 expected=0 new=0x1404b4a0 success=1 array_index=11
05-04 19:25:51.147 12454 12506 I WestlakeVM: VM: [PFCUT]   caller#0 boolean jdk.internal.misc.Unsafe.compareAndSetReference(java.lang.Object, long, java.lang.Object, java.lang.Object) dex_pc=0
05-04 19:25:51.147 12454 12506 I WestlakeVM: VM: [PFCUT]   caller#1 boolean java.util.concurrent.ConcurrentHashMap.casTabAt(java.util.concurrent.ConcurrentHashMap$Node[], int, java.util.concurrent.ConcurrentHashMap$Node, java.util.concurrent.ConcurrentHashMap$Node) dex_pc=14
05-04 19:25:51.147 12454 12506 I WestlakeVM: VM: [PFCUT]   caller#2 void java.util.concurrent.ConcurrentHashMap.transfer(java.util.concurrent.ConcurrentHashMap$Node[], java.util.concurrent.ConcurrentHashMap$Node[]) dex_pc=166
05-04 19:25:51.147 12454 12506 I WestlakeVM: VM: [PFCUT]   caller#3 void java.util.concurrent.ConcurrentHashMap.addCount(long, int) dex_pc=166
05-04 19:25:51.147 12454 12506 I WestlakeVM: VM: [PFCUT]   caller#4 java.lang.Object java.util.concurrent.ConcurrentHashMap.putVal(java.lang.Object, java.lang.Object, boolean) dex_pc=189
05-04 19:25:51.147 12454 12506 I WestlakeVM: VM: [PFCUT]   caller#5 java.lang.Object java.util.concurrent.ConcurrentHashMap.put(java.lang.Object, java.lang.Object) dex_pc=1
05-04 19:25:51.147 12454 12506 I WestlakeVM: VM: [PFCUT] forced interpreter JNI reason=Unsafe method=java.lang.Object jdk.internal.misc.Unsafe.getReferenceVolatile(java.lang.Object, long) quick=0xd23e00 jni=0x74e2c0
05-04 19:25:51.148 12454 12506 I WestlakeVM: VM: [PFCUT] InterpreterJni jdk.Unsafe getReferenceVolatile target=0x140551f0 offset=52 value=0x14057490 array_index=10
05-04 19:25:51.148 12454 12506 I WestlakeVM: VM: [PFCUT] forced interpreter JNI reason=Unsafe method=java.lang.Object jdk.internal.misc.Unsafe.getReferenceVolatile(java.lang.Object, long) quick=0xd23e00 jni=0x74e2c0
05-04 19:25:51.148 12454 12506 I WestlakeVM: VM: [PFCUT] InterpreterJni jdk.Unsafe getReferenceVolatile target=0x140551f0 offset=52 value=0x14057490 array_index=10
05-04 19:25:51.148 12454 12506 I WestlakeVM: VM: [PFCUT] forced interpreter JNI reason=Unsafe method=void jdk.internal.misc.Unsafe.putReferenceVolatile(java.lang.Object, long, java.lang.Object) quick=0xd23e00 jni=0x74e5d8
05-04 19:25:51.148 12454 12506 I WestlakeVM: VM: [PFCUT-TRACE] thread=main-256mb ts_us=2144982688089 kind=setSlot.jdk caller="void jdk.internal.misc.Unsafe.putReferenceVolatile(java.lang.Object, long, java.lang.Object)" array.class=java.util.concurrent.ConcurrentHashMap$Node[] array.componentType=java.util.concurrent.ConcurrentHashMap$Node array.length=32 index=10 value.ptr=0 value.class=<null> assignable=1
05-04 19:25:51.148 12454 12506 I WestlakeVM: VM: [PFCUT] forced interpreter JNI reason=Unsafe method=void jdk.internal.misc.Unsafe.putReferenceVolatile(java.lang.Object, long, java.lang.Object) quick=0xd23e00 jni=0x74e5d8
05-04 19:25:51.149 12454 12506 I WestlakeVM: VM: [PFCUT-TRACE] thread=main-256mb ts_us=2144982688216 kind=setSlot.jdk caller="void jdk.internal.misc.Unsafe.putReferenceVolatile(java.lang.Object, long, java.lang.Object)" array.class=java.util.concurrent.ConcurrentHashMap$Node[] array.componentType=java.util.concurrent.ConcurrentHashMap$Node array.length=32 index=26 value.ptr=0x14057490 value.class=java.util.concurrent.ConcurrentHashMap$Node assignable=1
05-04 19:25:51.149 12454 12506 I WestlakeVM: VM: [PFCUT] forced interpreter JNI reason=Unsafe method=void jdk.internal.misc.Unsafe.putReferenceVolatile(java.lang.Object, long, java.lang.Object) quick=0xd23e00 jni=0x74e5d8
05-04 19:25:51.149 12454 12506 I WestlakeVM: VM: [PFCUT-TRACE] thread=main-256mb ts_us=2144982688324 kind=setSlot.jdk caller="void jdk.internal.misc.Unsafe.putReferenceVolatile(java.lang.Object, long, java.lang.Object)" array.class=java.util.concurrent.ConcurrentHashMap$Node[] array.componentType=java.util.concurrent.ConcurrentHashMap$Node array.length=16 index=10 value.ptr=0x1404b4a0 value.class=java.util.concurrent.ConcurrentHashMap$ForwardingNode assignable=1
05-04 19:25:51.149 12454 12506 I WestlakeVM: VM: [PFCUT] forced interpreter JNI reason=Unsafe method=java.lang.Object jdk.internal.misc.Unsafe.getReferenceVolatile(java.lang.Object, long) quick=0xd23e00 jni=0x74e2c0
05-04 19:25:51.149 12454 12506 I WestlakeVM: VM: [PFCUT] InterpreterJni jdk.Unsafe getReferenceVolatile target=0x140551f0 offset=48 value=0x140574a8 array_index=9
05-04 19:25:51.149 12454 12506 I WestlakeVM: VM: [PFCUT] forced interpreter JNI reason=Unsafe method=java.lang.Object jdk.internal.misc.Unsafe.getReferenceVolatile(java.lang.Object, long) quick=0xd23e00 jni=0x74e2c0
05-04 19:25:51.149 12454 12506 I WestlakeVM: VM: [PFCUT] InterpreterJni jdk.Unsafe getReferenceVolatile target=0x140551f0 offset=48 value=0x140574a8 array_index=9
05-04 19:25:51.150 12454 12506 I WestlakeVM: VM: [PFCUT] forced interpreter JNI reason=Unsafe method=void jdk.internal.misc.Unsafe.putReferenceVolatile(java.lang.Object, long, java.lang.Object) quick=0xd23e00 jni=0x74e5d8
05-04 19:25:51.150 12454 12506 I WestlakeVM: VM: [PFCUT-TRACE] thread=main-256mb ts_us=2144982688905 kind=setSlot.jdk caller="void jdk.internal.misc.Unsafe.putReferenceVolatile(java.lang.Object, long, java.lang.Object)" array.class=java.util.concurrent.ConcurrentHashMap$Node[] array.componentType=java.util.concurrent.ConcurrentHashMap$Node array.length=32 index=9 value.ptr=0x14057718 value.class=java.util.concurrent.ConcurrentHashMap$Node assignable=1
05-04 19:25:51.150 12454 12506 I WestlakeVM: VM: [PFCUT] forced interpreter JNI reason=Unsafe method=void jdk.internal.misc.Unsafe.putReferenceVolatile(java.lang.Object, long, java.lang.Object) quick=0xd23e00 jni=0x74e5d8
05-04 19:25:51.150 12454 12506 I WestlakeVM: VM: [PFCUT-TRACE] thread=main-256mb ts_us=2144982689016 kind=setSlot.jdk caller="void jdk.internal.misc.Unsafe.putReferenceVolatile(java.lang.Object, long, java.lang.Object)" array.class=java.util.concurrent.ConcurrentHashMap$Node[] array.componentType=java.util.concurrent.ConcurrentHashMap$Node array.length=32 index=25 value.ptr=0x14057628 value.class=java.util.concurrent.ConcurrentHashMap$Node assignable=1
05-04 19:25:51.150 12454 12506 I WestlakeVM: VM: [PFCUT] forced interpreter JNI reason=Unsafe method=void jdk.internal.misc.Unsafe.putReferenceVolatile(java.lang.Object, long, java.lang.Object) quick=0xd23e00 jni=0x74e5d8
05-04 19:25:51.150 12454 12506 I WestlakeVM: VM: [PFCUT-TRACE] thread=main-256mb ts_us=2144982689122 kind=setSlot.jdk caller="void jdk.internal.misc.Unsafe.putReferenceVolatile(java.lang.Object, long, java.lang.Object)" array.class=java.util.concurrent.ConcurrentHashMap$Node[] array.componentType=java.util.concurrent.ConcurrentHashMap$Node array.length=16 index=9 value.ptr=0x1404b4a0 value.class=java.util.concurrent.ConcurrentHashMap$ForwardingNode assignable=1
05-04 19:25:51.150 12454 12506 I WestlakeVM: VM: [PFCUT] forced interpreter JNI reason=Unsafe method=java.lang.Object jdk.internal.misc.Unsafe.getReferenceVolatile(java.lang.Object, long) quick=0xd23e00 jni=0x74e2c0
05-04 19:25:51.151 12454 12506 I WestlakeVM: VM: [PFCUT] InterpreterJni jdk.Unsafe getReferenceVolatile target=0x140551f0 offset=44 value=0x140576d0 array_index=8
05-04 19:25:51.151 12454 12506 I WestlakeVM: VM: [PFCUT] forced interpreter JNI reason=Unsafe method=java.lang.Object jdk.internal.misc.Unsafe.getReferenceVolatile(java.lang.Object, long) quick=0xd23e00 jni=0x74e2c0
05-04 19:25:51.151 12454 12506 I WestlakeVM: VM: [PFCUT] InterpreterJni jdk.Unsafe getReferenceVolatile target=0x140551f0 offset=44 value=0x140576d0 array_index=8
05-04 19:25:51.151 12454 12506 I WestlakeVM: VM: [PFCUT] forced interpreter JNI reason=Unsafe method=void jdk.internal.misc.Unsafe.putReferenceVolatile(java.lang.Object, long, java.lang.Object) quick=0xd23e00 jni=0x74e5d8
05-04 19:25:51.151 12454 12506 I WestlakeVM: VM: [PFCUT-TRACE] thread=main-256mb ts_us=2144982689424 kind=setSlot.jdk caller="void jdk.internal.misc.Unsafe.putReferenceVolatile(java.lang.Object, long, java.lang.Object)" array.class=java.util.concurrent.ConcurrentHashMap$Node[] array.componentType=java.util.concurrent.ConcurrentHashMap$Node array.length=32 index=8 value.ptr=0 value.class=<null> assignable=1
05-04 19:25:51.151 12454 12506 I WestlakeVM: VM: [PFCUT] forced interpreter JNI reason=Unsafe method=void jdk.internal.misc.Unsafe.putReferenceVolatile(java.lang.Object, long, java.lang.Object) quick=0xd23e00 jni=0x74e5d8
05-04 19:25:51.151 12454 12506 I WestlakeVM: VM: [PFCUT-TRACE] thread=main-256mb ts_us=2144982689529 kind=setSlot.jdk caller="void jdk.internal.misc.Unsafe.putReferenceVolatile(java.lang.Object, long, java.lang.Object)" array.class=java.util.concurrent.ConcurrentHashMap$Node[] array.componentType=java.util.concurrent.ConcurrentHashMap$Node array.length=32 index=24 value.ptr=0x140576d0 value.class=java.util.concurrent.ConcurrentHashMap$Node assignable=1
05-04 19:25:51.152 12454 12506 I WestlakeVM: VM: [PFCUT] forced interpreter JNI reason=Unsafe method=void jdk.internal.misc.Unsafe.putReferenceVolatile(java.lang.Object, long, java.lang.Object) quick=0xd23e00 jni=0x74e5d8
05-04 19:25:51.152 12454 12506 I WestlakeVM: VM: [PFCUT-TRACE] thread=main-256mb ts_us=2144982689635 kind=setSlot.jdk caller="void jdk.internal.misc.Unsafe.putReferenceVolatile(java.lang.Object, long, java.lang.Object)" array.class=java.util.concurrent.ConcurrentHashMap$Node[] array.componentType=java.util.concurrent.ConcurrentHashMap$Node array.length=16 index=8 value.ptr=0x1404b4a0 value.class=java.util.concurrent.ConcurrentHashMap$ForwardingNode assignable=1
05-04 19:25:51.152 12454 12506 I WestlakeVM: VM: [PFCUT] forced interpreter JNI reason=Unsafe method=java.lang.Object jdk.internal.misc.Unsafe.getReferenceVolatile(java.lang.Object, long) quick=0xd23e00 jni=0x74e2c0
05-04 19:25:51.152 12454 12506 I WestlakeVM: VM: [PFCUT] InterpreterJni jdk.Unsafe getReferenceVolatile target=0x140551f0 offset=40 value=0x140575f8 array_index=7
05-04 19:25:51.152 12454 12506 I WestlakeVM: VM: [PFCUT] forced interpreter JNI reason=Unsafe method=java.lang.Object jdk.internal.misc.Unsafe.getReferenceVolatile(java.lang.Object, long) quick=0xd23e00 jni=0x74e2c0
05-04 19:25:51.152 12454 12506 I WestlakeVM: VM: [PFCUT] InterpreterJni jdk.Unsafe getReferenceVolatile target=0x140551f0 offset=40 value=0x140575f8 array_index=7
05-04 19:25:51.152 12454 12506 I WestlakeVM: VM: [PFCUT] forced interpreter JNI reason=Unsafe method=void jdk.internal.misc.Unsafe.putReferenceVolatile(java.lang.Object, long, java.lang.Object) quick=0xd23e00 jni=0x74e5d8
05-04 19:25:51.152 12454 12506 I WestlakeVM: VM: [PFCUT-TRACE] thread=main-256mb ts_us=2144982689935 kind=setSlot.jdk caller="void jdk.internal.misc.Unsafe.putReferenceVolatile(java.lang.Object, long, java.lang.Object)" array.class=java.util.concurrent.ConcurrentHashMap$Node[] array.componentType=java.util.concurrent.ConcurrentHashMap$Node array.length=32 index=7 value.ptr=0x140575f8 value.class=java.util.concurrent.ConcurrentHashMap$Node assignable=1
05-04 19:25:51.153 12454 12506 I WestlakeVM: VM: [PFCUT] forced interpreter JNI reason=Unsafe method=void jdk.internal.misc.Unsafe.putReferenceVolatile(java.lang.Object, long, java.lang.Object) quick=0xd23e00 jni=0x74e5d8
05-04 19:25:51.153 12454 12506 I WestlakeVM: VM: [PFCUT-TRACE] thread=main-256mb ts_us=2144982690133 kind=setSlot.jdk caller="void jdk.internal.misc.Unsafe.putReferenceVolatile(java.lang.Object, long, java.lang.Object)" array.class=java.util.concurrent.ConcurrentHashMap$Node[] array.componentType=java.util.concurrent.ConcurrentHashMap$Node array.length=32 index=23 value.ptr=0 value.class=<null> assignable=1
05-04 19:25:51.153 12454 12506 I WestlakeVM: VM: [PFCUT] forced interpreter JNI reason=Unsafe method=void jdk.internal.misc.Unsafe.putReferenceVolatile(java.lang.Object, long, java.lang.Object) quick=0xd23e00 jni=0x74e5d8
05-04 19:25:51.153 12454 12506 I WestlakeVM: VM: [PFCUT-TRACE] thread=main-256mb ts_us=2144982690261 kind=setSlot.jdk caller="void jdk.internal.misc.Unsafe.putReferenceVolatile(java.lang.Object, long, java.lang.Object)" array.class=java.util.concurrent.ConcurrentHashMap$Node[] array.componentType=java.util.concurrent.ConcurrentHashMap$Node array.length=16 index=7 value.ptr=0x1404b4a0 value.class=java.util.concurrent.ConcurrentHashMap$ForwardingNode assignable=1
05-04 19:25:51.153 12454 12506 I WestlakeVM: VM: [PFCUT] forced interpreter JNI reason=Unsafe method=java.lang.Object jdk.internal.misc.Unsafe.getReferenceVolatile(java.lang.Object, long) quick=0xd23e00 jni=0x74e2c0
05-04 19:25:51.154 12454 12506 I WestlakeVM: VM: [PFCUT] InterpreterJni jdk.Unsafe getReferenceVolatile target=0x140551f0 offset=36 value=0 array_index=6
05-04 19:25:51.154 12454 12506 I WestlakeVM: VM: [PFCUT] forced interpreter JNI reason=Unsafe method=boolean jdk.internal.misc.Unsafe.compareAndSetReference(java.lang.Object, long, java.lang.Object, java.lang.Object) quick=0xd23e00 jni=0x74d810
05-04 19:25:51.154 12454 12506 I WestlakeVM: VM: [PFCUT] InterpreterJni jdk.Unsafe CAS ref target=0x140551f0 offset=36 current=0 expected=0 new=0x1404b4a0 success=1 array_index=6
05-04 19:25:51.154 12454 12506 I WestlakeVM: VM: [PFCUT] forced interpreter JNI reason=Unsafe method=java.lang.Object jdk.internal.misc.Unsafe.getReferenceVolatile(java.lang.Object, long) quick=0xd23e00 jni=0x74e2c0
05-04 19:25:51.154 12454 12506 I WestlakeVM: VM: [PFCUT] InterpreterJni jdk.Unsafe getReferenceVolatile target=0x140551f0 offset=32 value=0x14057520 array_index=5
05-04 19:25:51.155 12454 12506 I WestlakeVM: VM: [PFCUT] forced interpreter JNI reason=Unsafe method=java.lang.Object jdk.internal.misc.Unsafe.getReferenceVolatile(java.lang.Object, long) quick=0xd23e00 jni=0x74e2c0
05-04 19:25:51.155 12454 12506 I WestlakeVM: VM: [PFCUT] InterpreterJni jdk.Unsafe getReferenceVolatile target=0x140551f0 offset=32 value=0x14057520 array_index=5
05-04 19:25:51.155 12454 12506 I WestlakeVM: VM: [PFCUT] forced interpreter JNI reason=Unsafe method=void jdk.internal.misc.Unsafe.putReferenceVolatile(java.lang.Object, long, java.lang.Object) quick=0xd23e00 jni=0x74e5d8
05-04 19:25:51.155 12454 12506 I WestlakeVM: VM: [PFCUT-TRACE] thread=main-256mb ts_us=2144982690762 kind=setSlot.jdk caller="void jdk.internal.misc.Unsafe.putReferenceVolatile(java.lang.Object, long, java.lang.Object)" array.class=java.util.concurrent.ConcurrentHashMap$Node[] array.componentType=java.util.concurrent.ConcurrentHashMap$Node array.length=32 index=5 value.ptr=0 value.class=<null> assignable=1
05-04 19:25:51.155 12454 12506 I WestlakeVM: VM: [PFCUT] forced interpreter JNI reason=Unsafe method=void jdk.internal.misc.Unsafe.putReferenceVolatile(java.lang.Object, long, java.lang.Object) quick=0xd23e00 jni=0x74e5d8
05-04 19:25:51.156 12454 12506 I WestlakeVM: VM: [PFCUT-TRACE] thread=main-256mb ts_us=2144982690868 kind=setSlot.jdk caller="void jdk.internal.misc.Unsafe.putReferenceVolatile(java.lang.Object, long, java.lang.Object)" array.class=java.util.concurrent.ConcurrentHashMap$Node[] array.componentType=java.util.concurrent.ConcurrentHashMap$Node array.length=32 index=21 value.ptr=0x14057520 value.class=java.util.concurrent.ConcurrentHashMap$Node assignable=1
05-04 19:25:51.156 12454 12506 I WestlakeVM: VM: [PFCUT] forced interpreter JNI reason=Unsafe method=void jdk.internal.misc.Unsafe.putReferenceVolatile(java.lang.Object, long, java.lang.Object) quick=0xd23e00 jni=0x74e5d8
05-04 19:25:51.156 12454 12506 I WestlakeVM: VM: [PFCUT-TRACE] thread=main-256mb ts_us=2144982691013 kind=setSlot.jdk caller="void jdk.internal.misc.Unsafe.putReferenceVolatile(java.lang.Object, long, java.lang.Object)" array.class=java.util.concurrent.ConcurrentHashMap$Node[] array.componentType=java.util.concurrent.ConcurrentHashMap$Node array.length=16 index=5 value.ptr=0x1404b4a0 value.class=java.util.concurrent.ConcurrentHashMap$ForwardingNode assignable=1
