05-04 11:56:31.110   660 12331 W libc    : Unable to set property "ctl.interface_start" to "vendor.qti.hardware.cacert@1.0::IService/default": PROP_ERROR_HANDLE_CONTROL_MESSAGE (0x20)
05-04 11:56:31.110   660 12331 I hwservicemanager: Tried to start vendor.qti.hardware.cacert@1.0::IService/default as a lazy service, but was unable to. Usually this happens when a service is not installed, but if the service is intended to be used as a lazy service, then it may be configured incorrectly.
05-04 11:56:31.023     0     0 E init    : Control message: Could not find 'vendor.qti.hardware.cacert@1.0::IService/default' for ctl.interface_start from pid: 660 (/system/system_ext/bin/hwservicemanager)
05-04 11:56:31.452  3731  3790 E QMI_FW  : qmi_cci_get_ref: ref count increased 2
05-04 11:56:31.456  3731  3790 E QMI_FW  : qmi_cci_get_ref: ref count increased 2
05-04 11:56:31.457  3731  3790 E QMI_FW  : qmi_cci_get_ref: ref count increased 2
05-04 11:56:31.460  3731  3790 E QMI_FW  : qmi_cci_get_ref: ref count increased 2
05-04 11:56:31.463  3731  3790 E QMI_FW  : qmi_cci_get_ref: ref count increased 2
05-04 11:56:31.465  3731  3790 E QMI_FW  : qmi_cci_get_ref: ref count increased 2
05-04 11:56:31.468  3731  3790 E QMI_FW  : qmi_cci_get_ref: ref count increased 2
05-04 11:56:31.471  3731  3790 E QMI_FW  : qmi_cci_get_ref: ref count increased 2
05-04 11:56:31.768   307   717 E WifiStaIfaceAidlImpl: getCachedScanData failed with service-specific exception: android.os.ServiceSpecificException:  (code 4)
05-04 11:56:31.776  3080 29189 I netd    : tetherGetStats() -> {[]} <3.38ms>
05-04 11:56:31.784  3199  3199 D vendor.qti.bluetooth@1.0-ibs_handler: SerialClockVote: vote for UART CLK ON
05-04 11:56:31.787  3199  3199 D vendor.qti.bluetooth@1.0-wake_lock: Acquire wakelock is acquired 
05-04 11:56:31.787  3199  3199 I vendor.qti.bluetooth@1.0-ibs_handler: DeviceWakeUp: Writing IBS_WAKE_IND
05-04 11:56:31.791  3199  1483 I vendor.qti.bluetooth@1.0-ibs_handler: ProcessIbsCmd: Received IBS_WAKE_ACK: 0xFC
05-04 11:56:31.791  3199  1483 I vendor.qti.bluetooth@1.0-ibs_handler: ProcessIbsCmd: Signal wack_cond_
05-04 11:56:31.791  3199  3199 D vendor.qti.bluetooth@1.0-ibs_handler: DeviceWakeUp: Unblocked from waiting for FC
05-04 11:56:31.792  3199  1483 I vendor.qti.bluetooth@1.0-ibs_handler: ProcessIbsCmd: Received IBS_WAKE_IND: 0xFD
05-04 11:56:31.792  3199  1483 I vendor.qti.bluetooth@1.0-ibs_handler: ProcessIbsCmd: Writing IBS_WAKE_ACK
05-04 11:56:31.834  3199  1483 I vendor.qti.bluetooth@1.0-ibs_handler: ProcessIbsCmd: Received IBS_SLEEP_IND: 0xFE
05-04 11:56:31.867     0     0 I QCOM-BATT: pl_fcc_vote_callback: total_fcc_ua=1950000
05-04 11:56:31.867     0     0 I QCOM-BATT: pl_fv_vote_callback: fv_uv=4400000
05-04 11:56:32.108  3704  3747 W HidlServiceManagement: Waited one second for vendor.qti.hardware.cacert@1.0::IService/default
05-04 11:56:32.109   660   660 I hwservicemanager: Since vendor.qti.hardware.cacert@1.0::IService/default is not registered, trying to start it as a lazy HAL (if it's not configured to be a lazy HAL, it may be stuck starting or still starting).
05-04 11:56:32.111  3704  3747 I HidlServiceManagement: getService: Trying again for vendor.qti.hardware.cacert@1.0::IService/default...
05-04 11:56:32.029     0     0 E init    : Control message: Could not find 'vendor.qti.hardware.cacert@1.0::IService/default' for ctl.interface_start from pid: 660 (/system/system_ext/bin/hwservicemanager)
05-04 11:56:32.116   660 12333 W libc    : Unable to set property "ctl.interface_start" to "vendor.qti.hardware.cacert@1.0::IService/default": PROP_ERROR_HANDLE_CONTROL_MESSAGE (0x20)
05-04 11:56:32.117   660 12333 I hwservicemanager: Tried to start vendor.qti.hardware.cacert@1.0::IService/default as a lazy service, but was unable to. Usually this happens when a service is not installed, but if the service is intended to be used as a lazy service, then it may be configured incorrectly.
05-04 11:56:32.179 12204 12265 I WestlakeVM: VM: [WestlakeLauncher] WESTLAKE_VIEWTREE_PREDRAW_DISPATCH reason=tick passes=1 views=2 observers=2 globalListeners=0 preDrawListeners=0 preDrawCanceled=0 pumped=0 errors=0
05-04 11:56:32.196 12204 12241 I WestlakeVM: Frame: 42 bytes → View
05-04 11:56:32.226     0     0 E FG      : fg_psy_get_property: unsupported property 79
05-04 11:56:32.233     0     0 E FG      : fg_psy_get_property: unsupported property 79
05-04 11:56:32.239     0     0 W healthd : battery l=100 v=3097 t=22.4 h=2 st=5 c=0 fc=2831000 chg=u
05-04 11:56:32.245     0     0 E FG      : fg_psy_get_property: unsupported property 79
05-04 11:56:32.791  3199  1487 I vendor.qti.bluetooth@1.0-ibs_handler: DeviceSleep: TX Awake, Sending SLEEP_IND
05-04 11:56:32.792  3199  1487 D vendor.qti.bluetooth@1.0-ibs_handler: SerialClockVote: vote for UART CLK OFF
05-04 11:56:32.952  3199  1283 D vendor.qti.bluetooth@1.0-wake_lock: Release wakelock is released 
05-04 11:56:33.112  3704  3747 W HidlServiceManagement: Waited one second for vendor.qti.hardware.cacert@1.0::IService/default
05-04 11:56:33.113   660   660 I hwservicemanager: Since vendor.qti.hardware.cacert@1.0::IService/default is not registered, trying to start it as a lazy HAL (if it's not configured to be a lazy HAL, it may be stuck starting or still starting).
05-04 11:56:33.114  3704  3747 I HidlServiceManagement: getService: Trying again for vendor.qti.hardware.cacert@1.0::IService/default...
05-04 11:56:33.118   660 12334 W libc    : Unable to set property "ctl.interface_start" to "vendor.qti.hardware.cacert@1.0::IService/default": PROP_ERROR_HANDLE_CONTROL_MESSAGE (0x20)
05-04 11:56:33.119   660 12334 I hwservicemanager: Tried to start vendor.qti.hardware.cacert@1.0::IService/default as a lazy service, but was unable to. Usually this happens when a service is not installed, but if the service is intended to be used as a lazy service, then it may be configured incorrectly.
05-04 11:56:33.031     0     0 E init    : Control message: Could not find 'vendor.qti.hardware.cacert@1.0::IService/default' for ctl.interface_start from pid: 660 (/system/system_ext/bin/hwservicemanager)
05-04 11:56:33.282 12204 12265 I WestlakeVM: VM: [WestlakeLauncher] WESTLAKE_VIEWTREE_PREDRAW_DISPATCH reason=tick passes=1 views=2 observers=2 globalListeners=0 preDrawListeners=0 preDrawCanceled=0 pumped=0 errors=0
05-04 11:56:33.298 12204 12241 I WestlakeVM: Frame: 42 bytes → View
05-04 11:56:34.115  3704  3747 W HidlServiceManagement: Waited one second for vendor.qti.hardware.cacert@1.0::IService/default
05-04 11:56:34.116   660   660 I hwservicemanager: Since vendor.qti.hardware.cacert@1.0::IService/default is not registered, trying to start it as a lazy HAL (if it's not configured to be a lazy HAL, it may be stuck starting or still starting).
05-04 11:56:34.118  3704  3747 I HidlServiceManagement: getService: Trying again for vendor.qti.hardware.cacert@1.0::IService/default...
05-04 11:56:34.121   660 12335 W libc    : Unable to set property "ctl.interface_start" to "vendor.qti.hardware.cacert@1.0::IService/default": PROP_ERROR_HANDLE_CONTROL_MESSAGE (0x20)
05-04 11:56:34.121   660 12335 I hwservicemanager: Tried to start vendor.qti.hardware.cacert@1.0::IService/default as a lazy service, but was unable to. Usually this happens when a service is not installed, but if the service is intended to be used as a lazy service, then it may be configured incorrectly.
05-04 11:56:34.034     0     0 E init    : Control message: Could not find 'vendor.qti.hardware.cacert@1.0::IService/default' for ctl.interface_start from pid: 660 (/system/system_ext/bin/hwservicemanager)
05-04 11:56:34.379 12204 12265 I WestlakeVM: VM: [WestlakeLauncher] WESTLAKE_VIEWTREE_PREDRAW_DISPATCH reason=tick passes=1 views=2 observers=2 globalListeners=0 preDrawListeners=0 preDrawCanceled=0 pumped=0 errors=0
05-04 11:56:34.397 12204 12241 I WestlakeVM: Frame: 42 bytes → View
05-04 11:56:34.496     0     0 E FG      : fg_psy_get_property: unsupported property 79
05-04 11:56:34.504     0     0 W healthd : battery l=100 v=3097 t=22.4 h=2 st=5 c=0 fc=2831000 chg=u
05-04 11:56:34.512     0     0 E FG      : fg_psy_get_property: unsupported property 79
05-04 11:56:35.119  3704  3747 W HidlServiceManagement: Waited one second for vendor.qti.hardware.cacert@1.0::IService/default
05-04 11:56:35.121   660   660 I hwservicemanager: Since vendor.qti.hardware.cacert@1.0::IService/default is not registered, trying to start it as a lazy HAL (if it's not configured to be a lazy HAL, it may be stuck starting or still starting).
05-04 11:56:35.124  3704  3747 I HidlServiceManagement: getService: Trying again for vendor.qti.hardware.cacert@1.0::IService/default...
05-04 11:56:35.126   660 12336 W libc    : Unable to set property "ctl.interface_start" to "vendor.qti.hardware.cacert@1.0::IService/default": PROP_ERROR_HANDLE_CONTROL_MESSAGE (0x20)
05-04 11:56:35.126   660 12336 I hwservicemanager: Tried to start vendor.qti.hardware.cacert@1.0::IService/default as a lazy service, but was unable to. Usually this happens when a service is not installed, but if the service is intended to be used as a lazy service, then it may be configured incorrectly.
05-04 11:56:35.039     0     0 E init    : Control message: Could not find 'vendor.qti.hardware.cacert@1.0::IService/default' for ctl.interface_start from pid: 660 (/system/system_ext/bin/hwservicemanager)
05-04 11:56:35.480 12204 12265 I WestlakeVM: VM: [WestlakeLauncher] WESTLAKE_VIEWTREE_PREDRAW_DISPATCH reason=tick passes=1 views=2 observers=2 globalListeners=0 preDrawListeners=0 preDrawCanceled=0 pumped=0 errors=0
05-04 11:56:35.498 12204 12241 I WestlakeVM: Frame: 42 bytes → View
05-04 11:56:36.125  3704  3747 W HidlServiceManagement: Waited one second for vendor.qti.hardware.cacert@1.0::IService/default
05-04 11:56:36.126   660   660 I hwservicemanager: Since vendor.qti.hardware.cacert@1.0::IService/default is not registered, trying to start it as a lazy HAL (if it's not configured to be a lazy HAL, it may be stuck starting or still starting).
05-04 11:56:36.129  3704  3747 I HidlServiceManagement: getService: Trying again for vendor.qti.hardware.cacert@1.0::IService/default...
05-04 11:56:36.131   660 12337 W libc    : Unable to set property "ctl.interface_start" to "vendor.qti.hardware.cacert@1.0::IService/default": PROP_ERROR_HANDLE_CONTROL_MESSAGE (0x20)
05-04 11:56:36.131   660 12337 I hwservicemanager: Tried to start vendor.qti.hardware.cacert@1.0::IService/default as a lazy service, but was unable to. Usually this happens when a service is not installed, but if the service is intended to be used as a lazy service, then it may be configured incorrectly.
05-04 11:56:36.044     0     0 E init    : Control message: Could not find 'vendor.qti.hardware.cacert@1.0::IService/default' for ctl.interface_start from pid: 660 (/system/system_ext/bin/hwservicemanager)
05-04 11:56:36.580 12204 12265 I WestlakeVM: VM: [WestlakeLauncher] WESTLAKE_VIEWTREE_PREDRAW_DISPATCH reason=tick passes=1 views=2 observers=2 globalListeners=0 preDrawListeners=0 preDrawCanceled=0 pumped=0 errors=0
05-04 11:56:36.583   713  1834 I NxpNciR : len =   4 > 600701A1
05-04 11:56:36.597 12204 12241 I WestlakeVM: Frame: 42 bytes → View
05-04 11:56:37.130  3704  3747 W HidlServiceManagement: Waited one second for vendor.qti.hardware.cacert@1.0::IService/default
05-04 11:56:37.132   660   660 I hwservicemanager: Since vendor.qti.hardware.cacert@1.0::IService/default is not registered, trying to start it as a lazy HAL (if it's not configured to be a lazy HAL, it may be stuck starting or still starting).
05-04 11:56:37.134  3704  3747 I HidlServiceManagement: getService: Trying again for vendor.qti.hardware.cacert@1.0::IService/default...
05-04 11:56:37.137   660 12338 W libc    : Unable to set property "ctl.interface_start" to "vendor.qti.hardware.cacert@1.0::IService/default": PROP_ERROR_HANDLE_CONTROL_MESSAGE (0x20)
05-04 11:56:37.137   660 12338 I hwservicemanager: Tried to start vendor.qti.hardware.cacert@1.0::IService/default as a lazy service, but was unable to. Usually this happens when a service is not installed, but if the service is intended to be used as a lazy service, then it may be configured incorrectly.
05-04 11:56:37.050     0     0 E init    : Control message: Could not find 'vendor.qti.hardware.cacert@1.0::IService/default' for ctl.interface_start from pid: 660 (/system/system_ext/bin/hwservicemanager)
05-04 11:56:37.681 12204 12265 I WestlakeVM: VM: [WestlakeLauncher] WESTLAKE_VIEWTREE_PREDRAW_DISPATCH reason=tick passes=1 views=2 observers=2 globalListeners=0 preDrawListeners=0 preDrawCanceled=0 pumped=0 errors=0
05-04 11:56:37.697 12204 12241 I WestlakeVM: Frame: 42 bytes → View
05-04 11:56:38.135  3704  3747 W HidlServiceManagement: Waited one second for vendor.qti.hardware.cacert@1.0::IService/default
05-04 11:56:38.137   660   660 I hwservicemanager: Since vendor.qti.hardware.cacert@1.0::IService/default is not registered, trying to start it as a lazy HAL (if it's not configured to be a lazy HAL, it may be stuck starting or still starting).
05-04 11:56:38.138  3704  3747 I HidlServiceManagement: getService: Trying again for vendor.qti.hardware.cacert@1.0::IService/default...
05-04 11:56:38.142   660 12339 W libc    : Unable to set property "ctl.interface_start" to "vendor.qti.hardware.cacert@1.0::IService/default": PROP_ERROR_HANDLE_CONTROL_MESSAGE (0x20)
05-04 11:56:38.142   660 12339 I hwservicemanager: Tried to start vendor.qti.hardware.cacert@1.0::IService/default as a lazy service, but was unable to. Usually this happens when a service is not installed, but if the service is intended to be used as a lazy service, then it may be configured incorrectly.
05-04 11:56:38.055     0     0 E init    : Control message: Could not find 'vendor.qti.hardware.cacert@1.0::IService/default' for ctl.interface_start from pid: 660 (/system/system_ext/bin/hwservicemanager)
05-04 11:56:38.751   713  1834 I NxpNciR : len =   4 > 600701A1
05-04 11:56:38.783 12204 12265 I WestlakeVM: VM: [WestlakeLauncher] WESTLAKE_VIEWTREE_PREDRAW_DISPATCH reason=tick passes=1 views=2 observers=2 globalListeners=0 preDrawListeners=0 preDrawCanceled=0 pumped=0 errors=0
05-04 11:56:38.799 12204 12241 I WestlakeVM: Frame: 42 bytes → View
05-04 11:56:38.907     0     0 I QCOM-BATT: pl_fcc_vote_callback: total_fcc_ua=1950000
05-04 11:56:38.907     0     0 I QCOM-BATT: pl_fv_vote_callback: fv_uv=4400000
05-04 11:56:39.138  3704  3747 W HidlServiceManagement: Waited one second for vendor.qti.hardware.cacert@1.0::IService/default
05-04 11:56:39.140   660   660 I hwservicemanager: Since vendor.qti.hardware.cacert@1.0::IService/default is not registered, trying to start it as a lazy HAL (if it's not configured to be a lazy HAL, it may be stuck starting or still starting).
05-04 11:56:39.141  3704  3747 I HidlServiceManagement: getService: Trying again for vendor.qti.hardware.cacert@1.0::IService/default...
05-04 11:56:39.058     0     0 E init    : Control message: Could not find 'vendor.qti.hardware.cacert@1.0::IService/default' for ctl.interface_start from pid: 660 (/system/system_ext/bin/hwservicemanager)
05-04 11:56:39.145   660 12341 W libc    : Unable to set property "ctl.interface_start" to "vendor.qti.hardware.cacert@1.0::IService/default": PROP_ERROR_HANDLE_CONTROL_MESSAGE (0x20)
05-04 11:56:39.145   660 12341 I hwservicemanager: Tried to start vendor.qti.hardware.cacert@1.0::IService/default as a lazy service, but was unable to. Usually this happens when a service is not installed, but if the service is intended to be used as a lazy service, then it may be configured incorrectly.
05-04 11:56:39.266     0     0 E FG      : fg_psy_get_property: unsupported property 79
05-04 11:56:39.275     0     0 E FG      : fg_psy_get_property: unsupported property 79
05-04 11:56:39.282     0     0 W healthd : battery l=100 v=3097 t=22.4 h=2 st=5 c=0 fc=2831000 chg=u
05-04 11:56:39.289     0     0 E FG      : fg_psy_get_property: unsupported property 79
05-04 11:56:39.891 12204 12265 I WestlakeVM: VM: [WestlakeLauncher] WESTLAKE_VIEWTREE_PREDRAW_DISPATCH reason=tick passes=1 views=2 observers=2 globalListeners=0 preDrawListeners=0 preDrawCanceled=0 pumped=0 errors=0
05-04 11:56:39.910 12204 12241 I WestlakeVM: Frame: 42 bytes → View
05-04 11:56:40.142  3704  3747 W HidlServiceManagement: Waited one second for vendor.qti.hardware.cacert@1.0::IService/default
05-04 11:56:40.143   660   660 I hwservicemanager: Since vendor.qti.hardware.cacert@1.0::IService/default is not registered, trying to start it as a lazy HAL (if it's not configured to be a lazy HAL, it may be stuck starting or still starting).
05-04 11:56:40.145  3704  3747 I HidlServiceManagement: getService: Trying again for vendor.qti.hardware.cacert@1.0::IService/default...
05-04 11:56:40.149   660 12342 W libc    : Unable to set property "ctl.interface_start" to "vendor.qti.hardware.cacert@1.0::IService/default": PROP_ERROR_HANDLE_CONTROL_MESSAGE (0x20)
05-04 11:56:40.149   660 12342 I hwservicemanager: Tried to start vendor.qti.hardware.cacert@1.0::IService/default as a lazy service, but was unable to. Usually this happens when a service is not installed, but if the service is intended to be used as a lazy service, then it may be configured incorrectly.
05-04 11:56:40.062     0     0 E init    : Control message: Could not find 'vendor.qti.hardware.cacert@1.0::IService/default' for ctl.interface_start from pid: 660 (/system/system_ext/bin/hwservicemanager)
05-04 11:56:40.997 12204 12265 I WestlakeVM: VM: [WestlakeLauncher] WESTLAKE_VIEWTREE_PREDRAW_DISPATCH reason=tick passes=1 views=2 observers=2 globalListeners=0 preDrawListeners=0 preDrawCanceled=0 pumped=0 errors=0
05-04 11:56:41.015 12204 12241 I WestlakeVM: Frame: 42 bytes → View
05-04 11:56:41.145  3704  3747 W HidlServiceManagement: Waited one second for vendor.qti.hardware.cacert@1.0::IService/default
05-04 11:56:41.146   660   660 I hwservicemanager: Since vendor.qti.hardware.cacert@1.0::IService/default is not registered, trying to start it as a lazy HAL (if it's not configured to be a lazy HAL, it may be stuck starting or still starting).
05-04 11:56:41.147  3704  3747 I HidlServiceManagement: getService: Trying again for vendor.qti.hardware.cacert@1.0::IService/default...
05-04 11:56:41.152   660 12343 W libc    : Unable to set property "ctl.interface_start" to "vendor.qti.hardware.cacert@1.0::IService/default": PROP_ERROR_HANDLE_CONTROL_MESSAGE (0x20)
05-04 11:56:41.152   660 12343 I hwservicemanager: Tried to start vendor.qti.hardware.cacert@1.0::IService/default as a lazy service, but was unable to. Usually this happens when a service is not installed, but if the service is intended to be used as a lazy service, then it may be configured incorrectly.
05-04 11:56:41.063     0     0 E init    : Control message: Could not find 'vendor.qti.hardware.cacert@1.0::IService/default' for ctl.interface_start from pid: 660 (/system/system_ext/bin/hwservicemanager)
05-04 11:56:42.101 12204 12265 I WestlakeVM: VM: [WestlakeLauncher] WESTLAKE_VIEWTREE_PREDRAW_DISPATCH reason=tick passes=1 views=2 observers=2 globalListeners=0 preDrawListeners=0 preDrawCanceled=0 pumped=0 errors=0
05-04 11:56:42.120 12204 12241 I WestlakeVM: Frame: 42 bytes → View
05-04 11:56:42.148  3704  3747 W HidlServiceManagement: Waited one second for vendor.qti.hardware.cacert@1.0::IService/default
05-04 11:56:42.149   660   660 I hwservicemanager: Since vendor.qti.hardware.cacert@1.0::IService/default is not registered, trying to start it as a lazy HAL (if it's not configured to be a lazy HAL, it may be stuck starting or still starting).
05-04 11:56:42.149  3704  3747 I HidlServiceManagement: getService: Trying again for vendor.qti.hardware.cacert@1.0::IService/default...
05-04 11:56:42.152   660 12344 W libc    : Unable to set property "ctl.interface_start" to "vendor.qti.hardware.cacert@1.0::IService/default": PROP_ERROR_HANDLE_CONTROL_MESSAGE (0x20)
05-04 11:56:42.152   660 12344 I hwservicemanager: Tried to start vendor.qti.hardware.cacert@1.0::IService/default as a lazy service, but was unable to. Usually this happens when a service is not installed, but if the service is intended to be used as a lazy service, then it may be configured incorrectly.
05-04 11:56:42.064     0     0 E init    : Control message: Could not find 'vendor.qti.hardware.cacert@1.0::IService/default' for ctl.interface_start from pid: 660 (/system/system_ext/bin/hwservicemanager)
05-04 11:56:42.246  3512  3691 I ThermalEngine: Monitor : quiet_therm = 23883, msm_therm = 25091, xo_therm = 24955, battery_therm = 224,current_now = 0 
05-04 11:56:43.129   713  1834 I NxpNciR : len =   4 > 600701A1
05-04 11:56:43.150  3704  3747 W HidlServiceManagement: Waited one second for vendor.qti.hardware.cacert@1.0::IService/default
05-04 11:56:43.151   660   660 I hwservicemanager: Since vendor.qti.hardware.cacert@1.0::IService/default is not registered, trying to start it as a lazy HAL (if it's not configured to be a lazy HAL, it may be stuck starting or still starting).
05-04 11:56:43.152  3704  3747 I HidlServiceManagement: getService: Trying again for vendor.qti.hardware.cacert@1.0::IService/default...
05-04 11:56:43.156   660 12345 W libc    : Unable to set property "ctl.interface_start" to "vendor.qti.hardware.cacert@1.0::IService/default": PROP_ERROR_HANDLE_CONTROL_MESSAGE (0x20)
05-04 11:56:43.156   660 12345 I hwservicemanager: Tried to start vendor.qti.hardware.cacert@1.0::IService/default as a lazy service, but was unable to. Usually this happens when a service is not installed, but if the service is intended to be used as a lazy service, then it may be configured incorrectly.
05-04 11:56:43.069     0     0 E init    : Control message: Could not find 'vendor.qti.hardware.cacert@1.0::IService/default' for ctl.interface_start from pid: 660 (/system/system_ext/bin/hwservicemanager)
05-04 11:56:43.203 12204 12265 I WestlakeVM: VM: [WestlakeLauncher] WESTLAKE_VIEWTREE_PREDRAW_DISPATCH reason=tick passes=1 views=2 observers=2 globalListeners=0 preDrawListeners=0 preDrawCanceled=0 pumped=0 errors=0
05-04 11:56:43.219 12204 12241 I WestlakeVM: Frame: 42 bytes → View
05-04 11:56:44.153  3704  3747 W HidlServiceManagement: Waited one second for vendor.qti.hardware.cacert@1.0::IService/default
05-04 11:56:44.155   660   660 I hwservicemanager: Since vendor.qti.hardware.cacert@1.0::IService/default is not registered, trying to start it as a lazy HAL (if it's not configured to be a lazy HAL, it may be stuck starting or still starting).
05-04 11:56:44.156  3704  3747 I HidlServiceManagement: getService: Trying again for vendor.qti.hardware.cacert@1.0::IService/default...
05-04 11:56:44.159   660 12346 W libc    : Unable to set property "ctl.interface_start" to "vendor.qti.hardware.cacert@1.0::IService/default": PROP_ERROR_HANDLE_CONTROL_MESSAGE (0x20)
05-04 11:56:44.159   660 12346 I hwservicemanager: Tried to start vendor.qti.hardware.cacert@1.0::IService/default as a lazy service, but was unable to. Usually this happens when a service is not installed, but if the service is intended to be used as a lazy service, then it may be configured incorrectly.
05-04 11:56:44.072     0     0 E init    : Control message: Could not find 'vendor.qti.hardware.cacert@1.0::IService/default' for ctl.interface_start from pid: 660 (/system/system_ext/bin/hwservicemanager)
05-04 11:56:44.315 12204 12265 I WestlakeVM: VM: [WestlakeLauncher] WESTLAKE_VIEWTREE_PREDRAW_DISPATCH reason=tick passes=1 views=2 observers=2 globalListeners=0 preDrawListeners=0 preDrawCanceled=0 pumped=0 errors=0
05-04 11:56:44.332 12204 12241 I WestlakeVM: Frame: 42 bytes → View
05-04 11:56:45.156  3704  3747 W HidlServiceManagement: Waited one second for vendor.qti.hardware.cacert@1.0::IService/default
05-04 11:56:45.157   660   660 I hwservicemanager: Since vendor.qti.hardware.cacert@1.0::IService/default is not registered, trying to start it as a lazy HAL (if it's not configured to be a lazy HAL, it may be stuck starting or still starting).
05-04 11:56:45.158  3704  3747 I HidlServiceManagement: getService: Trying again for vendor.qti.hardware.cacert@1.0::IService/default...
05-04 11:56:45.161   660 12347 W libc    : Unable to set property "ctl.interface_start" to "vendor.qti.hardware.cacert@1.0::IService/default": PROP_ERROR_HANDLE_CONTROL_MESSAGE (0x20)
05-04 11:56:45.161   660 12347 I hwservicemanager: Tried to start vendor.qti.hardware.cacert@1.0::IService/default as a lazy service, but was unable to. Usually this happens when a service is not installed, but if the service is intended to be used as a lazy service, then it may be configured incorrectly.
05-04 11:56:45.075     0     0 E init    : Control message: Could not find 'vendor.qti.hardware.cacert@1.0::IService/default' for ctl.interface_start from pid: 660 (/system/system_ext/bin/hwservicemanager)
05-04 11:56:45.293   713  1834 I NxpNciR : len =   4 > 600701A1
05-04 11:56:45.420 12204 12265 I WestlakeVM: VM: [WestlakeLauncher] WESTLAKE_VIEWTREE_PREDRAW_DISPATCH reason=tick passes=1 views=2 observers=2 globalListeners=0 preDrawListeners=0 preDrawCanceled=0 pumped=0 errors=0
05-04 11:56:45.437 12204 12241 I WestlakeVM: Frame: 42 bytes → View
05-04 11:56:45.948     0     0 I QCOM-BATT: pl_fcc_vote_callback: total_fcc_ua=1950000
05-04 11:56:45.948     0     0 I QCOM-BATT: pl_fv_vote_callback: fv_uv=4400000
05-04 11:56:46.159  3704  3747 W HidlServiceManagement: Waited one second for vendor.qti.hardware.cacert@1.0::IService/default
05-04 11:56:46.160   660   660 I hwservicemanager: Since vendor.qti.hardware.cacert@1.0::IService/default is not registered, trying to start it as a lazy HAL (if it's not configured to be a lazy HAL, it may be stuck starting or still starting).
05-04 11:56:46.161  3704  3747 I HidlServiceManagement: getService: Trying again for vendor.qti.hardware.cacert@1.0::IService/default...
05-04 11:56:46.078     0     0 E init    : Control message: Could not find 'vendor.qti.hardware.cacert@1.0::IService/default' for ctl.interface_start from pid: 660 (/system/system_ext/bin/hwservicemanager)
05-04 11:56:46.166   660 12348 W libc    : Unable to set property "ctl.interface_start" to "vendor.qti.hardware.cacert@1.0::IService/default": PROP_ERROR_HANDLE_CONTROL_MESSAGE (0x20)
05-04 11:56:46.166   660 12348 I hwservicemanager: Tried to start vendor.qti.hardware.cacert@1.0::IService/default as a lazy service, but was unable to. Usually this happens when a service is not installed, but if the service is intended to be used as a lazy service, then it may be configured incorrectly.
05-04 11:56:46.306     0     0 E FG      : fg_psy_get_property: unsupported property 79
05-04 11:56:46.314     0     0 E FG      : fg_psy_get_property: unsupported property 79
05-04 11:56:46.413  1126  1126 D QtiCarrierConfigHelper: WARNING, no carrier configs on phone Id: 0
05-04 11:56:46.321     0     0 W healthd : battery l=100 v=3098 t=22.4 h=2 st=5 c=0 fc=2831000 chg=u
05-04 11:56:46.419   960  2694 D PowerUI : can't show warning due to - plugged: true status unknown: false
05-04 11:56:46.329     0     0 E FG      : fg_psy_get_property: unsupported property 79
05-04 11:56:46.520 12204 12265 I WestlakeVM: VM: [WestlakeLauncher] WESTLAKE_VIEWTREE_PREDRAW_DISPATCH reason=tick passes=1 views=2 observers=2 globalListeners=0 preDrawListeners=0 preDrawCanceled=0 pumped=0 errors=0
05-04 11:56:46.537 12204 12241 I WestlakeVM: Frame: 42 bytes → View
05-04 11:56:47.162  3704  3747 W HidlServiceManagement: Waited one second for vendor.qti.hardware.cacert@1.0::IService/default
05-04 11:56:47.164   660   660 I hwservicemanager: Since vendor.qti.hardware.cacert@1.0::IService/default is not registered, trying to start it as a lazy HAL (if it's not configured to be a lazy HAL, it may be stuck starting or still starting).
05-04 11:56:47.167  3704  3747 I HidlServiceManagement: getService: Trying again for vendor.qti.hardware.cacert@1.0::IService/default...
05-04 11:56:47.170   660 12349 W libc    : Unable to set property "ctl.interface_start" to "vendor.qti.hardware.cacert@1.0::IService/default": PROP_ERROR_HANDLE_CONTROL_MESSAGE (0x20)
05-04 11:56:47.170   660 12349 I hwservicemanager: Tried to start vendor.qti.hardware.cacert@1.0::IService/default as a lazy service, but was unable to. Usually this happens when a service is not installed, but if the service is intended to be used as a lazy service, then it may be configured incorrectly.
05-04 11:56:47.082     0     0 E init    : Control message: Could not find 'vendor.qti.hardware.cacert@1.0::IService/default' for ctl.interface_start from pid: 660 (/system/system_ext/bin/hwservicemanager)
05-04 11:56:47.473   713  1834 I NxpNciR : len =   4 > 600701A1
05-04 11:56:47.622 12204 12265 I WestlakeVM: VM: [WestlakeLauncher] WESTLAKE_VIEWTREE_PREDRAW_DISPATCH reason=tick passes=1 views=2 observers=2 globalListeners=0 preDrawListeners=0 preDrawCanceled=0 pumped=0 errors=0
05-04 11:56:47.639 12204 12241 I WestlakeVM: Frame: 42 bytes → View
05-04 11:56:48.168  3704  3747 W HidlServiceManagement: Waited one second for vendor.qti.hardware.cacert@1.0::IService/default
05-04 11:56:48.169   660   660 I hwservicemanager: Since vendor.qti.hardware.cacert@1.0::IService/default is not registered, trying to start it as a lazy HAL (if it's not configured to be a lazy HAL, it may be stuck starting or still starting).
05-04 11:56:48.170  3704  3747 I HidlServiceManagement: getService: Trying again for vendor.qti.hardware.cacert@1.0::IService/default...
05-04 11:56:48.087     0     0 E init    : Control message: Could not find 'vendor.qti.hardware.cacert@1.0::IService/default' for ctl.interface_start from pid: 660 (/system/system_ext/bin/hwservicemanager)
05-04 11:56:48.174   660 12350 W libc    : Unable to set property "ctl.interface_start" to "vendor.qti.hardware.cacert@1.0::IService/default": PROP_ERROR_HANDLE_CONTROL_MESSAGE (0x20)
05-04 11:56:48.174   660 12350 I hwservicemanager: Tried to start vendor.qti.hardware.cacert@1.0::IService/default as a lazy service, but was unable to. Usually this happens when a service is not installed, but if the service is intended to be used as a lazy service, then it may be configured incorrectly.
05-04 11:56:48.730 12204 12265 I WestlakeVM: VM: [WestlakeLauncher] WESTLAKE_VIEWTREE_PREDRAW_DISPATCH reason=tick passes=1 views=2 observers=2 globalListeners=0 preDrawListeners=0 preDrawCanceled=0 pumped=0 errors=0
05-04 11:56:48.750 12204 12241 I WestlakeVM: Frame: 42 bytes → View
05-04 11:56:49.171  3704  3747 W HidlServiceManagement: Waited one second for vendor.qti.hardware.cacert@1.0::IService/default
05-04 11:56:49.173   660   660 I hwservicemanager: Since vendor.qti.hardware.cacert@1.0::IService/default is not registered, trying to start it as a lazy HAL (if it's not configured to be a lazy HAL, it may be stuck starting or still starting).
05-04 11:56:49.174  3704  3747 I HidlServiceManagement: getService: Trying again for vendor.qti.hardware.cacert@1.0::IService/default...
05-04 11:56:49.178   660 12351 W libc    : Unable to set property "ctl.interface_start" to "vendor.qti.hardware.cacert@1.0::IService/default": PROP_ERROR_HANDLE_CONTROL_MESSAGE (0x20)
05-04 11:56:49.178   660 12351 I hwservicemanager: Tried to start vendor.qti.hardware.cacert@1.0::IService/default as a lazy service, but was unable to. Usually this happens when a service is not installed, but if the service is intended to be used as a lazy service, then it may be configured incorrectly.
05-04 11:56:49.091     0     0 E init    : Control message: Could not find 'vendor.qti.hardware.cacert@1.0::IService/default' for ctl.interface_start from pid: 660 (/system/system_ext/bin/hwservicemanager)
05-04 11:56:49.840 12204 12265 I WestlakeVM: VM: [WestlakeLauncher] WESTLAKE_VIEWTREE_PREDRAW_DISPATCH reason=tick passes=1 views=2 observers=2 globalListeners=0 preDrawListeners=0 preDrawCanceled=0 pumped=0 errors=0
05-04 11:56:49.856 12204 12241 I WestlakeVM: Frame: 42 bytes → View
05-04 11:56:50.176  3704  3747 W HidlServiceManagement: Waited one second for vendor.qti.hardware.cacert@1.0::IService/default
05-04 11:56:50.177   660   660 I hwservicemanager: Since vendor.qti.hardware.cacert@1.0::IService/default is not registered, trying to start it as a lazy HAL (if it's not configured to be a lazy HAL, it may be stuck starting or still starting).
05-04 11:56:50.179  3704  3747 I HidlServiceManagement: getService: Trying again for vendor.qti.hardware.cacert@1.0::IService/default...
05-04 11:56:50.183   660 12352 W libc    : Unable to set property "ctl.interface_start" to "vendor.qti.hardware.cacert@1.0::IService/default": PROP_ERROR_HANDLE_CONTROL_MESSAGE (0x20)
05-04 11:56:50.184   660 12352 I hwservicemanager: Tried to start vendor.qti.hardware.cacert@1.0::IService/default as a lazy service, but was unable to. Usually this happens when a service is not installed, but if the service is intended to be used as a lazy service, then it may be configured incorrectly.
05-04 11:56:50.096     0     0 E init    : Control message: Could not find 'vendor.qti.hardware.cacert@1.0::IService/default' for ctl.interface_start from pid: 660 (/system/system_ext/bin/hwservicemanager)
05-04 11:56:50.940 12204 12265 I WestlakeVM: VM: [WestlakeLauncher] WESTLAKE_VIEWTREE_PREDRAW_DISPATCH reason=tick passes=1 views=2 observers=2 globalListeners=0 preDrawListeners=0 preDrawCanceled=0 pumped=0 errors=0
05-04 11:56:50.958 12204 12241 I WestlakeVM: Frame: 42 bytes → View
05-04 11:56:51.179  3704  3747 W HidlServiceManagement: Waited one second for vendor.qti.hardware.cacert@1.0::IService/default
05-04 11:56:51.182   660   660 I hwservicemanager: Since vendor.qti.hardware.cacert@1.0::IService/default is not registered, trying to start it as a lazy HAL (if it's not configured to be a lazy HAL, it may be stuck starting or still starting).
05-04 11:56:51.183  3704  3747 I HidlServiceManagement: getService: Trying again for vendor.qti.hardware.cacert@1.0::IService/default...
05-04 11:56:51.187   660 12353 W libc    : Unable to set property "ctl.interface_start" to "vendor.qti.hardware.cacert@1.0::IService/default": PROP_ERROR_HANDLE_CONTROL_MESSAGE (0x20)
05-04 11:56:51.187   660 12353 I hwservicemanager: Tried to start vendor.qti.hardware.cacert@1.0::IService/default as a lazy service, but was unable to. Usually this happens when a service is not installed, but if the service is intended to be used as a lazy service, then it may be configured incorrectly.
05-04 11:56:51.100     0     0 E init    : Control message: Could not find 'vendor.qti.hardware.cacert@1.0::IService/default' for ctl.interface_start from pid: 660 (/system/system_ext/bin/hwservicemanager)
05-04 11:56:51.848   713  1834 I NxpNciR : len =   4 > 600701A1
05-04 11:56:52.039 12204 12265 I WestlakeVM: VM: [WestlakeLauncher] WESTLAKE_VIEWTREE_PREDRAW_DISPATCH reason=tick passes=1 views=2 observers=2 globalListeners=0 preDrawListeners=0 preDrawCanceled=0 pumped=0 errors=0
05-04 11:56:52.056 12204 12241 I WestlakeVM: Frame: 42 bytes → View
05-04 11:56:52.183  3704  3747 W HidlServiceManagement: Waited one second for vendor.qti.hardware.cacert@1.0::IService/default
05-04 11:56:52.185   660   660 I hwservicemanager: Since vendor.qti.hardware.cacert@1.0::IService/default is not registered, trying to start it as a lazy HAL (if it's not configured to be a lazy HAL, it may be stuck starting or still starting).
05-04 11:56:52.186  3704  3747 I HidlServiceManagement: getService: Trying again for vendor.qti.hardware.cacert@1.0::IService/default...
05-04 11:56:52.190   660 12354 W libc    : Unable to set property "ctl.interface_start" to "vendor.qti.hardware.cacert@1.0::IService/default": PROP_ERROR_HANDLE_CONTROL_MESSAGE (0x20)
05-04 11:56:52.190   660 12354 I hwservicemanager: Tried to start vendor.qti.hardware.cacert@1.0::IService/default as a lazy service, but was unable to. Usually this happens when a service is not installed, but if the service is intended to be used as a lazy service, then it may be configured incorrectly.
05-04 11:56:52.102     0     0 E init    : Control message: Could not find 'vendor.qti.hardware.cacert@1.0::IService/default' for ctl.interface_start from pid: 660 (/system/system_ext/bin/hwservicemanager)
05-04 11:56:52.987     0     0 I QCOM-BATT: pl_fcc_vote_callback: total_fcc_ua=1950000
05-04 11:56:52.987     0     0 I QCOM-BATT: pl_fv_vote_callback: fv_uv=4400000
05-04 11:56:53.140 12204 12265 I WestlakeVM: VM: [WestlakeLauncher] WESTLAKE_VIEWTREE_PREDRAW_DISPATCH reason=tick passes=1 views=2 observers=2 globalListeners=0 preDrawListeners=0 preDrawCanceled=0 pumped=0 errors=0
05-04 11:56:53.159 12204 12241 I WestlakeVM: Frame: 42 bytes → View
05-04 11:56:53.186  3704  3747 W HidlServiceManagement: Waited one second for vendor.qti.hardware.cacert@1.0::IService/default
05-04 11:56:53.187   660   660 I hwservicemanager: Since vendor.qti.hardware.cacert@1.0::IService/default is not registered, trying to start it as a lazy HAL (if it's not configured to be a lazy HAL, it may be stuck starting or still starting).
05-04 11:56:53.188  3704  3747 I HidlServiceManagement: getService: Trying again for vendor.qti.hardware.cacert@1.0::IService/default...
05-04 11:56:53.190   660 12355 W libc    : Unable to set property "ctl.interface_start" to "vendor.qti.hardware.cacert@1.0::IService/default": PROP_ERROR_HANDLE_CONTROL_MESSAGE (0x20)
05-04 11:56:53.190   660 12355 I hwservicemanager: Tried to start vendor.qti.hardware.cacert@1.0::IService/default as a lazy service, but was unable to. Usually this happens when a service is not installed, but if the service is intended to be used as a lazy service, then it may be configured incorrectly.
05-04 11:56:53.103     0     0 E init    : Control message: Could not find 'vendor.qti.hardware.cacert@1.0::IService/default' for ctl.interface_start from pid: 660 (/system/system_ext/bin/hwservicemanager)
05-04 11:56:53.347     0     0 E FG      : fg_psy_get_property: unsupported property 79
05-04 11:56:53.356     0     0 E FG      : fg_psy_get_property: unsupported property 79
05-04 11:56:53.362     0     0 W healthd : battery l=100 v=3098 t=22.4 h=2 st=5 c=0 fc=2831000 chg=u
05-04 11:56:53.367     0     0 E FG      : fg_psy_get_property: unsupported property 79
05-04 11:56:54.017   713  1834 I NxpNciR : len =   4 > 600701A1
05-04 11:56:54.189  3704  3747 W HidlServiceManagement: Waited one second for vendor.qti.hardware.cacert@1.0::IService/default
05-04 11:56:54.190   660   660 I hwservicemanager: Since vendor.qti.hardware.cacert@1.0::IService/default is not registered, trying to start it as a lazy HAL (if it's not configured to be a lazy HAL, it may be stuck starting or still starting).
05-04 11:56:54.191  3704  3747 I HidlServiceManagement: getService: Trying again for vendor.qti.hardware.cacert@1.0::IService/default...
05-04 11:56:54.108     0     0 E init    : Control message: Could not find 'vendor.qti.hardware.cacert@1.0::IService/default' for ctl.interface_start from pid: 660 (/system/system_ext/bin/hwservicemanager)
05-04 11:56:54.195   660 12356 W libc    : Unable to set property "ctl.interface_start" to "vendor.qti.hardware.cacert@1.0::IService/default": PROP_ERROR_HANDLE_CONTROL_MESSAGE (0x20)
05-04 11:56:54.195   660 12356 I hwservicemanager: Tried to start vendor.qti.hardware.cacert@1.0::IService/default as a lazy service, but was unable to. Usually this happens when a service is not installed, but if the service is intended to be used as a lazy service, then it may be configured incorrectly.
05-04 11:56:54.251 12204 12265 I WestlakeVM: VM: [WestlakeLauncher] WESTLAKE_VIEWTREE_PREDRAW_DISPATCH reason=tick passes=1 views=2 observers=2 globalListeners=0 preDrawListeners=0 preDrawCanceled=0 pumped=0 errors=0
05-04 11:56:54.270 12204 12241 I WestlakeVM: Frame: 42 bytes → View
05-04 11:56:55.192  3704  3747 W HidlServiceManagement: Waited one second for vendor.qti.hardware.cacert@1.0::IService/default
05-04 11:56:55.195   660   660 I hwservicemanager: Since vendor.qti.hardware.cacert@1.0::IService/default is not registered, trying to start it as a lazy HAL (if it's not configured to be a lazy HAL, it may be stuck starting or still starting).
05-04 11:56:55.197  3704  3747 I HidlServiceManagement: getService: Trying again for vendor.qti.hardware.cacert@1.0::IService/default...
05-04 11:56:55.200   660 12357 W libc    : Unable to set property "ctl.interface_start" to "vendor.qti.hardware.cacert@1.0::IService/default": PROP_ERROR_HANDLE_CONTROL_MESSAGE (0x20)
05-04 11:56:55.200   660 12357 I hwservicemanager: Tried to start vendor.qti.hardware.cacert@1.0::IService/default as a lazy service, but was unable to. Usually this happens when a service is not installed, but if the service is intended to be used as a lazy service, then it may be configured incorrectly.
05-04 11:56:55.113     0     0 E init    : Control message: Could not find 'vendor.qti.hardware.cacert@1.0::IService/default' for ctl.interface_start from pid: 660 (/system/system_ext/bin/hwservicemanager)
05-04 11:56:55.359 12204 12265 I WestlakeVM: VM: [WestlakeLauncher] WESTLAKE_VIEWTREE_PREDRAW_DISPATCH reason=tick passes=1 views=2 observers=2 globalListeners=0 preDrawListeners=0 preDrawCanceled=0 pumped=0 errors=0
05-04 11:56:55.376 12204 12241 I WestlakeVM: Frame: 42 bytes → View
05-04 11:56:56.188   713  1834 I NxpNciR : len =   4 > 600701A1
05-04 11:56:56.197  3704  3747 W HidlServiceManagement: Waited one second for vendor.qti.hardware.cacert@1.0::IService/default
05-04 11:56:56.199   660   660 I hwservicemanager: Since vendor.qti.hardware.cacert@1.0::IService/default is not registered, trying to start it as a lazy HAL (if it's not configured to be a lazy HAL, it may be stuck starting or still starting).
05-04 11:56:56.200  3704  3747 I HidlServiceManagement: getService: Trying again for vendor.qti.hardware.cacert@1.0::IService/default...
05-04 11:56:56.117     0     0 E init    : Control message: Could not find 'vendor.qti.hardware.cacert@1.0::IService/default' for ctl.interface_start from pid: 660 (/system/system_ext/bin/hwservicemanager)
05-04 11:56:56.205   660 12358 W libc    : Unable to set property "ctl.interface_start" to "vendor.qti.hardware.cacert@1.0::IService/default": PROP_ERROR_HANDLE_CONTROL_MESSAGE (0x20)
05-04 11:56:56.205   660 12358 I hwservicemanager: Tried to start vendor.qti.hardware.cacert@1.0::IService/default as a lazy service, but was unable to. Usually this happens when a service is not installed, but if the service is intended to be used as a lazy service, then it may be configured incorrectly.
05-04 11:56:56.297   307   717 E WifiScoringParams: Invalid frequency(-1), using 5G as default rssi array
05-04 11:56:56.305  3530  3530 W wificond: Failed to get NL80211_ATTR_MAX_NUM_AKM_SUITES
05-04 11:56:56.309  3530  3530 W wificond: Failed to get NL80211_ATTR_MAX_NUM_AKM_SUITES
05-04 11:56:56.312  3530  3530 W wificond: Failed to get NL80211_ATTR_MAX_NUM_AKM_SUITES
05-04 11:56:56.316  3703 20622 D LOWI-9.0.0.79: [LOWI-Scan] wait_event:Wait done with Cmd 33
05-04 11:56:56.317  3703 20622 D LOWI-9.0.0.79: [LOWI-Scan] do_listen_events: Rcvd valid Netlink Cmd 0 Err 0
05-04 11:56:56.458 12204 12265 I WestlakeVM: VM: [WestlakeLauncher] WESTLAKE_VIEWTREE_PREDRAW_DISPATCH reason=tick passes=1 views=2 observers=2 globalListeners=0 preDrawListeners=0 preDrawCanceled=0 pumped=0 errors=0
05-04 11:56:56.475 12204 12241 I WestlakeVM: Frame: 42 bytes → View
05-04 11:56:57.200  3704  3747 W HidlServiceManagement: Waited one second for vendor.qti.hardware.cacert@1.0::IService/default
05-04 11:56:57.201   660   660 I hwservicemanager: Since vendor.qti.hardware.cacert@1.0::IService/default is not registered, trying to start it as a lazy HAL (if it's not configured to be a lazy HAL, it may be stuck starting or still starting).
05-04 11:56:57.202  3704  3747 I HidlServiceManagement: getService: Trying again for vendor.qti.hardware.cacert@1.0::IService/default...
05-04 11:56:57.118     0     0 E init    : Control message: Could not find 'vendor.qti.hardware.cacert@1.0::IService/default' for ctl.interface_start from pid: 660 (/system/system_ext/bin/hwservicemanager)
05-04 11:56:57.205   660 12359 W libc    : Unable to set property "ctl.interface_start" to "vendor.qti.hardware.cacert@1.0::IService/default": PROP_ERROR_HANDLE_CONTROL_MESSAGE (0x20)
05-04 11:56:57.205   660 12359 I hwservicemanager: Tried to start vendor.qti.hardware.cacert@1.0::IService/default as a lazy service, but was unable to. Usually this happens when a service is not installed, but if the service is intended to be used as a lazy service, then it may be configured incorrectly.
05-04 11:56:57.557 12204 12265 I WestlakeVM: VM: [WestlakeLauncher] WESTLAKE_VIEWTREE_PREDRAW_DISPATCH reason=tick passes=1 views=2 observers=2 globalListeners=0 preDrawListeners=0 preDrawCanceled=0 pumped=0 errors=0
05-04 11:56:57.573 12204 12241 I WestlakeVM: Frame: 42 bytes → View
05-04 11:56:58.202  3704  3747 W HidlServiceManagement: Waited one second for vendor.qti.hardware.cacert@1.0::IService/default
05-04 11:56:58.204   660   660 I hwservicemanager: Since vendor.qti.hardware.cacert@1.0::IService/default is not registered, trying to start it as a lazy HAL (if it's not configured to be a lazy HAL, it may be stuck starting or still starting).
05-04 11:56:58.204  3704  3747 I HidlServiceManagement: getService: Trying again for vendor.qti.hardware.cacert@1.0::IService/default...
05-04 11:56:58.207   660 12360 W libc    : Unable to set property "ctl.interface_start" to "vendor.qti.hardware.cacert@1.0::IService/default": PROP_ERROR_HANDLE_CONTROL_MESSAGE (0x20)
05-04 11:56:58.207   660 12360 I hwservicemanager: Tried to start vendor.qti.hardware.cacert@1.0::IService/default as a lazy service, but was unable to. Usually this happens when a service is not installed, but if the service is intended to be used as a lazy service, then it may be configured incorrectly.
05-04 11:56:58.120     0     0 E init    : Control message: Could not find 'vendor.qti.hardware.cacert@1.0::IService/default' for ctl.interface_start from pid: 660 (/system/system_ext/bin/hwservicemanager)
05-04 11:56:58.655 12204 12265 I WestlakeVM: VM: [WestlakeLauncher] WESTLAKE_VIEWTREE_PREDRAW_DISPATCH reason=tick passes=1 views=2 observers=2 globalListeners=0 preDrawListeners=0 preDrawCanceled=0 pumped=0 errors=0
05-04 11:56:58.675 12204 12241 I WestlakeVM: Frame: 42 bytes → View
05-04 11:56:59.205  3704  3747 W HidlServiceManagement: Waited one second for vendor.qti.hardware.cacert@1.0::IService/default
05-04 11:56:59.206   660   660 I hwservicemanager: Since vendor.qti.hardware.cacert@1.0::IService/default is not registered, trying to start it as a lazy HAL (if it's not configured to be a lazy HAL, it may be stuck starting or still starting).
05-04 11:56:59.206  3704  3747 I HidlServiceManagement: getService: Trying again for vendor.qti.hardware.cacert@1.0::IService/default...
05-04 11:56:59.209   660 12361 W libc    : Unable to set property "ctl.interface_start" to "vendor.qti.hardware.cacert@1.0::IService/default": PROP_ERROR_HANDLE_CONTROL_MESSAGE (0x20)
05-04 11:56:59.209   660 12361 I hwservicemanager: Tried to start vendor.qti.hardware.cacert@1.0::IService/default as a lazy service, but was unable to. Usually this happens when a service is not installed, but if the service is intended to be used as a lazy service, then it may be configured incorrectly.
05-04 11:56:59.122     0     0 E init    : Control message: Could not find 'vendor.qti.hardware.cacert@1.0::IService/default' for ctl.interface_start from pid: 660 (/system/system_ext/bin/hwservicemanager)
05-04 11:56:59.398  3703 20622 D LOWI-9.0.0.79: [LOWI-Scan] wait_event:Wait done with Cmd 34
05-04 11:56:59.399  3703 20622 D LOWI-9.0.0.79: [LOWI-Scan] do_listen_events: Rcvd valid Netlink Cmd 34 Err 0
05-04 11:56:59.401  3703 20622 D LOWI-9.0.0.79: [LOWI-Scan] 
05-04 11:56:59.401  3703 20622 D LOWI-9.0.0.79: [LOWI-Scan] print_bss_handler: Report beacon TSF 2158009690453 as it greater than probe TSF 2158009686379
05-04 11:56:59.401  3703 20622 I LOWI-9.0.0.79: [LOWI-Scan] RSN_IE
05-04 11:56:59.401  3703 20622 D LOWI-9.0.0.79: [LOWI-Scan] decode_rsn_wpa_ie: 