05-04 11:55:48.174 12204 12265 I WestlakeVM: VM: [PFCUT] forced interpreter JNI reason=Unsafe method=java.lang.Object jdk.internal.misc.Unsafe.getReferenceVolatile(java.lang.Object, long) quick=0xd07c00 jni=0x7331f4
05-04 11:55:48.174 12204 12265 I WestlakeVM: VM: [PFCUT] InterpreterJni jdk.Unsafe getReferenceVolatile target=0x5120380 offset=64 value=0 array_index=13
05-04 11:55:48.174 12204 12265 I WestlakeVM: VM: [PFCUT] forced interpreter JNI reason=Unsafe method=java.lang.Object jdk.internal.misc.Unsafe.getReferenceVolatile(java.lang.Object, long) quick=0xd07c00 jni=0x7331f4
05-04 11:55:48.174 12204 12265 I WestlakeVM: VM: [PFCUT] InterpreterJni jdk.Unsafe getReferenceVolatile target=0x5123450 offset=192 value=0x51224f0 array_index=45
05-04 11:55:48.175 12204 12265 I WestlakeVM: VM: [PFCUT] System.arraycopy intrinsic src=[B dst=[B srcPos=0 dstPos=0 count=16
05-04 11:55:48.176 12204 12265 I WestlakeVM: VM: [PFCUT] System.arraycopy intrinsic src=[B dst=[B srcPos=0 dstPos=0 count=16
05-04 11:55:48.177 12204 12265 I WestlakeVM: VM: [PFCUT] System.arraycopy intrinsic src=[B dst=[B srcPos=0 dstPos=0 count=34
05-04 11:55:48.177 12204 12265 I WestlakeVM: VM: [PFCUT] UnixFileSystem.canonicalize intrinsic path=/apex/com.android.art/lib/logging.properties result=/apex/com.android.art/lib/logging.properties
05-04 11:55:48.179 12204 12265 I WestlakeVM: VM: [PFCUT] Linux.open intrinsic path=/apex/com.android.art/lib/logging.properties flags=0x0 mode=0666 fd=3 devnull errno=2
05-04 11:55:48.181 12204 12265 I WestlakeVM: VM: [PFCUT] System.arraycopy intrinsic src=[B dst=[B srcPos=0 dstPos=0 count=16
05-04 11:55:48.181 12204 12265 I WestlakeVM: VM: [PFCUT] System.arraycopy intrinsic src=[B dst=[B srcPos=0 dstPos=0 count=34
05-04 11:55:48.182 12204 12265 I WestlakeVM: VM: [PFCUT] forced interpreter JNI reason=Unsafe method=void jdk.internal.misc.Unsafe.storeFence() quick=0xd07c00 jni=0x734c04
05-04 11:55:48.186 12204 12265 I WestlakeVM: VM: [PFCUT] System.arraycopy intrinsic src=[B dst=[B srcPos=0 dstPos=0 count=16
05-04 11:55:48.189 12204 12265 I WestlakeVM: VM: [PFCUT] System.arraycopy intrinsic src=[Ljava/lang/Object; dst=[Ljava/util/logging/Handler; srcPos=0 dstPos=0 count=0
05-04 11:55:48.192 12204 12265 I WestlakeVM: VM: [PFCUT] System.arraycopy intrinsic src=[B dst=[B srcPos=0 dstPos=0 count=16
05-04 11:55:48.195 12204 12265 I WestlakeVM: VM: [PFCUT] System.arraycopy intrinsic src=[Ljava/lang/Object; dst=[Ljava/util/logging/Handler; srcPos=0 dstPos=0 count=0
05-04 11:55:48.200 12204 12265 I WestlakeVM: VM: [PFCUT] forced interpreter JNI reason=Unsafe method=java.lang.Object jdk.internal.misc.Unsafe.getReferenceVolatile(java.lang.Object, long) quick=0xd07c00 jni=0x7331f4
05-04 11:55:48.201 12204 12265 I WestlakeVM: VM: [PFCUT] InterpreterJni jdk.Unsafe getReferenceVolatile target=0x5120380 offset=32 value=0x51643d0 array_index=5
05-04 11:55:48.201 12204 12265 I WestlakeVM: VM: [PFCUT] forced interpreter JNI reason=Unsafe method=java.lang.Object jdk.internal.misc.Unsafe.getReferenceVolatile(java.lang.Object, long) quick=0xd07c00 jni=0x7331f4
05-04 11:55:48.201 12204 12265 I WestlakeVM: VM: [PFCUT] InterpreterJni jdk.Unsafe getReferenceVolatile target=0x5123450 offset=96 value=0 array_index=21
05-04 11:55:48.201 12204 12265 I WestlakeVM: VM: [PFCUT] forced interpreter JNI reason=Unsafe method=java.lang.Object jdk.internal.misc.Unsafe.getReferenceVolatile(java.lang.Object, long) quick=0xd07c00 jni=0x7331f4
05-04 11:55:48.201 12204 12265 I WestlakeVM: VM: [PFCUT] InterpreterJni jdk.Unsafe getReferenceVolatile target=0x5120380 offset=28 value=0 array_index=4
05-04 11:55:48.201 12204 12265 I WestlakeVM: VM: [PFCUT] forced interpreter JNI reason=Unsafe method=java.lang.Object jdk.internal.misc.Unsafe.getReferenceVolatile(java.lang.Object, long) quick=0xd07c00 jni=0x7331f4
05-04 11:55:48.202 12204 12265 I WestlakeVM: VM: [PFCUT] InterpreterJni jdk.Unsafe getReferenceVolatile target=0x5123450 offset=28 value=0x5122ce8 array_index=4
05-04 11:55:48.202 12204 12265 I WestlakeVM: VM: [PFCUT] forced interpreter JNI reason=Class.classForName method=java.lang.Class java.lang.Class.classForName(java.lang.String, boolean, java.lang.ClassLoader) quick=0xd07ac0 jni=0x734cd4
05-04 11:55:48.202 12204 12265 I WestlakeVM: VM: [PFCUT] Class.getDeclaredField intrinsic hit class=java.util.logging.LoggingProxyImpl name=INSTANCE
05-04 11:55:48.213 12204 12265 I WestlakeVM: VM: [PFCUT] System.arraycopy intrinsic src=[B dst=[B srcPos=0 dstPos=0 count=16
05-04 11:55:48.222 12204 12265 I WestlakeVM: VM: [PFCUT] System.arraycopy intrinsic src=[Lokio/ByteString; dst=[Ljava/lang/Object; srcPos=0 dstPos=0 count=5
05-04 11:55:48.222 12204 12265 I WestlakeVM: VM: [PFCUT] System.arraycopy intrinsic src=[Ljava/lang/Object; dst=[Ljava/lang/Object; srcPos=0 dstPos=0 count=5
05-04 11:55:48.223 12204 12265 I WestlakeVM: VM: [PFCUT] System.arraycopy intrinsic src=[Ljava/lang/Object; dst=[Ljava/lang/Object; srcPos=0 dstPos=1 count=3
05-04 11:55:48.224 12204 12265 I WestlakeVM: VM: [PFCUT] System.arraycopy intrinsic src=[Ljava/lang/Object; dst=[Ljava/lang/Object; srcPos=4 dstPos=5 count=0
05-04 11:55:48.225 12204 12265 I WestlakeVM: VM: [PFCUT] System.arraycopy intrinsic src=[Ljava/lang/Object; dst=[Ljava/lang/Integer; srcPos=0 dstPos=0 count=5
05-04 11:55:48.225 12204 12265 I WestlakeVM: VM: [PFCUT] System.arraycopy intrinsic src=[Ljava/lang/Integer; dst=[Ljava/lang/Integer; srcPos=0 dstPos=0 count=5
05-04 11:55:48.225 12204 12265 I WestlakeVM: VM: [PFCUT] System.arraycopy intrinsic src=[Ljava/lang/Integer; dst=[Ljava/lang/Object; srcPos=0 dstPos=0 count=5
05-04 11:55:48.225 12204 12265 I WestlakeVM: VM: [PFCUT] System.arraycopy intrinsic src=[Ljava/lang/Object; dst=[Ljava/lang/Object; srcPos=0 dstPos=0 count=5
05-04 11:55:48.232 12204 12265 I WestlakeVM: VM: [PFCUT] Runtime.availableProcessors intrinsic -> 4
05-04 11:55:48.232 12204 12265 I WestlakeVM: VM: [PFCUT] AtomicReference.getAndSet intrinsic current=0
05-04 11:55:48.232 12204 12265 I WestlakeVM: VM: [PFCUT] AtomicReference.set intrinsic current=0x52d3ac0
05-04 11:55:48.234 12204 12265 I WestlakeVM: VM: [PFCUT] AtomicReference.getAndSet intrinsic current=0
05-04 11:55:48.234 12204 12265 I WestlakeVM: VM: [PFCUT] AtomicReference.set intrinsic current=0x52d3ac0
05-04 11:55:48.239 12204 12265 I WestlakeVM: VM: [PFCUT] AtomicReference.getAndSet intrinsic current=0
05-04 11:55:48.239 12204 12265 I WestlakeVM: VM: [PFCUT] AtomicReference.set intrinsic current=0x52d3ac0
05-04 11:55:48.240 12204 12265 I WestlakeVM: VM: [PFCUT] System.arraycopy intrinsic src=[B dst=[B srcPos=0 dstPos=84 count=20
05-04 11:55:48.240 12204 12265 I WestlakeVM: VM: [PFCUT] AtomicReference.getAndSet intrinsic current=0
05-04 11:55:48.240 12204 12265 I WestlakeVM: VM: [PFCUT] AtomicReference.set intrinsic current=0x52d3ac0
05-04 11:55:48.240 12204 12265 I WestlakeVM: VM: [PFCUT] System.arraycopy intrinsic src=[B dst=[B srcPos=0 dstPos=40 count=104
05-04 11:55:48.241 12204 12265 I WestlakeVM: VM: [PFCUT] AtomicReference.getAndSet intrinsic current=0x52d3b40
05-04 11:55:48.241 12204 12265 I WestlakeVM: VM: [PFCUT] AtomicReference.set intrinsic current=0x52d3ac0
05-04 11:55:48.242 12204 12265 I WestlakeVM: VM: [PFCUT] AtomicReference.getAndSet intrinsic current=0x52d3b20
05-04 11:55:48.242 12204 12265 I WestlakeVM: VM: [PFCUT] AtomicReference.set intrinsic current=0x52d3ac0
05-04 11:55:48.242 12204 12265 I WestlakeVM: VM: [PFCUT] System.arraycopy intrinsic src=[Lokio/ByteString; dst=[Lokio/ByteString; srcPos=0 dstPos=0 count=5
05-04 11:55:48.243 12204 12265 I WestlakeVM: VM: [PFCUT] System.arraycopy intrinsic src=[Ljava/lang/String; dst=[Ljava/lang/String; srcPos=0 dstPos=0 count=0
05-04 11:55:48.243 12204 12265 I WestlakeVM: VM: [PFCUT] System.arraycopy intrinsic src=[Ljava/lang/String; dst=[Ljava/lang/String; srcPos=0 dstPos=0 count=0
05-04 11:55:48.247 12204 12265 I WestlakeVM: VM: [PFCUT] MethodHandles.lookup intrinsic caller=void java.util.concurrent.SynchronousQueue$TransferStack.<clinit>()
05-04 11:55:48.248 12204 12265 I WestlakeVM: VM: [PFCUT] Class.getDeclaredField intrinsic hit class=java.util.concurrent.SynchronousQueue$TransferStack name=head
05-04 11:55:48.251 12204 12265 I WestlakeVM: VM: [PFCUT] forced interpreter JNI reason=Unsafe method=boolean jdk.internal.misc.Unsafe.compareAndSetInt(java.lang.Object, long, int, int) quick=0xd07c00 jni=0x732418
05-04 11:55:48.251 12204 12265 I WestlakeVM: VM: [PFCUT] InterpreterJni jdk.Unsafe CAS int target=0x52dbe98 offset=20 current=0 expected=0 new=1 success=1
05-04 11:55:48.251 12204 12265 I WestlakeVM: VM: [PFCUT]   caller#0 boolean jdk.internal.misc.Unsafe.compareAndSetInt(java.lang.Object, long, int, int) dex_pc=0
05-04 11:55:48.252 12204 12265 I WestlakeVM: VM: [PFCUT]   caller#1 boolean java.util.concurrent.locks.AbstractQueuedSynchronizer.compareAndSetState(int, int) dex_pc=7
05-04 11:55:48.252 12204 12265 I WestlakeVM: VM: [PFCUT]   caller#2 boolean java.util.concurrent.locks.ReentrantLock$NonfairSync.initialTryLock() dex_pc=6
05-04 11:55:48.252 12204 12265 I WestlakeVM: VM: [PFCUT]   caller#3 void java.util.concurrent.locks.ReentrantLock$Sync.lock() dex_pc=0
05-04 11:55:48.252 12204 12265 I WestlakeVM: VM: [PFCUT]   caller#4 void java.util.concurrent.locks.ReentrantLock.lock() dex_pc=2
05-04 11:55:48.252 12204 12265 I WestlakeVM: VM: [PFCUT]   caller#5 m8.c m8.f.f() dex_pc=2
05-04 11:55:48.253 12204 12265 I WestlakeVM: VM: [PFCUT] System.arraycopy intrinsic src=[B dst=[B srcPos=0 dstPos=0 count=16
05-04 11:55:48.255 12204 12265 I WestlakeVM: VM: [PFCUT] MethodHandles.lookup intrinsic caller=void java.util.concurrent.ConcurrentLinkedQueue.<clinit>()
05-04 11:55:48.255 12204 12265 I WestlakeVM: VM: [PFCUT] Class.getDeclaredField intrinsic hit class=java.util.concurrent.ConcurrentLinkedQueue name=head
05-04 11:55:48.255 12204 12265 I WestlakeVM: VM: [PFCUT] Class.getDeclaredField intrinsic hit class=java.util.concurrent.ConcurrentLinkedQueue name=tail
05-04 11:55:48.256 12204 12265 I WestlakeVM: VM: [PFCUT] Class.getDeclaredField intrinsic hit class=java.util.concurrent.ConcurrentLinkedQueue$Node name=item
05-04 11:55:48.259 12204 12265 I WestlakeVM: VM: [PFCUT] Class.getDeclaredField intrinsic hit class=java.util.concurrent.ConcurrentLinkedQueue$Node name=next
05-04 11:55:48.263 12204 12265 I WestlakeVM: VM: [PFCUT] System.arraycopy intrinsic src=[Lokhttp3/Protocol; dst=[Lokhttp3/Protocol; srcPos=0 dstPos=0 count=2
05-04 11:55:48.298 12204 12265 I WestlakeVM: VM: [PFCUT] System.arraycopy intrinsic src=[Lj8/k; dst=[Lj8/k; srcPos=0 dstPos=0 count=9
05-04 11:55:48.311 12204 12265 I WestlakeVM: VM: [PFCUT] forced interpreter JNI reason=Class.classForName method=java.lang.Class java.lang.Class.classForName(java.lang.String, boolean, java.lang.ClassLoader) quick=0xd07ac0 jni=0x734cd4
05-04 11:55:48.313 12204 12265 I WestlakeVM: VM: nullptr W 05-04 22:55:48 12262 12282 class_linker.cc:6687] Tolerating clinit failure for Lsun/net/spi/DefaultProxySelector;: java.lang.ArrayStoreException: java.lang.String cannot be stored in an array of type java.lang.String[]
05-04 11:55:48.313 12204 12265 I WestlakeVM: VM: nullptr W 05-04 22:55:48 12262 12282 class_linker.cc:6687] (Throwable with no stack trace)
05-04 11:55:48.313 12204 12265 I WestlakeVM: VM: nullptr W 05-04 22:55:48 12262 12282 class_linker.cc:6687] 
05-04 11:55:48.313 12204 12265 I WestlakeVM: VM: [PFCUT] Class.newInstance intrinsic class=java.lang.Class<sun.net.spi.DefaultProxySelector> ctor=void sun.net.spi.DefaultProxySelector.<init>()
05-04 11:55:48.315 12204 12265 I WestlakeVM: VM: [PFCUT] forced interpreter JNI reason=Unsafe method=java.lang.Object jdk.internal.misc.Unsafe.getReferenceVolatile(java.lang.Object, long) quick=0xd07c00 jni=0x7331f4
05-04 11:55:48.315 12204 12265 I WestlakeVM: VM: [PFCUT] InterpreterJni jdk.Unsafe getReferenceVolatile target=0x5120380 offset=48 value=0 array_index=9
05-04 11:55:48.316 12204 12265 I WestlakeVM: VM: [PFCUT] forced interpreter JNI reason=Unsafe method=java.lang.Object jdk.internal.misc.Unsafe.getReferenceVolatile(java.lang.Object, long) quick=0xd07c00 jni=0x7331f4
05-04 11:55:48.316 12204 12265 I WestlakeVM: VM: [PFCUT] InterpreterJni jdk.Unsafe getReferenceVolatile target=0x5123450 offset=112 value=0x5122628 array_index=25
05-04 11:55:48.372 12204 12265 I WestlakeVM: VM: [PFCUT] forced interpreter JNI reason=Unsafe method=java.lang.Object jdk.internal.misc.Unsafe.getReferenceVolatile(java.lang.Object, long) quick=0xd07c00 jni=0x7331f4
05-04 11:55:48.372 12204 12265 I WestlakeVM: VM: [PFCUT] InterpreterJni jdk.Unsafe getReferenceVolatile target=0x5120380 offset=48 value=0 array_index=9
05-04 11:55:48.372 12204 12265 I WestlakeVM: VM: [PFCUT] forced interpreter JNI reason=Unsafe method=java.lang.Object jdk.internal.misc.Unsafe.getReferenceVolatile(java.lang.Object, long) quick=0xd07c00 jni=0x7331f4
05-04 11:55:48.372 12204 12265 I WestlakeVM: VM: [PFCUT] InterpreterJni jdk.Unsafe getReferenceVolatile target=0x5123450 offset=112 value=0x5122628 array_index=25
05-04 11:55:48.373 12204 12265 I WestlakeVM: VM: [PFCUT] forced interpreter JNI reason=Unsafe method=java.lang.Object jdk.internal.misc.Unsafe.getReferenceVolatile(java.lang.Object, long) quick=0xd07c00 jni=0x7331f4
05-04 11:55:48.373 12204 12265 I WestlakeVM: VM: [PFCUT] InterpreterJni jdk.Unsafe getReferenceVolatile target=0x5120380 offset=48 value=0 array_index=9
05-04 11:55:48.373 12204 12265 I WestlakeVM: VM: [PFCUT] forced interpreter JNI reason=Unsafe method=java.lang.Object jdk.internal.misc.Unsafe.getReferenceVolatile(java.lang.Object, long) quick=0xd07c00 jni=0x7331f4
05-04 11:55:48.373 12204 12265 I WestlakeVM: VM: [PFCUT] InterpreterJni jdk.Unsafe getReferenceVolatile target=0x5123450 offset=112 value=0x5122628 array_index=25
05-04 11:55:48.376 12204 12265 I WestlakeVM: VM: [PFCUT] forced interpreter JNI reason=Unsafe method=java.lang.Object jdk.internal.misc.Unsafe.getReferenceVolatile(java.lang.Object, long) quick=0xd07c00 jni=0x7331f4
05-04 11:55:48.376 12204 12265 I WestlakeVM: VM: [PFCUT] InterpreterJni jdk.Unsafe getReferenceVolatile target=0x5120380 offset=48 value=0 array_index=9
05-04 11:55:48.376 12204 12265 I WestlakeVM: VM: [PFCUT] forced interpreter JNI reason=Unsafe method=java.lang.Object jdk.internal.misc.Unsafe.getReferenceVolatile(java.lang.Object, long) quick=0xd07c00 jni=0x7331f4
05-04 11:55:48.376 12204 12265 I WestlakeVM: VM: [PFCUT] InterpreterJni jdk.Unsafe getReferenceVolatile target=0x5123450 offset=112 value=0x5122628 array_index=25
05-04 11:55:48.378 12204 12265 I WestlakeVM: VM: [PFCUT] forced interpreter JNI reason=Unsafe method=java.lang.Object jdk.internal.misc.Unsafe.getReferenceVolatile(java.lang.Object, long) quick=0xd07c00 jni=0x7331f4
05-04 11:55:48.378 12204 12265 I WestlakeVM: VM: [PFCUT] InterpreterJni jdk.Unsafe getReferenceVolatile target=0x5120e70 offset=28 value=0 array_index=4
05-04 11:55:48.386   713  1834 I NxpNciR : len =   4 > 600701A1
05-04 11:55:48.390 12204 12265 I WestlakeVM: VM: [shim-log] E/MiniActivityManager: performCreate error: ArrayStoreException: java.lang.String cannot be stored in an array of type java.lang.String[]
05-04 11:55:48.394 12204 12265 I WestlakeVM: VM: [shim-log] E/MiniActivityManager: performCreate ROOT: java.lang.ArrayStoreException: java.lang.String cannot be stored in an array of type java.lang.String[]
05-04 11:55:48.399 12204 12265 I WestlakeVM: VM: [PFCUT] AtomicInteger.addAndGet intrinsic current=1
05-04 11:55:48.399 12204 12265 I WestlakeVM: VM: [PFCUT] Ljava/nio/charset/CharsetEncoder;.onMalformedInput fallback action=0x5124ad0
05-04 11:55:48.400 12204 12265 I WestlakeVM: VM: [PFCUT] Ljava/nio/charset/CharsetEncoder;.onUnmappableCharacter fallback action=0x5124ad0
05-04 11:55:48.408 12204 12265 I WestlakeVM: VM: [shim-log] E/MiniActivityManager: startActivity performCreate threw: NullPointerException: Attempt to invoke InvokeType(2) method 'boolean java.nio.charset.CoderResult.isOverflow()' on a null object reference
05-04 11:55:48.408 12204 12265 I WestlakeVM: VM: [PFCUT] Class.getDeclaredField intrinsic hit class=android.app.Activity name=mFinished
05-04 11:55:48.409 12204 12265 I WestlakeVM: VM: [PFCUT] Class.getDeclaredField intrinsic hit class=android.app.Activity name=mDestroyed
05-04 11:55:48.415 12204 12265 I WestlakeVM: VM: [shim-log] D/MiniActivityManager:   performStart: com.github.ashutoshgngwr.noice.activity.MainActivity
05-04 11:55:48.416 12204 12265 I WestlakeVM: VM: [PFCUT] Class.getDeclaredField intrinsic hit class=android.app.Activity name=mStarted
05-04 11:55:48.428 12204 12265 I WestlakeVM: VM: [PFCUT] System.arraycopy intrinsic src=[Ljava/lang/Object; dst=[Ljava/lang/Object; srcPos=0 dstPos=0 count=1
05-04 11:55:48.432 12204 12265 I WestlakeVM: VM: [PFCUT] System.arraycopy intrinsic src=[Ljava/util/Locale; dst=[Ljava/util/Locale; srcPos=0 dstPos=0 count=1
05-04 11:55:48.433 12204 12265 I WestlakeVM: VM: [PFCUT] String.split intrinsic delimiter=44 limit=-1 pieces=1
05-04 11:55:48.436 12204 12265 I WestlakeVM: VM: [PFCUT] System.arraycopy intrinsic src=[Ljava/util/Locale; dst=[Ljava/util/Locale; srcPos=0 dstPos=0 count=1
05-04 11:55:48.436 12204 12265 I WestlakeVM: VM: [PFCUT] System.arraycopy intrinsic src=[Ljava/lang/Thread; dst=[Ljava/lang/Thread; srcPos=3 dstPos=2 count=0
05-04 11:55:48.471 12204 12265 I WestlakeVM: VM: [PFCUT] Class.classForName name=androidx.lifecycle.Lifecycle$Event initialize=0 loader=0x7a29cdc21d lifecycle_adapter=0 mcd_analytics=0 callers=java.lang.Class java.lang.Class.classForName(java.lang.String, boolean, java.lang.ClassLoader) | java.lang.Class java.lang.Class.forName(java.lang.String, boolean, java.lang.ClassLoader) | boolean android.app.MiniActivityManager.dispatchLifecycleOwnerEvent(java.lang.Object, java.lang.String) | void android.app.MiniActivityManager.dispatchLifecycleEvent(android.app.Activity, java.lang.String) | void android.app.MiniActivityManager.performStart(android.app.MiniActivityManager$ActivityRecord) | void android.app.MiniActivityManager.startResolvedActivity(android.app.Activity, android.content.Intent, int, java.lang.Class, java.lang.String, java.lang.String, android.content.ComponentName) | void android.app.MiniActivityManager.startActivityDirect(android.app.Activity, java.lang.String, java.lang.String, int, java.lang.Class, java.lang.String) | void android.app.MiniActivityManager.startActivityDirect(android.app.Activity, java.lang.String, java.lang.String, int, java.lang.Class)
05-04 11:55:48.471 12204 12265 I WestlakeVM: VM: [PFCUT] Class.classForName after FindClass name=androidx.lifecycle.Lifecycle$Event result=0x52dc880 pending=0
05-04 11:55:48.478 12204 12265 I WestlakeVM: VM: [PFCUT] Class.classForName name=androidx.lifecycle.Lifecycle$State initialize=0 loader=0x7a29cdc21d lifecycle_adapter=0 mcd_analytics=0 callers=java.lang.Class java.lang.Class.classForName(java.lang.String, boolean, java.lang.ClassLoader) | java.lang.Class java.lang.Class.forName(java.lang.String, boolean, java.lang.ClassLoader) | boolean android.app.MiniActivityManager.markLifecycleState(java.lang.Object, java.lang.String, java.lang.ClassLoader) | boolean android.app.MiniActivityManager.dispatchLifecycleOwnerEvent(java.lang.Object, java.lang.String) | void android.app.MiniActivityManager.dispatchLifecycleEvent(android.app.Activity, java.lang.String) | void android.app.MiniActivityManager.performStart(android.app.MiniActivityManager$ActivityRecord) | void android.app.MiniActivityManager.startResolvedActivity(android.app.Activity, android.content.Intent, int, java.lang.Class, java.lang.String, java.lang.String, android.content.ComponentName) | void android.app.MiniActivityManager.startActivityDirect(android.app.Activity, java.lang.String, java.lang.String, int, java.lang.Class, java.lang.String)
05-04 11:55:48.478 12204 12265 I WestlakeVM: VM: [PFCUT] Class.classForName after FindClass name=androidx.lifecycle.Lifecycle$State result=0x5277c70 pending=0
05-04 11:55:48.715 12204 12265 I WestlakeVM: VM: [shim-log] D/MiniActivityManager:   performStart DONE for com.github.ashutoshgngwr.noice.activity.MainActivity
05-04 11:55:48.719 12204 12265 I WestlakeVM: VM: [shim-log] D/MiniActivityManager:   performResume: com.github.ashutoshgngwr.noice.activity.MainActivity
05-04 11:55:48.720 12204 12265 I WestlakeVM: VM: [PFCUT] Class.getDeclaredField intrinsic hit class=android.app.Activity name=mResumed
05-04 11:55:48.726 12204 12265 I WestlakeVM: VM: [PFCUT] System.arraycopy intrinsic src=[B dst=[B srcPos=0 dstPos=0 count=34
05-04 11:55:48.728 12204 12265 I WestlakeVM: VM: [PFCUT] System.arraycopy intrinsic src=[Ljava/lang/StackTraceElement; dst=[Ljava/lang/StackTraceElement; srcPos=0 dstPos=0 count=0
05-04 11:55:48.728 12204 12265 I WestlakeVM: VM: [PFCUT] System.arraycopy intrinsic src=[B dst=[B srcPos=0 dstPos=0 count=16
05-04 11:55:48.729 12204 12265 I WestlakeVM: VM: [PFCUT] System.arraycopy intrinsic src=[B dst=[B srcPos=0 dstPos=0 count=16
05-04 11:55:48.730 12204 12265 I WestlakeVM: VM: [PFCUT] System.arraycopy intrinsic src=[B dst=[B srcPos=0 dstPos=0 count=34
05-04 11:55:48.732 12204 12265 I WestlakeVM: VM: [PFCUT] System.arraycopy intrinsic src=[B dst=[B srcPos=0 dstPos=0 count=16
05-04 11:55:48.732 12204 12265 I WestlakeVM: VM: [shim-log] W/MiniActivityManager: onResume error: lateinit property subscriptionBillingProvider has not been initialized
05-04 11:55:48.732 12204 12265 I WestlakeVM: VM: [PFCUT] System.arraycopy intrinsic src=[Ljava/lang/Thread; dst=[Ljava/lang/Thread; srcPos=3 dstPos=2 count=0
05-04 11:55:48.742 12204 12265 I WestlakeVM: VM: [PFCUT] StringFactory Charset fallback bytes=8 offset=0 utf16=8 shorty=LLIIL
05-04 11:55:48.748 12204 12265 I WestlakeVM: VM: [PFCUT] StringFactory Charset fallback bytes=8 offset=0 utf16=8 shorty=LLIIL
05-04 11:55:48.750 12204 12265 I WestlakeVM: VM: [PFCUT] StringFactory Charset fallback bytes=8 offset=0 utf16=8 shorty=LLIIL
05-04 11:55:48.875 12204 12265 I WestlakeVM: VM: [PFCUT] StringFactory Charset fallback bytes=8 offset=0 utf16=8 shorty=LLIIL
05-04 11:55:48.884 12204 12265 I WestlakeVM: VM: [PFCUT] StringFactory Charset fallback bytes=8 offset=0 utf16=8 shorty=LLIIL
05-04 11:55:48.898 12204 12265 I WestlakeVM: VM: [shim-log] W/MiniActivityManager: onPostResume error (non-fatal): NullPointerException: Attempt to invoke InvokeType(2) method 'void android.view.View.setId(int)' on a null object reference
05-04 11:55:48.924 12204 12265 I WestlakeVM: VM: [PFCUT] Class.classForName name=androidx.lifecycle.Lifecycle$Event initialize=0 loader=0x7a29cdc21d lifecycle_adapter=0 mcd_analytics=0 callers=java.lang.Class java.lang.Class.classForName(java.lang.String, boolean, java.lang.ClassLoader) | java.lang.Class java.lang.Class.forName(java.lang.String, boolean, java.lang.ClassLoader) | boolean android.app.MiniActivityManager.dispatchLifecycleOwnerEvent(java.lang.Object, java.lang.String) | void android.app.MiniActivityManager.dispatchLifecycleEvent(android.app.Activity, java.lang.String) | void android.app.MiniActivityManager.performResume(android.app.MiniActivityManager$ActivityRecord) | void android.app.MiniActivityManager.startResolvedActivity(android.app.Activity, android.content.Intent, int, java.lang.Class, java.lang.String, java.lang.String, android.content.ComponentName) | void android.app.MiniActivityManager.startActivityDirect(android.app.Activity, java.lang.String, java.lang.String, int, java.lang.Class, java.lang.String) | void android.app.MiniActivityManager.startActivityDirect(android.app.Activity, java.lang.String, java.lang.String, int, java.lang.Class)
05-04 11:55:48.924 12204 12265 I WestlakeVM: VM: [PFCUT] Class.classForName after FindClass name=androidx.lifecycle.Lifecycle$Event result=0x52dc880 pending=0
05-04 11:55:48.930 12204 12265 I WestlakeVM: VM: [PFCUT] Class.classForName name=androidx.lifecycle.Lifecycle$State initialize=0 loader=0x7a29cdc21d lifecycle_adapter=0 mcd_analytics=0 callers=java.lang.Class java.lang.Class.classForName(java.lang.String, boolean, java.lang.ClassLoader) | java.lang.Class java.lang.Class.forName(java.lang.String, boolean, java.lang.ClassLoader) | boolean android.app.MiniActivityManager.markLifecycleState(java.lang.Object, java.lang.String, java.lang.ClassLoader) | boolean android.app.MiniActivityManager.dispatchLifecycleOwnerEvent(java.lang.Object, java.lang.String) | void android.app.MiniActivityManager.dispatchLifecycleEvent(android.app.Activity, java.lang.String) | void android.app.MiniActivityManager.performResume(android.app.MiniActivityManager$ActivityRecord) | void android.app.MiniActivityManager.startResolvedActivity(android.app.Activity, android.content.Intent, int, java.lang.Class, java.lang.String, java.lang.String, android.content.ComponentName) | void android.app.MiniActivityManager.startActivityDirect(android.app.Activity, java.lang.String, java.lang.String, int, java.lang.Class, java.lang.String)
05-04 11:55:48.930 12204 12265 I WestlakeVM: VM: [PFCUT] Class.classForName after FindClass name=androidx.lifecycle.Lifecycle$State result=0x5277c70 pending=0
05-04 11:55:48.945  3704  3747 W HidlServiceManagement: Waited one second for vendor.qti.hardware.cacert@1.0::IService/default
05-04 11:55:48.947   660   660 I hwservicemanager: Since vendor.qti.hardware.cacert@1.0::IService/default is not registered, trying to start it as a lazy HAL (if it's not configured to be a lazy HAL, it may be stuck starting or still starting).
05-04 11:55:48.948  3704  3747 I HidlServiceManagement: getService: Trying again for vendor.qti.hardware.cacert@1.0::IService/default...
05-04 11:55:48.951   660 12286 W libc    : Unable to set property "ctl.interface_start" to "vendor.qti.hardware.cacert@1.0::IService/default": PROP_ERROR_HANDLE_CONTROL_MESSAGE (0x20)
05-04 11:55:48.951   660 12286 I hwservicemanager: Tried to start vendor.qti.hardware.cacert@1.0::IService/default as a lazy service, but was unable to. Usually this happens when a service is not installed, but if the service is intended to be used as a lazy service, then it may be configured incorrectly.
05-04 11:55:48.864     0     0 E init    : Control message: Could not find 'vendor.qti.hardware.cacert@1.0::IService/default' for ctl.interface_start from pid: 660 (/system/system_ext/bin/hwservicemanager)
05-04 11:55:49.053 12204 12265 I WestlakeVM: VM: [shim-log] D/MiniActivityManager:   performResume completed for com.github.ashutoshgngwr.noice.activity.MainActivity
05-04 11:55:49.058 12204 12265 I WestlakeVM: VM: [shim-log] D/MiniActivityManager:   performResume DONE for com.github.ashutoshgngwr.noice.activity.MainActivity
05-04 11:55:49.063 12204 12265 I WestlakeVM: VM: [shim-log] W/MiniActivityManager: Note: onCreate didn't set content view (NPE in super) — splash fallback will be used if needed
05-04 11:55:49.068 12204 12265 I WestlakeVM: VM: [shim-log] D/MiniActivityManager: startActivity result: resumed=com.github.ashutoshgngwr.noice.activity.MainActivity stack=1
05-04 11:55:49.070 12204 12265 I WestlakeVM: VM: [WestlakeLauncher] AM direct result: resumed=com.github.ashutoshgngwr.noice.activity.MainActivity stack=1
05-04 11:55:49.070 12204 12265 I WestlakeVM: VM: PF301 strict launcher activity branch begin
05-04 11:55:49.070 12204 12265 I WestlakeVM: VM: PF301 strict launcher window call
05-04 11:55:49.071 12204 12265 I WestlakeVM: VM: PF301 strict launcher window returned
05-04 11:55:49.071 12204 12265 I WestlakeVM: VM: PF301 strict launcher window nonnull
05-04 11:55:49.071 12204 12265 I WestlakeVM: VM: PF301 strict launcher decor call
05-04 11:55:49.072 12204 12265 I WestlakeVM: VM: PF301 strict launcher decor returned
05-04 11:55:49.072 12204 12265 I WestlakeVM: VM: PF301 strict launcher decor nonnull
05-04 11:55:49.072 12204 12265 I WestlakeVM: VM: PF301 strict launcher childCount call
05-04 11:55:49.072 12204 12265 I WestlakeVM: VM: PF301 strict launcher childCount returned
05-04 11:55:49.072 12204 12265 I WestlakeVM: VM: PF301 strict launcher childCount nonpositive
05-04 11:55:49.072 12204 12265 I WestlakeVM: VM: PF301 strict launcher resources skipped
05-04 11:55:49.072 12204 12265 I WestlakeVM: VM: PF301 strict launcher theme call
05-04 11:55:49.073 12204 12265 I WestlakeVM: VM: PF301 strict launcher theme returned
05-04 11:55:49.073 12204 12265 I WestlakeVM: VM: PF301 strict launcher theme nonnull
05-04 11:55:49.073 12204 12265 I WestlakeVM: VM: PF301 strict launcher title call
05-04 11:55:49.073 12204 12265 I WestlakeVM: VM: PF301 strict launcher title returned
05-04 11:55:49.073 12204 12265 I WestlakeVM: VM: PF301 strict launcher title null
05-04 11:55:49.073 12204 12265 I WestlakeVM: VM: PF301 strict launcher decor noContent
05-04 11:55:49.073 12204 12265 I WestlakeVM: VM: PF301 strict launcher content install call
05-04 11:55:49.077 12204 12265 I WestlakeVM: VM: PF301 strict Window installContent begin
05-04 11:55:49.078 12204 12265 I WestlakeVM: VM: PF301 strict Window installContent decor returned
05-04 11:55:49.081 12204 12265 I WestlakeVM: VM: PF301 strict Window installContent alloc call
05-04 11:55:49.082 12204 12265 I WestlakeVM: VM: PF301 strict Window installContent alloc returned
05-04 11:55:49.083 12204 12265 I WestlakeVM: VM: PF301 strict Window installContent context seeded
05-04 11:55:49.083 12204 12265 I WestlakeVM: VM: PF301 strict Window installContent alloc usable
05-04 11:55:49.083 12204 12265 I WestlakeVM: VM: PF301 strict Window installContent set call
05-04 11:55:49.085 12204 12265 I WestlakeVM: VM: PF301 strict Window setContentView entry
05-04 11:55:49.085 12204 12265 I WestlakeVM: VM: PF301 strict Window setContentView childInstall call
05-04 11:55:49.091 12204 12265 I WestlakeVM: VM: PF301 strict Window setContentView childInstall returned
05-04 11:55:49.091 12204 12265 I WestlakeVM: VM: PF301 strict Window setContentView invalidate skipped
05-04 11:55:49.093 12204 12265 I WestlakeVM: VM: PF301 strict Window setContentView standalone end
05-04 11:55:49.093 12204 12265 I WestlakeVM: VM: PF301 strict Window installContent set returned
05-04 11:55:49.094 12204 12265 I WestlakeVM: VM: PF301 strict Window installContent verify returned
05-04 11:55:49.098 12204 12265 I WestlakeVM: VM: PF301 strict Window installContent verify positive
05-04 11:55:49.098 12204 12265 I WestlakeVM: VM: PF301 strict launcher content install returned
05-04 11:55:49.098 12204 12265 I WestlakeVM: VM: PF301 strict launcher content install positive
05-04 11:55:49.099 12204 12265 I WestlakeVM: VM: PF301 strict launcher content recheck call
05-04 11:55:49.099 12204 12265 I WestlakeVM: VM: PF301 strict launcher content recheck returned
05-04 11:55:49.099 12204 12265 I WestlakeVM: VM: PF301 strict launcher content recheck positive
05-04 11:55:49.099 12204 12265 I WestlakeVM: VM: PF301 strict launcher activity branch skipped
05-04 11:55:49.100 12204 12265 I WestlakeVM: VM: PF301 strict launcher late OHBridge call
05-04 11:55:49.100 12204 12265 I WestlakeVM: VM: PF301 strict launcher late OHBridge class literal call
05-04 11:55:49.101 12204 12265 I WestlakeVM: VM: PF301 strict launcher late OHBridge class literal returned
05-04 11:55:49.101 12204 12265 I WestlakeVM: VM: PF301 strict launcher late OHBridge state call
05-04 11:55:49.101 12204 12265 I WestlakeVM: VM: PF301 strict launcher late OHBridge state returned
05-04 11:55:49.101 12204 12265 I WestlakeVM: VM: PF301 strict launcher late OHBridge state nonpositive
05-04 11:55:49.101 12204 12265 I WestlakeVM: VM: PF301 strict launcher late OHBridge field call
05-04 11:55:49.102 12204 12265 I WestlakeVM: VM: PF301 strict OHBridge clinit begin
05-04 11:55:49.102 12204 12265 I WestlakeVM: VM: PF301 strict OHBridge clinit after initLog
05-04 11:55:49.102 12204 12265 I WestlakeVM: VM: PF301 strict OHBridge clinit westlake policy returned
05-04 11:55:49.104 12204 12265 I WestlakeVM: VM: PF301 strict OHBridge clinit prop scan skipped
05-04 11:55:49.104 12204 12265 I WestlakeVM: VM: PF301 strict OHBridge clinit subprocess
05-04 11:55:49.104 12204 12265 I WestlakeVM: VM: PF301 strict OHBridge clinit guest defer registration
05-04 11:55:49.105 12204 12265 I WestlakeVM: VM: PF301 strict OHBridge clinit tail probe skipped
05-04 11:55:49.105 12204 12265 I WestlakeVM: VM: PF301 strict OHBridge clinit state published
05-04 11:55:49.105 12204 12265 I WestlakeVM: VM: PF301 strict OHBridge clinit nonpositive
05-04 11:55:49.105 12204 12265 I WestlakeVM: VM: PF301 strict launcher late OHBridge field returned
05-04 11:55:49.105 12204 12265 I WestlakeVM: VM: PF301 strict launcher late OHBridge positive
05-04 11:55:49.107 12204 12265 I WestlakeVM: VM: [WestlakeLauncher] Creating surface 480x800
05-04 11:55:49.107 12204 12265 I WestlakeVM: VM: PF301 strict launcher render surface call
05-04 11:55:49.107 12204 12265 I WestlakeVM: VM: PF301 strict Activity onSurfaceCreated entry
05-04 11:55:49.108 12204 12265 I WestlakeVM: VM: PF301 strict Activity onSurfaceCreated standalone skip-surfaceCreate
05-04 11:55:49.108 12204 12265 I WestlakeVM: VM: PF301 strict launcher render surface returned
05-04 11:55:49.108 12204 12265 I WestlakeVM: VM: PF301 strict launcher renderFrame call
05-04 11:55:49.109 12204 12265 I WestlakeVM: VM: PF301 strict launcher renderFrame returned
05-04 11:55:49.109 12204 12265 I WestlakeVM: VM: [WestlakeLauncher] Initial frame rendered
05-04 11:55:49.109 12204 12265 I WestlakeVM: VM: PF301 strict launcher keepalive pump begin
05-04 11:55:49.207 12204 12265 I WestlakeVM: VM: [WestlakeLauncher] WESTLAKE_VIEWTREE_PREDRAW_DISPATCH reason=tick passes=1 views=2 observers=2 globalListeners=0 preDrawListeners=0 preDrawCanceled=0 pumped=0 errors=0
05-04 11:55:49.234 12204 12241 I WestlakeVM: Sync complete: skipped=0 bytes, magic=0x444c5354
05-04 11:55:49.235 12204 12241 I WestlakeVM: Frame: 42 bytes → View
05-04 11:55:49.305 12204 12204 I WestlakeVM: Frame 0 (42 bytes): op2 op0 op0 op0 op0 op0 op0 op0 op0 op0 op0 op240 op67 op0 op0 op72 op68 op239 op244 op247 op255 op2 op0 op0 op0 op0 op0 op0 op0 op0 op0 op0 op240 op67 op0 op0 op72 op68 op255 op255 ...
05-04 11:55:49.948  3704  3747 W HidlServiceManagement: Waited one second for vendor.qti.hardware.cacert@1.0::IService/default
05-04 11:55:49.950   660   660 I hwservicemanager: Since vendor.qti.hardware.cacert@1.0::IService/default is not registered, trying to start it as a lazy HAL (if it's not configured to be a lazy HAL, it may be stuck starting or still starting).
05-04 11:55:49.867     0     0 E init    : Control message: Could not find 'vendor.qti.hardware.cacert@1.0::IService/default' for ctl.interface_start from pid: 660 (/system/system_ext/bin/hwservicemanager)
05-04 11:55:49.953  3704  3747 I HidlServiceManagement: getService: Trying again for vendor.qti.hardware.cacert@1.0::IService/default...
05-04 11:55:49.955   660 12288 W libc    : Unable to set property "ctl.interface_start" to "vendor.qti.hardware.cacert@1.0::IService/default": PROP_ERROR_HANDLE_CONTROL_MESSAGE (0x20)
05-04 11:55:49.955   660 12288 I hwservicemanager: Tried to start vendor.qti.hardware.cacert@1.0::IService/default as a lazy service, but was unable to. Usually this happens when a service is not installed, but if the service is intended to be used as a lazy service, then it may be configured incorrectly.
05-04 11:55:50.319 12204 12265 I WestlakeVM: VM: [WestlakeLauncher] WESTLAKE_VIEWTREE_PREDRAW_DISPATCH reason=tick passes=1 views=2 observers=2 globalListeners=0 preDrawListeners=0 preDrawCanceled=0 pumped=0 errors=0
05-04 11:55:50.336 12204 12241 I WestlakeVM: Frame: 42 bytes → View
05-04 11:55:50.422 12204 12204 I WestlakeVM: Frame 1 (42 bytes): op2 op0 op0 op0 op0 op0 op0 op0 op0 op0 op0 op240 op67 op0 op0 op72 op68 op239 op244 op247 op255 op2 op0 op0 op0 op0 op0 op0 op0 op0 op0 op0 op240 op67 op0 op0 op72 op68 op255 op255 ...
05-04 11:55:50.557   713  1834 I NxpNciR : len =   4 > 600701A1
05-04 11:55:50.953  3704  3747 W HidlServiceManagement: Waited one second for vendor.qti.hardware.cacert@1.0::IService/default
05-04 11:55:50.956   660   660 I hwservicemanager: Since vendor.qti.hardware.cacert@1.0::IService/default is not registered, trying to start it as a lazy HAL (if it's not configured to be a lazy HAL, it may be stuck starting or still starting).
05-04 11:55:50.957  3704  3747 I HidlServiceManagement: getService: Trying again for vendor.qti.hardware.cacert@1.0::IService/default...
05-04 11:55:50.961   660 12289 W libc    : Unable to set property "ctl.interface_start" to "vendor.qti.hardware.cacert@1.0::IService/default": PROP_ERROR_HANDLE_CONTROL_MESSAGE (0x20)
05-04 11:55:50.961   660 12289 I hwservicemanager: Tried to start vendor.qti.hardware.cacert@1.0::IService/default as a lazy service, but was unable to. Usually this happens when a service is not installed, but if the service is intended to be used as a lazy service, then it may be configured incorrectly.
05-04 11:55:50.874     0     0 E init    : Control message: Could not find 'vendor.qti.hardware.cacert@1.0::IService/default' for ctl.interface_start from pid: 660 (/system/system_ext/bin/hwservicemanager)
05-04 11:55:50.907     0     0 I QCOM-BATT: pl_fcc_vote_callback: total_fcc_ua=1950000
05-04 11:55:50.907     0     0 I QCOM-BATT: pl_fv_vote_callback: fv_uv=4400000
05-04 11:55:51.266     0     0 E FG      : fg_psy_get_property: unsupported property 79
05-04 11:55:51.277     0     0 E FG      : fg_psy_get_property: unsupported property 79
05-04 11:55:51.284     0     0 W healthd : battery l=100 v=3097 t=22.4 h=2 st=5 c=0 fc=2831000 chg=u
05-04 11:55:51.292     0     0 E FG      : fg_psy_get_property: unsupported property 79
05-04 11:55:51.409 12204 12265 I WestlakeVM: VM: [WestlakeLauncher] WESTLAKE_VIEWTREE_PREDRAW_DISPATCH reason=tick passes=1 views=2 observers=2 globalListeners=0 preDrawListeners=0 preDrawCanceled=0 pumped=0 errors=0
05-04 11:55:51.426 12204 12241 I WestlakeVM: Frame: 42 bytes → View
05-04 11:55:51.497 12204 12204 I WestlakeVM: Frame 2 (42 bytes): op2 op0 op0 op0 op0 op0 op0 op0 op0 op0 op0 op240 op67 op0 op0 op72 op68 op239 op244 op247 op255 op2 op0 op0 op0 op0 op0 op0 op0 op0 op0 op0 op240 op67 op0 op0 op72 op68 op255 op255 ...
05-04 11:55:51.957  3704  3747 W HidlServiceManagement: Waited one second for vendor.qti.hardware.cacert@1.0::IService/default
05-04 11:55:51.959   660   660 I hwservicemanager: Since vendor.qti.hardware.cacert@1.0::IService/default is not registered, trying to start it as a lazy HAL (if it's not configured to be a lazy HAL, it may be stuck starting or still starting).
05-04 11:55:51.960  3704  3747 I HidlServiceManagement: getService: Trying again for vendor.qti.hardware.cacert@1.0::IService/default...
05-04 11:55:51.964   660 12290 W libc    : Unable to set property "ctl.interface_start" to "vendor.qti.hardware.cacert@1.0::IService/default": PROP_ERROR_HANDLE_CONTROL_MESSAGE (0x20)
05-04 11:55:51.965   660 12290 I hwservicemanager: Tried to start vendor.qti.hardware.cacert@1.0::IService/default as a lazy service, but was unable to. Usually this happens when a service is not installed, but if the service is intended to be used as a lazy service, then it may be configured incorrectly.
05-04 11:55:51.877     0     0 E init    : Control message: Could not find 'vendor.qti.hardware.cacert@1.0::IService/default' for ctl.interface_start from pid: 660 (/system/system_ext/bin/hwservicemanager)
05-04 11:55:52.517 12204 12265 I WestlakeVM: VM: [WestlakeLauncher] WESTLAKE_VIEWTREE_PREDRAW_DISPATCH reason=tick passes=1 views=2 observers=2 globalListeners=0 preDrawListeners=0 preDrawCanceled=0 pumped=0 errors=0
05-04 11:55:52.533 12204 12241 I WestlakeVM: Frame: 42 bytes → View
05-04 11:55:52.961  3704  3747 W HidlServiceManagement: Waited one second for vendor.qti.hardware.cacert@1.0::IService/default
05-04 11:55:52.962   660   660 I hwservicemanager: Since vendor.qti.hardware.cacert@1.0::IService/default is not registered, trying to start it as a lazy HAL (if it's not configured to be a lazy HAL, it may be stuck starting or still starting).
05-04 11:55:52.965  3704  3747 I HidlServiceManagement: getService: Trying again for vendor.qti.hardware.cacert@1.0::IService/default...
05-04 11:55:52.969   660 12291 W libc    : Unable to set property "ctl.interface_start" to "vendor.qti.hardware.cacert@1.0::IService/default": PROP_ERROR_HANDLE_CONTROL_MESSAGE (0x20)
05-04 11:55:52.969   660 12291 I hwservicemanager: Tried to start vendor.qti.hardware.cacert@1.0::IService/default as a lazy service, but was unable to. Usually this happens when a service is not installed, but if the service is intended to be used as a lazy service, then it may be configured incorrectly.
05-04 11:55:52.882     0     0 E init    : Control message: Could not find 'vendor.qti.hardware.cacert@1.0::IService/default' for ctl.interface_start from pid: 660 (/system/system_ext/bin/hwservicemanager)
05-04 11:55:53.621 12204 12265 I WestlakeVM: VM: [WestlakeLauncher] WESTLAKE_VIEWTREE_PREDRAW_DISPATCH reason=tick passes=1 views=2 observers=2 globalListeners=0 preDrawListeners=0 preDrawCanceled=0 pumped=0 errors=0
05-04 11:55:53.637 12204 12241 I WestlakeVM: Frame: 42 bytes → View
05-04 11:55:53.965  3704  3747 W HidlServiceManagement: Waited one second for vendor.qti.hardware.cacert@1.0::IService/default
05-04 11:55:53.967   660   660 I hwservicemanager: Since vendor.qti.hardware.cacert@1.0::IService/default is not registered, trying to start it as a lazy HAL (if it's not configured to be a lazy HAL, it may be stuck starting or still starting).
05-04 11:55:53.970  3704  3747 I HidlServiceManagement: getService: Trying again for vendor.qti.hardware.cacert@1.0::IService/default...
05-04 11:55:53.973   660 12292 W libc    : Unable to set property "ctl.interface_start" to "vendor.qti.hardware.cacert@1.0::IService/default": PROP_ERROR_HANDLE_CONTROL_MESSAGE (0x20)
05-04 11:55:53.973   660 12292 I hwservicemanager: Tried to start vendor.qti.hardware.cacert@1.0::IService/default as a lazy service, but was unable to. Usually this happens when a service is not installed, but if the service is intended to be used as a lazy service, then it may be configured incorrectly.
05-04 11:55:53.885     0     0 E init    : Control message: Could not find 'vendor.qti.hardware.cacert@1.0::IService/default' for ctl.interface_start from pid: 660 (/system/system_ext/bin/hwservicemanager)
05-04 11:55:54.719 12204 12265 I WestlakeVM: VM: [WestlakeLauncher] WESTLAKE_VIEWTREE_PREDRAW_DISPATCH reason=tick passes=1 views=2 observers=2 globalListeners=0 preDrawListeners=0 preDrawCanceled=0 pumped=0 errors=0
05-04 11:55:54.737 12204 12241 I WestlakeVM: Frame: 42 bytes → View
05-04 11:55:54.971  3704  3747 W HidlServiceManagement: Waited one second for vendor.qti.hardware.cacert@1.0::IService/default
05-04 11:55:54.973   660   660 I hwservicemanager: Since vendor.qti.hardware.cacert@1.0::IService/default is not registered, trying to start it as a lazy HAL (if it's not configured to be a lazy HAL, it may be stuck starting or still starting).
05-04 11:55:54.975  3704  3747 I HidlServiceManagement: getService: Trying again for vendor.qti.hardware.cacert@1.0::IService/default...
05-04 11:55:54.977   660 12293 W libc    : Unable to set property "ctl.interface_start" to "vendor.qti.hardware.cacert@1.0::IService/default": PROP_ERROR_HANDLE_CONTROL_MESSAGE (0x20)
05-04 11:55:54.978   660 12293 I hwservicemanager: Tried to start vendor.qti.hardware.cacert@1.0::IService/default as a lazy service, but was unable to. Usually this happens when a service is not installed, but if the service is intended to be used as a lazy service, then it may be configured incorrectly.
05-04 11:55:54.891     0     0 E init    : Control message: Could not find 'vendor.qti.hardware.cacert@1.0::IService/default' for ctl.interface_start from pid: 660 (/system/system_ext/bin/hwservicemanager)
05-04 11:55:55.819 12204 12265 I WestlakeVM: VM: [WestlakeLauncher] WESTLAKE_VIEWTREE_PREDRAW_DISPATCH reason=tick passes=1 views=2 observers=2 globalListeners=0 preDrawListeners=0 preDrawCanceled=0 pumped=0 errors=0
05-04 11:55:55.838 12204 12241 I WestlakeVM: Frame: 42 bytes → View
05-04 11:55:55.975  3704  3747 W HidlServiceManagement: Waited one second for vendor.qti.hardware.cacert@1.0::IService/default
05-04 11:55:55.976   660   660 I hwservicemanager: Since vendor.qti.hardware.cacert@1.0::IService/default is not registered, trying to start it as a lazy HAL (if it's not configured to be a lazy HAL, it may be stuck starting or still starting).
05-04 11:55:55.977  3704  3747 I HidlServiceManagement: getService: Trying again for vendor.qti.hardware.cacert@1.0::IService/default...
05-04 11:55:55.980   660 12294 W libc    : Unable to set property "ctl.interface_start" to "vendor.qti.hardware.cacert@1.0::IService/default": PROP_ERROR_HANDLE_CONTROL_MESSAGE (0x20)
05-04 11:55:55.980   660 12294 I hwservicemanager: Tried to start vendor.qti.hardware.cacert@1.0::IService/default as a lazy service, but was unable to. Usually this happens when a service is not installed, but if the service is intended to be used as a lazy service, then it may be configured incorrectly.
05-04 11:55:55.893     0     0 E init    : Control message: Could not find 'vendor.qti.hardware.cacert@1.0::IService/default' for ctl.interface_start from pid: 660 (/system/system_ext/bin/hwservicemanager)
05-04 11:55:56.920 12204 12265 I WestlakeVM: VM: [WestlakeLauncher] WESTLAKE_VIEWTREE_PREDRAW_DISPATCH reason=tick passes=1 views=2 observers=2 globalListeners=0 preDrawListeners=0 preDrawCanceled=0 pumped=0 errors=0
05-04 11:55:56.936 12204 12241 I WestlakeVM: Frame: 42 bytes → View
05-04 11:55:56.978  3704  3747 W HidlServiceManagement: Waited one second for vendor.qti.hardware.cacert@1.0::IService/default
05-04 11:55:56.979   660   660 I hwservicemanager: Since vendor.qti.hardware.cacert@1.0::IService/default is not registered, trying to start it as a lazy HAL (if it's not configured to be a lazy HAL, it may be stuck starting or still starting).
05-04 11:55:56.980  3704  3747 I HidlServiceManagement: getService: Trying again for vendor.qti.hardware.cacert@1.0::IService/default...
05-04 11:55:56.982   660 12295 W libc    : Unable to set property "ctl.interface_start" to "vendor.qti.hardware.cacert@1.0::IService/default": PROP_ERROR_HANDLE_CONTROL_MESSAGE (0x20)
05-04 11:55:56.896     0     0 E init    : Control message: Could not find 'vendor.qti.hardware.cacert@1.0::IService/default' for ctl.interface_start from pid: 660 (/system/system_ext/bin/hwservicemanager)
05-04 11:55:56.983   660 12295 I hwservicemanager: Tried to start vendor.qti.hardware.cacert@1.0::IService/default as a lazy service, but was unable to. Usually this happens when a service is not installed, but if the service is intended to be used as a lazy service, then it may be configured incorrectly.
05-04 11:55:57.144   713  1834 I NxpNciR : len =   4 > 600701A1
05-04 11:55:57.981  3704  3747 W HidlServiceManagement: Waited one second for vendor.qti.hardware.cacert@1.0::IService/default
05-04 11:55:57.982   660   660 I hwservicemanager: Since vendor.qti.hardware.cacert@1.0::IService/default is not registered, trying to start it as a lazy HAL (if it's not configured to be a lazy HAL, it may be stuck starting or still starting).
05-04 11:55:57.984  3704  3747 I HidlServiceManagement: getService: Trying again for vendor.qti.hardware.cacert@1.0::IService/default...
05-04 11:55:57.989   660 12296 W libc    : Unable to set property "ctl.interface_start" to "vendor.qti.hardware.cacert@1.0::IService/default": PROP_ERROR_HANDLE_CONTROL_MESSAGE (0x20)
05-04 11:55:57.989   660 12296 I hwservicemanager: Tried to start vendor.qti.hardware.cacert@1.0::IService/default as a lazy service, but was unable to. Usually this happens when a service is not installed, but if the service is intended to be used as a lazy service, then it may be configured incorrectly.
05-04 11:55:57.902     0     0 E init    : Control message: Could not find 'vendor.qti.hardware.cacert@1.0::IService/default' for ctl.interface_start from pid: 660 (/system/system_ext/bin/hwservicemanager)
05-04 11:55:58.020 12204 12265 I WestlakeVM: VM: [WestlakeLauncher] WESTLAKE_VIEWTREE_PREDRAW_DISPATCH reason=tick passes=1 views=2 observers=2 globalListeners=0 preDrawListeners=0 preDrawCanceled=0 pumped=0 errors=0
05-04 11:55:57.946     0     0 I QCOM-BATT: pl_fcc_vote_callback: total_fcc_ua=1950000
05-04 11:55:57.946     0     0 I QCOM-BATT: pl_fv_vote_callback: fv_uv=4400000
05-04 11:55:58.038 12204 12241 I WestlakeVM: Frame: 42 bytes → View
05-04 11:55:58.306     0     0 E FG      : fg_psy_get_property: unsupported property 79
05-04 11:55:58.316     0     0 E FG      : fg_psy_get_property: unsupported property 79
05-04 11:55:58.323     0     0 W healthd : battery l=100 v=3097 t=22.4 h=2 st=5 c=0 fc=2831000 chg=u
05-04 11:55:58.330     0     0 E FG      : fg_psy_get_property: unsupported property 79
05-04 11:55:58.985  3704  3747 W HidlServiceManagement: Waited one second for vendor.qti.hardware.cacert@1.0::IService/default
05-04 11:55:58.986   660   660 I hwservicemanager: Since vendor.qti.hardware.cacert@1.0::IService/default is not registered, trying to start it as a lazy HAL (if it's not configured to be a lazy HAL, it may be stuck starting or still starting).
05-04 11:55:58.987  3704  3747 I HidlServiceManagement: getService: Trying again for vendor.qti.hardware.cacert@1.0::IService/default...
05-04 11:55:58.992   660 12297 W libc    : Unable to set property "ctl.interface_start" to "vendor.qti.hardware.cacert@1.0::IService/default": PROP_ERROR_HANDLE_CONTROL_MESSAGE (0x20)
05-04 11:55:58.992   660 12297 I hwservicemanager: Tried to start vendor.qti.hardware.cacert@1.0::IService/default as a lazy service, but was unable to. Usually this happens when a service is not installed, but if the service is intended to be used as a lazy service, then it may be configured incorrectly.
