05-04 11:55:58.905     0     0 E init    : Control message: Could not find 'vendor.qti.hardware.cacert@1.0::IService/default' for ctl.interface_start from pid: 660 (/system/system_ext/bin/hwservicemanager)
05-04 11:55:59.132 12204 12265 I WestlakeVM: VM: [WestlakeLauncher] WESTLAKE_VIEWTREE_PREDRAW_DISPATCH reason=tick passes=1 views=2 observers=2 globalListeners=0 preDrawListeners=0 preDrawCanceled=0 pumped=0 errors=0
05-04 11:55:59.150 12204 12241 I WestlakeVM: Frame: 42 bytes → View
05-04 11:55:59.311   713  1834 I NxpNciR : len =   4 > 600701A1
05-04 11:55:59.988  3704  3747 W HidlServiceManagement: Waited one second for vendor.qti.hardware.cacert@1.0::IService/default
05-04 11:55:59.990   660   660 I hwservicemanager: Since vendor.qti.hardware.cacert@1.0::IService/default is not registered, trying to start it as a lazy HAL (if it's not configured to be a lazy HAL, it may be stuck starting or still starting).
05-04 11:55:59.991  3704  3747 I HidlServiceManagement: getService: Trying again for vendor.qti.hardware.cacert@1.0::IService/default...
05-04 11:55:59.996   660 12298 W libc    : Unable to set property "ctl.interface_start" to "vendor.qti.hardware.cacert@1.0::IService/default": PROP_ERROR_HANDLE_CONTROL_MESSAGE (0x20)
05-04 11:55:59.996   660 12298 I hwservicemanager: Tried to start vendor.qti.hardware.cacert@1.0::IService/default as a lazy service, but was unable to. Usually this happens when a service is not installed, but if the service is intended to be used as a lazy service, then it may be configured incorrectly.
05-04 11:55:59.909     0     0 E init    : Control message: Could not find 'vendor.qti.hardware.cacert@1.0::IService/default' for ctl.interface_start from pid: 660 (/system/system_ext/bin/hwservicemanager)
05-04 11:56:00.241 12204 12265 I WestlakeVM: VM: [WestlakeLauncher] WESTLAKE_VIEWTREE_PREDRAW_DISPATCH reason=tick passes=1 views=2 observers=2 globalListeners=0 preDrawListeners=0 preDrawCanceled=0 pumped=0 errors=0
05-04 11:56:00.257 12204 12241 I WestlakeVM: Frame: 42 bytes → View
05-04 11:56:00.992  3704  3747 W HidlServiceManagement: Waited one second for vendor.qti.hardware.cacert@1.0::IService/default
05-04 11:56:00.993   660   660 I hwservicemanager: Since vendor.qti.hardware.cacert@1.0::IService/default is not registered, trying to start it as a lazy HAL (if it's not configured to be a lazy HAL, it may be stuck starting or still starting).
05-04 11:56:00.995  3704  3747 I HidlServiceManagement: getService: Trying again for vendor.qti.hardware.cacert@1.0::IService/default...
05-04 11:56:00.999   660 12299 W libc    : Unable to set property "ctl.interface_start" to "vendor.qti.hardware.cacert@1.0::IService/default": PROP_ERROR_HANDLE_CONTROL_MESSAGE (0x20)
05-04 11:56:00.999   660 12299 I hwservicemanager: Tried to start vendor.qti.hardware.cacert@1.0::IService/default as a lazy service, but was unable to. Usually this happens when a service is not installed, but if the service is intended to be used as a lazy service, then it may be configured incorrectly.
05-04 11:56:00.912     0     0 E init    : Control message: Could not find 'vendor.qti.hardware.cacert@1.0::IService/default' for ctl.interface_start from pid: 660 (/system/system_ext/bin/hwservicemanager)
05-04 11:56:01.340 12204 12265 I WestlakeVM: VM: [WestlakeLauncher] WESTLAKE_VIEWTREE_PREDRAW_DISPATCH reason=tick passes=1 views=2 observers=2 globalListeners=0 preDrawListeners=0 preDrawCanceled=0 pumped=0 errors=0
05-04 11:56:01.358 12204 12241 I WestlakeVM: Frame: 42 bytes → View
05-04 11:56:01.996  3704  3747 W HidlServiceManagement: Waited one second for vendor.qti.hardware.cacert@1.0::IService/default
05-04 11:56:01.997   660   660 I hwservicemanager: Since vendor.qti.hardware.cacert@1.0::IService/default is not registered, trying to start it as a lazy HAL (if it's not configured to be a lazy HAL, it may be stuck starting or still starting).
05-04 11:56:01.998  3704  3747 I HidlServiceManagement: getService: Trying again for vendor.qti.hardware.cacert@1.0::IService/default...
05-04 11:56:02.002   660 12300 W libc    : Unable to set property "ctl.interface_start" to "vendor.qti.hardware.cacert@1.0::IService/default": PROP_ERROR_HANDLE_CONTROL_MESSAGE (0x20)
05-04 11:56:02.002   660 12300 I hwservicemanager: Tried to start vendor.qti.hardware.cacert@1.0::IService/default as a lazy service, but was unable to. Usually this happens when a service is not installed, but if the service is intended to be used as a lazy service, then it may be configured incorrectly.
05-04 11:56:01.914     0     0 E init    : Control message: Could not find 'vendor.qti.hardware.cacert@1.0::IService/default' for ctl.interface_start from pid: 660 (/system/system_ext/bin/hwservicemanager)
05-04 11:56:02.450 12204 12265 I WestlakeVM: VM: [WestlakeLauncher] WESTLAKE_VIEWTREE_PREDRAW_DISPATCH reason=tick passes=1 views=2 observers=2 globalListeners=0 preDrawListeners=0 preDrawCanceled=0 pumped=0 errors=0
05-04 11:56:02.468 12204 12241 I WestlakeVM: Frame: 42 bytes → View
05-04 11:56:02.998  3704  3747 W HidlServiceManagement: Waited one second for vendor.qti.hardware.cacert@1.0::IService/default
05-04 11:56:03.000   660   660 I hwservicemanager: Since vendor.qti.hardware.cacert@1.0::IService/default is not registered, trying to start it as a lazy HAL (if it's not configured to be a lazy HAL, it may be stuck starting or still starting).
05-04 11:56:03.000  3704  3747 I HidlServiceManagement: getService: Trying again for vendor.qti.hardware.cacert@1.0::IService/default...
05-04 11:56:02.917     0     0 E init    : Control message: Could not find 'vendor.qti.hardware.cacert@1.0::IService/default' for ctl.interface_start from pid: 660 (/system/system_ext/bin/hwservicemanager)
05-04 11:56:03.004   660 12301 W libc    : Unable to set property "ctl.interface_start" to "vendor.qti.hardware.cacert@1.0::IService/default": PROP_ERROR_HANDLE_CONTROL_MESSAGE (0x20)
05-04 11:56:03.005   660 12301 I hwservicemanager: Tried to start vendor.qti.hardware.cacert@1.0::IService/default as a lazy service, but was unable to. Usually this happens when a service is not installed, but if the service is intended to be used as a lazy service, then it may be configured incorrectly.
05-04 11:56:03.556 12204 12265 I WestlakeVM: VM: [WestlakeLauncher] WESTLAKE_VIEWTREE_PREDRAW_DISPATCH reason=tick passes=1 views=2 observers=2 globalListeners=0 preDrawListeners=0 preDrawCanceled=0 pumped=0 errors=0
05-04 11:56:03.573 12204 12241 I WestlakeVM: Frame: 42 bytes → View
05-04 11:56:04.001  3704  3747 W HidlServiceManagement: Waited one second for vendor.qti.hardware.cacert@1.0::IService/default
05-04 11:56:04.003   660   660 I hwservicemanager: Since vendor.qti.hardware.cacert@1.0::IService/default is not registered, trying to start it as a lazy HAL (if it's not configured to be a lazy HAL, it may be stuck starting or still starting).
05-04 11:56:04.005  3704  3747 I HidlServiceManagement: getService: Trying again for vendor.qti.hardware.cacert@1.0::IService/default...
05-04 11:56:04.008   660 12302 W libc    : Unable to set property "ctl.interface_start" to "vendor.qti.hardware.cacert@1.0::IService/default": PROP_ERROR_HANDLE_CONTROL_MESSAGE (0x20)
05-04 11:56:04.008   660 12302 I hwservicemanager: Tried to start vendor.qti.hardware.cacert@1.0::IService/default as a lazy service, but was unable to. Usually this happens when a service is not installed, but if the service is intended to be used as a lazy service, then it may be configured incorrectly.
05-04 11:56:03.921     0     0 E init    : Control message: Could not find 'vendor.qti.hardware.cacert@1.0::IService/default' for ctl.interface_start from pid: 660 (/system/system_ext/bin/hwservicemanager)
05-04 11:56:04.659 12204 12265 I WestlakeVM: VM: [WestlakeLauncher] WESTLAKE_VIEWTREE_PREDRAW_DISPATCH reason=tick passes=1 views=2 observers=2 globalListeners=0 preDrawListeners=0 preDrawCanceled=0 pumped=0 errors=0
05-04 11:56:04.677 12204 12241 I WestlakeVM: Frame: 42 bytes → View
05-04 11:56:05.005  3704  3747 W HidlServiceManagement: Waited one second for vendor.qti.hardware.cacert@1.0::IService/default
05-04 11:56:05.007   660   660 I hwservicemanager: Since vendor.qti.hardware.cacert@1.0::IService/default is not registered, trying to start it as a lazy HAL (if it's not configured to be a lazy HAL, it may be stuck starting or still starting).
05-04 11:56:05.008  3704  3747 I HidlServiceManagement: getService: Trying again for vendor.qti.hardware.cacert@1.0::IService/default...
05-04 11:56:05.011   660 12303 W libc    : Unable to set property "ctl.interface_start" to "vendor.qti.hardware.cacert@1.0::IService/default": PROP_ERROR_HANDLE_CONTROL_MESSAGE (0x20)
05-04 11:56:05.011   660 12303 I hwservicemanager: Tried to start vendor.qti.hardware.cacert@1.0::IService/default as a lazy service, but was unable to. Usually this happens when a service is not installed, but if the service is intended to be used as a lazy service, then it may be configured incorrectly.
05-04 11:56:04.924     0     0 E init    : Control message: Could not find 'vendor.qti.hardware.cacert@1.0::IService/default' for ctl.interface_start from pid: 660 (/system/system_ext/bin/hwservicemanager)
05-04 11:56:04.988     0     0 I QCOM-BATT: pl_fcc_vote_callback: total_fcc_ua=1950000
05-04 11:56:04.988     0     0 I QCOM-BATT: pl_fv_vote_callback: fv_uv=4400000
05-04 11:56:05.347     0     0 E FG      : fg_psy_get_property: unsupported property 79
05-04 11:56:05.356     0     0 E FG      : fg_psy_get_property: unsupported property 79
05-04 11:56:05.364     0     0 W healthd : battery l=100 v=3098 t=22.4 h=2 st=5 c=0 fc=2831000 chg=u
05-04 11:56:05.464  1126  1126 D QtiCarrierConfigHelper: WARNING, no carrier configs on phone Id: 0
05-04 11:56:05.470   960  2050 D PowerUI : can't show warning due to - plugged: true status unknown: false
05-04 11:56:05.386     0     0 E FG      : fg_psy_get_property: unsupported property 79
05-04 11:56:05.760 12204 12265 I WestlakeVM: VM: [WestlakeLauncher] WESTLAKE_VIEWTREE_PREDRAW_DISPATCH reason=tick passes=1 views=2 observers=2 globalListeners=0 preDrawListeners=0 preDrawCanceled=0 pumped=0 errors=0
05-04 11:56:05.780 12204 12241 I WestlakeVM: Frame: 42 bytes → View
05-04 11:56:06.009  3704  3747 W HidlServiceManagement: Waited one second for vendor.qti.hardware.cacert@1.0::IService/default
05-04 11:56:06.010   660   660 I hwservicemanager: Since vendor.qti.hardware.cacert@1.0::IService/default is not registered, trying to start it as a lazy HAL (if it's not configured to be a lazy HAL, it may be stuck starting or still starting).
05-04 11:56:06.011  3704  3747 I HidlServiceManagement: getService: Trying again for vendor.qti.hardware.cacert@1.0::IService/default...
05-04 11:56:05.929     0     0 E init    : Control message: Could not find 'vendor.qti.hardware.cacert@1.0::IService/default' for ctl.interface_start from pid: 660 (/system/system_ext/bin/hwservicemanager)
05-04 11:56:06.016   660 12304 W libc    : Unable to set property "ctl.interface_start" to "vendor.qti.hardware.cacert@1.0::IService/default": PROP_ERROR_HANDLE_CONTROL_MESSAGE (0x20)
05-04 11:56:06.016   660 12304 I hwservicemanager: Tried to start vendor.qti.hardware.cacert@1.0::IService/default as a lazy service, but was unable to. Usually this happens when a service is not installed, but if the service is intended to be used as a lazy service, then it may be configured incorrectly.
05-04 11:56:06.869 12204 12265 I WestlakeVM: VM: [WestlakeLauncher] WESTLAKE_VIEWTREE_PREDRAW_DISPATCH reason=tick passes=1 views=2 observers=2 globalListeners=0 preDrawListeners=0 preDrawCanceled=0 pumped=0 errors=0
05-04 11:56:06.889 12204 12241 I WestlakeVM: Frame: 42 bytes → View
05-04 11:56:07.012  3704  3747 W HidlServiceManagement: Waited one second for vendor.qti.hardware.cacert@1.0::IService/default
05-04 11:56:07.012   660   660 I hwservicemanager: Since vendor.qti.hardware.cacert@1.0::IService/default is not registered, trying to start it as a lazy HAL (if it's not configured to be a lazy HAL, it may be stuck starting or still starting).
05-04 11:56:07.013  3704  3747 I HidlServiceManagement: getService: Trying again for vendor.qti.hardware.cacert@1.0::IService/default...
05-04 11:56:06.929     0     0 E init    : Control message: Could not find 'vendor.qti.hardware.cacert@1.0::IService/default' for ctl.interface_start from pid: 660 (/system/system_ext/bin/hwservicemanager)
05-04 11:56:07.016   660 12306 W libc    : Unable to set property "ctl.interface_start" to "vendor.qti.hardware.cacert@1.0::IService/default": PROP_ERROR_HANDLE_CONTROL_MESSAGE (0x20)
05-04 11:56:07.016   660 12306 I hwservicemanager: Tried to start vendor.qti.hardware.cacert@1.0::IService/default as a lazy service, but was unable to. Usually this happens when a service is not installed, but if the service is intended to be used as a lazy service, then it may be configured incorrectly.
05-04 11:56:07.940 12204 12265 I WestlakeVM: VM: [WestlakeLauncher] WESTLAKE_VIEWTREE_PREDRAW_DISPATCH reason=tick passes=1 views=2 observers=2 globalListeners=0 preDrawListeners=0 preDrawCanceled=0 pumped=0 errors=0
05-04 11:56:07.956 12204 12241 I WestlakeVM: Frame: 42 bytes → View
05-04 11:56:08.014  3704  3747 W HidlServiceManagement: Waited one second for vendor.qti.hardware.cacert@1.0::IService/default
05-04 11:56:08.015   660   660 I hwservicemanager: Since vendor.qti.hardware.cacert@1.0::IService/default is not registered, trying to start it as a lazy HAL (if it's not configured to be a lazy HAL, it may be stuck starting or still starting).
05-04 11:56:08.016  3704  3747 I HidlServiceManagement: getService: Trying again for vendor.qti.hardware.cacert@1.0::IService/default...
05-04 11:56:08.019   660 12307 W libc    : Unable to set property "ctl.interface_start" to "vendor.qti.hardware.cacert@1.0::IService/default": PROP_ERROR_HANDLE_CONTROL_MESSAGE (0x20)
05-04 11:56:08.019   660 12307 I hwservicemanager: Tried to start vendor.qti.hardware.cacert@1.0::IService/default as a lazy service, but was unable to. Usually this happens when a service is not installed, but if the service is intended to be used as a lazy service, then it may be configured incorrectly.
05-04 11:56:07.932     0     0 E init    : Control message: Could not find 'vendor.qti.hardware.cacert@1.0::IService/default' for ctl.interface_start from pid: 660 (/system/system_ext/bin/hwservicemanager)
05-04 11:56:08.100   713  1834 I NxpNciR : len =   4 > 600701A1
05-04 11:56:09.016  3704  3747 W HidlServiceManagement: Waited one second for vendor.qti.hardware.cacert@1.0::IService/default
05-04 11:56:09.018   660   660 I hwservicemanager: Since vendor.qti.hardware.cacert@1.0::IService/default is not registered, trying to start it as a lazy HAL (if it's not configured to be a lazy HAL, it may be stuck starting or still starting).
05-04 11:56:09.019  3704  3747 I HidlServiceManagement: getService: Trying again for vendor.qti.hardware.cacert@1.0::IService/default...
05-04 11:56:08.936     0     0 E init    : Control message: Could not find 'vendor.qti.hardware.cacert@1.0::IService/default' for ctl.interface_start from pid: 660 (/system/system_ext/bin/hwservicemanager)
05-04 11:56:09.024   660 12308 W libc    : Unable to set property "ctl.interface_start" to "vendor.qti.hardware.cacert@1.0::IService/default": PROP_ERROR_HANDLE_CONTROL_MESSAGE (0x20)
05-04 11:56:09.025   660 12308 I hwservicemanager: Tried to start vendor.qti.hardware.cacert@1.0::IService/default as a lazy service, but was unable to. Usually this happens when a service is not installed, but if the service is intended to be used as a lazy service, then it may be configured incorrectly.
05-04 11:56:09.042 12204 12265 I WestlakeVM: VM: [WestlakeLauncher] WESTLAKE_VIEWTREE_PREDRAW_DISPATCH reason=tick passes=1 views=2 observers=2 globalListeners=0 preDrawListeners=0 preDrawCanceled=0 pumped=0 errors=0
05-04 11:56:09.057 12204 12241 I WestlakeVM: Frame: 42 bytes → View
05-04 11:56:10.020  3704  3747 W HidlServiceManagement: Waited one second for vendor.qti.hardware.cacert@1.0::IService/default
05-04 11:56:10.025   660   660 I hwservicemanager: Since vendor.qti.hardware.cacert@1.0::IService/default is not registered, trying to start it as a lazy HAL (if it's not configured to be a lazy HAL, it may be stuck starting or still starting).
05-04 11:56:10.026  3704  3747 I HidlServiceManagement: getService: Trying again for vendor.qti.hardware.cacert@1.0::IService/default...
05-04 11:56:10.031   660 12309 W libc    : Unable to set property "ctl.interface_start" to "vendor.qti.hardware.cacert@1.0::IService/default": PROP_ERROR_HANDLE_CONTROL_MESSAGE (0x20)
05-04 11:56:10.031   660 12309 I hwservicemanager: Tried to start vendor.qti.hardware.cacert@1.0::IService/default as a lazy service, but was unable to. Usually this happens when a service is not installed, but if the service is intended to be used as a lazy service, then it may be configured incorrectly.
05-04 11:56:09.944     0     0 E init    : Control message: Could not find 'vendor.qti.hardware.cacert@1.0::IService/default' for ctl.interface_start from pid: 660 (/system/system_ext/bin/hwservicemanager)
05-04 11:56:10.140 12204 12265 I WestlakeVM: VM: [WestlakeLauncher] WESTLAKE_VIEWTREE_PREDRAW_DISPATCH reason=tick passes=1 views=2 observers=2 globalListeners=0 preDrawListeners=0 preDrawCanceled=0 pumped=0 errors=0
05-04 11:56:10.157 12204 12241 I WestlakeVM: Frame: 42 bytes → View
05-04 11:56:11.027  3704  3747 W HidlServiceManagement: Waited one second for vendor.qti.hardware.cacert@1.0::IService/default
05-04 11:56:11.031   660   660 I hwservicemanager: Since vendor.qti.hardware.cacert@1.0::IService/default is not registered, trying to start it as a lazy HAL (if it's not configured to be a lazy HAL, it may be stuck starting or still starting).
05-04 11:56:11.032  3704  3747 I HidlServiceManagement: getService: Trying again for vendor.qti.hardware.cacert@1.0::IService/default...
05-04 11:56:11.036   660 12310 W libc    : Unable to set property "ctl.interface_start" to "vendor.qti.hardware.cacert@1.0::IService/default": PROP_ERROR_HANDLE_CONTROL_MESSAGE (0x20)
05-04 11:56:11.036   660 12310 I hwservicemanager: Tried to start vendor.qti.hardware.cacert@1.0::IService/default as a lazy service, but was unable to. Usually this happens when a service is not installed, but if the service is intended to be used as a lazy service, then it may be configured incorrectly.
05-04 11:56:10.949     0     0 E init    : Control message: Could not find 'vendor.qti.hardware.cacert@1.0::IService/default' for ctl.interface_start from pid: 660 (/system/system_ext/bin/hwservicemanager)
05-04 11:56:11.240 12204 12265 I WestlakeVM: VM: [WestlakeLauncher] WESTLAKE_VIEWTREE_PREDRAW_DISPATCH reason=tick passes=1 views=2 observers=2 globalListeners=0 preDrawListeners=0 preDrawCanceled=0 pumped=0 errors=0
05-04 11:56:11.257 12204 12241 I WestlakeVM: Frame: 42 bytes → View
05-04 11:56:11.387     0     0 I QCOM-BATT: pl_fcc_vote_callback: total_fcc_ua=1950000
05-04 11:56:11.387     0     0 I QCOM-BATT: pl_fv_vote_callback: fv_uv=4400000
05-04 11:56:11.747     0     0 E FG      : fg_psy_get_property: unsupported property 79
05-04 11:56:11.757     0     0 E FG      : fg_psy_get_property: unsupported property 79
05-04 11:56:11.763     0     0 W healthd : battery l=100 v=3098 t=22.4 h=2 st=5 c=0 fc=2831000 chg=u
05-04 11:56:11.769     0     0 E FG      : fg_psy_get_property: unsupported property 79
05-04 11:56:12.033  3704  3747 W HidlServiceManagement: Waited one second for vendor.qti.hardware.cacert@1.0::IService/default
05-04 11:56:12.035   660   660 I hwservicemanager: Since vendor.qti.hardware.cacert@1.0::IService/default is not registered, trying to start it as a lazy HAL (if it's not configured to be a lazy HAL, it may be stuck starting or still starting).
05-04 11:56:12.036  3704  3747 I HidlServiceManagement: getService: Trying again for vendor.qti.hardware.cacert@1.0::IService/default...
05-04 11:56:12.041   660 12311 W libc    : Unable to set property "ctl.interface_start" to "vendor.qti.hardware.cacert@1.0::IService/default": PROP_ERROR_HANDLE_CONTROL_MESSAGE (0x20)
05-04 11:56:12.041   660 12311 I hwservicemanager: Tried to start vendor.qti.hardware.cacert@1.0::IService/default as a lazy service, but was unable to. Usually this happens when a service is not installed, but if the service is intended to be used as a lazy service, then it may be configured incorrectly.
05-04 11:56:11.954     0     0 E init    : Control message: Could not find 'vendor.qti.hardware.cacert@1.0::IService/default' for ctl.interface_start from pid: 660 (/system/system_ext/bin/hwservicemanager)
05-04 11:56:12.352 12204 12265 I WestlakeVM: VM: [WestlakeLauncher] WESTLAKE_VIEWTREE_PREDRAW_DISPATCH reason=tick passes=1 views=2 observers=2 globalListeners=0 preDrawListeners=0 preDrawCanceled=0 pumped=0 errors=0
05-04 11:56:12.370 12204 12241 I WestlakeVM: Frame: 42 bytes → View
05-04 11:56:12.482   713  1834 I NxpNciR : len =   4 > 600701A1
05-04 11:56:13.036  3704  3747 W HidlServiceManagement: Waited one second for vendor.qti.hardware.cacert@1.0::IService/default
05-04 11:56:13.038   660   660 I hwservicemanager: Since vendor.qti.hardware.cacert@1.0::IService/default is not registered, trying to start it as a lazy HAL (if it's not configured to be a lazy HAL, it may be stuck starting or still starting).
05-04 11:56:13.039  3704  3747 I HidlServiceManagement: getService: Trying again for vendor.qti.hardware.cacert@1.0::IService/default...
05-04 11:56:12.957     0     0 E init    : Control message: Could not find 'vendor.qti.hardware.cacert@1.0::IService/default' for ctl.interface_start from pid: 660 (/system/system_ext/bin/hwservicemanager)
05-04 11:56:13.045   660 12312 W libc    : Unable to set property "ctl.interface_start" to "vendor.qti.hardware.cacert@1.0::IService/default": PROP_ERROR_HANDLE_CONTROL_MESSAGE (0x20)
05-04 11:56:13.045   660 12312 I hwservicemanager: Tried to start vendor.qti.hardware.cacert@1.0::IService/default as a lazy service, but was unable to. Usually this happens when a service is not installed, but if the service is intended to be used as a lazy service, then it may be configured incorrectly.
05-04 11:56:13.458 12204 12265 I WestlakeVM: VM: [WestlakeLauncher] WESTLAKE_VIEWTREE_PREDRAW_DISPATCH reason=tick passes=1 views=2 observers=2 globalListeners=0 preDrawListeners=0 preDrawCanceled=0 pumped=0 errors=0
05-04 11:56:13.477 12204 12241 I WestlakeVM: Frame: 42 bytes → View
05-04 11:56:14.040  3704  3747 W HidlServiceManagement: Waited one second for vendor.qti.hardware.cacert@1.0::IService/default
05-04 11:56:14.042   660   660 I hwservicemanager: Since vendor.qti.hardware.cacert@1.0::IService/default is not registered, trying to start it as a lazy HAL (if it's not configured to be a lazy HAL, it may be stuck starting or still starting).
05-04 11:56:14.044  3704  3747 I HidlServiceManagement: getService: Trying again for vendor.qti.hardware.cacert@1.0::IService/default...
05-04 11:56:14.048   660 12313 W libc    : Unable to set property "ctl.interface_start" to "vendor.qti.hardware.cacert@1.0::IService/default": PROP_ERROR_HANDLE_CONTROL_MESSAGE (0x20)
05-04 11:56:14.048   660 12313 I hwservicemanager: Tried to start vendor.qti.hardware.cacert@1.0::IService/default as a lazy service, but was unable to. Usually this happens when a service is not installed, but if the service is intended to be used as a lazy service, then it may be configured incorrectly.
05-04 11:56:13.961     0     0 E init    : Control message: Could not find 'vendor.qti.hardware.cacert@1.0::IService/default' for ctl.interface_start from pid: 660 (/system/system_ext/bin/hwservicemanager)
05-04 11:56:14.561 12204 12265 I WestlakeVM: VM: [WestlakeLauncher] WESTLAKE_VIEWTREE_PREDRAW_DISPATCH reason=tick passes=1 views=2 observers=2 globalListeners=0 preDrawListeners=0 preDrawCanceled=0 pumped=0 errors=0
05-04 11:56:14.577 12204 12241 I WestlakeVM: Frame: 42 bytes → View
05-04 11:56:15.044  3704  3747 W HidlServiceManagement: Waited one second for vendor.qti.hardware.cacert@1.0::IService/default
05-04 11:56:15.046   660   660 I hwservicemanager: Since vendor.qti.hardware.cacert@1.0::IService/default is not registered, trying to start it as a lazy HAL (if it's not configured to be a lazy HAL, it may be stuck starting or still starting).
05-04 11:56:15.048  3704  3747 I HidlServiceManagement: getService: Trying again for vendor.qti.hardware.cacert@1.0::IService/default...
05-04 11:56:15.053   660 12314 W libc    : Unable to set property "ctl.interface_start" to "vendor.qti.hardware.cacert@1.0::IService/default": PROP_ERROR_HANDLE_CONTROL_MESSAGE (0x20)
05-04 11:56:15.053   660 12314 I hwservicemanager: Tried to start vendor.qti.hardware.cacert@1.0::IService/default as a lazy service, but was unable to. Usually this happens when a service is not installed, but if the service is intended to be used as a lazy service, then it may be configured incorrectly.
05-04 11:56:14.966     0     0 E init    : Control message: Could not find 'vendor.qti.hardware.cacert@1.0::IService/default' for ctl.interface_start from pid: 660 (/system/system_ext/bin/hwservicemanager)
05-04 11:56:15.660 12204 12265 I WestlakeVM: VM: [WestlakeLauncher] WESTLAKE_VIEWTREE_PREDRAW_DISPATCH reason=tick passes=1 views=2 observers=2 globalListeners=0 preDrawListeners=0 preDrawCanceled=0 pumped=0 errors=0
05-04 11:56:15.677 12204 12241 I WestlakeVM: Frame: 42 bytes → View
05-04 11:56:16.048  3704  3747 W HidlServiceManagement: Waited one second for vendor.qti.hardware.cacert@1.0::IService/default
05-04 11:56:16.051   660   660 I hwservicemanager: Since vendor.qti.hardware.cacert@1.0::IService/default is not registered, trying to start it as a lazy HAL (if it's not configured to be a lazy HAL, it may be stuck starting or still starting).
05-04 11:56:16.053  3704  3747 I HidlServiceManagement: getService: Trying again for vendor.qti.hardware.cacert@1.0::IService/default...
05-04 11:56:16.057   660 12315 W libc    : Unable to set property "ctl.interface_start" to "vendor.qti.hardware.cacert@1.0::IService/default": PROP_ERROR_HANDLE_CONTROL_MESSAGE (0x20)
05-04 11:56:16.057   660 12315 I hwservicemanager: Tried to start vendor.qti.hardware.cacert@1.0::IService/default as a lazy service, but was unable to. Usually this happens when a service is not installed, but if the service is intended to be used as a lazy service, then it may be configured incorrectly.
05-04 11:56:15.971     0     0 E init    : Control message: Could not find 'vendor.qti.hardware.cacert@1.0::IService/default' for ctl.interface_start from pid: 660 (/system/system_ext/bin/hwservicemanager)
05-04 11:56:16.762 12204 12265 I WestlakeVM: VM: [WestlakeLauncher] WESTLAKE_VIEWTREE_PREDRAW_DISPATCH reason=tick passes=1 views=2 observers=2 globalListeners=0 preDrawListeners=0 preDrawCanceled=0 pumped=0 errors=0
05-04 11:56:16.778 12204 12241 I WestlakeVM: Frame: 42 bytes → View
05-04 11:56:16.851   713  1834 I NxpNciR : len =   4 > 600701A1
05-04 11:56:17.054  3704  3747 W HidlServiceManagement: Waited one second for vendor.qti.hardware.cacert@1.0::IService/default
05-04 11:56:17.056   660   660 I hwservicemanager: Since vendor.qti.hardware.cacert@1.0::IService/default is not registered, trying to start it as a lazy HAL (if it's not configured to be a lazy HAL, it may be stuck starting or still starting).
05-04 11:56:17.057  3704  3747 I HidlServiceManagement: getService: Trying again for vendor.qti.hardware.cacert@1.0::IService/default...
05-04 11:56:17.061   660 12316 W libc    : Unable to set property "ctl.interface_start" to "vendor.qti.hardware.cacert@1.0::IService/default": PROP_ERROR_HANDLE_CONTROL_MESSAGE (0x20)
05-04 11:56:17.061   660 12316 I hwservicemanager: Tried to start vendor.qti.hardware.cacert@1.0::IService/default as a lazy service, but was unable to. Usually this happens when a service is not installed, but if the service is intended to be used as a lazy service, then it may be configured incorrectly.
05-04 11:56:16.974     0     0 E init    : Control message: Could not find 'vendor.qti.hardware.cacert@1.0::IService/default' for ctl.interface_start from pid: 660 (/system/system_ext/bin/hwservicemanager)
05-04 11:56:17.626  9644  9644 D SubscriptionStatusPoll: scheduling poll after 1m or sooner if sign-in state changes
05-04 11:56:17.859 12204 12265 I WestlakeVM: VM: [WestlakeLauncher] WESTLAKE_VIEWTREE_PREDRAW_DISPATCH reason=tick passes=1 views=2 observers=2 globalListeners=0 preDrawListeners=0 preDrawCanceled=0 pumped=0 errors=0
05-04 11:56:17.786     0     0 I QCOM-BATT: pl_fcc_vote_callback: total_fcc_ua=1950000
05-04 11:56:17.786     0     0 I QCOM-BATT: pl_fv_vote_callback: fv_uv=4400000
05-04 11:56:17.877 12204 12241 I WestlakeVM: Frame: 42 bytes → View
05-04 11:56:18.058  3704  3747 W HidlServiceManagement: Waited one second for vendor.qti.hardware.cacert@1.0::IService/default
05-04 11:56:18.059   660   660 I hwservicemanager: Since vendor.qti.hardware.cacert@1.0::IService/default is not registered, trying to start it as a lazy HAL (if it's not configured to be a lazy HAL, it may be stuck starting or still starting).
05-04 11:56:18.060  3704  3747 I HidlServiceManagement: getService: Trying again for vendor.qti.hardware.cacert@1.0::IService/default...
05-04 11:56:17.977     0     0 E init    : Control message: Could not find 'vendor.qti.hardware.cacert@1.0::IService/default' for ctl.interface_start from pid: 660 (/system/system_ext/bin/hwservicemanager)
05-04 11:56:18.064   660 12317 W libc    : Unable to set property "ctl.interface_start" to "vendor.qti.hardware.cacert@1.0::IService/default": PROP_ERROR_HANDLE_CONTROL_MESSAGE (0x20)
05-04 11:56:18.065   660 12317 I hwservicemanager: Tried to start vendor.qti.hardware.cacert@1.0::IService/default as a lazy service, but was unable to. Usually this happens when a service is not installed, but if the service is intended to be used as a lazy service, then it may be configured incorrectly.
05-04 11:56:18.086     0     0 E FG      : fg_psy_get_property: unsupported property 79
05-04 11:56:18.094     0     0 E FG      : fg_psy_get_property: unsupported property 79
05-04 11:56:18.100     0     0 W healthd : battery l=100 v=3097 t=22.5 h=2 st=5 c=0 fc=2831000 chg=u
05-04 11:56:18.107     0     0 E FG      : fg_psy_get_property: unsupported property 79
05-04 11:56:18.195  1126  1126 D QtiCarrierConfigHelper: WARNING, no carrier configs on phone Id: 0
05-04 11:56:18.197   960  2657 D PowerUI : can't show warning due to - plugged: true status unknown: false
05-04 11:56:18.959 12204 12265 I WestlakeVM: VM: [WestlakeLauncher] WESTLAKE_VIEWTREE_PREDRAW_DISPATCH reason=tick passes=1 views=2 observers=2 globalListeners=0 preDrawListeners=0 preDrawCanceled=0 pumped=0 errors=0
05-04 11:56:18.978 12204 12241 I WestlakeVM: Frame: 42 bytes → View
05-04 11:56:19.061  3704  3747 W HidlServiceManagement: Waited one second for vendor.qti.hardware.cacert@1.0::IService/default
05-04 11:56:19.061   660   660 I hwservicemanager: Since vendor.qti.hardware.cacert@1.0::IService/default is not registered, trying to start it as a lazy HAL (if it's not configured to be a lazy HAL, it may be stuck starting or still starting).
05-04 11:56:19.062  3704  3747 I HidlServiceManagement: getService: Trying again for vendor.qti.hardware.cacert@1.0::IService/default...
05-04 11:56:19.064   660 12318 W libc    : Unable to set property "ctl.interface_start" to "vendor.qti.hardware.cacert@1.0::IService/default": PROP_ERROR_HANDLE_CONTROL_MESSAGE (0x20)
05-04 11:56:19.064   660 12318 I hwservicemanager: Tried to start vendor.qti.hardware.cacert@1.0::IService/default as a lazy service, but was unable to. Usually this happens when a service is not installed, but if the service is intended to be used as a lazy service, then it may be configured incorrectly.
05-04 11:56:18.977     0     0 E init    : Control message: Could not find 'vendor.qti.hardware.cacert@1.0::IService/default' for ctl.interface_start from pid: 660 (/system/system_ext/bin/hwservicemanager)
05-04 11:56:20.061 12204 12265 I WestlakeVM: VM: [WestlakeLauncher] WESTLAKE_VIEWTREE_PREDRAW_DISPATCH reason=tick passes=1 views=2 observers=2 globalListeners=0 preDrawListeners=0 preDrawCanceled=0 pumped=0 errors=0
05-04 11:56:20.063  3704  3747 W HidlServiceManagement: Waited one second for vendor.qti.hardware.cacert@1.0::IService/default
05-04 11:56:20.064   660   660 I hwservicemanager: Since vendor.qti.hardware.cacert@1.0::IService/default is not registered, trying to start it as a lazy HAL (if it's not configured to be a lazy HAL, it may be stuck starting or still starting).
05-04 11:56:20.065  3704  3747 I HidlServiceManagement: getService: Trying again for vendor.qti.hardware.cacert@1.0::IService/default...
05-04 11:56:20.068   660 12320 W libc    : Unable to set property "ctl.interface_start" to "vendor.qti.hardware.cacert@1.0::IService/default": PROP_ERROR_HANDLE_CONTROL_MESSAGE (0x20)
05-04 11:56:20.068   660 12320 I hwservicemanager: Tried to start vendor.qti.hardware.cacert@1.0::IService/default as a lazy service, but was unable to. Usually this happens when a service is not installed, but if the service is intended to be used as a lazy service, then it may be configured incorrectly.
05-04 11:56:19.981     0     0 E init    : Control message: Could not find 'vendor.qti.hardware.cacert@1.0::IService/default' for ctl.interface_start from pid: 660 (/system/system_ext/bin/hwservicemanager)
05-04 11:56:20.076 12204 12241 I WestlakeVM: Frame: 42 bytes → View
05-04 11:56:21.065  3704  3747 W HidlServiceManagement: Waited one second for vendor.qti.hardware.cacert@1.0::IService/default
05-04 11:56:21.068   660   660 I hwservicemanager: Since vendor.qti.hardware.cacert@1.0::IService/default is not registered, trying to start it as a lazy HAL (if it's not configured to be a lazy HAL, it may be stuck starting or still starting).
05-04 11:56:21.070  3704  3747 I HidlServiceManagement: getService: Trying again for vendor.qti.hardware.cacert@1.0::IService/default...
05-04 11:56:21.073   660 12321 W libc    : Unable to set property "ctl.interface_start" to "vendor.qti.hardware.cacert@1.0::IService/default": PROP_ERROR_HANDLE_CONTROL_MESSAGE (0x20)
05-04 11:56:21.074   660 12321 I hwservicemanager: Tried to start vendor.qti.hardware.cacert@1.0::IService/default as a lazy service, but was unable to. Usually this happens when a service is not installed, but if the service is intended to be used as a lazy service, then it may be configured incorrectly.
05-04 11:56:20.986     0     0 E init    : Control message: Could not find 'vendor.qti.hardware.cacert@1.0::IService/default' for ctl.interface_start from pid: 660 (/system/system_ext/bin/hwservicemanager)
05-04 11:56:21.160 12204 12265 I WestlakeVM: VM: [WestlakeLauncher] WESTLAKE_VIEWTREE_PREDRAW_DISPATCH reason=tick passes=1 views=2 observers=2 globalListeners=0 preDrawListeners=0 preDrawCanceled=0 pumped=0 errors=0
05-04 11:56:21.176 12204 12241 I WestlakeVM: Frame: 42 bytes → View
05-04 11:56:21.224   713  1834 I NxpNciR : len =   4 > 600701A1
05-04 11:56:22.071  3704  3747 W HidlServiceManagement: Waited one second for vendor.qti.hardware.cacert@1.0::IService/default
05-04 11:56:22.073   660   660 I hwservicemanager: Since vendor.qti.hardware.cacert@1.0::IService/default is not registered, trying to start it as a lazy HAL (if it's not configured to be a lazy HAL, it may be stuck starting or still starting).
05-04 11:56:22.074  3704  3747 I HidlServiceManagement: getService: Trying again for vendor.qti.hardware.cacert@1.0::IService/default...
05-04 11:56:22.078   660 12322 W libc    : Unable to set property "ctl.interface_start" to "vendor.qti.hardware.cacert@1.0::IService/default": PROP_ERROR_HANDLE_CONTROL_MESSAGE (0x20)
05-04 11:56:22.078   660 12322 I hwservicemanager: Tried to start vendor.qti.hardware.cacert@1.0::IService/default as a lazy service, but was unable to. Usually this happens when a service is not installed, but if the service is intended to be used as a lazy service, then it may be configured incorrectly.
05-04 11:56:21.990     0     0 E init    : Control message: Could not find 'vendor.qti.hardware.cacert@1.0::IService/default' for ctl.interface_start from pid: 660 (/system/system_ext/bin/hwservicemanager)
05-04 11:56:22.260 12204 12265 I WestlakeVM: VM: [WestlakeLauncher] WESTLAKE_VIEWTREE_PREDRAW_DISPATCH reason=tick passes=1 views=2 observers=2 globalListeners=0 preDrawListeners=0 preDrawCanceled=0 pumped=0 errors=0
05-04 11:56:22.278 12204 12241 I WestlakeVM: Frame: 42 bytes → View
05-04 11:56:23.075  3704  3747 W HidlServiceManagement: Waited one second for vendor.qti.hardware.cacert@1.0::IService/default
05-04 11:56:23.076   660   660 I hwservicemanager: Since vendor.qti.hardware.cacert@1.0::IService/default is not registered, trying to start it as a lazy HAL (if it's not configured to be a lazy HAL, it may be stuck starting or still starting).
05-04 11:56:23.077  3704  3747 I HidlServiceManagement: getService: Trying again for vendor.qti.hardware.cacert@1.0::IService/default...
05-04 11:56:23.081   660 12323 W libc    : Unable to set property "ctl.interface_start" to "vendor.qti.hardware.cacert@1.0::IService/default": PROP_ERROR_HANDLE_CONTROL_MESSAGE (0x20)
05-04 11:56:23.081   660 12323 I hwservicemanager: Tried to start vendor.qti.hardware.cacert@1.0::IService/default as a lazy service, but was unable to. Usually this happens when a service is not installed, but if the service is intended to be used as a lazy service, then it may be configured incorrectly.
05-04 11:56:22.994     0     0 E init    : Control message: Could not find 'vendor.qti.hardware.cacert@1.0::IService/default' for ctl.interface_start from pid: 660 (/system/system_ext/bin/hwservicemanager)
05-04 11:56:23.360 12204 12265 I WestlakeVM: VM: [WestlakeLauncher] WESTLAKE_VIEWTREE_PREDRAW_DISPATCH reason=tick passes=1 views=2 observers=2 globalListeners=0 preDrawListeners=0 preDrawCanceled=0 pumped=0 errors=0
05-04 11:56:23.378 12204 12241 I WestlakeVM: Frame: 42 bytes → View
05-04 11:56:23.388   713  1834 I NxpNciR : len =   4 > 600701A1
05-04 11:56:24.078  3704  3747 W HidlServiceManagement: Waited one second for vendor.qti.hardware.cacert@1.0::IService/default
05-04 11:56:24.080   660   660 I hwservicemanager: Since vendor.qti.hardware.cacert@1.0::IService/default is not registered, trying to start it as a lazy HAL (if it's not configured to be a lazy HAL, it may be stuck starting or still starting).
05-04 11:56:24.082  3704  3747 I HidlServiceManagement: getService: Trying again for vendor.qti.hardware.cacert@1.0::IService/default...
05-04 11:56:23.998     0     0 E init    : Control message: Could not find 'vendor.qti.hardware.cacert@1.0::IService/default' for ctl.interface_start from pid: 660 (/system/system_ext/bin/hwservicemanager)
05-04 11:56:24.085   660 12324 W libc    : Unable to set property "ctl.interface_start" to "vendor.qti.hardware.cacert@1.0::IService/default": PROP_ERROR_HANDLE_CONTROL_MESSAGE (0x20)
05-04 11:56:24.085   660 12324 I hwservicemanager: Tried to start vendor.qti.hardware.cacert@1.0::IService/default as a lazy service, but was unable to. Usually this happens when a service is not installed, but if the service is intended to be used as a lazy service, then it may be configured incorrectly.
05-04 11:56:24.472 12204 12265 I WestlakeVM: VM: [WestlakeLauncher] WESTLAKE_VIEWTREE_PREDRAW_DISPATCH reason=tick passes=1 views=2 observers=2 globalListeners=0 preDrawListeners=0 preDrawCanceled=0 pumped=0 errors=0
05-04 11:56:24.491 12204 12241 I WestlakeVM: Frame: 42 bytes → View
05-04 11:56:24.827     0     0 I QCOM-BATT: pl_fcc_vote_callback: total_fcc_ua=1950000
05-04 11:56:24.827     0     0 I QCOM-BATT: pl_fv_vote_callback: fv_uv=4400000
05-04 11:56:25.083  3704  3747 W HidlServiceManagement: Waited one second for vendor.qti.hardware.cacert@1.0::IService/default
05-04 11:56:25.085   660   660 I hwservicemanager: Since vendor.qti.hardware.cacert@1.0::IService/default is not registered, trying to start it as a lazy HAL (if it's not configured to be a lazy HAL, it may be stuck starting or still starting).
05-04 11:56:25.086  3704  3747 I HidlServiceManagement: getService: Trying again for vendor.qti.hardware.cacert@1.0::IService/default...
05-04 11:56:25.090   660 12325 W libc    : Unable to set property "ctl.interface_start" to "vendor.qti.hardware.cacert@1.0::IService/default": PROP_ERROR_HANDLE_CONTROL_MESSAGE (0x20)
05-04 11:56:25.090   660 12325 I hwservicemanager: Tried to start vendor.qti.hardware.cacert@1.0::IService/default as a lazy service, but was unable to. Usually this happens when a service is not installed, but if the service is intended to be used as a lazy service, then it may be configured incorrectly.
05-04 11:56:25.003     0     0 E init    : Control message: Could not find 'vendor.qti.hardware.cacert@1.0::IService/default' for ctl.interface_start from pid: 660 (/system/system_ext/bin/hwservicemanager)
05-04 11:56:25.187     0     0 E FG      : fg_psy_get_property: unsupported property 79
05-04 11:56:25.195     0     0 E FG      : fg_psy_get_property: unsupported property 79
05-04 11:56:25.293  1126  1126 D QtiCarrierConfigHelper: WARNING, no carrier configs on phone Id: 0
05-04 11:56:25.201     0     0 W healthd : battery l=100 v=3097 t=22.4 h=2 st=5 c=0 fc=2831000 chg=u
05-04 11:56:25.207     0     0 E FG      : fg_psy_get_property: unsupported property 79
05-04 11:56:25.299   960  2676 D PowerUI : can't show warning due to - plugged: true status unknown: false
05-04 11:56:25.579 12204 12265 I WestlakeVM: VM: [WestlakeLauncher] WESTLAKE_VIEWTREE_PREDRAW_DISPATCH reason=tick passes=1 views=2 observers=2 globalListeners=0 preDrawListeners=0 preDrawCanceled=0 pumped=0 errors=0
05-04 11:56:25.595 12204 12241 I WestlakeVM: Frame: 42 bytes → View
05-04 11:56:26.087  3704  3747 W HidlServiceManagement: Waited one second for vendor.qti.hardware.cacert@1.0::IService/default
05-04 11:56:26.089   660   660 I hwservicemanager: Since vendor.qti.hardware.cacert@1.0::IService/default is not registered, trying to start it as a lazy HAL (if it's not configured to be a lazy HAL, it may be stuck starting or still starting).
05-04 11:56:26.090  3704  3747 I HidlServiceManagement: getService: Trying again for vendor.qti.hardware.cacert@1.0::IService/default...
05-04 11:56:26.096   660 12326 W libc    : Unable to set property "ctl.interface_start" to "vendor.qti.hardware.cacert@1.0::IService/default": PROP_ERROR_HANDLE_CONTROL_MESSAGE (0x20)
05-04 11:56:26.096   660 12326 I hwservicemanager: Tried to start vendor.qti.hardware.cacert@1.0::IService/default as a lazy service, but was unable to. Usually this happens when a service is not installed, but if the service is intended to be used as a lazy service, then it may be configured incorrectly.
05-04 11:56:26.009     0     0 E init    : Control message: Could not find 'vendor.qti.hardware.cacert@1.0::IService/default' for ctl.interface_start from pid: 660 (/system/system_ext/bin/hwservicemanager)
05-04 11:56:26.680 12204 12265 I WestlakeVM: VM: [WestlakeLauncher] WESTLAKE_VIEWTREE_PREDRAW_DISPATCH reason=tick passes=1 views=2 observers=2 globalListeners=0 preDrawListeners=0 preDrawCanceled=0 pumped=0 errors=0
05-04 11:56:26.698 12204 12241 I WestlakeVM: Frame: 42 bytes → View
05-04 11:56:27.091  3704  3747 W HidlServiceManagement: Waited one second for vendor.qti.hardware.cacert@1.0::IService/default
05-04 11:56:27.092   660   660 I hwservicemanager: Since vendor.qti.hardware.cacert@1.0::IService/default is not registered, trying to start it as a lazy HAL (if it's not configured to be a lazy HAL, it may be stuck starting or still starting).
05-04 11:56:27.093  3704  3747 I HidlServiceManagement: getService: Trying again for vendor.qti.hardware.cacert@1.0::IService/default...
05-04 11:56:27.097   660 12327 W libc    : Unable to set property "ctl.interface_start" to "vendor.qti.hardware.cacert@1.0::IService/default": PROP_ERROR_HANDLE_CONTROL_MESSAGE (0x20)
05-04 11:56:27.097   660 12327 I hwservicemanager: Tried to start vendor.qti.hardware.cacert@1.0::IService/default as a lazy service, but was unable to. Usually this happens when a service is not installed, but if the service is intended to be used as a lazy service, then it may be configured incorrectly.
05-04 11:56:27.010     0     0 E init    : Control message: Could not find 'vendor.qti.hardware.cacert@1.0::IService/default' for ctl.interface_start from pid: 660 (/system/system_ext/bin/hwservicemanager)
05-04 11:56:27.781 12204 12265 I WestlakeVM: VM: [WestlakeLauncher] WESTLAKE_VIEWTREE_PREDRAW_DISPATCH reason=tick passes=1 views=2 observers=2 globalListeners=0 preDrawListeners=0 preDrawCanceled=0 pumped=0 errors=0
05-04 11:56:27.797 12204 12241 I WestlakeVM: Frame: 42 bytes → View
05-04 11:56:28.094  3704  3747 W HidlServiceManagement: Waited one second for vendor.qti.hardware.cacert@1.0::IService/default
05-04 11:56:28.096   660   660 I hwservicemanager: Since vendor.qti.hardware.cacert@1.0::IService/default is not registered, trying to start it as a lazy HAL (if it's not configured to be a lazy HAL, it may be stuck starting or still starting).
05-04 11:56:28.097  3704  3747 I HidlServiceManagement: getService: Trying again for vendor.qti.hardware.cacert@1.0::IService/default...
05-04 11:56:28.101   660 12328 W libc    : Unable to set property "ctl.interface_start" to "vendor.qti.hardware.cacert@1.0::IService/default": PROP_ERROR_HANDLE_CONTROL_MESSAGE (0x20)
05-04 11:56:28.101   660 12328 I hwservicemanager: Tried to start vendor.qti.hardware.cacert@1.0::IService/default as a lazy service, but was unable to. Usually this happens when a service is not installed, but if the service is intended to be used as a lazy service, then it may be configured incorrectly.
05-04 11:56:28.014     0     0 E init    : Control message: Could not find 'vendor.qti.hardware.cacert@1.0::IService/default' for ctl.interface_start from pid: 660 (/system/system_ext/bin/hwservicemanager)
05-04 11:56:28.883 12204 12265 I WestlakeVM: VM: [WestlakeLauncher] WESTLAKE_VIEWTREE_PREDRAW_DISPATCH reason=tick passes=1 views=2 observers=2 globalListeners=0 preDrawListeners=0 preDrawCanceled=0 pumped=0 errors=0
05-04 11:56:28.899 12204 12241 I WestlakeVM: Frame: 42 bytes → View
05-04 11:56:29.098  3704  3747 W HidlServiceManagement: Waited one second for vendor.qti.hardware.cacert@1.0::IService/default
05-04 11:56:29.100   660   660 I hwservicemanager: Since vendor.qti.hardware.cacert@1.0::IService/default is not registered, trying to start it as a lazy HAL (if it's not configured to be a lazy HAL, it may be stuck starting or still starting).
05-04 11:56:29.101  3704  3747 I HidlServiceManagement: getService: Trying again for vendor.qti.hardware.cacert@1.0::IService/default...
05-04 11:56:29.018     0     0 E init    : Control message: Could not find 'vendor.qti.hardware.cacert@1.0::IService/default' for ctl.interface_start from pid: 660 (/system/system_ext/bin/hwservicemanager)
05-04 11:56:29.106   660 12329 W libc    : Unable to set property "ctl.interface_start" to "vendor.qti.hardware.cacert@1.0::IService/default": PROP_ERROR_HANDLE_CONTROL_MESSAGE (0x20)
05-04 11:56:29.106   660 12329 I hwservicemanager: Tried to start vendor.qti.hardware.cacert@1.0::IService/default as a lazy service, but was unable to. Usually this happens when a service is not installed, but if the service is intended to be used as a lazy service, then it may be configured incorrectly.
05-04 11:56:29.981 12204 12265 I WestlakeVM: VM: [WestlakeLauncher] WESTLAKE_VIEWTREE_PREDRAW_DISPATCH reason=tick passes=1 views=2 observers=2 globalListeners=0 preDrawListeners=0 preDrawCanceled=0 pumped=0 errors=0
05-04 11:56:29.997 12204 12241 I WestlakeVM: Frame: 42 bytes → View
05-04 11:56:30.101  3704  3747 W HidlServiceManagement: Waited one second for vendor.qti.hardware.cacert@1.0::IService/default
05-04 11:56:30.103   660   660 I hwservicemanager: Since vendor.qti.hardware.cacert@1.0::IService/default is not registered, trying to start it as a lazy HAL (if it's not configured to be a lazy HAL, it may be stuck starting or still starting).
05-04 11:56:30.105  3704  3747 I HidlServiceManagement: getService: Trying again for vendor.qti.hardware.cacert@1.0::IService/default...
05-04 11:56:30.107   660 12330 W libc    : Unable to set property "ctl.interface_start" to "vendor.qti.hardware.cacert@1.0::IService/default": PROP_ERROR_HANDLE_CONTROL_MESSAGE (0x20)
05-04 11:56:30.107   660 12330 I hwservicemanager: Tried to start vendor.qti.hardware.cacert@1.0::IService/default as a lazy service, but was unable to. Usually this happens when a service is not installed, but if the service is intended to be used as a lazy service, then it may be configured incorrectly.
05-04 11:56:30.020     0     0 E init    : Control message: Could not find 'vendor.qti.hardware.cacert@1.0::IService/default' for ctl.interface_start from pid: 660 (/system/system_ext/bin/hwservicemanager)
05-04 11:56:31.075 12204 12265 I WestlakeVM: VM: [WestlakeLauncher] WESTLAKE_VIEWTREE_PREDRAW_DISPATCH reason=tick passes=1 views=2 observers=2 globalListeners=0 preDrawListeners=0 preDrawCanceled=0 pumped=0 errors=0
05-04 11:56:31.091 12204 12241 I WestlakeVM: Frame: 42 bytes → View
05-04 11:56:31.105  3704  3747 W HidlServiceManagement: Waited one second for vendor.qti.hardware.cacert@1.0::IService/default
05-04 11:56:31.107   660   660 I hwservicemanager: Since vendor.qti.hardware.cacert@1.0::IService/default is not registered, trying to start it as a lazy HAL (if it's not configured to be a lazy HAL, it may be stuck starting or still starting).
05-04 11:56:31.107  3704  3747 I HidlServiceManagement: getService: Trying again for vendor.qti.hardware.cacert@1.0::IService/default...
