--------- beginning of kernel
05-04 11:55:29.787     0     0 I QCOM-BATT: pl_fcc_vote_callback: total_fcc_ua=1950000
05-04 11:55:29.787     0     0 I QCOM-BATT: pl_fv_vote_callback: fv_uv=4400000
--------- beginning of main
05-04 11:55:29.887  3704  3747 W HidlServiceManagement: Waited one second for vendor.qti.hardware.cacert@1.0::IService/default
05-04 11:55:29.889   660   660 I hwservicemanager: Since vendor.qti.hardware.cacert@1.0::IService/default is not registered, trying to start it as a lazy HAL (if it's not configured to be a lazy HAL, it may be stuck starting or still starting).
05-04 11:55:29.890  3704  3747 I HidlServiceManagement: getService: Trying again for vendor.qti.hardware.cacert@1.0::IService/default...
05-04 11:55:29.807     0     0 E init    : Control message: Could not find 'vendor.qti.hardware.cacert@1.0::IService/default' for ctl.interface_start from pid: 660 (/system/system_ext/bin/hwservicemanager)
05-04 11:55:29.894   660 12177 W libc    : Unable to set property "ctl.interface_start" to "vendor.qti.hardware.cacert@1.0::IService/default": PROP_ERROR_HANDLE_CONTROL_MESSAGE (0x20)
05-04 11:55:29.894   660 12177 I hwservicemanager: Tried to start vendor.qti.hardware.cacert@1.0::IService/default as a lazy service, but was unable to. Usually this happens when a service is not installed, but if the service is intended to be used as a lazy service, then it may be configured incorrectly.
05-04 11:55:29.918     0     0 I logd    : logdr: UID=2000 GID=2000 PID=12178 b tail=0 logMask=99 pid=0 start=0ns deadline=0ns
05-04 11:55:30.147     0     0 E FG      : fg_psy_get_property: unsupported property 79
05-04 11:55:30.155     0     0 E FG      : fg_psy_get_property: unsupported property 79
05-04 11:55:30.161     0     0 W healthd : battery l=100 v=3098 t=22.4 h=2 st=5 c=0 fc=2831000 chg=u
05-04 11:55:30.167     0     0 E FG      : fg_psy_get_property: unsupported property 79
05-04 11:55:30.564     0     0 I binder  : 12184:12184 ioctl 40046210 7fe5624504 returned -22
--------- beginning of system
05-04 11:55:30.660   307 21841 I ActivityManager: Force stopping com.westlake.host appid=10218 user=0: from pid 12184
05-04 11:55:30.666   307   780 D BackgroundInstallControlService: Package event received: 0
05-04 11:55:30.666   307   780 D BackgroundInstallControlService: Package event received: 0
05-04 11:55:30.666   307   780 D BackgroundInstallControlService: Package event received: 0
05-04 11:55:30.666   307   780 D BackgroundInstallControlService: Package event received: 0
05-04 11:55:30.666   307   780 D BackgroundInstallControlService: Package event received: 0
05-04 11:55:30.669   307   780 D BackgroundInstallControlService: Package event received: 0
05-04 11:55:30.669   307   780 D BackgroundInstallControlService: Package event received: 0
05-04 11:55:30.669   307   780 D BackgroundInstallControlService: Package event received: 0
05-04 11:55:30.669   307   780 D BackgroundInstallControlService: Package event received: 0
05-04 11:55:30.669   307   780 D BackgroundInstallControlService: Package event received: 0
05-04 11:55:30.669   307   780 D BackgroundInstallControlService: Package event received: 0
05-04 11:55:30.669   307   780 D BackgroundInstallControlService: Package event received: 0
05-04 11:55:30.669   307   780 D BackgroundInstallControlService: Package event received: 0
05-04 11:55:30.669   307   780 D BackgroundInstallControlService: Package event received: 0
05-04 11:55:30.669   307   780 D BackgroundInstallControlService: Package event received: 0
05-04 11:55:30.669   307   780 D BackgroundInstallControlService: Package event received: 0
05-04 11:55:30.669   307   780 D BackgroundInstallControlService: Package event received: 0
05-04 11:55:30.669   307   780 D BackgroundInstallControlService: Package event received: 0
05-04 11:55:30.669   307   780 D BackgroundInstallControlService: Package event received: 0
05-04 11:55:30.669   307   780 D BackgroundInstallControlService: Package event received: 0
05-04 11:55:30.669   307   780 D BackgroundInstallControlService: Package event received: 0
05-04 11:55:30.669   307   780 D BackgroundInstallControlService: Package event received: 0
05-04 11:55:30.670   307   780 D BackgroundInstallControlService: Package event received: 0
05-04 11:55:30.670   307   780 D BackgroundInstallControlService: Package event received: 0
05-04 11:55:30.670   307   780 D BackgroundInstallControlService: Package event received: 0
05-04 11:55:30.674   307   767 I AppWidgetServiceImpl: Received broadcast: android.intent.action.PACKAGE_RESTARTED on user 0
05-04 11:55:30.674   307   767 I AppWidgetServiceImpl: Updating package stopped masked state for uid 10218 package com.westlake.host isStopped true
05-04 11:55:30.675  1166  1166 D CarrierSvcBindHelper: onHandleForceStop: [com.westlake.host]
05-04 11:55:30.678  1166  1166 D CarrierSvcBindHelper: No carrier app for: 0
05-04 11:55:30.679   307   658 I system_server: AssetManager2(0x7bd46f7c98) locale list changing from [] to [en-US]
05-04 11:55:30.680  1166  1166 D CarrierSvcBindHelper: No carrier app for: 1
05-04 11:55:30.681   307   780 D BackgroundInstallControlService: Package event received: 0
05-04 11:55:30.681   307   780 D BackgroundInstallControlService: Package event received: 0
05-04 11:55:30.892  3704  3747 W HidlServiceManagement: Waited one second for vendor.qti.hardware.cacert@1.0::IService/default
05-04 11:55:30.894   660   660 I hwservicemanager: Since vendor.qti.hardware.cacert@1.0::IService/default is not registered, trying to start it as a lazy HAL (if it's not configured to be a lazy HAL, it may be stuck starting or still starting).
05-04 11:55:30.895  3704  3747 I HidlServiceManagement: getService: Trying again for vendor.qti.hardware.cacert@1.0::IService/default...
05-04 11:55:30.898   660 12191 W libc    : Unable to set property "ctl.interface_start" to "vendor.qti.hardware.cacert@1.0::IService/default": PROP_ERROR_HANDLE_CONTROL_MESSAGE (0x20)
05-04 11:55:30.899   660 12191 I hwservicemanager: Tried to start vendor.qti.hardware.cacert@1.0::IService/default as a lazy service, but was unable to. Usually this happens when a service is not installed, but if the service is intended to be used as a lazy service, then it may be configured incorrectly.
05-04 11:55:30.812     0     0 E init    : Control message: Could not find 'vendor.qti.hardware.cacert@1.0::IService/default' for ctl.interface_start from pid: 660 (/system/system_ext/bin/hwservicemanager)
05-04 11:55:31.443   307 21841 I ActivityManager: Force stopping com.westlake.host appid=10218 user=0: from pid 12200
05-04 11:55:31.352     0     0 I binder  : 12200:12200 ioctl 40046210 7fd6bc3d84 returned -22
05-04 11:55:31.454   307   767 I AppWidgetServiceImpl: Received broadcast: android.intent.action.PACKAGE_RESTARTED on user 0
05-04 11:55:31.455   307   767 I AppWidgetServiceImpl: Updating package stopped masked state for uid 10218 package com.westlake.host isStopped true
05-04 11:55:31.455  1166  1166 D CarrierSvcBindHelper: onHandleForceStop: [com.westlake.host]
05-04 11:55:31.457  1166  1166 D CarrierSvcBindHelper: No carrier app for: 0
05-04 11:55:31.458  1166  1166 D CarrierSvcBindHelper: No carrier app for: 1
05-04 11:55:31.704   307 21841 W ActivityTaskManager: callingPackage for (uid=2000, pid=12200) has no WPC
05-04 11:55:31.714   307 21841 I system_server: AssetManager2(0x7bd4652298) locale list changing from [] to [en-US]
05-04 11:55:31.717   307 21841 V GrammaticalInflectionUtils: AttributionSource: AttributionSource { uid = 10218, packageName = null, attributionTag = null, token = android.os.Binder@a81f694, deviceId = 0, next = null } does not have READ_SYSTEM_GRAMMATICAL_GENDER permission.
05-04 11:55:31.719   307 21841 W OptProp : Cannot read opt property android.window.PROPERTY_COMPAT_ALLOW_RESIZEABLE_ACTIVITY_OVERRIDES
05-04 11:55:31.720   307 21841 W OptProp : Cannot read opt property android.window.PROPERTY_COMPAT_ALLOW_MIN_ASPECT_RATIO_OVERRIDE
05-04 11:55:31.732   307 21841 W OptProp : Cannot read opt property android.window.PROPERTY_COMPAT_ALLOW_ORIENTATION_OVERRIDE
05-04 11:55:31.736  3320  3358 I BpBinder: onLastStrongRef automatically unlinking death recipients: 
05-04 11:55:31.736   307 21841 V SplashScreenExceptionList: SplashScreen checking exception for package com.westlake.host (target sdk:28) -> false
05-04 11:55:31.736  3220  3220 I android.hardware.power-service-qti: Power setMode: 5 to: 1
05-04 11:55:31.740  3267  3300 E ANDR-PERF-UTIL: Failed to read /sys/class/mmc_host/mmc0/clk_scaling/enable
05-04 11:55:31.740  3267  3300 E ANDR-PERF-OPTSHANDLER: Failed to read /sys/class/mmc_host/mmc0/clk_scaling/enable
05-04 11:55:31.740  3267  3300 E ANDR-PERF-RESOURCEQS: Failed to apply optimization [11, 4]
05-04 11:55:31.742   307 21841 I ActivityTaskManager: START u0 {flg=0x10000000 cmp=com.westlake.host/.WestlakeActivity (has extras)} with LAUNCH_MULTIPLE from uid 2000 (BAL_ALLOW_PERMISSION) result code=0
05-04 11:55:31.742   960  1004 I ndroid.systemui: AssetManager2(0x7bd46c17d8) locale list changing from [] to [en-US]
05-04 11:55:31.742   960   982 V WindowManagerShell: Transition requested (#4364): android.os.BinderProxy@7585ab4 TransitionRequestInfo { type = OPEN, triggerTask = TaskInfo{userId=0 taskId=2247 effectiveUid=10218 displayId=0 isRunning=true baseIntent=Intent { flg=0x10000000 cmp=com.westlake.host/.WestlakeActivity } baseActivity=ComponentInfo{com.westlake.host/com.westlake.host.WestlakeActivity} topActivity=ComponentInfo{com.westlake.host/com.westlake.host.WestlakeActivity} origActivity=null realActivity=ComponentInfo{com.westlake.host/com.westlake.host.WestlakeActivity} numActivities=1 lastActiveTime=2157924308 supportsMultiWindow=true resizeMode=1 isResizeable=true minWidth=-1 minHeight=-1 defaultMinSize=220 token=WCT{android.window.IWindowContainerToken$Stub$Proxy@779a6dd} topActivityType=1 pictureInPictureParams=null shouldDockBigOverlays=false launchIntoPipHostTaskId=-1 lastParentTaskIdBeforePip=-1 displayCutoutSafeInsets=Rect(0, 0 - 80, 0) topActivityInfo=ActivityInfo{b919252 com.westlake.host.WestlakeActivity} launchCookies=[] positionInParent=Point(0, 0) parentTaskId=-1 isFocused=false isVisible=false isVisibleRequested=false isTopActivityNoDisplay=false isSleeping=false locusId=null displayAreaFeatureId=1 isTopActivityTransparent=false isActivityStackTransparent=false lastNonFullscreenBounds=Rect(981, 155 - 1299, 936) capturedLink=null capturedLinkTimestamp=0 requestedVisibleTypes=-9 topActivityRequestOpenInBrowserEducationTimestamp=0 appCompatTaskInfo=AppCompatTaskInfo { topActivityInSizeCompat=false eligibleForLetterboxEducation= false isLetterboxEducationEnabled= false isLetterboxDoubleTapEnabled= false eligibleForUserAspectRatioButton= false topActivityBoundsLetterboxed= false isFromLetterboxDoubleTap= false topActivityLetterboxVerticalPosition= -1 topActivityLetterboxHorizontalPosition= -1 topActivityLetterboxWidth=-1 topActivityLetterboxHeight=-1 topActivityLetterboxAppWidth=-1 topActivityLetterboxAppHeight=-1 isUserFullscreenOverrideEnabled=false isSystemFullscreenOverrideEnabled=false hasMinAspectRatioOverride=false topActivityLetterboxBounds=null cameraCompatTaskInfo=CameraCompatTaskInfo { freeformCameraCompatMode=inactive}} topActivityMainWindowFrame=null}, pipChange = null, remoteTransition = null, displayChange = null, flags = 0, debugId = 4364 }
05-04 11:55:31.743   960   982 D ShellSplitScreen: logExit: no-op, mLoggerSessionId is null
05-04 11:55:31.751   960  1005 D SplashScreenView: Build android.window.SplashScreenView{eaf8477 V.E...... ......ID 0,0-0,0}
05-04 11:55:31.751   960  1005 D SplashScreenView: Icon: view: android.widget.ImageView{621d8e4 V.ED..... ......I. 0,0-0,0 #1020525 android:id/splashscreen_icon_view} drawable: com.android.wm.shell.startingsurface.SplashscreenIconDrawableFactory$ImmobileIconDrawable@d7014d size: 450
05-04 11:55:31.751   960  1005 D SplashScreenView: Branding: view: android.view.View{c7f3402 G.ED..... ......I. 0,0-0,0 #1020524 android:id/splashscreen_branding_view} drawable: null size w: 0 h: 0
05-04 11:55:31.751   307   421 V GrammaticalInflectionUtils: AttributionSource: AttributionSource { uid = 10218, packageName = null, attributionTag = null, token = android.os.Binder@a81f694, deviceId = 0, next = null } does not have READ_SYSTEM_GRAMMATICAL_GENDER permission.
05-04 11:55:31.755   307   767 I AppWidgetServiceImpl: Received broadcast: android.intent.action.PACKAGE_UNSTOPPED on user 0
05-04 11:55:31.755   307   767 I AppWidgetServiceImpl: Updating package stopped masked state for uid 10218 package com.westlake.host isStopped false
05-04 11:55:31.768  3320  3320 I BpBinder: onLastStrongRef automatically unlinking death recipients: 
05-04 11:55:31.771   960   982 D WindowManagerShell: onFixedRotationStarted: null, state=PipTransitionState(mState=undefined, mInSwipePipToHomeTransition=false)
05-04 11:55:31.773   307   780 D BackgroundInstallControlService: Package event received: 0
05-04 11:55:31.776  3080 29189 I netd    : tetherGetStats() -> {[]} <22.88ms>
05-04 11:55:31.778   307 25782 D CoreBackPreview: Window{d559a25 u0 Splash Screen com.westlake.host}: Setting back callback OnBackInvokedCallbackInfo{mCallback=android.window.IOnBackInvokedCallback$Stub$Proxy@94f8b23, mPriority=0, mIsAnimationCallback=false, mOverrideBehavior=0}
05-04 11:55:31.779 32752 32752 D Zygote  : Forked child process 12204
05-04 11:55:31.780  1650  1664 D ForegroundUtils: Foreground UID status:
05-04 11:55:31.780  1650  1664 D ForegroundUtils: UID: 10130 is in foreground: false
05-04 11:55:31.780  1650  1664 D ForegroundUtils: UID: 10152 is in foreground: false
05-04 11:55:31.780  1650  1664 D ForegroundUtils: UID: 10159 is in foreground: true
05-04 11:55:31.780  1650  1664 D ForegroundUtils: UID: 10173 is in foreground: true
05-04 11:55:31.780  1650  1664 D ForegroundUtils: UID: 10190 is in foreground: true
05-04 11:55:31.780  1650  1664 D ForegroundUtils: UID: 10193 is in foreground: false
05-04 11:55:31.780  1650  1664 D ForegroundUtils: UID: 10206 is in foreground: true
05-04 11:55:31.781   307   526 I ActivityManager: Start proc 12204:com.westlake.host/u0a218 for next-top-activity {com.westlake.host/com.westlake.host.WestlakeActivity}
05-04 11:55:31.789  3220  3220 I android.hardware.power-service-qti: Power setBoost: 0, duration: 0
05-04 11:55:31.790  3220  3220 I android.hardware.power-service-qti: Power setBoost: 0, duration: 0
05-04 11:55:31.793 12204 12204 I Zygote  : seccomp disabled by setenforce 0
05-04 11:55:31.804   960  1749 V WindowManagerShell: onTransitionReady(transaction=1318555123662)
05-04 11:55:31.806 12204 12204 I m.westlake.host: Late-enabling -Xcheck:jni
05-04 11:55:31.811   960   982 V WindowManagerShell: onTransitionReady (#4364) android.os.BinderProxy@7585ab4: {id=4364 t=OPEN f=0x0 trk=0 r=[0@Point(0, 0)] c=[
05-04 11:55:31.811   960   982 V WindowManagerShell:         {m=OPEN f=NONE leash=Surface(name=Task=2247)/@0x71f4314 sb=Rect(0, 0 - 2280, 1080) eb=Rect(0, 0 - 2280, 1080) epz=Point(2280, 1080) d=0 endFixedRotation=0 taskParent=-1},
05-04 11:55:31.811   960   982 V WindowManagerShell:         {m=TO_BACK f=NONE leash=Surface(name=Task=2246)/@0x437d7bd sb=Rect(0, 0 - 2280, 1080) eb=Rect(0, 0 - 2280, 1080) epz=Point(2280, 1080) d=0 taskParent=-1}
05-04 11:55:31.811   960   982 V WindowManagerShell:     ]}
05-04 11:55:31.811   960   982 V WindowManagerShell: Playing animation for (#4364) android.os.BinderProxy@7585ab4@0
05-04 11:55:31.811   960   982 V ShellRecents: RecentsTransitionHandler.startAnimation: no controller found
05-04 11:55:31.812   960   982 V WindowManagerShell: Transition doesn't have explicit remote, search filters for match for {id=4364 t=OPEN f=0x0 trk=0 r=[0@Point(0, 0)] c=[{m=OPEN f=NONE leash=Surface(name=Task=2247)/@0x71f4314 sb=Rect(0, 0 - 2280, 1080) eb=Rect(0, 0 - 2280, 1080) epz=Point(2280, 1080) d=0 endFixedRotation=0 taskParent=-1},{m=TO_BACK f=NONE leash=Surface(name=Task=2246)/@0x437d7bd sb=Rect(0, 0 - 2280, 1080) eb=Rect(0, 0 - 2280, 1080) epz=Point(2280, 1080) d=0 taskParent=-1}]}
05-04 11:55:31.813   960   982 V WindowManagerShell:  Checking filter Pair{{types=[] flags=0x0] notFlags=0x100 checks=[{atype=home independent=true modes=[OPEN,TO_FRONT] flags=NONE mustBeTask=false order=TOP topActivity=ComponentInfo{com.android.launcher3/com.android.launcher3.uioverrides.QuickstepLauncher} launchCookie=null windowingMode=undefined},{atype=standard independent=true modes=[CLOSE,TO_BACK] flags=NONE mustBeTask=false order=ANY topActivity=null launchCookie=null windowingMode=undefined},{NOT atype=undefined independent=true modes=[] flags=NONE mustBeTask=true order=ANY topActivity=null launchCookie=null customAnim=true windowingMode=undefined}]} RemoteTransition { remoteTransition = android.window.IRemoteTransition$Stub$Proxy@ae59c67, appThread = android.app.IApplicationThread$Stub$Proxy@8152a14, debugName = QuickstepLaunchHome }}
05-04 11:55:31.813   960   982 V WindowManagerShell:  Delegate animation for (#4364) to null
05-04 11:55:31.813   960   982 V WindowManagerShell: start default transition animation, info = {id=4364 t=OPEN f=0x0 trk=0 r=[0@Point(0, 0)] c=[{m=OPEN f=NONE leash=Surface(name=Task=2247)/@0x71f4314 sb=Rect(0, 0 - 2280, 1080) eb=Rect(0, 0 - 2280, 1080) epz=Point(2280, 1080) d=0 endFixedRotation=0 taskParent=-1},{m=TO_BACK f=NONE leash=Surface(name=Task=2246)/@0x437d7bd sb=Rect(0, 0 - 2280, 1080) eb=Rect(0, 0 - 2280, 1080) epz=Point(2280, 1080) d=0 taskParent=-1}]}
05-04 11:55:31.814   960   982 V WindowManagerShell: loadAnimation: anim=android.view.animation.AnimationSet@68f32b9 animAttr=0x9 type=OPEN isEntrance=false
05-04 11:55:31.815   960   982 I ndroid.systemui: AssetManager2(0x7bd46a55d8) locale list changing from [] to [en-US]
05-04 11:55:31.816   307   388 V WindowManager: Sent Transition (#4364) createdAt=05-04 11:55:31.722 via request=TransitionRequestInfo { type = OPEN, triggerTask = TaskInfo{userId=0 taskId=2247 effectiveUid=10218 displayId=0 isRunning=true baseIntent=Intent { flg=0x10000000 cmp=com.westlake.host/.WestlakeActivity } baseActivity=ComponentInfo{com.westlake.host/com.westlake.host.WestlakeActivity} topActivity=ComponentInfo{com.westlake.host/com.westlake.host.WestlakeActivity} origActivity=null realActivity=ComponentInfo{com.westlake.host/com.westlake.host.WestlakeActivity} numActivities=1 lastActiveTime=2157924308 supportsMultiWindow=true resizeMode=1 isResizeable=true minWidth=-1 minHeight=-1 defaultMinSize=220 token=WCT{RemoteToken{69673aa Task{8c6f33 #2247 type=standard A=10218:com.westlake.host}}} topActivityType=1 pictureInPictureParams=null shouldDockBigOverlays=false launchIntoPipHostTaskId=-1 lastParentTaskIdBeforePip=-1 displayCutoutSafeInsets=Rect(0, 0 - 80, 0) topActivityInfo=ActivityInfo{4c93b9b com.westlake.host.WestlakeActivity} launchCookies=[] positionInParent=Point(0, 0) parentTaskId=-1 isFocused=false isVisible=false isVisibleRequested=false isTopActivityNoDisplay=false isSleeping=false locusId=null displayAreaFeatureId=1 isTopActivityTransparent=false isActivityStackTransparent=false lastNonFullscreenBounds=Rect(981, 155 - 1299, 936) capturedLink=null capturedLinkTimestamp=0 requestedVisibleTypes=-9 topActivityRequestOpenInBrowserEducationTimestamp=0 appCompatTaskInfo=AppCompatTaskInfo { topActivityInSizeCompat=false eligibleForLetterboxEducation= false isLetterboxEducationEnabled= false isLetterboxDoubleTapEnabled= false eligibleForUserAspectRatioButton= false topActivityBoundsLetterboxed= false isFromLetterboxDoubleTap= false topActivityLetterboxVerticalPosition= -1 topActivityLetterboxHorizontalPosition= -1 topActivityLetterboxWidth=-1 topActivityLetterboxHeight=-1 topActivityLetterboxAppWidth=-1 topActivityLetterboxAppHeight=-1 isUserFullscreenOverrideEnabled=false isSystemFullscreenOverrideEnabled=false hasMinAspectRatioOverride=false topActivityLetterboxBounds=null cameraCompatTaskInfo=CameraCompatTaskInfo { freeformCameraCompatMode=inactive}} topActivityMainWindowFrame=null}, pipChange = null, remoteTransition = null, displayChange = null, flags = 0, debugId = 4364 }
05-04 11:55:31.817   307   388 V WindowManager:     startWCT=WindowContainerTransaction { changes= {} hops= [] errorCallbackToken=null taskFragmentOrganizer=null }
05-04 11:55:31.817   307   388 V WindowManager:     info={id=4364 t=OPEN f=0x0 trk=0 r=[0@Point(0, 0)] c=[
05-04 11:55:31.817   307   388 V WindowManager:         {WCT{RemoteToken{69673aa Task{8c6f33 #2247 type=standard A=10218:com.westlake.host}}} m=OPEN f=NONE leash=Surface(name=Task=2247)/@0x15535d9 sb=Rect(0, 0 - 2280, 1080) eb=Rect(0, 0 - 2280, 1080) epz=Point(2280, 1080) d=0 endFixedRotation=0 taskParent=-1},
05-04 11:55:31.817   307   388 V WindowManager:         {WCT{RemoteToken{337d030 Task{7a49bb8 #2246 type=standard A=10206:com.github.ashutoshgngwr.noice}}} m=TO_BACK f=NONE leash=Surface(name=Task=2246)/@0x6ed01e2 sb=Rect(0, 0 - 2280, 1080) eb=Rect(0, 0 - 2280, 1080) epz=Point(2280, 1080) d=0 taskParent=-1}
05-04 11:55:31.817   307   388 V WindowManager:     ]}
05-04 11:55:31.826   960   982 I ndroid.systemui: AssetManager2(0x7bd4707cd8) locale list changing from [] to [en-US]
05-04 11:55:31.827   307 32315 W UserManagerService: Requested status bar icon for non-badged user 0
05-04 11:55:31.835   960   982 V WindowManagerShell: loadAnimation: anim=android.view.animation.AnimationSet@5239944 animAttr=0x8 type=OPEN isEntrance=true
05-04 11:55:31.837   960   982 V WindowManagerShell:  animated by com.android.wm.shell.transition.DefaultTransitionHandler@6c3a7ac
05-04 11:55:31.860 12204 12204 I m.westlake.host: Using CollectorTypeCC GC.
05-04 11:55:31.867 23361 23366 I adbd    : jdwp connection from 12204
05-04 11:55:31.876 12204 12204 D nativeloader: Load libframework-connectivity-tiramisu-jni.so using APEX ns com_android_tethering for caller /apex/com.android.tethering/javalib/framework-connectivity-t.jar: ok
05-04 11:55:31.791     0     0 I binder  : 12204:12204 ioctl 40046210 7fd4a812f4 returned -22
05-04 11:55:31.895  3704  3747 W HidlServiceManagement: Waited one second for vendor.qti.hardware.cacert@1.0::IService/default
05-04 11:55:31.896   660   660 I hwservicemanager: Since vendor.qti.hardware.cacert@1.0::IService/default is not registered, trying to start it as a lazy HAL (if it's not configured to be a lazy HAL, it may be stuck starting or still starting).
05-04 11:55:31.897  3704  3747 I HidlServiceManagement: getService: Trying again for vendor.qti.hardware.cacert@1.0::IService/default...
05-04 11:55:31.897   660 12219 W libc    : Unable to set property "ctl.interface_start" to "vendor.qti.hardware.cacert@1.0::IService/default": PROP_ERROR_HANDLE_CONTROL_MESSAGE (0x20)
05-04 11:55:31.897   660 12219 I hwservicemanager: Tried to start vendor.qti.hardware.cacert@1.0::IService/default as a lazy service, but was unable to. Usually this happens when a service is not installed, but if the service is intended to be used as a lazy service, then it may be configured incorrectly.
05-04 11:55:31.899   307   780 D BackgroundInstallControlService: Package event received: 0
05-04 11:55:31.901  1650  1664 D ForegroundUtils: Foreground UID status:
05-04 11:55:31.901  1650  1664 D ForegroundUtils: UID: 10130 is in foreground: false
05-04 11:55:31.901  1650  1664 D ForegroundUtils: UID: 10152 is in foreground: false
05-04 11:55:31.901  1650  1664 D ForegroundUtils: UID: 10159 is in foreground: true
05-04 11:55:31.901  1650  1664 D ForegroundUtils: UID: 10173 is in foreground: true
05-04 11:55:31.901  1650  1664 D ForegroundUtils: UID: 10190 is in foreground: true
05-04 11:55:31.901  1650  1664 D ForegroundUtils: UID: 10193 is in foreground: false
05-04 11:55:31.901  1650  1664 D ForegroundUtils: UID: 10206 is in foreground: true
05-04 11:55:31.901  1650  1664 D ForegroundUtils: UID: 10218 is in foreground: true
05-04 11:55:31.811     0     0 E init    : Control message: Could not find 'vendor.qti.hardware.cacert@1.0::IService/default' for ctl.interface_start from pid: 660 (/system/system_ext/bin/hwservicemanager)
05-04 11:55:31.920 12204 12204 D nativeloader: Load libstats_jni.so using APEX ns com_android_os_statsd for caller /apex/com.android.os.statsd/javalib/framework-statsd.jar: ok
05-04 11:55:31.959 12204 12204 D ApplicationLoaders: Returning zygote-cached class loader: /system/framework/android.test.base.jar
05-04 11:55:31.961 12204 12204 W ziparchive: Unable to open '/data/app/~~Gg0G5CtqAB4V4yzAnUxcxw==/com.westlake.host-3z7eVqF571ZZVn3bfdrfTg==/base.dm': No such file or directory
05-04 11:55:31.962 12204 12204 W ziparchive: Unable to open '/data/app/~~Gg0G5CtqAB4V4yzAnUxcxw==/com.westlake.host-3z7eVqF571ZZVn3bfdrfTg==/base.dm': No such file or directory
05-04 11:55:32.341   960   982 V WindowManagerShell: Transition animation finished (aborted=false), notifying core (#4364) android.os.BinderProxy@7585ab4@0
05-04 11:55:32.345   307   388 V WindowManager: Finish Transition (#4364): created at 05-04 11:55:31.722 collect-started=0.347ms request-sent=19.369ms started=27.577ms ready=76.689ms sent=79.521ms finished=623.116ms
05-04 11:55:32.347  9644  9644 D VRI[AppIntroActivity]: visibilityChanged oldVisibility=true newVisibility=false
05-04 11:55:32.352  3320  3359 I BpBinder: onLastStrongRef automatically unlinking death recipients: 
05-04 11:55:32.354   307 32315 W UserManagerService: Requested status bar icon for non-badged user 0
05-04 11:55:32.354   960   982 V WindowManagerShell: Track 0 became idle
05-04 11:55:32.354   960   982 V WindowManagerShell: All active transition animations finished
05-04 11:55:32.354   960   982 V WindowManagerShell: Transition requested (#4365): android.os.BinderProxy@d454bae TransitionRequestInfo { type = CHANGE, triggerTask = null, pipChange = null, remoteTransition = null, displayChange = DisplayChange { displayId = 0, startAbsBounds = null, endAbsBounds = null, startRotation = 3, endRotation = 0, physicalDisplayChanged = false }, flags = 0, debugId = 4365 }
05-04 11:55:32.360   960   982 D WindowManagerShell: PipTaskOrganizer: Skip onMovementBoundsChanged on rotation change InSwipePipToHomeTransition=false mWaitForFixedRotation=true getTransitionState=0
05-04 11:55:32.369   307   546 D BrightnessThermalClamper: Thermal status observer already started
05-04 11:55:32.373  3320  3320 I BpBinder: onLastStrongRef automatically unlinking death recipients: 
05-04 11:55:32.374   307   421 I ActivityTaskManager: Config changes=20000480 {1.0 ?mcc0mnc [en_US] ldltr sw384dp w384dp h811dp 450dpi nrml long hdr widecg port night finger -keyb/v/h -nav/h winConfig={ mBounds=Rect(0, 0 - 1080, 2280) mAppBounds=Rect(0, 0 - 1080, 2280) mMaxBounds=Rect(0, 0 - 1080, 2280) mDisplayRotation=ROTATION_0 mWindowingMode=fullscreen mActivityType=undefined mAlwaysOnTop=undefined mRotation=ROTATION_0} as.3 s.13512 fontWeightAdjustment=0}
05-04 11:55:32.378   307   780 D BackgroundInstallControlService: Package event received: 0
05-04 11:55:32.386   307   421 V ActivityTaskManager: Sending to IME proc com.android.inputmethod.latin new config {1.0 ?mcc0mnc [en_US] ldltr sw384dp w384dp h758dp 450dpi nrml long hdr widecg port night finger -keyb/v/h -nav/h winConfig={ mBounds=Rect(0, 0 - 1080, 2280) mAppBounds=Rect(0, 80 - 1080, 2212) mMaxBounds=Rect(0, 0 - 1080, 2280) mDisplayRotation=ROTATION_0 mWindowingMode=fullscreen mActivityType=undefined mAlwaysOnTop=undefined mRotation=ROTATION_0} as.3 s.13535 fontWeightAdjustment=0}
05-04 11:55:32.395   307   421 I WindowManager: Override config changes=20000480 {1.0 ?mcc0mnc [en_US] ldltr sw384dp w384dp h811dp 450dpi nrml long hdr widecg port night finger -keyb/v/h -nav/h winConfig={ mBounds=Rect(0, 0 - 1080, 2280) mAppBounds=Rect(0, 0 - 1080, 2280) mMaxBounds=Rect(0, 0 - 1080, 2280) mDisplayRotation=ROTATION_0 mWindowingMode=fullscreen mActivityType=undefined mAlwaysOnTop=undefined mRotation=ROTATION_0} as.3 s.13512 fontWeightAdjustment=0} for displayId=0
05-04 11:55:32.398   307   307 W WindowTokenClientController: Can't find attached WindowTokenClient for android.window.WindowTokenClient@1fb5194
05-04 11:55:32.398   960   982 D WindowManagerShell: onFixedRotationFinished: null, state=PipTransitionState(mState=undefined, mInSwipePipToHomeTransition=false)
05-04 11:55:32.410   960   982 V ShellDragAndDrop: Display changed: 0
05-04 11:55:32.417  1230  1230 D b/254119092: TaskbarManager#mComponentCallbacks.onConfigurationChanged: {1.0 ?mcc0mnc [en_US] ldltr sw384dp w384dp h811dp 450dpi nrml long hdr widecg port night finger -keyb/v/h -nav/h winConfig={ mBounds=Rect(0, 0 - 1080, 2280) mAppBounds=Rect(0, 0 - 1080, 2280) mMaxBounds=Rect(0, 0 - 1080, 2280) mDisplayRotation=ROTATION_0 mWindowingMode=fullscreen mActivityType=undefined mAlwaysOnTop=undefined mRotation=ROTATION_0} as.3 s.13512 fontWeightAdjustment=0}
05-04 11:55:32.417  1230  1230 D b/254119092: mActivity and mWindowContext agree taskbarIsPresent=false
05-04 11:55:32.417  1230  1230 D b/254119092: ComponentCallbacks#onConfigurationChanged() configDiff={}
05-04 11:55:32.417  1230  1230 D b/254119092: mActivity and mWindowContext agree taskbarIsPresent=false
05-04 11:55:32.417  1230  1230 D b/254119092: destroyTaskbarForDisplay: com.android.launcher3.taskbar.TaskbarActivityContext@e40058 displayId=0
05-04 11:55:32.417  1230  1230 D b/254119092: mActivity and mWindowContext agree taskbarIsPresent=false
05-04 11:55:32.418   960   960 I NoBackGesture: Config changed: newConfig={1.0 ?mcc0mnc [en_US] ldltr sw384dp w384dp h811dp 450dpi nrml long hdr widecg port night finger -keyb/v/h -nav/h winConfig={ mBounds=Rect(0, 0 - 1080, 2280) mAppBounds=Rect(0, 0 - 1080, 2280) mMaxBounds=Rect(0, 0 - 1080, 2280) mDisplayRotation=ROTATION_0 mWindowingMode=fullscreen mActivityType=undefined mAlwaysOnTop=undefined mRotation=ROTATION_0} as.3 s.13578 fontWeightAdjustment=0} lastReportedConfig={1.0 ?mcc0mnc [en_US] ldltr sw384dp w811dp h384dp 450dpi nrml long hdr widecg land night finger -keyb/v/h -nav/h winConfig={ mBounds=Rect(0, 0 - 2280, 1080) mAppBounds=Rect(0, 0 - 2280, 1080) mMaxBounds=Rect(0, 0 - 2280, 1080) mDisplayRotation=ROTATION_270 mWindowingMode=fullscreen mActivityType=undefined mAlwaysOnTop=undefined mRotation=ROTATION_270} as.3 s.13509 fontWeightAdjustment=0}
05-04 11:55:32.419   960   960 I NoBackGesture: NavbarController: newConfig={1.0 ?mcc0mnc [en_US] ldltr sw384dp w384dp h811dp 450dpi nrml long hdr widecg port night finger -keyb/v/h -nav/h winConfig={ mBounds=Rect(0, 0 - 1080, 2280) mAppBounds=Rect(0, 0 - 1080, 2280) mMaxBounds=Rect(0, 0 - 1080, 2280) mDisplayRotation=ROTATION_0 mWindowingMode=fullscreen mActivityType=undefined mAlwaysOnTop=undefined mRotation=ROTATION_0} as.3 s.13578 fontWeightAdjustment=0} mTaskbarDelegate initialized=true willApplyConfigToNavbars=false navBarCount=0
05-04 11:55:32.419  1230  1230 D b/254119092: recreateTaskbar: isTaskbarEnabled=true [dp != null (i.e. mUserUnlocked)]=true FLAG_HIDE_NAVBAR_WINDOW=true dp.isTaskbarPresent=false
05-04 11:55:32.419  1230  1230 D b/254119092: mActivity and mWindowContext agree taskbarIsPresent=false
05-04 11:55:32.427   960   982 D ShellSplitScreen: onTaskInfoChanged: taskId=3 taskAct=null stageId=MAIN
05-04 11:55:32.431   307   388 V WindowManager: Sent Transition (#4365) createdAt=05-04 11:55:32.346 via request=TransitionRequestInfo { type = CHANGE, triggerTask = null, pipChange = null, remoteTransition = null, displayChange = DisplayChange { displayId = 0, startAbsBounds = null, endAbsBounds = null, startRotation = 3, endRotation = 0, physicalDisplayChanged = false }, flags = 0, debugId = 4365 }
05-04 11:55:32.431   307   388 V WindowManager:     startWCT=WindowContainerTransaction { changes= {} hops= [] errorCallbackToken=null taskFragmentOrganizer=null }
05-04 11:55:32.432   307   388 V WindowManager:     info={id=4365 t=CHANGE f=0x0 trk=0 r=[0@Point(0, 0)] c=[
05-04 11:55:32.432   307   388 V WindowManager:         {WCT{RemoteToken{69673aa Task{8c6f33 #2247 type=standard A=10218:com.westlake.host}}} m=CHANGE f=NONE p=WCT{RemoteToken{32705d3 DefaultTaskDisplayArea@59557725}} leash=Surface(name=Task=2247)/@0x15535d9 sb=Rect(0, 0 - 2280, 1080) eb=Rect(0, 0 - 1080, 2280) epz=Point(1080, 2280) d=0 r=3->0:-1 taskParent=-1},
05-04 11:55:32.432   307   388 V WindowManager:         {WCT{RemoteToken{32705d3 DefaultTaskDisplayArea@59557725}} m=CHANGE f=FLAG_IS_TASK_DISPLAY_AREA p=WCT{RemoteToken{b0ed58e Display{#0 state=ON size=1080x2280 ROTATION_0}}} leash=Surface(name=DefaultTaskDisplayArea)/@0xc50c96a sb=Rect(0, 0 - 2280, 1080) eb=Rect(0, 0 - 1080, 2280) epz=Point(1080, 2280) d=0 r=3->0:-1},
05-04 11:55:32.432   307   388 V WindowManager:         {WCT{RemoteToken{b0ed58e Display{#0 state=ON size=1080x2280 ROTATION_0}}} m=CHANGE f=IS_DISPLAY leash=Surface(name=WindowedMagnification:0:31)/@0x18a5e28 sb=Rect(0, 0 - 2280, 1080) eb=Rect(0, 0 - 1080, 2280) epz=Point(1080, 2280) d=0 r=3->0:3}
05-04 11:55:32.432   307   388 V WindowManager:     ]}
05-04 11:55:32.432   307   421 I InputManager-JNI: Viewport [0] to add: local:4630946883826275713, isActive: true
05-04 11:55:32.432   307 32315 W UserManagerService: Requested status bar icon for non-badged user 0
05-04 11:55:32.432   960  1250 V WindowManagerShell: onTransitionReady(transaction=1318555123696)
05-04 11:55:32.433   960   982 V WindowManagerShell: onTransitionReady (#4365) android.os.BinderProxy@d454bae: {id=4365 t=CHANGE f=0x0 trk=0 r=[0@Point(0, 0)] c=[
05-04 11:55:32.433   960   982 V WindowManagerShell:         {m=CHANGE f=NONE p=WCT{android.window.IWindowContainerToken$Stub$Proxy@ad823d4} leash=Surface(name=Task=2247)/@0xee65d28 sb=Rect(0, 0 - 2280, 1080) eb=Rect(0, 0 - 1080, 2280) epz=Point(1080, 2280) d=0 r=3->0:-1 taskParent=-1},
05-04 11:55:32.433   960   982 V WindowManagerShell:         {m=CHANGE f=FLAG_IS_TASK_DISPLAY_AREA p=WCT{android.window.IWindowContainerToken$Stub$Proxy@2ea097d} leash=Surface(name=DefaultTaskDisplayArea)/@0xd680a41 sb=Rect(0, 0 - 2280, 1080) eb=Rect(0, 0 - 1080, 2280) epz=Point(1080, 2280) d=0 r=3->0:-1},
05-04 11:55:32.433   960   982 V WindowManagerShell:         {m=CHANGE f=IS_DISPLAY leash=Surface(name=WindowedMagnification:0:31)/@0x7b25be6 sb=Rect(0, 0 - 2280, 1080) eb=Rect(0, 0 - 1080, 2280) epz=Point(1080, 2280) d=0 r=3->0:3}
05-04 11:55:32.433   960   982 V WindowManagerShell:     ]}
05-04 11:55:32.433   960   982 V WindowManagerShell: Playing animation for (#4365) android.os.BinderProxy@d454bae@0
05-04 11:55:32.433   307   652 I InputReader: Reconfiguring input devices, changes=DISPLAY_INFO
05-04 11:55:32.433   960   982 W WindowManagerShell: PipTransition: startAnimation() should start with clear fixed rotation state
05-04 11:55:32.433   960   982 V ShellRecents: RecentsTransitionHandler.startAnimation: no controller found
05-04 11:55:32.433   960   982 V WindowManagerShell: start default transition animation, info = {id=4365 t=CHANGE f=0x0 trk=0 r=[0@Point(0, 0)] c=[{m=CHANGE f=NONE p=WCT{android.window.IWindowContainerToken$Stub$Proxy@ad823d4} leash=Surface(name=Task=2247)/@0xee65d28 sb=Rect(0, 0 - 2280, 1080) eb=Rect(0, 0 - 1080, 2280) epz=Point(1080, 2280) d=0 r=3->0:-1 taskParent=-1},{m=CHANGE f=FLAG_IS_TASK_DISPLAY_AREA p=WCT{android.window.IWindowContainerToken$Stub$Proxy@2ea097d} leash=Surface(name=DefaultTaskDisplayArea)/@0xd680a41 sb=Rect(0, 0 - 2280, 1080) eb=Rect(0, 0 - 1080, 2280) epz=Point(1080, 2280) d=0 r=3->0:-1},{m=CHANGE f=IS_DISPLAY leash=Surface(name=WindowedMagnification:0:31)/@0x7b25be6 sb=Rect(0, 0 - 2280, 1080) eb=Rect(0, 0 - 1080, 2280) epz=Point(1080, 2280) d=0 r=3->0:3}]}
05-04 11:55:32.433   960   982 V WindowManagerShell: Display is changing, resolve the animation hint.
05-04 11:55:32.433   960   982 V WindowManagerShell:   display requests explicit seamless
05-04 11:55:32.435  3320  3359 I BpBinder: onLastStrongRef automatically unlinking death recipients: 
05-04 11:55:32.444   960   982 V WindowManagerShell: Transition animation finished (aborted=false), notifying core (#4365) android.os.BinderProxy@d454bae@0
05-04 11:55:32.447   307   388 V WindowManager: Finish Transition (#4365): created at 05-04 11:55:32.346 collect-started=0.053ms request-sent=3.577ms started=21.564ms ready=62.798ms sent=83.383ms finished=99.714ms
05-04 11:55:32.447   960   982 V WindowManagerShell: Track 0 became idle
05-04 11:55:32.448   960   982 V WindowManagerShell: All active transition animations finished
05-04 11:55:32.448   960   982 V WindowManagerShell:  animated by com.android.wm.shell.transition.DefaultTransitionHandler@6c3a7ac
05-04 11:55:32.448   960   982 V WindowManagerShell: Track 0 became idle
05-04 11:55:32.448   960   982 V WindowManagerShell: All active transition animations finished
05-04 11:55:32.453   960   960 I ndroid.systemui: AssetManager2(0x7bd46b4fd8) locale list changing from [] to [en-US]
05-04 11:55:32.455   960   960 I ndroid.systemui: AssetManager2(0x7bd4689a18) locale list changing from [] to [en-US]
05-04 11:55:32.459  3196  5484 D audio_hw_primary: adev_set_parameters: enter: screen_state=on
05-04 11:55:32.460  3196  5484 W sound_trigger_hw: sound_trigger_hw_call_back: Unknown event 17
05-04 11:55:32.461  3196  5484 D audio_hw_primary: adev_set_parameters: enter: rotation=0
05-04 11:55:32.493   307 32315 I WindowManager: finishDrawing of orientation change: Window{f4d2db7 u0 ScreenDecorOverlay} 82ms
05-04 11:55:32.502   307  4369 I WindowManager: finishDrawing of orientation change: Window{f52045 u0 ScreenDecorOverlayBottom} 91ms
05-04 11:55:32.512   307  4369 I WindowManager: finishDrawing of orientation change: Window{c0dfd7f u0 StatusBar} 100ms
05-04 11:55:32.517   307 32315 W UserManagerService: Requested status bar icon for non-badged user 0
05-04 11:55:32.521  1230  1230 I ContextualSearchInvoker: Contextual Search invocation failed: no ContextualSearchManager
05-04 11:55:32.522  1230  1230 D StatsLog: LAUNCHER_LAUNCH_ASSISTANT_FAILED_SERVICE_ERROR
05-04 11:55:32.525  3220  3220 I android.hardware.power-service-qti: Power setBoost: 0, duration: 0
05-04 11:55:32.552   960   960 D DefaultDeviceEntrySection: isUdfpsSupported=false
05-04 11:55:32.603  1230  1230 D AlphabeticIndexCompat: computeSectionName: cs: Settings sectionName: S
05-04 11:55:32.604  1230  1230 D AlphabeticIndexCompat: computeSectionName: cs: Contacts sectionName: C
05-04 11:55:32.605  1230  1230 D AlphabeticIndexCompat: computeSectionName: cs: Calendar sectionName: C
05-04 11:55:32.607  1230  1230 D AlphabeticIndexCompat: computeSectionName: cs: Music sectionName: M
05-04 11:55:32.608  1230  1230 D AlphabeticIndexCompat: computeSectionName: cs: Clock sectionName: C
05-04 11:55:32.609  1230  1230 D AlphabeticIndexCompat: computeSectionName: cs: NetHunter KeX sectionName: N
05-04 11:55:32.610  1230  1230 D AlphabeticIndexCompat: computeSectionName: cs: Messaging sectionName: M
05-04 11:55:32.611  1230  1230 D AlphabeticIndexCompat: computeSectionName: cs: Conversations sectionName: C
05-04 11:55:32.617  1230  1230 D b/254119092: DisplayController#onConfigurationChanged: {1.0 ?mcc0mnc [en_US] ldltr sw384dp w384dp h811dp 450dpi nrml long hdr widecg port night finger -keyb/v/h -nav/h winConfig={ mBounds=Rect(0, 0 - 1080, 2280) mAppBounds=Rect(0, 0 - 1080, 2280) mMaxBounds=Rect(0, 0 - 1080, 2280) mDisplayRotation=ROTATION_0 mWindowingMode=fullscreen mActivityType=undefined mAlwaysOnTop=undefined mRotation=ROTATION_0} as.3 s.13512 fontWeightAdjustment=0}
05-04 11:55:32.631  1230  1230 D BubbleBarView: BubbleBar RTL properties changed, new layoutDirection=0 previous layoutDirection=-1
05-04 11:55:32.649   307 32315 I WindowManager: finishDrawing of orientation change: Window{d4d73bb u0 Taskbar} 238ms
05-04 11:55:32.657  3220  3220 I android.hardware.power-service-qti: Power setBoost: 0, duration: 0
05-04 11:55:32.897  3704  3747 W HidlServiceManagement: Waited one second for vendor.qti.hardware.cacert@1.0::IService/default
05-04 11:55:32.897   660   660 I hwservicemanager: Since vendor.qti.hardware.cacert@1.0::IService/default is not registered, trying to start it as a lazy HAL (if it's not configured to be a lazy HAL, it may be stuck starting or still starting).
05-04 11:55:32.898  3704  3747 I HidlServiceManagement: getService: Trying again for vendor.qti.hardware.cacert@1.0::IService/default...
05-04 11:55:32.899   660 12227 W libc    : Unable to set property "ctl.interface_start" to "vendor.qti.hardware.cacert@1.0::IService/default": PROP_ERROR_HANDLE_CONTROL_MESSAGE (0x20)
05-04 11:55:32.899   660 12227 I hwservicemanager: Tried to start vendor.qti.hardware.cacert@1.0::IService/default as a lazy service, but was unable to. Usually this happens when a service is not installed, but if the service is intended to be used as a lazy service, then it may be configured incorrectly.
05-04 11:55:32.812     0     0 E init    : Control message: Could not find 'vendor.qti.hardware.cacert@1.0::IService/default' for ctl.interface_start from pid: 660 (/system/system_ext/bin/hwservicemanager)
05-04 11:55:32.972  1735  1735 I DigitalWidgetProvider: onReceive: Intent { act=android.intent.action.CONFIGURATION_CHANGED flg=0x70200010 }
05-04 11:55:32.973   307 32315 I AppWidgetServiceImpl: getAppWidgetIds() 0
05-04 11:55:32.974   307 32315 I AppWidgetServiceImpl: getAppWidgetOptions() 0
05-04 11:55:32.974   307 32315 I AppWidgetServiceImpl: getAppWidgetOptions() 0
05-04 11:55:32.983  1735  1735 V DigitalWidgetProvider: Target dimensions: 582px x 326px
05-04 11:55:32.983  1735  1735 V DigitalWidgetProvider: Last valid widget container measurement: 439px x 326px
05-04 11:55:32.983  1735  1735 V DigitalWidgetProvider: Last text clock measurement: 349px x 192px
05-04 11:55:32.983  1735  1735 V DigitalWidgetProvider: Clock font: 164px
05-04 11:55:32.983   307  4369 I AppWidgetServiceImpl: getAppWidgetOptions() 0
05-04 11:55:32.990  1735  1735 V DigitalWidgetProvider: Target dimensions: 1080px x 143px
05-04 11:55:32.990  1735  1735 V DigitalWidgetProvider: Last valid widget container measurement: 170px x 143px
05-04 11:55:32.990  1735  1735 V DigitalWidgetProvider: Last text clock measurement: 80px x 43px
05-04 11:55:32.990  1735  1735 V DigitalWidgetProvider: Clock font: 37px
05-04 11:55:32.991   307  4369 I AppWidgetServiceImpl: updateAppWidgetIds() 0
05-04 11:55:32.991   307   767 D AppWidgetServiceImpl: Trying to notify widget update for package com.android.deskclock with widget id: 2
05-04 11:55:32.993   307  4369 I AppWidgetServiceImpl: notifyAppWidgetViewDataChanged() 0
05-04 11:55:32.994   307   767 D AppWidgetServiceImpl: Trying to notify widget view data changed
05-04 11:55:33.147   713  1834 I NxpNciR : len =   4 > 600701A1
05-04 11:55:33.167 12204 12204 D nativeloader: Configuring clns-7 for other apk /data/app/~~Gg0G5CtqAB4V4yzAnUxcxw==/com.westlake.host-3z7eVqF571ZZVn3bfdrfTg==/base.apk. target_sdk_version=28, uses_libraries=, library_path=/data/app/~~Gg0G5CtqAB4V4yzAnUxcxw==/com.westlake.host-3z7eVqF571ZZVn3bfdrfTg==/lib/arm64:/data/app/~~Gg0G5CtqAB4V4yzAnUxcxw==/com.westlake.host-3z7eVqF571ZZVn3bfdrfTg==/base.apk!/lib/arm64-v8a, permitted_path=/data:/mnt/expand:/data/user/0/com.westlake.host
05-04 11:55:33.178 12204 12204 I m.westlake.host: AssetManager2(0x7bd463b4f8) locale list changing from [] to [en-US]
05-04 11:55:33.189 12204 12204 V GraphicsEnvironment: Currently set values for:
05-04 11:55:33.189 12204 12204 V GraphicsEnvironment:   angle_gl_driver_selection_pkgs=[]
05-04 11:55:33.189 12204 12204 V GraphicsEnvironment:   angle_gl_driver_selection_values=[]
05-04 11:55:33.189 12204 12204 V GraphicsEnvironment: com.westlake.host is not listed in per-application setting
05-04 11:55:33.189 12204 12204 V GraphicsEnvironment: Neither updatable production driver nor prerelease driver is supported.
05-04 11:55:33.250   307   780 D BackgroundInstallControlService: Package event received: 0
05-04 11:55:33.250   307   780 D BackgroundInstallControlService: Package event received: 0
05-04 11:55:33.259 12204 12204 I m.westlake.host: AssetManager2(0x7bd463fff8) locale list changing from [] to [en-US]
05-04 11:55:33.310 12204 12204 I Westlake: WestlakeActivity onCreate (ComponentActivity + Compose)
05-04 11:55:33.310 12204 12204 I Westlake: Auto-launching: WESTLAKE_ART_NOICE
05-04 11:55:33.310 12204 12204 I Westlake: Launching Noice via Westlake ART VM
05-04 11:55:33.340 12204 12204 D DesktopModeFlagsUtil: Toggle override initialized to: OVERRIDE_UNSET
05-04 11:55:33.476 12204 12204 D InsetsController: Setting requestedVisibleTypes to -10 (was -9)
05-04 11:55:33.477   307  4369 W WindowManager: Failed looking up window session=Session{2957a3f 12204:u0a10218} callers=com.android.server.wm.WindowManagerService.windowForClientLocked:6324 com.android.server.wm.Session.updateRequestedVisibleTypes:699 android.view.IWindowSession$Stub.onTransact:1023 
05-04 11:55:33.857 12204 12204 W m.westlake.host: Method java.lang.Object androidx.compose.runtime.snapshots.SnapshotStateMap.mutate(kotlin.jvm.functions.Function1) failed lock verification and will run slower.
05-04 11:55:33.857 12204 12204 W m.westlake.host: Common causes for lock verification issues are non-optimized dex code
05-04 11:55:33.857 12204 12204 W m.westlake.host: and incorrect proguard optimizations.
05-04 11:55:33.858 12204 12204 W m.westlake.host: Method void androidx.compose.runtime.snapshots.SnapshotStateMap.update(kotlin.jvm.functions.Function1) failed lock verification and will run slower.
05-04 11:55:33.859 12204 12204 W m.westlake.host: Method boolean androidx.compose.runtime.snapshots.SnapshotStateMap.removeIf$runtime_release(kotlin.jvm.functions.Function1) failed lock verification and will run slower.
05-04 11:55:33.898  3704  3747 W HidlServiceManagement: Waited one second for vendor.qti.hardware.cacert@1.0::IService/default
05-04 11:55:33.898   660   660 I hwservicemanager: Since vendor.qti.hardware.cacert@1.0::IService/default is not registered, trying to start it as a lazy HAL (if it's not configured to be a lazy HAL, it may be stuck starting or still starting).
05-04 11:55:33.899  3704  3747 I HidlServiceManagement: getService: Trying again for vendor.qti.hardware.cacert@1.0::IService/default...
05-04 11:55:33.900   660 12234 W libc    : Unable to set property "ctl.interface_start" to "vendor.qti.hardware.cacert@1.0::IService/default": PROP_ERROR_HANDLE_CONTROL_MESSAGE (0x20)
05-04 11:55:33.900   660 12234 I hwservicemanager: Tried to start vendor.qti.hardware.cacert@1.0::IService/default as a lazy service, but was unable to. Usually this happens when a service is not installed, but if the service is intended to be used as a lazy service, then it may be configured incorrectly.
05-04 11:55:33.814     0     0 E init    : Control message: Could not find 'vendor.qti.hardware.cacert@1.0::IService/default' for ctl.interface_start from pid: 660 (/system/system_ext/bin/hwservicemanager)
05-04 11:55:34.279 12204 12204 I WestlakeVM: DisplayListFrameView 480x800 for com.github.ashutoshgngwr.noice
05-04 11:55:34.297 12204 12204 I WestlakeVM: startPipeReader: pipe=false holder=true thread=null
05-04 11:55:34.351   307 32315 D CoreBackPreview: Window{9717b5b u0 com.westlake.host/com.westlake.host.WestlakeActivity}: Setting back callback OnBackInvokedCallbackInfo{mCallback=android.window.IOnBackInvokedCallback$Stub$Proxy@6463336, mPriority=0, mIsAnimationCallback=false, mOverrideBehavior=0}
05-04 11:55:34.471 12204 12230 I AdrenoGLES-0: QUALCOMM build                   : 8e5405b, I57aaec3440
05-04 11:55:34.471 12204 12230 I AdrenoGLES-0: Build Date                       : 05/21/21
05-04 11:55:34.471 12204 12230 I AdrenoGLES-0: OpenGL ES Shader Compiler Version: EV031.32.02.10
05-04 11:55:34.471 12204 12230 I AdrenoGLES-0: Local Branch                     : mybranchebba1dbe-451b-f160-ac81-1458d0b52ae8
05-04 11:55:34.471 12204 12230 I AdrenoGLES-0: Remote Branch                    : quic/gfx-adreno.lnx.1.0.r135-rel
05-04 11:55:34.471 12204 12230 I AdrenoGLES-0: Remote Branch                    : NONE
05-04 11:55:34.471 12204 12230 I AdrenoGLES-0: Reconstruct Branch               : NOTHING
05-04 11:55:34.471 12204 12230 I AdrenoGLES-0: Build Config                     : S P 10.0.7 AArch64
05-04 11:55:34.471 12204 12230 I AdrenoGLES-0: Driver Path                      : /vendor/lib64/egl/libGLESv2_adreno.so
05-04 11:55:34.481 12204 12230 I AdrenoGLES-0: PFP: 0x016ee190, ME: 0x00000000
05-04 11:55:34.500  3320  3359 E HWComposer: getSupportedContentTypes: getSupportedContentTypes failed for display 4630946883826275713: UNSUPPORTED (8)
05-04 11:55:34.504   660   660 I hwservicemanager: getTransport: Cannot find entry android.hardware.graphics.mapper@4.0::IMapper/default in either framework or device VINTF manifest.
05-04 11:55:34.416     0     0 I servicemanager: Caller(pid=12204,uid=10218,sid=u:r:untrusted_app_27:s0:c218,c256,c512,c768) Could not find android.hardware.graphics.allocator.IAllocator/default in the VINTF manifest. No alternative instances declared in VINTF.
05-04 11:55:34.417     0     0 I binder  : 12204:12235 ioctl 40046210 7a9c08a094 returned -22
05-04 11:55:34.504 12204 12235 I Gralloc4: mapper 4.x is not supported
05-04 11:55:34.505   660   660 I hwservicemanager: getTransport: Cannot find entry android.hardware.graphics.mapper@3.0::IMapper/default in either framework or device VINTF manifest.
05-04 11:55:34.505 12204 12235 W Gralloc3: mapper 3.x is not supported
05-04 11:55:34.513 12204 12235 I Gralloc2: Adding additional valid usage bits: 0x8202000
05-04 11:55:34.494     0     0 E FG      : fg_psy_get_property: unsupported property 79
05-04 11:55:34.591  1126  1126 D QtiCarrierConfigHelper: WARNING, no carrier configs on phone Id: 0
05-04 11:55:34.500     0     0 W healthd : battery l=100 v=3096 t=22.4 h=2 st=5 c=0 fc=2831000 chg=u
05-04 11:55:34.596   960  2704 D PowerUI : can't show warning due to - plugged: true status unknown: false
05-04 11:55:34.509     0     0 E FG      : fg_psy_get_property: unsupported property 79
