--------- beginning of kernel
05-04 12:13:18.966     0     0 I logd    : logdr: UID=2000 GID=2000 PID=13607 b tail=0 logMask=99 pid=0 start=0ns deadline=0ns
--------- beginning of main
05-04 12:13:19.062   713  1834 I NxpNciR : len =   4 > 600701A1
05-04 12:13:19.509  3704  3747 W HidlServiceManagement: Waited one second for vendor.qti.hardware.cacert@1.0::IService/default
05-04 12:13:19.511   660   660 I hwservicemanager: Since vendor.qti.hardware.cacert@1.0::IService/default is not registered, trying to start it as a lazy HAL (if it's not configured to be a lazy HAL, it may be stuck starting or still starting).
05-04 12:13:19.512  3704  3747 I HidlServiceManagement: getService: Trying again for vendor.qti.hardware.cacert@1.0::IService/default...
05-04 12:13:19.428     0     0 E init    : Control message: Could not find 'vendor.qti.hardware.cacert@1.0::IService/default' for ctl.interface_start from pid: 660 (/system/system_ext/bin/hwservicemanager)
05-04 12:13:19.515   660 13610 W libc    : Unable to set property "ctl.interface_start" to "vendor.qti.hardware.cacert@1.0::IService/default": PROP_ERROR_HANDLE_CONTROL_MESSAGE (0x20)
05-04 12:13:19.515   660 13610 I hwservicemanager: Tried to start vendor.qti.hardware.cacert@1.0::IService/default as a lazy service, but was unable to. Usually this happens when a service is not installed, but if the service is intended to be used as a lazy service, then it may be configured incorrectly.
--------- beginning of system
05-04 12:13:19.533   307   391 E AccessPersistence: Failed to verity-protect runtime-permissions
05-04 12:13:19.533   307   391 E AccessPersistence: java.io.IOException: Failed to enable fs-verity on FD(485): Inappropriate ioctl for device
05-04 12:13:19.533   307   391 E AccessPersistence: 	at com.android.internal.security.VerityUtils.setUpFsverity(VerityUtils.java:94)
05-04 12:13:19.533   307   391 E AccessPersistence: 	at com.android.server.security.FileIntegrity.setUpFsVerity(FileIntegrity.java:66)
05-04 12:13:19.533   307   391 E AccessPersistence: 	at com.android.server.security.FileIntegrity.setUpFsVerity(FileIntegrity.java:50)
05-04 12:13:19.533   307   391 E AccessPersistence: 	at com.android.server.permission.access.AccessPersistence.writeSystemState(AccessPersistence.kt:65)
05-04 12:13:19.533   307   391 E AccessPersistence: 	at com.android.server.permission.access.AccessPersistence.writePendingState(AccessPersistence.kt:149)
05-04 12:13:19.533   307   391 E AccessPersistence: 	at com.android.server.permission.access.AccessPersistence.access$writePendingState(AccessPersistence.kt:41)
05-04 12:13:19.533   307   391 E AccessPersistence: 	at com.android.server.permission.access.AccessPersistence$WriteHandler.handleMessage(AccessPersistence.kt:190)
05-04 12:13:19.533   307   391 E AccessPersistence: 	at android.os.Handler.dispatchMessage(Handler.java:109)
05-04 12:13:19.533   307   391 E AccessPersistence: 	at android.os.Looper.loopOnce(Looper.java:232)
05-04 12:13:19.533   307   391 E AccessPersistence: 	at android.os.Looper.loop(Looper.java:317)
05-04 12:13:19.533   307   391 E AccessPersistence: 	at android.os.HandlerThread.run(HandlerThread.java:85)
05-04 12:13:19.533   307   391 E AccessPersistence: 	at com.android.server.ServiceThread.run(ServiceThread.java:49)
05-04 12:13:19.561   307   391 E AccessPersistence: Failed to verity-protect runtime-permissions
05-04 12:13:19.561   307   391 E AccessPersistence: java.io.IOException: Failed to enable fs-verity on FD(485): Inappropriate ioctl for device
05-04 12:13:19.561   307   391 E AccessPersistence: 	at com.android.internal.security.VerityUtils.setUpFsverity(VerityUtils.java:94)
05-04 12:13:19.561   307   391 E AccessPersistence: 	at com.android.server.security.FileIntegrity.setUpFsVerity(FileIntegrity.java:66)
05-04 12:13:19.561   307   391 E AccessPersistence: 	at com.android.server.security.FileIntegrity.setUpFsVerity(FileIntegrity.java:50)
05-04 12:13:19.561   307   391 E AccessPersistence: 	at com.android.server.permission.access.AccessPersistence.writeUserState(AccessPersistence.kt:65)
05-04 12:13:19.561   307   391 E AccessPersistence: 	at com.android.server.permission.access.AccessPersistence.writePendingState(AccessPersistence.kt:151)
05-04 12:13:19.561   307   391 E AccessPersistence: 	at com.android.server.permission.access.AccessPersistence.access$writePendingState(AccessPersistence.kt:41)
05-04 12:13:19.561   307   391 E AccessPersistence: 	at com.android.server.permission.access.AccessPersistence$WriteHandler.handleMessage(AccessPersistence.kt:190)
05-04 12:13:19.561   307   391 E AccessPersistence: 	at android.os.Handler.dispatchMessage(Handler.java:109)
05-04 12:13:19.561   307   391 E AccessPersistence: 	at android.os.Looper.loopOnce(Looper.java:232)
05-04 12:13:19.561   307   391 E AccessPersistence: 	at android.os.Looper.loop(Looper.java:317)
05-04 12:13:19.561   307   391 E AccessPersistence: 	at android.os.HandlerThread.run(HandlerThread.java:85)
05-04 12:13:19.561   307   391 E AccessPersistence: 	at com.android.server.ServiceThread.run(ServiceThread.java:49)
05-04 12:13:19.614     0     0 I binder  : 13614:13614 ioctl 40046210 7fc8ed4c44 returned -22
05-04 12:13:19.709   307 26097 I ActivityManager: Force stopping com.westlake.host appid=10218 user=0: from pid 13614
05-04 12:13:19.722  1166  1166 D CarrierSvcBindHelper: onHandleForceStop: [com.westlake.host]
05-04 12:13:19.722   307   767 I AppWidgetServiceImpl: Received broadcast: android.intent.action.PACKAGE_RESTARTED on user 0
05-04 12:13:19.722   307   767 I AppWidgetServiceImpl: Updating package stopped masked state for uid 10218 package com.westlake.host isStopped true
05-04 12:13:19.724  1166  1166 D CarrierSvcBindHelper: No carrier app for: 0
05-04 12:13:19.725  1166  1166 D CarrierSvcBindHelper: No carrier app for: 1
05-04 12:13:19.866     0     0 I QCOM-BATT: pl_fcc_vote_callback: total_fcc_ua=1950000
05-04 12:13:19.866     0     0 I QCOM-BATT: pl_fv_vote_callback: fv_uv=4400000
05-04 12:13:20.227     0     0 E FG      : fg_psy_get_property: unsupported property 79
05-04 12:13:20.236     0     0 E FG      : fg_psy_get_property: unsupported property 79
05-04 12:13:20.334  1126  1126 D QtiCarrierConfigHelper: WARNING, no carrier configs on phone Id: 0
05-04 12:13:20.242     0     0 W healthd : battery l=100 v=3093 t=22.6 h=2 st=5 c=4000 fc=2831000 chg=u
05-04 12:13:20.340   960  2694 D PowerUI : can't show warning due to - plugged: true status unknown: false
05-04 12:13:20.251     0     0 E FG      : fg_psy_get_property: unsupported property 79
05-04 12:13:20.434   307 26097 I ActivityManager: Force stopping com.westlake.host appid=10218 user=0: from pid 13629
05-04 12:13:20.343     0     0 I binder  : 13629:13629 ioctl 40046210 7fed50ae54 returned -22
05-04 12:13:20.442   307   767 I AppWidgetServiceImpl: Received broadcast: android.intent.action.PACKAGE_RESTARTED on user 0
05-04 12:13:20.442   307   767 I AppWidgetServiceImpl: Updating package stopped masked state for uid 10218 package com.westlake.host isStopped true
05-04 12:13:20.448  1166  1166 D CarrierSvcBindHelper: onHandleForceStop: [com.westlake.host]
05-04 12:13:20.451  1166  1166 D CarrierSvcBindHelper: No carrier app for: 0
05-04 12:13:20.451  1166  1166 D CarrierSvcBindHelper: No carrier app for: 1
05-04 12:13:20.512  3704  3747 W HidlServiceManagement: Waited one second for vendor.qti.hardware.cacert@1.0::IService/default
05-04 12:13:20.515   660   660 I hwservicemanager: Since vendor.qti.hardware.cacert@1.0::IService/default is not registered, trying to start it as a lazy HAL (if it's not configured to be a lazy HAL, it may be stuck starting or still starting).
05-04 12:13:20.516  3704  3747 I HidlServiceManagement: getService: Trying again for vendor.qti.hardware.cacert@1.0::IService/default...
05-04 12:13:20.522   660 13632 W libc    : Unable to set property "ctl.interface_start" to "vendor.qti.hardware.cacert@1.0::IService/default": PROP_ERROR_HANDLE_CONTROL_MESSAGE (0x20)
05-04 12:13:20.522   660 13632 I hwservicemanager: Tried to start vendor.qti.hardware.cacert@1.0::IService/default as a lazy service, but was unable to. Usually this happens when a service is not installed, but if the service is intended to be used as a lazy service, then it may be configured incorrectly.
05-04 12:13:20.434     0     0 E init    : Control message: Could not find 'vendor.qti.hardware.cacert@1.0::IService/default' for ctl.interface_start from pid: 660 (/system/system_ext/bin/hwservicemanager)
05-04 12:13:20.695   307 26097 W ActivityTaskManager: callingPackage for (uid=2000, pid=13629) has no WPC
05-04 12:13:20.699   307 26097 V GrammaticalInflectionUtils: AttributionSource: AttributionSource { uid = 10218, packageName = null, attributionTag = null, token = android.os.Binder@a81f694, deviceId = 0, next = null } does not have READ_SYSTEM_GRAMMATICAL_GENDER permission.
05-04 12:13:20.701   307 26097 W OptProp : Cannot read opt property android.window.PROPERTY_COMPAT_ALLOW_RESIZEABLE_ACTIVITY_OVERRIDES
05-04 12:13:20.701   307 26097 W OptProp : Cannot read opt property android.window.PROPERTY_COMPAT_ALLOW_MIN_ASPECT_RATIO_OVERRIDE
05-04 12:13:20.712   307 26097 W OptProp : Cannot read opt property android.window.PROPERTY_COMPAT_ALLOW_ORIENTATION_OVERRIDE
05-04 12:13:20.716  3320  5010 I BpBinder: onLastStrongRef automatically unlinking death recipients: 
05-04 12:13:20.716  3220  3220 I android.hardware.power-service-qti: Power setMode: 5 to: 1
05-04 12:13:20.717   307 26097 V SplashScreenExceptionList: SplashScreen checking exception for package com.westlake.host (target sdk:28) -> false
05-04 12:13:20.721  3267  3300 E ANDR-PERF-UTIL: Failed to read /sys/class/mmc_host/mmc0/clk_scaling/enable
05-04 12:13:20.721  3267  3300 E ANDR-PERF-OPTSHANDLER: Failed to read /sys/class/mmc_host/mmc0/clk_scaling/enable
05-04 12:13:20.721  3267  3300 E ANDR-PERF-RESOURCEQS: Failed to apply optimization [11, 4]
05-04 12:13:20.723   307 26097 I ActivityTaskManager: START u0 {flg=0x10000000 cmp=com.westlake.host/.WestlakeActivity (has extras)} with LAUNCH_MULTIPLE from uid 2000 (BAL_ALLOW_PERMISSION) result code=0
05-04 12:13:20.724   960   982 V WindowManagerShell: Transition requested (#4372): android.os.BinderProxy@17681fd TransitionRequestInfo { type = OPEN, triggerTask = TaskInfo{userId=0 taskId=2250 effectiveUid=10218 displayId=0 isRunning=true baseIntent=Intent { flg=0x10000000 cmp=com.westlake.host/.WestlakeActivity } baseActivity=ComponentInfo{com.westlake.host/com.westlake.host.WestlakeActivity} topActivity=ComponentInfo{com.westlake.host/com.westlake.host.WestlakeActivity} origActivity=null realActivity=ComponentInfo{com.westlake.host/com.westlake.host.WestlakeActivity} numActivities=1 lastActiveTime=2158993289 supportsMultiWindow=true resizeMode=1 isResizeable=true minWidth=-1 minHeight=-1 defaultMinSize=220 token=WCT{android.window.IWindowContainerToken$Stub$Proxy@1be9ef2} topActivityType=1 pictureInPictureParams=null shouldDockBigOverlays=false launchIntoPipHostTaskId=-1 lastParentTaskIdBeforePip=-1 displayCutoutSafeInsets=Rect(0, 80 - 0, 0) topActivityInfo=ActivityInfo{3c39943 com.westlake.host.WestlakeActivity} launchCookies=[] positionInParent=Point(0, 0) parentTaskId=-1 isFocused=false isVisible=false isVisibleRequested=false isTopActivityNoDisplay=false isSleeping=false locusId=null displayAreaFeatureId=1 isTopActivityTransparent=false isActivityStackTransparent=false lastNonFullscreenBounds=Rect(267, 606 - 814, 1686) capturedLink=null capturedLinkTimestamp=0 requestedVisibleTypes=-9 topActivityRequestOpenInBrowserEducationTimestamp=0 appCompatTaskInfo=AppCompatTaskInfo { topActivityInSizeCompat=false eligibleForLetterboxEducation= false isLetterboxEducationEnabled= false isLetterboxDoubleTapEnabled= false eligibleForUserAspectRatioButton= false topActivityBoundsLetterboxed= false isFromLetterboxDoubleTap= false topActivityLetterboxVerticalPosition= -1 topActivityLetterboxHorizontalPosition= -1 topActivityLetterboxWidth=-1 topActivityLetterboxHeight=-1 topActivityLetterboxAppWidth=-1 topActivityLetterboxAppHeight=-1 isUserFullscreenOverrideEnabled=false isSystemFullscreenOverrideEnabled=false hasMinAspectRatioOverride=false topActivityLetterboxBounds=null cameraCompatTaskInfo=CameraCompatTaskInfo { freeformCameraCompatMode=inactive}} topActivityMainWindowFrame=null}, pipChange = null, remoteTransition = null, displayChange = null, flags = 0, debugId = 4372 }
05-04 12:13:20.724   960   982 D ShellSplitScreen: logExit: no-op, mLoggerSessionId is null
05-04 12:13:20.726  1230  1230 W SplitSelectStateCtor: Missing session instanceIds
05-04 12:13:20.726  1230  1230 D StatsLog: LAUNCHER_SPLIT_SELECTION_EXIT_INTERRUPTED
05-04 12:13:20.726   307   421 V GrammaticalInflectionUtils: AttributionSource: AttributionSource { uid = 10218, packageName = null, attributionTag = null, token = android.os.Binder@a81f694, deviceId = 0, next = null } does not have READ_SYSTEM_GRAMMATICAL_GENDER permission.
05-04 12:13:20.727   960  1005 D SplashScreenView: Build android.window.SplashScreenView{fccdbc0 V.E...... ......ID 0,0-0,0}
05-04 12:13:20.727   960  1005 D SplashScreenView: Icon: view: android.widget.ImageView{bae40f9 V.ED..... ......I. 0,0-0,0 #1020525 android:id/splashscreen_icon_view} drawable: com.android.wm.shell.startingsurface.SplashscreenIconDrawableFactory$ImmobileIconDrawable@a93b83e size: 450
05-04 12:13:20.727   960  1005 D SplashScreenView: Branding: view: android.view.View{fc869f G.ED..... ......I. 0,0-0,0 #1020524 android:id/splashscreen_branding_view} drawable: null size w: 0 h: 0
05-04 12:13:20.734  3080 29189 I netd    : tetherGetStats() -> {[]} <3.91ms>
05-04 12:13:20.749  3320  3320 I BpBinder: onLastStrongRef automatically unlinking death recipients: 
05-04 12:13:20.749   307 27670 D CoreBackPreview: Window{189dbd0 u0 Splash Screen com.westlake.host}: Setting back callback OnBackInvokedCallbackInfo{mCallback=android.window.IOnBackInvokedCallback$Stub$Proxy@f7951ef, mPriority=0, mIsAnimationCallback=false, mOverrideBehavior=0}
05-04 12:13:20.750   960   982 D WindowManagerShell: setLauncherKeepClearAreaHeight: visible=false, height=292
05-04 12:13:20.750   307   767 I AppWidgetServiceImpl: Received broadcast: android.intent.action.PACKAGE_UNSTOPPED on user 0
05-04 12:13:20.750   307   767 I AppWidgetServiceImpl: Updating package stopped masked state for uid 10218 package com.westlake.host isStopped false
05-04 12:13:20.757   307   780 D BackgroundInstallControlService: Package event received: 0
05-04 12:13:20.759  1650 32677 D ForegroundUtils: Foreground UID status:
05-04 12:13:20.759  1650 32677 D ForegroundUtils: UID: 10130 is in foreground: false
05-04 12:13:20.759  1650 32677 D ForegroundUtils: UID: 10152 is in foreground: true
05-04 12:13:20.759  1650 32677 D ForegroundUtils: UID: 10159 is in foreground: true
05-04 12:13:20.759  1650 32677 D ForegroundUtils: UID: 10173 is in foreground: true
05-04 12:13:20.759  1650 32677 D ForegroundUtils: UID: 10190 is in foreground: true
05-04 12:13:20.759  1650 32677 D ForegroundUtils: UID: 10193 is in foreground: false
05-04 12:13:20.763 32752 32752 D Zygote  : Forked child process 13634
05-04 12:13:20.766   307   526 I ActivityManager: Start proc 13634:com.westlake.host/u0a218 for next-top-activity {com.westlake.host/com.westlake.host.WestlakeActivity}
05-04 12:13:20.779   307   388 V WindowManager: Sent Transition (#4372) createdAt=05-04 12:13:20.703 via request=TransitionRequestInfo { type = OPEN, triggerTask = TaskInfo{userId=0 taskId=2250 effectiveUid=10218 displayId=0 isRunning=true baseIntent=Intent { flg=0x10000000 cmp=com.westlake.host/.WestlakeActivity } baseActivity=ComponentInfo{com.westlake.host/com.westlake.host.WestlakeActivity} topActivity=ComponentInfo{com.westlake.host/com.westlake.host.WestlakeActivity} origActivity=null realActivity=ComponentInfo{com.westlake.host/com.westlake.host.WestlakeActivity} numActivities=1 lastActiveTime=2158993289 supportsMultiWindow=true resizeMode=1 isResizeable=true minWidth=-1 minHeight=-1 defaultMinSize=220 token=WCT{RemoteToken{d1779a6 Task{a03faf7 #2250 type=standard A=10218:com.westlake.host}}} topActivityType=1 pictureInPictureParams=null shouldDockBigOverlays=false launchIntoPipHostTaskId=-1 lastParentTaskIdBeforePip=-1 displayCutoutSafeInsets=Rect(0, 80 - 0, 0) topActivityInfo=ActivityInfo{6738fe7 com.westlake.host.WestlakeActivity} launchCookies=[] positionInParent=Point(0, 0) parentTaskId=-1 isFocused=false isVisible=false isVisibleRequested=false isTopActivityNoDisplay=false isSleeping=false locusId=null displayAreaFeatureId=1 isTopActivityTransparent=false isActivityStackTransparent=false lastNonFullscreenBounds=Rect(267, 606 - 814, 1686) capturedLink=null capturedLinkTimestamp=0 requestedVisibleTypes=-9 topActivityRequestOpenInBrowserEducationTimestamp=0 appCompatTaskInfo=AppCompatTaskInfo { topActivityInSizeCompat=false eligibleForLetterboxEducation= false isLetterboxEducationEnabled= false isLetterboxDoubleTapEnabled= false eligibleForUserAspectRatioButton= false topActivityBoundsLetterboxed= false isFromLetterboxDoubleTap= false topActivityLetterboxVerticalPosition= -1 topActivityLetterboxHorizontalPosition= -1 topActivityLetterboxWidth=-1 topActivityLetterboxHeight=-1 topActivityLetterboxAppWidth=-1 topActivityLetterboxAppHeight=-1 isUserFullscreenOverrideEnabled=false isSystemFullscreenOverrideEnabled=false hasMinAspectRatioOverride=false topActivityLetterboxBounds=null cameraCompatTaskInfo=CameraCompatTaskInfo { freeformCameraCompatMode=inactive}} topActivityMainWindowFrame=null}, pipChange = null, remoteTransition = null, displayChange = null, flags = 0, debugId = 4372 }
05-04 12:13:20.779   307   388 V WindowManager:     startWCT=WindowContainerTransaction { changes= {} hops= [] errorCallbackToken=null taskFragmentOrganizer=null }
05-04 12:13:20.779   307   388 V WindowManager:     info={id=4372 t=OPEN f=0x0 trk=0 r=[0@Point(0, 0)] c=[
05-04 12:13:20.779   307   388 V WindowManager:         {WCT{RemoteToken{d1779a6 Task{a03faf7 #2250 type=standard A=10218:com.westlake.host}}} m=OPEN f=NONE leash=Surface(name=Task=2250)/@0x8ed54e8 sb=Rect(0, 0 - 1080, 2280) eb=Rect(0, 0 - 1080, 2280) epz=Point(1080, 2280) d=0 taskParent=-1},
05-04 12:13:20.779   307   388 V WindowManager:         {WCT{RemoteToken{cb0a3c2 Task{a516ecc #1 type=home}}} m=TO_BACK f=SHOW_WALLPAPER leash=Surface(name=Task=1)/@0xdc03e5b sb=Rect(0, 0 - 1080, 2280) eb=Rect(0, 0 - 1080, 2280) epz=Point(1080, 2280) d=0 taskParent=-1}
05-04 12:13:20.779   307   388 V WindowManager:     ]}
05-04 12:13:20.779 13634 13634 I Zygote  : seccomp disabled by setenforce 0
05-04 12:13:20.782   960  1250 V WindowManagerShell: onTransitionReady(transaction=1318555124093)
05-04 12:13:20.783   960   982 V WindowManagerShell: onTransitionReady (#4372) android.os.BinderProxy@17681fd: {id=4372 t=OPEN f=0x0 trk=0 r=[0@Point(0, 0)] c=[
05-04 12:13:20.783   960   982 V WindowManagerShell:         {m=OPEN f=NONE leash=Surface(name=Task=2250)/@0x1245a69 sb=Rect(0, 0 - 1080, 2280) eb=Rect(0, 0 - 1080, 2280) epz=Point(1080, 2280) d=0 taskParent=-1},
05-04 12:13:20.783   960   982 V WindowManagerShell:         {m=TO_BACK f=SHOW_WALLPAPER leash=Surface(name=Task=1)/@0x63cacee sb=Rect(0, 0 - 1080, 2280) eb=Rect(0, 0 - 1080, 2280) epz=Point(1080, 2280) d=0 taskParent=-1}
05-04 12:13:20.783   960   982 V WindowManagerShell:     ]}
05-04 12:13:20.783   960   982 V WindowManagerShell: Playing animation for (#4372) android.os.BinderProxy@17681fd@0
05-04 12:13:20.783   960   982 V ShellRecents: RecentsTransitionHandler.startAnimation: no controller found
05-04 12:13:20.783   960   982 V WindowManagerShell: Transition doesn't have explicit remote, search filters for match for {id=4372 t=OPEN f=0x0 trk=0 r=[0@Point(0, 0)] c=[{m=OPEN f=NONE leash=Surface(name=Task=2250)/@0x1245a69 sb=Rect(0, 0 - 1080, 2280) eb=Rect(0, 0 - 1080, 2280) epz=Point(1080, 2280) d=0 taskParent=-1},{m=TO_BACK f=SHOW_WALLPAPER leash=Surface(name=Task=1)/@0x63cacee sb=Rect(0, 0 - 1080, 2280) eb=Rect(0, 0 - 1080, 2280) epz=Point(1080, 2280) d=0 taskParent=-1}]}
05-04 12:13:20.783   960   982 V WindowManagerShell:  Checking filter Pair{{types=[] flags=0x0] notFlags=0x100 checks=[{atype=home independent=true modes=[OPEN,TO_FRONT] flags=NONE mustBeTask=false order=TOP topActivity=ComponentInfo{com.android.launcher3/com.android.launcher3.uioverrides.QuickstepLauncher} launchCookie=null windowingMode=undefined},{atype=standard independent=true modes=[CLOSE,TO_BACK] flags=NONE mustBeTask=false order=ANY topActivity=null launchCookie=null windowingMode=undefined},{NOT atype=undefined independent=true modes=[] flags=NONE mustBeTask=true order=ANY topActivity=null launchCookie=null customAnim=true windowingMode=undefined}]} RemoteTransition { remoteTransition = android.window.IRemoteTransition$Stub$Proxy@ae59c67, appThread = android.app.IApplicationThread$Stub$Proxy@8152a14, debugName = QuickstepLaunchHome }}
05-04 12:13:20.783   960   982 V WindowManagerShell:  Delegate animation for (#4372) to null
05-04 12:13:20.784   960   982 V WindowManagerShell: start default transition animation, info = {id=4372 t=OPEN f=0x0 trk=0 r=[0@Point(0, 0)] c=[{m=OPEN f=NONE leash=Surface(name=Task=2250)/@0x1245a69 sb=Rect(0, 0 - 1080, 2280) eb=Rect(0, 0 - 1080, 2280) epz=Point(1080, 2280) d=0 taskParent=-1},{m=TO_BACK f=SHOW_WALLPAPER leash=Surface(name=Task=1)/@0x63cacee sb=Rect(0, 0 - 1080, 2280) eb=Rect(0, 0 - 1080, 2280) epz=Point(1080, 2280) d=0 taskParent=-1}]}
05-04 12:13:20.784   960   982 V WindowManagerShell: loadAnimation: anim=android.view.animation.AnimationSet@f1f3425 animAttr=0x13 type=OPEN isEntrance=false
05-04 12:13:20.784   960   982 V WindowManagerShell: loadAnimation: anim=android.view.animation.AnimationSet@bcaa9fa animAttr=0x12 type=OPEN isEntrance=true
05-04 12:13:20.787   960   982 V WindowManagerShell:  animated by com.android.wm.shell.transition.DefaultTransitionHandler@6c3a7ac
05-04 12:13:20.788   307  4369 W UserManagerService: Requested status bar icon for non-badged user 0
05-04 12:13:20.797 13634 13634 I m.westlake.host: Late-enabling -Xcheck:jni
05-04 12:13:20.852 13634 13634 I m.westlake.host: Using CollectorTypeCC GC.
05-04 12:13:20.858 23361 23366 I adbd    : jdwp connection from 13634
05-04 12:13:20.868 13634 13634 D nativeloader: Load libframework-connectivity-tiramisu-jni.so using APEX ns com_android_tethering for caller /apex/com.android.tethering/javalib/framework-connectivity-t.jar: ok
05-04 12:13:20.783     0     0 I binder  : 13634:13634 ioctl 40046210 7fd4a812f4 returned -22
05-04 12:13:20.890   307   780 D BackgroundInstallControlService: Package event received: 0
05-04 12:13:20.892  1650 32677 D ForegroundUtils: Foreground UID status:
05-04 12:13:20.892  1650 32677 D ForegroundUtils: UID: 10130 is in foreground: false
05-04 12:13:20.892  1650 32677 D ForegroundUtils: UID: 10152 is in foreground: true
05-04 12:13:20.892  1650 32677 D ForegroundUtils: UID: 10159 is in foreground: true
05-04 12:13:20.892  1650 32677 D ForegroundUtils: UID: 10173 is in foreground: true
05-04 12:13:20.892  1650 32677 D ForegroundUtils: UID: 10190 is in foreground: true
05-04 12:13:20.892  1650 32677 D ForegroundUtils: UID: 10193 is in foreground: false
05-04 12:13:20.892  1650 32677 D ForegroundUtils: UID: 10218 is in foreground: true
05-04 12:13:20.908 13634 13634 D nativeloader: Load libstats_jni.so using APEX ns com_android_os_statsd for caller /apex/com.android.os.statsd/javalib/framework-statsd.jar: ok
05-04 12:13:20.946 13634 13634 D ApplicationLoaders: Returning zygote-cached class loader: /system/framework/android.test.base.jar
05-04 12:13:20.948 13634 13634 W ziparchive: Unable to open '/data/app/~~Gg0G5CtqAB4V4yzAnUxcxw==/com.westlake.host-3z7eVqF571ZZVn3bfdrfTg==/base.dm': No such file or directory
05-04 12:13:20.948 13634 13634 W ziparchive: Unable to open '/data/app/~~Gg0G5CtqAB4V4yzAnUxcxw==/com.westlake.host-3z7eVqF571ZZVn3bfdrfTg==/base.dm': No such file or directory
05-04 12:13:21.082   960   982 V WindowManagerShell: Transition animation finished (aborted=false), notifying core (#4372) android.os.BinderProxy@17681fd@0
05-04 12:13:21.086   307   388 V WindowManager: Finish Transition (#4372): created at 05-04 12:13:20.703 collect-started=0.149ms request-sent=19.393ms started=31.802ms ready=72.611ms sent=74.86ms finished=382.423ms
05-04 12:13:21.087   960   982 V WindowManagerShell: Track 0 became idle
05-04 12:13:21.087   960   982 V WindowManagerShell: All active transition animations finished
05-04 12:13:21.088  1230  1230 D VRI[QuickstepLauncher]: visibilityChanged oldVisibility=true newVisibility=false
05-04 12:13:21.089   307 27670 W UserManagerService: Requested status bar icon for non-badged user 0
05-04 12:13:21.090   307 27670 W UserManagerService: Requested status bar icon for non-badged user 0
05-04 12:13:21.516  3704  3747 W HidlServiceManagement: Waited one second for vendor.qti.hardware.cacert@1.0::IService/default
05-04 12:13:21.517   660   660 I hwservicemanager: Since vendor.qti.hardware.cacert@1.0::IService/default is not registered, trying to start it as a lazy HAL (if it's not configured to be a lazy HAL, it may be stuck starting or still starting).
05-04 12:13:21.518  3704  3747 I HidlServiceManagement: getService: Trying again for vendor.qti.hardware.cacert@1.0::IService/default...
05-04 12:13:21.519   660 13648 W libc    : Unable to set property "ctl.interface_start" to "vendor.qti.hardware.cacert@1.0::IService/default": PROP_ERROR_HANDLE_CONTROL_MESSAGE (0x20)
05-04 12:13:21.519   660 13648 I hwservicemanager: Tried to start vendor.qti.hardware.cacert@1.0::IService/default as a lazy service, but was unable to. Usually this happens when a service is not installed, but if the service is intended to be used as a lazy service, then it may be configured incorrectly.
05-04 12:13:21.432     0     0 E init    : Control message: Could not find 'vendor.qti.hardware.cacert@1.0::IService/default' for ctl.interface_start from pid: 660 (/system/system_ext/bin/hwservicemanager)
05-04 12:13:22.065 13634 13634 D nativeloader: Configuring clns-7 for other apk /data/app/~~Gg0G5CtqAB4V4yzAnUxcxw==/com.westlake.host-3z7eVqF571ZZVn3bfdrfTg==/base.apk. target_sdk_version=28, uses_libraries=, library_path=/data/app/~~Gg0G5CtqAB4V4yzAnUxcxw==/com.westlake.host-3z7eVqF571ZZVn3bfdrfTg==/lib/arm64:/data/app/~~Gg0G5CtqAB4V4yzAnUxcxw==/com.westlake.host-3z7eVqF571ZZVn3bfdrfTg==/base.apk!/lib/arm64-v8a, permitted_path=/data:/mnt/expand:/data/user/0/com.westlake.host
05-04 12:13:22.075 13634 13634 I m.westlake.host: AssetManager2(0x7bd463b4f8) locale list changing from [] to [en-US]
05-04 12:13:22.086 13634 13634 V GraphicsEnvironment: Currently set values for:
05-04 12:13:22.086 13634 13634 V GraphicsEnvironment:   angle_gl_driver_selection_pkgs=[]
05-04 12:13:22.086 13634 13634 V GraphicsEnvironment:   angle_gl_driver_selection_values=[]
05-04 12:13:22.086 13634 13634 V GraphicsEnvironment: com.westlake.host is not listed in per-application setting
05-04 12:13:22.086 13634 13634 V GraphicsEnvironment: Neither updatable production driver nor prerelease driver is supported.
05-04 12:13:22.145   307   780 D BackgroundInstallControlService: Package event received: 0
05-04 12:13:22.145   307   780 D BackgroundInstallControlService: Package event received: 0
05-04 12:13:22.155 13634 13634 I m.westlake.host: AssetManager2(0x7bd4640318) locale list changing from [] to [en-US]
05-04 12:13:22.206 13634 13634 I Westlake: WestlakeActivity onCreate (ComponentActivity + Compose)
05-04 12:13:22.206 13634 13634 I Westlake: Auto-launching: WESTLAKE_ART_NOICE
05-04 12:13:22.207 13634 13634 I Westlake: Launching Noice via Westlake ART VM
05-04 12:13:22.237 13634 13634 D DesktopModeFlagsUtil: Toggle override initialized to: OVERRIDE_UNSET
05-04 12:13:22.373 13634 13634 D InsetsController: Setting requestedVisibleTypes to -10 (was -9)
05-04 12:13:22.374   307 29116 W WindowManager: Failed looking up window session=Session{2053ea9 13634:u0a10218} callers=com.android.server.wm.WindowManagerService.windowForClientLocked:6324 com.android.server.wm.Session.updateRequestedVisibleTypes:699 android.view.IWindowSession$Stub.onTransact:1023 
05-04 12:13:22.518  3704  3747 W HidlServiceManagement: Waited one second for vendor.qti.hardware.cacert@1.0::IService/default
05-04 12:13:22.519   660   660 I hwservicemanager: Since vendor.qti.hardware.cacert@1.0::IService/default is not registered, trying to start it as a lazy HAL (if it's not configured to be a lazy HAL, it may be stuck starting or still starting).
05-04 12:13:22.519  3704  3747 I HidlServiceManagement: getService: Trying again for vendor.qti.hardware.cacert@1.0::IService/default...
05-04 12:13:22.520   660 13655 W libc    : Unable to set property "ctl.interface_start" to "vendor.qti.hardware.cacert@1.0::IService/default": PROP_ERROR_HANDLE_CONTROL_MESSAGE (0x20)
05-04 12:13:22.520   660 13655 I hwservicemanager: Tried to start vendor.qti.hardware.cacert@1.0::IService/default as a lazy service, but was unable to. Usually this happens when a service is not installed, but if the service is intended to be used as a lazy service, then it may be configured incorrectly.
05-04 12:13:22.434     0     0 E init    : Control message: Could not find 'vendor.qti.hardware.cacert@1.0::IService/default' for ctl.interface_start from pid: 660 (/system/system_ext/bin/hwservicemanager)
05-04 12:13:22.751 13634 13634 W m.westlake.host: Method java.lang.Object androidx.compose.runtime.snapshots.SnapshotStateMap.mutate(kotlin.jvm.functions.Function1) failed lock verification and will run slower.
05-04 12:13:22.751 13634 13634 W m.westlake.host: Common causes for lock verification issues are non-optimized dex code
05-04 12:13:22.751 13634 13634 W m.westlake.host: and incorrect proguard optimizations.
05-04 12:13:22.752 13634 13634 W m.westlake.host: Method void androidx.compose.runtime.snapshots.SnapshotStateMap.update(kotlin.jvm.functions.Function1) failed lock verification and will run slower.
05-04 12:13:22.753 13634 13634 W m.westlake.host: Method boolean androidx.compose.runtime.snapshots.SnapshotStateMap.removeIf$runtime_release(kotlin.jvm.functions.Function1) failed lock verification and will run slower.
05-04 12:13:23.176 13634 13634 I WestlakeVM: DisplayListFrameView 480x800 for com.github.ashutoshgngwr.noice
05-04 12:13:23.195 13634 13634 I WestlakeVM: startPipeReader: pipe=false holder=true thread=null
05-04 12:13:23.248   307 27670 D CoreBackPreview: Window{8ca1c65 u0 com.westlake.host/com.westlake.host.WestlakeActivity}: Setting back callback OnBackInvokedCallbackInfo{mCallback=android.window.IOnBackInvokedCallback$Stub$Proxy@8156748, mPriority=0, mIsAnimationCallback=false, mOverrideBehavior=0}
05-04 12:13:23.371 13634 13651 I AdrenoGLES-0: QUALCOMM build                   : 8e5405b, I57aaec3440
05-04 12:13:23.371 13634 13651 I AdrenoGLES-0: Build Date                       : 05/21/21
05-04 12:13:23.371 13634 13651 I AdrenoGLES-0: OpenGL ES Shader Compiler Version: EV031.32.02.10
05-04 12:13:23.371 13634 13651 I AdrenoGLES-0: Local Branch                     : mybranchebba1dbe-451b-f160-ac81-1458d0b52ae8
05-04 12:13:23.371 13634 13651 I AdrenoGLES-0: Remote Branch                    : quic/gfx-adreno.lnx.1.0.r135-rel
05-04 12:13:23.371 13634 13651 I AdrenoGLES-0: Remote Branch                    : NONE
05-04 12:13:23.371 13634 13651 I AdrenoGLES-0: Reconstruct Branch               : NOTHING
05-04 12:13:23.372 13634 13651 I AdrenoGLES-0: Build Config                     : S P 10.0.7 AArch64
05-04 12:13:23.372 13634 13651 I AdrenoGLES-0: Driver Path                      : /vendor/lib64/egl/libGLESv2_adreno.so
05-04 12:13:23.376 13634 13651 I AdrenoGLES-0: PFP: 0x016ee190, ME: 0x00000000
05-04 12:13:23.402  3320  3359 E HWComposer: getSupportedContentTypes: getSupportedContentTypes failed for display 4630946883826275713: UNSUPPORTED (8)
05-04 12:13:23.405   660   660 I hwservicemanager: getTransport: Cannot find entry android.hardware.graphics.mapper@4.0::IMapper/default in either framework or device VINTF manifest.
05-04 12:13:23.406 13634 13656 I Gralloc4: mapper 4.x is not supported
05-04 12:13:23.406   660   660 I hwservicemanager: getTransport: Cannot find entry android.hardware.graphics.mapper@3.0::IMapper/default in either framework or device VINTF manifest.
05-04 12:13:23.406 13634 13656 W Gralloc3: mapper 3.x is not supported
05-04 12:13:23.409 13634 13656 I Gralloc2: Adding additional valid usage bits: 0x8202000
05-04 12:13:23.318     0     0 I servicemanager: Caller(pid=13634,uid=10218,sid=u:r:untrusted_app_27:s0:c218,c256,c512,c768) Could not find android.hardware.graphics.allocator.IAllocator/default in the VINTF manifest. No alternative instances declared in VINTF.
05-04 12:13:23.319     0     0 I binder  : 13634:13656 ioctl 40046210 7a9c077094 returned -22
05-04 12:13:23.441   713  1834 I NxpNciR : len =   4 > 600701A1
05-04 12:13:23.519  3704  3747 W HidlServiceManagement: Waited one second for vendor.qti.hardware.cacert@1.0::IService/default
05-04 12:13:23.520   660   660 I hwservicemanager: Since vendor.qti.hardware.cacert@1.0::IService/default is not registered, trying to start it as a lazy HAL (if it's not configured to be a lazy HAL, it may be stuck starting or still starting).
05-04 12:13:23.520  3704  3747 I HidlServiceManagement: getService: Trying again for vendor.qti.hardware.cacert@1.0::IService/default...
05-04 12:13:23.521   660 13663 W libc    : Unable to set property "ctl.interface_start" to "vendor.qti.hardware.cacert@1.0::IService/default": PROP_ERROR_HANDLE_CONTROL_MESSAGE (0x20)
05-04 12:13:23.521   660 13663 I hwservicemanager: Tried to start vendor.qti.hardware.cacert@1.0::IService/default as a lazy service, but was unable to. Usually this happens when a service is not installed, but if the service is intended to be used as a lazy service, then it may be configured incorrectly.
05-04 12:13:23.435     0     0 E init    : Control message: Could not find 'vendor.qti.hardware.cacert@1.0::IService/default' for ctl.interface_start from pid: 660 (/system/system_ext/bin/hwservicemanager)
05-04 12:13:23.539   307   388 W ziparchive: Unable to open '/data/app/~~Gg0G5CtqAB4V4yzAnUxcxw==/com.westlake.host-3z7eVqF571ZZVn3bfdrfTg==/base.dm': No such file or directory
05-04 12:13:23.544   307   388 I ActivityTaskManager: Displayed com.westlake.host/.WestlakeActivity for user 0: +2s837ms
05-04 12:13:23.547 13634 13646 I HWUI    : Davey! duration=1145ms; Flags=1, FrameTimelineVsyncId=93616098, IntendedVsync=2119033955761209, Vsync=2119033955761209, InputEventId=0, HandleInputStart=2119033960820243, AnimationStart=2119033960837327, PerformTraversalsStart=2119033960848316, DrawStart=2119034991111128, FrameDeadline=2119033972427875, FrameInterval=2119033960773212, FrameStartTime=16680752, SyncQueued=2119035011210139, SyncStart=2119035011383264, IssueDrawCommandsStart=2119035011946389, SwapBuffers=2119035097610087, FrameCompleted=2119035101156857, DequeueBufferDuration=24636, QueueBufferDuration=554115, GpuCompleted=2119035101156857, SwapBuffersCompleted=2119035099408264, DisplayPresentTime=0, CommandSubmissionCompleted=2119035097610087, 
05-04 12:13:23.587 13634 13634 I Choreographer: Skipped 62 frames!  The application may be doing too much work on its main thread.
05-04 12:13:23.588 13634 13664 I WestlakeVM: startWithConfig() called, config=ApkVmConfig(packageName=com.github.ashutoshgngwr.noice, activityName=com.github.ashutoshgngwr.noice.activity.MainActivity, displayName=Noice (ART), apkSourceDir=/data/app/~~R7-vSKxT523z7oA2P8Ynag==/com.github.ashutoshgngwr.noice-D3ESsKFH5h3RNFnLUIp9ig==/base.apk, allowRealFrameworkFallback=false, backendMode=null, extraVmProperties={})
05-04 12:13:23.606   307   656 I ImeTracker: com.westlake.host:99db7f3c: onRequestHide at ORIGIN_SERVER reason HIDE_UNSPECIFIED_WINDOW fromUser false
05-04 12:13:23.626 13634 13634 D InsetsController: hide(ime(), fromIme=false)
05-04 12:13:23.626 13634 13634 I ImeTracker: com.westlake.host:99db7f3c: onCancelled at PHASE_CLIENT_ALREADY_HIDDEN
05-04 12:13:23.628  3220  3220 I android.hardware.power-service-qti: Power setMode: 5 to: 0
05-04 12:13:23.635  1230  1230 D BaseDepthController: setSurface:
05-04 12:13:23.635  1230  1230 D BaseDepthController: 	mWaitingOnSurfaceValidity: false
05-04 12:13:23.635  1230  1230 D BaseDepthController: 	mSurface: null
05-04 12:13:23.637  1230  1230 D StateManager: goToState - fromState: Normal, toState: Normal, partial trace:
05-04 12:13:23.637  1230  1230 D StateManager: 	at com.android.launcher3.statemanager.StateManager.moveToRestState(StateManager.java:465)
05-04 12:13:23.637  1230  1230 D StateManager: 	at com.android.launcher3.statemanager.StateManager.moveToRestState(StateManager.java:456)
05-04 12:13:23.637  1230  1230 D StateManager: 	at com.android.launcher3.statemanager.StatefulActivity.onStop(StatefulActivity.java:136)
05-04 12:13:23.638  1230  1230 D StatsLog: LAUNCHER_ONSTOP
05-04 12:13:23.639   307 29116 I AppWidgetServiceImpl: setAppWidgetHidden() 0
05-04 12:13:23.642  1650 32677 D ForegroundUtils: Foreground UID status:
05-04 12:13:23.642  1650 32677 D ForegroundUtils: UID: 10130 is in foreground: false
05-04 12:13:23.642  1650 32677 D ForegroundUtils: UID: 10152 is in foreground: false
05-04 12:13:23.642  1650 32677 D ForegroundUtils: UID: 10159 is in foreground: true
05-04 12:13:23.642  1650 32677 D ForegroundUtils: UID: 10173 is in foreground: true
05-04 12:13:23.642  1650 32677 D ForegroundUtils: UID: 10190 is in foreground: true
05-04 12:13:23.642  1650 32677 D ForegroundUtils: UID: 10193 is in foreground: false
05-04 12:13:23.642  1650 32677 D ForegroundUtils: UID: 10218 is in foreground: true
05-04 12:13:23.650  3080 29189 I netd    : tetherGetStats() -> {[]} <2.32ms>
05-04 12:13:23.657   307   780 D BackgroundInstallControlService: Package event received: 0
05-04 12:13:23.901  3220  3220 I android.hardware.power-service-qti: Power setBoost: 0, duration: 0
05-04 12:13:23.904   960  1004 W WindowOnBackDispatcher: sendCancelIfRunning: isInProgress=false callback=android.view.ViewRootImpl$$ExternalSyntheticLambda13@72c9116
05-04 12:13:23.905   307 26097 D CoreBackPreview: Window{189dbd0 u0 Splash Screen com.westlake.host EXITING}: Setting back callback null
05-04 12:13:23.955   960  1004 W FrameTracker: Missing SF jank callback for vsyncId: 93616224, CUJ=J<SPLASHSCREEN_EXIT_ANIM>
05-04 12:13:23.955   960  1004 W FrameTracker: Missing SF jank callback for vsyncId: 93616245, CUJ=J<SPLASHSCREEN_EXIT_ANIM>
05-04 12:13:23.955   960  1004 W FrameTracker: Missing SF jank callback for vsyncId: 93616271, CUJ=J<SPLASHSCREEN_EXIT_ANIM>
05-04 12:13:23.955   960  1004 W FrameTracker: Missing SF jank callback for vsyncId: 93616291, CUJ=J<SPLASHSCREEN_EXIT_ANIM>
05-04 12:13:23.955   960  1004 W FrameTracker: Missing SF jank callback for vsyncId: 93616316, CUJ=J<SPLASHSCREEN_EXIT_ANIM>
05-04 12:13:23.955   960  1004 W FrameTracker: Missing SF jank callback for vsyncId: 93616334, CUJ=J<SPLASHSCREEN_EXIT_ANIM>
05-04 12:13:23.955   960  1004 W FrameTracker: Missing SF jank callback for vsyncId: 93616357, CUJ=J<SPLASHSCREEN_EXIT_ANIM>
05-04 12:13:23.955   960  1004 W FrameTracker: Missing SF jank callback for vsyncId: 93616378, CUJ=J<SPLASHSCREEN_EXIT_ANIM>
05-04 12:13:23.955   960  1004 W FrameTracker: Missing SF jank callback for vsyncId: 93616398, CUJ=J<SPLASHSCREEN_EXIT_ANIM>
05-04 12:13:23.955   960  1004 W FrameTracker: Missing SF jank callback for vsyncId: 93616411, CUJ=J<SPLASHSCREEN_EXIT_ANIM>
05-04 12:13:23.955   960  1004 W FrameTracker: Missing SF jank callback for vsyncId: 93616437, CUJ=J<SPLASHSCREEN_EXIT_ANIM>
05-04 12:13:23.955   960  1004 W FrameTracker: Missing SF jank callback for vsyncId: 93616450, CUJ=J<SPLASHSCREEN_EXIT_ANIM>
05-04 12:13:23.955   960  1004 W FrameTracker: Missing SF jank callback for vsyncId: 93616476, CUJ=J<SPLASHSCREEN_EXIT_ANIM>
05-04 12:13:23.955   960  1004 W FrameTracker: Missing SF jank callback for vsyncId: 93616489, CUJ=J<SPLASHSCREEN_EXIT_ANIM>
05-04 12:13:23.955   960  1004 W FrameTracker: Missing SF jank callback for vsyncId: 93616515, CUJ=J<SPLASHSCREEN_EXIT_ANIM>
05-04 12:13:23.955   960  1004 W FrameTracker: Missing SF jank callback for vsyncId: 93616541, CUJ=J<SPLASHSCREEN_EXIT_ANIM>
05-04 12:13:23.991 13634 13668 W InteractionJankMonitor: Initializing without READ_DEVICE_CONFIG permission. enabled=true, interval=1, missedFrameThreshold=3, frameTimeThreshold=64, package=com.westlake.host
05-04 12:13:24.120 13634 13664 I WestlakeVM: App OAT symlinks: 0 files in /data/local/tmp/westlake/oat/arm64
05-04 12:13:24.521  3704  3747 W HidlServiceManagement: Waited one second for vendor.qti.hardware.cacert@1.0::IService/default
05-04 12:13:24.523   660   660 I hwservicemanager: Since vendor.qti.hardware.cacert@1.0::IService/default is not registered, trying to start it as a lazy HAL (if it's not configured to be a lazy HAL, it may be stuck starting or still starting).
05-04 12:13:24.525  3704  3747 I HidlServiceManagement: getService: Trying again for vendor.qti.hardware.cacert@1.0::IService/default...
05-04 12:13:24.528   660 13682 W libc    : Unable to set property "ctl.interface_start" to "vendor.qti.hardware.cacert@1.0::IService/default": PROP_ERROR_HANDLE_CONTROL_MESSAGE (0x20)
05-04 12:13:24.528   660 13682 I hwservicemanager: Tried to start vendor.qti.hardware.cacert@1.0::IService/default as a lazy service, but was unable to. Usually this happens when a service is not installed, but if the service is intended to be used as a lazy service, then it may be configured incorrectly.
05-04 12:13:24.441     0     0 E init    : Control message: Could not find 'vendor.qti.hardware.cacert@1.0::IService/default' for ctl.interface_start from pid: 660 (/system/system_ext/bin/hwservicemanager)
05-04 12:13:25.525  3704  3747 W HidlServiceManagement: Waited one second for vendor.qti.hardware.cacert@1.0::IService/default
05-04 12:13:25.526   660   660 I hwservicemanager: Since vendor.qti.hardware.cacert@1.0::IService/default is not registered, trying to start it as a lazy HAL (if it's not configured to be a lazy HAL, it may be stuck starting or still starting).
05-04 12:13:25.529  3704  3747 I HidlServiceManagement: getService: Trying again for vendor.qti.hardware.cacert@1.0::IService/default...
05-04 12:13:25.531   660 13683 W libc    : Unable to set property "ctl.interface_start" to "vendor.qti.hardware.cacert@1.0::IService/default": PROP_ERROR_HANDLE_CONTROL_MESSAGE (0x20)
05-04 12:13:25.531   660 13683 I hwservicemanager: Tried to start vendor.qti.hardware.cacert@1.0::IService/default as a lazy service, but was unable to. Usually this happens when a service is not installed, but if the service is intended to be used as a lazy service, then it may be configured incorrectly.
05-04 12:13:25.444     0     0 E init    : Control message: Could not find 'vendor.qti.hardware.cacert@1.0::IService/default' for ctl.interface_start from pid: 660 (/system/system_ext/bin/hwservicemanager)
05-04 12:13:25.606   713  1834 I NxpNciR : len =   4 > 600701A1
05-04 12:13:25.662 13634 13634 I DefaultDispatch: type=1400 audit(0.0:56234): avc:  denied  { setattr } for  name="westlake-launch.properties" dev="sda17" ino=1973264 scontext=u:r:untrusted_app_27:s0:c218,c256,c512,c768 tcontext=u:object_r:shell_data_file:s0 tclass=file permissive=1 app=com.westlake.host
05-04 12:13:25.672 13684 13684 W DefaultDispatch: type=1400 audit(0.0:56235): avc:  granted  { execute } for  name="dalvikvm" dev="sda17" ino=524812 scontext=u:r:untrusted_app_27:s0:c218,c256,c512,c768 tcontext=u:object_r:app_data_file:s0:c218,c256,c512,c768 tclass=file app=com.westlake.host
05-04 12:13:25.672 13684 13684 W DefaultDispatch: type=1400 audit(0.0:56236): avc:  granted  { execute_no_trans } for  path="/data/user/0/com.westlake.host/files/vm/dalvikvm" dev="sda17" ino=524812 scontext=u:r:untrusted_app_27:s0:c218,c256,c512,c768 tcontext=u:object_r:app_data_file:s0:c218,c256,c512,c768 tclass=file app=com.westlake.host
05-04 12:13:25.672 13684 13684 W dalvikvm: type=1400 audit(0.0:56237): avc:  granted  { execute } for  path="/data/user/0/com.westlake.host/files/vm/dalvikvm" dev="sda17" ino=524812 scontext=u:r:untrusted_app_27:s0:c218,c256,c512,c768 tcontext=u:object_r:app_data_file:s0:c218,c256,c512,c768 tclass=file app=com.westlake.host
05-04 12:13:25.677 13634 13685 I WestlakeVM: HTTP bridge started: /data/user/0/com.westlake.host/files/vm/http_bridge
05-04 12:13:25.679 13634 13686 I WestlakeVM: startPipeReader: pipe=true holder=true thread=null
05-04 12:13:25.680 13634 13687 I WestlakeVM: VM: [dalvikvm] Injected mainThreadStackSize=256MB
05-04 12:13:25.680 13634 13689 I WestlakeVM: PIPE READER: started, holder=com.westlake.host.DisplayListFrameView{ab0c04f V.ED..... ........ 0,0-1080,1800}
05-04 12:13:25.681 13634 13687 I WestlakeVM: VM: [dalvikvm] Captured -classpath=/data/local/tmp/westlake/com_github_ashutoshgngwr_noice_classes.dex:/data/local/tmp/westlake/com_github_ashutoshgngwr_noice.apk
05-04 12:13:25.681 13634 13687 I WestlakeVM: VM: [RT-DBG] Locks::Init done, calling InitLogging
05-04 12:13:25.681 13634 13687 I WestlakeVM: VM: [RT-DBG] InitLogging done, calling ParsedOptions::Parse
05-04 12:13:25.686 13634 13687 I WestlakeVM: VM: nullptr I 05-04 23:13:25 13684 13688 parsed_options.cc:701] setting boot class path to /data/local/tmp/westlake/core-oj.jar:/data/local/tmp/westlake/core-libart.jar:/data/local/tmp/westlake/core-icu4j.jar:/data/local/tmp/westlake/bouncycastle.jar:/data/local/tmp/westlake/aosp-shim.dex
05-04 12:13:25.686 13634 13664 I WestlakeVM: Pipe reader started, syncing to DLST magic...
05-04 12:13:25.686 13634 13687 I WestlakeVM: VM: nullptr I 05-04 23:13:25 13684 13688 heap.cc:440] Using CollectorType(2) GC.
05-04 12:13:25.686 13634 13687 I WestlakeVM: VM: [IMG] LoadBootImage entered, image_locations=0
05-04 12:13:25.730 13634 13687 I WestlakeVM: VM: [PFCUT] Standalone runtime forcing JIT/profiling off
05-04 12:13:25.730 13634 13687 I WestlakeVM: VM: nullptr W 05-04 23:13:25 13684 13688 fault_handler.cc:131] FaultHandler: MEMBARRIER_CMD_REGISTER_PRIVATE_EXPEDITED failed: 38 Function not implemented
05-04 12:13:25.731 13634 13687 I WestlakeVM: VM: nullptr W 05-04 23:13:25 13684 13688 dex_file_loader.cc:536] Can't mmap dex file /data/local/tmp/westlake/core-icu4j.jar!classes.dex directly; please zipalign to 4 bytes. Falling back to extracting file.
05-04 12:13:25.741 13634 13687 I WestlakeVM: VM: nullptr W 05-04 23:13:25 13684 13688 class_linker.cc:875] CheckSystemClass: Class mismatch for Ljava/lang/String; (continuing for standalone dex2oat)
05-04 12:13:25.741 13634 13687 I WestlakeVM: VM: nullptr W 05-04 23:13:25 13684 13688 class_linker.cc:878]   c1 (pre-allocated) ptr=0x10cb780 objectSize=0 classSize=784 status=1 numVTable=81 numMethods=0 numSFields=0 numIFields=0
05-04 12:13:25.741 13634 13687 I WestlakeVM: VM: nullptr W 05-04 23:13:25 13684 13688 class_linker.cc:887]   c2 (from DEX)      ptr=0x50d6800 objectSize=0 classSize=808 status=7 numVTable=-1 numMethods=131 numSFields=7 numIFields=2
05-04 12:13:25.741 13634 13687 I WestlakeVM: VM: nullptr W 05-04 23:13:25 13684 13688 class_linker.cc:903]   String root = c2 (0x50d6800, 131 methods)
05-04 12:13:25.745 13634 13687 I WestlakeVM: VM: [RT] Runtime::Start() ENTERED
05-04 12:13:25.745 13634 13687 I WestlakeVM: VM: [RT] Standalone class path open: /data/local/tmp/westlake/com_github_ashutoshgngwr_noice_classes.dex (1 dex)
05-04 12:13:25.807 13634 13687 I WestlakeVM: VM: [RT] Standalone class path open: /data/local/tmp/westlake/com_github_ashutoshgngwr_noice.apk (1 dex)
05-04 12:13:25.808 13634 13687 I WestlakeVM: VM: [RT] Standalone class path ready: 2 dex files
05-04 12:13:25.808 13634 13687 I WestlakeVM: VM: [RT]   TRY_REGISTER(register_java_lang_Throwable) ...
05-04 12:13:25.808 13634 13687 I WestlakeVM: VM: [RT]   TRY_REGISTER(register_java_lang_Throwable) done
05-04 12:13:25.808 13634 13687 I WestlakeVM: VM: [RT]   TRY_REGISTER(register_dalvik_system_DexFile) ...
05-04 12:13:25.809 13634 13687 I WestlakeVM: VM: [RT]   TRY_REGISTER(register_dalvik_system_DexFile) done
05-04 12:13:25.809 13634 13687 I WestlakeVM: VM: [RT]   TRY_REGISTER(register_dalvik_system_BaseDexClassLoader) ...
05-04 12:13:25.809 13634 13687 I WestlakeVM: VM: [RT]   TRY_REGISTER(register_dalvik_system_BaseDexClassLoader) done
05-04 12:13:25.809 13634 13687 I WestlakeVM: VM: [RT]   TRY_REGISTER(register_dalvik_system_VMDebug) ...
05-04 12:13:25.809 13634 13687 I WestlakeVM: VM: [RT]   TRY_REGISTER(register_dalvik_system_VMDebug) done
05-04 12:13:25.809 13634 13687 I WestlakeVM: VM: [RT]   TRY_REGISTER(real_register_dalvik_system_VMRuntime) ...
05-04 12:13:25.809 13634 13687 I WestlakeVM: VM: [jni] Skipping missing native method: getFullGcCount()J
05-04 12:13:25.809 13634 13687 I WestlakeVM: VM: [jni] Skipping missing native method: getFullGcCount()J
05-04 12:13:25.810 13634 13687 I WestlakeVM: VM: nullptr W 05-04 23:13:25 13684 13688 tolerant_native_util.h:41] RegisterNatives: skipping dalvik/system/VMRuntime.getFullGcCount()J (not in JAR)
05-04 12:13:25.810 13634 13687 I WestlakeVM: VM: nullptr I 05-04 23:13:25 13684 13688 tolerant_native_util.h:47] RegisterNatives: dalvik/system/VMRuntime: 48/49 methods registered
05-04 12:13:25.810 13634 13687 I WestlakeVM: VM: [RT]   TRY_REGISTER(real_register_dalvik_system_VMRuntime) done
05-04 12:13:25.810 13634 13687 I WestlakeVM: VM: [RT]   TRY_REGISTER(register_dalvik_system_VMStack) ...
05-04 12:13:25.810 13634 13687 I WestlakeVM: VM: [RT]   TRY_REGISTER(register_dalvik_system_VMStack) done
05-04 12:13:25.811 13634 13687 I WestlakeVM: VM: [RT]   TRY_REGISTER(register_dalvik_system_ZygoteHooks) ...
05-04 12:13:25.811 13634 13687 I WestlakeVM: VM: [RT]   TRY_REGISTER(register_dalvik_system_ZygoteHooks) done
05-04 12:13:25.811 13634 13687 I WestlakeVM: VM: [RT]   TRY_REGISTER(register_java_lang_Class) ...
