05-04 12:13:58.562     0     0 E init    : Control message: Could not find 'vendor.qti.hardware.cacert@1.0::IService/default' for ctl.interface_start from pid: 660 (/system/system_ext/bin/hwservicemanager)
05-04 12:13:59.080 13634 13687 I WestlakeVM: VM: [WestlakeLauncher] WESTLAKE_VIEWTREE_PREDRAW_DISPATCH reason=tick passes=1 views=2 observers=2 globalListeners=0 preDrawListeners=0 preDrawCanceled=0 pumped=0 errors=0
05-04 12:13:59.099 13634 13664 I WestlakeVM: Frame: 42 bytes → View
05-04 12:13:59.646  3704  3747 W HidlServiceManagement: Waited one second for vendor.qti.hardware.cacert@1.0::IService/default
05-04 12:13:59.648   660   660 I hwservicemanager: Since vendor.qti.hardware.cacert@1.0::IService/default is not registered, trying to start it as a lazy HAL (if it's not configured to be a lazy HAL, it may be stuck starting or still starting).
05-04 12:13:59.649  3704  3747 I HidlServiceManagement: getService: Trying again for vendor.qti.hardware.cacert@1.0::IService/default...
05-04 12:13:59.652   660 13730 W libc    : Unable to set property "ctl.interface_start" to "vendor.qti.hardware.cacert@1.0::IService/default": PROP_ERROR_HANDLE_CONTROL_MESSAGE (0x20)
05-04 12:13:59.653   660 13730 I hwservicemanager: Tried to start vendor.qti.hardware.cacert@1.0::IService/default as a lazy service, but was unable to. Usually this happens when a service is not installed, but if the service is intended to be used as a lazy service, then it may be configured incorrectly.
05-04 12:13:59.565     0     0 E init    : Control message: Could not find 'vendor.qti.hardware.cacert@1.0::IService/default' for ctl.interface_start from pid: 660 (/system/system_ext/bin/hwservicemanager)
05-04 12:14:00.180 13634 13687 I WestlakeVM: VM: [WestlakeLauncher] WESTLAKE_VIEWTREE_PREDRAW_DISPATCH reason=tick passes=1 views=2 observers=2 globalListeners=0 preDrawListeners=0 preDrawCanceled=0 pumped=0 errors=0
05-04 12:14:00.197 13634 13664 I WestlakeVM: Frame: 42 bytes → View
05-04 12:14:00.485   713  1834 I NxpNciR : len =   4 > 600701A1
05-04 12:14:00.650  3704  3747 W HidlServiceManagement: Waited one second for vendor.qti.hardware.cacert@1.0::IService/default
05-04 12:14:00.652   660   660 I hwservicemanager: Since vendor.qti.hardware.cacert@1.0::IService/default is not registered, trying to start it as a lazy HAL (if it's not configured to be a lazy HAL, it may be stuck starting or still starting).
05-04 12:14:00.653  3704  3747 I HidlServiceManagement: getService: Trying again for vendor.qti.hardware.cacert@1.0::IService/default...
05-04 12:14:00.658   660 13731 W libc    : Unable to set property "ctl.interface_start" to "vendor.qti.hardware.cacert@1.0::IService/default": PROP_ERROR_HANDLE_CONTROL_MESSAGE (0x20)
05-04 12:14:00.658   660 13731 I hwservicemanager: Tried to start vendor.qti.hardware.cacert@1.0::IService/default as a lazy service, but was unable to. Usually this happens when a service is not installed, but if the service is intended to be used as a lazy service, then it may be configured incorrectly.
05-04 12:14:00.571     0     0 E init    : Control message: Could not find 'vendor.qti.hardware.cacert@1.0::IService/default' for ctl.interface_start from pid: 660 (/system/system_ext/bin/hwservicemanager)
05-04 12:14:00.828     0     0 I QCOM-BATT: pl_fcc_vote_callback: total_fcc_ua=1950000
05-04 12:14:00.828     0     0 I QCOM-BATT: pl_fv_vote_callback: fv_uv=4400000
05-04 12:14:01.185     0     0 E FG      : fg_psy_get_property: unsupported property 79
05-04 12:14:01.281 13634 13687 I WestlakeVM: VM: [WestlakeLauncher] WESTLAKE_VIEWTREE_PREDRAW_DISPATCH reason=tick passes=1 views=2 observers=2 globalListeners=0 preDrawListeners=0 preDrawCanceled=0 pumped=0 errors=0
05-04 12:14:01.194     0     0 E FG      : fg_psy_get_property: unsupported property 79
05-04 12:14:01.200     0     0 W healthd : battery l=100 v=3094 t=22.7 h=2 st=5 c=0 fc=2831000 chg=u
05-04 12:14:01.207     0     0 E FG      : fg_psy_get_property: unsupported property 79
05-04 12:14:01.297 13634 13664 I WestlakeVM: Frame: 42 bytes → View
05-04 12:14:01.654  3704  3747 W HidlServiceManagement: Waited one second for vendor.qti.hardware.cacert@1.0::IService/default
05-04 12:14:01.656   660   660 I hwservicemanager: Since vendor.qti.hardware.cacert@1.0::IService/default is not registered, trying to start it as a lazy HAL (if it's not configured to be a lazy HAL, it may be stuck starting or still starting).
05-04 12:14:01.659  3704  3747 I HidlServiceManagement: getService: Trying again for vendor.qti.hardware.cacert@1.0::IService/default...
05-04 12:14:01.661   660 13732 W libc    : Unable to set property "ctl.interface_start" to "vendor.qti.hardware.cacert@1.0::IService/default": PROP_ERROR_HANDLE_CONTROL_MESSAGE (0x20)
05-04 12:14:01.661   660 13732 I hwservicemanager: Tried to start vendor.qti.hardware.cacert@1.0::IService/default as a lazy service, but was unable to. Usually this happens when a service is not installed, but if the service is intended to be used as a lazy service, then it may be configured incorrectly.
05-04 12:14:01.574     0     0 E init    : Control message: Could not find 'vendor.qti.hardware.cacert@1.0::IService/default' for ctl.interface_start from pid: 660 (/system/system_ext/bin/hwservicemanager)
05-04 12:14:02.381 13634 13687 I WestlakeVM: VM: [WestlakeLauncher] WESTLAKE_VIEWTREE_PREDRAW_DISPATCH reason=tick passes=1 views=2 observers=2 globalListeners=0 preDrawListeners=0 preDrawCanceled=0 pumped=0 errors=0
05-04 12:14:02.397 13634 13664 I WestlakeVM: Frame: 42 bytes → View
05-04 12:14:02.650   713  1834 I NxpNciR : len =   4 > 600701A1
05-04 12:14:02.660  3704  3747 W HidlServiceManagement: Waited one second for vendor.qti.hardware.cacert@1.0::IService/default
05-04 12:14:02.661   660   660 I hwservicemanager: Since vendor.qti.hardware.cacert@1.0::IService/default is not registered, trying to start it as a lazy HAL (if it's not configured to be a lazy HAL, it may be stuck starting or still starting).
05-04 12:14:02.663  3704  3747 I HidlServiceManagement: getService: Trying again for vendor.qti.hardware.cacert@1.0::IService/default...
05-04 12:14:02.666   660 13733 W libc    : Unable to set property "ctl.interface_start" to "vendor.qti.hardware.cacert@1.0::IService/default": PROP_ERROR_HANDLE_CONTROL_MESSAGE (0x20)
05-04 12:14:02.667   660 13733 I hwservicemanager: Tried to start vendor.qti.hardware.cacert@1.0::IService/default as a lazy service, but was unable to. Usually this happens when a service is not installed, but if the service is intended to be used as a lazy service, then it may be configured incorrectly.
05-04 12:14:02.579     0     0 E init    : Control message: Could not find 'vendor.qti.hardware.cacert@1.0::IService/default' for ctl.interface_start from pid: 660 (/system/system_ext/bin/hwservicemanager)
05-04 12:14:03.483 13634 13687 I WestlakeVM: VM: [WestlakeLauncher] WESTLAKE_VIEWTREE_PREDRAW_DISPATCH reason=tick passes=1 views=2 observers=2 globalListeners=0 preDrawListeners=0 preDrawCanceled=0 pumped=0 errors=0
05-04 12:14:03.498 13634 13664 I WestlakeVM: Frame: 42 bytes → View
05-04 12:14:03.663  3704  3747 W HidlServiceManagement: Waited one second for vendor.qti.hardware.cacert@1.0::IService/default
05-04 12:14:03.665   660   660 I hwservicemanager: Since vendor.qti.hardware.cacert@1.0::IService/default is not registered, trying to start it as a lazy HAL (if it's not configured to be a lazy HAL, it may be stuck starting or still starting).
05-04 12:14:03.666  3704  3747 I HidlServiceManagement: getService: Trying again for vendor.qti.hardware.cacert@1.0::IService/default...
05-04 12:14:03.669   660 13734 W libc    : Unable to set property "ctl.interface_start" to "vendor.qti.hardware.cacert@1.0::IService/default": PROP_ERROR_HANDLE_CONTROL_MESSAGE (0x20)
05-04 12:14:03.669   660 13734 I hwservicemanager: Tried to start vendor.qti.hardware.cacert@1.0::IService/default as a lazy service, but was unable to. Usually this happens when a service is not installed, but if the service is intended to be used as a lazy service, then it may be configured incorrectly.
05-04 12:14:03.582     0     0 E init    : Control message: Could not find 'vendor.qti.hardware.cacert@1.0::IService/default' for ctl.interface_start from pid: 660 (/system/system_ext/bin/hwservicemanager)
05-04 12:14:04.582 13634 13687 I WestlakeVM: VM: [WestlakeLauncher] WESTLAKE_VIEWTREE_PREDRAW_DISPATCH reason=tick passes=1 views=2 observers=2 globalListeners=0 preDrawListeners=0 preDrawCanceled=0 pumped=0 errors=0
05-04 12:14:04.601 13634 13664 I WestlakeVM: Frame: 42 bytes → View
05-04 12:14:04.666  3704  3747 W HidlServiceManagement: Waited one second for vendor.qti.hardware.cacert@1.0::IService/default
05-04 12:14:04.666   660   660 I hwservicemanager: Since vendor.qti.hardware.cacert@1.0::IService/default is not registered, trying to start it as a lazy HAL (if it's not configured to be a lazy HAL, it may be stuck starting or still starting).
05-04 12:14:04.667  3704  3747 I HidlServiceManagement: getService: Trying again for vendor.qti.hardware.cacert@1.0::IService/default...
05-04 12:14:04.669   660 13735 W libc    : Unable to set property "ctl.interface_start" to "vendor.qti.hardware.cacert@1.0::IService/default": PROP_ERROR_HANDLE_CONTROL_MESSAGE (0x20)
05-04 12:14:04.669   660 13735 I hwservicemanager: Tried to start vendor.qti.hardware.cacert@1.0::IService/default as a lazy service, but was unable to. Usually this happens when a service is not installed, but if the service is intended to be used as a lazy service, then it may be configured incorrectly.
05-04 12:14:04.582     0     0 E init    : Control message: Could not find 'vendor.qti.hardware.cacert@1.0::IService/default' for ctl.interface_start from pid: 660 (/system/system_ext/bin/hwservicemanager)
05-04 12:14:04.818   713  1834 I NxpNciR : len =   4 > 600701A1
05-04 12:14:05.667  3704  3747 W HidlServiceManagement: Waited one second for vendor.qti.hardware.cacert@1.0::IService/default
05-04 12:14:05.670   660   660 I hwservicemanager: Since vendor.qti.hardware.cacert@1.0::IService/default is not registered, trying to start it as a lazy HAL (if it's not configured to be a lazy HAL, it may be stuck starting or still starting).
05-04 12:14:05.671  3704  3747 I HidlServiceManagement: getService: Trying again for vendor.qti.hardware.cacert@1.0::IService/default...
05-04 12:14:05.588     0     0 E init    : Control message: Could not find 'vendor.qti.hardware.cacert@1.0::IService/default' for ctl.interface_start from pid: 660 (/system/system_ext/bin/hwservicemanager)
05-04 12:14:05.675   660 13736 W libc    : Unable to set property "ctl.interface_start" to "vendor.qti.hardware.cacert@1.0::IService/default": PROP_ERROR_HANDLE_CONTROL_MESSAGE (0x20)
05-04 12:14:05.675   660 13736 I hwservicemanager: Tried to start vendor.qti.hardware.cacert@1.0::IService/default as a lazy service, but was unable to. Usually this happens when a service is not installed, but if the service is intended to be used as a lazy service, then it may be configured incorrectly.
05-04 12:14:05.695 13634 13687 I WestlakeVM: VM: [WestlakeLauncher] WESTLAKE_VIEWTREE_PREDRAW_DISPATCH reason=tick passes=1 views=2 observers=2 globalListeners=0 preDrawListeners=0 preDrawCanceled=0 pumped=0 errors=0
05-04 12:14:05.713 13634 13664 I WestlakeVM: Frame: 42 bytes → View
05-04 12:14:06.672  3704  3747 W HidlServiceManagement: Waited one second for vendor.qti.hardware.cacert@1.0::IService/default
05-04 12:14:06.674   660   660 I hwservicemanager: Since vendor.qti.hardware.cacert@1.0::IService/default is not registered, trying to start it as a lazy HAL (if it's not configured to be a lazy HAL, it may be stuck starting or still starting).
05-04 12:14:06.676  3704  3747 I HidlServiceManagement: getService: Trying again for vendor.qti.hardware.cacert@1.0::IService/default...
05-04 12:14:06.681   660 13737 W libc    : Unable to set property "ctl.interface_start" to "vendor.qti.hardware.cacert@1.0::IService/default": PROP_ERROR_HANDLE_CONTROL_MESSAGE (0x20)
05-04 12:14:06.682   660 13737 I hwservicemanager: Tried to start vendor.qti.hardware.cacert@1.0::IService/default as a lazy service, but was unable to. Usually this happens when a service is not installed, but if the service is intended to be used as a lazy service, then it may be configured incorrectly.
05-04 12:14:06.594     0     0 E init    : Control message: Could not find 'vendor.qti.hardware.cacert@1.0::IService/default' for ctl.interface_start from pid: 660 (/system/system_ext/bin/hwservicemanager)
05-04 12:14:06.797 13634 13687 I WestlakeVM: VM: [WestlakeLauncher] WESTLAKE_VIEWTREE_PREDRAW_DISPATCH reason=tick passes=1 views=2 observers=2 globalListeners=0 preDrawListeners=0 preDrawCanceled=0 pumped=0 errors=0
05-04 12:14:06.814 13634 13664 I WestlakeVM: Frame: 42 bytes → View
05-04 12:14:07.677  3704  3747 W HidlServiceManagement: Waited one second for vendor.qti.hardware.cacert@1.0::IService/default
05-04 12:14:07.678   660   660 I hwservicemanager: Since vendor.qti.hardware.cacert@1.0::IService/default is not registered, trying to start it as a lazy HAL (if it's not configured to be a lazy HAL, it may be stuck starting or still starting).
05-04 12:14:07.680  3704  3747 I HidlServiceManagement: getService: Trying again for vendor.qti.hardware.cacert@1.0::IService/default...
05-04 12:14:07.684   660 13738 W libc    : Unable to set property "ctl.interface_start" to "vendor.qti.hardware.cacert@1.0::IService/default": PROP_ERROR_HANDLE_CONTROL_MESSAGE (0x20)
05-04 12:14:07.597     0     0 E init    : Control message: Could not find 'vendor.qti.hardware.cacert@1.0::IService/default' for ctl.interface_start from pid: 660 (/system/system_ext/bin/hwservicemanager)
05-04 12:14:07.684   660 13738 I hwservicemanager: Tried to start vendor.qti.hardware.cacert@1.0::IService/default as a lazy service, but was unable to. Usually this happens when a service is not installed, but if the service is intended to be used as a lazy service, then it may be configured incorrectly.
05-04 12:14:07.902 13634 13687 I WestlakeVM: VM: [WestlakeLauncher] WESTLAKE_VIEWTREE_PREDRAW_DISPATCH reason=tick passes=1 views=2 observers=2 globalListeners=0 preDrawListeners=0 preDrawCanceled=0 pumped=0 errors=0
05-04 12:14:07.917 13634 13664 I WestlakeVM: Frame: 42 bytes → View
05-04 12:14:07.866     0     0 I QCOM-BATT: pl_fcc_vote_callback: total_fcc_ua=1950000
05-04 12:14:07.866     0     0 I QCOM-BATT: pl_fv_vote_callback: fv_uv=4400000
05-04 12:14:08.227     0     0 E FG      : fg_psy_get_property: unsupported property 79
05-04 12:14:08.235     0     0 E FG      : fg_psy_get_property: unsupported property 79
05-04 12:14:08.241     0     0 W healthd : battery l=100 v=3095 t=22.7 h=2 st=5 c=0 fc=2831000 chg=u
05-04 12:14:08.335  1126  1126 D QtiCarrierConfigHelper: WARNING, no carrier configs on phone Id: 0
05-04 12:14:08.250     0     0 E FG      : fg_psy_get_property: unsupported property 79
05-04 12:14:08.341   960  1373 D PowerUI : can't show warning due to - plugged: true status unknown: false
05-04 12:14:08.680  3704  3747 W HidlServiceManagement: Waited one second for vendor.qti.hardware.cacert@1.0::IService/default
05-04 12:14:08.682   660   660 I hwservicemanager: Since vendor.qti.hardware.cacert@1.0::IService/default is not registered, trying to start it as a lazy HAL (if it's not configured to be a lazy HAL, it may be stuck starting or still starting).
05-04 12:14:08.685  3704  3747 I HidlServiceManagement: getService: Trying again for vendor.qti.hardware.cacert@1.0::IService/default...
05-04 12:14:08.688   660 13739 W libc    : Unable to set property "ctl.interface_start" to "vendor.qti.hardware.cacert@1.0::IService/default": PROP_ERROR_HANDLE_CONTROL_MESSAGE (0x20)
05-04 12:14:08.688   660 13739 I hwservicemanager: Tried to start vendor.qti.hardware.cacert@1.0::IService/default as a lazy service, but was unable to. Usually this happens when a service is not installed, but if the service is intended to be used as a lazy service, then it may be configured incorrectly.
05-04 12:14:08.600     0     0 E init    : Control message: Could not find 'vendor.qti.hardware.cacert@1.0::IService/default' for ctl.interface_start from pid: 660 (/system/system_ext/bin/hwservicemanager)
05-04 12:14:08.999 13634 13687 I WestlakeVM: VM: [WestlakeLauncher] WESTLAKE_VIEWTREE_PREDRAW_DISPATCH reason=tick passes=1 views=2 observers=2 globalListeners=0 preDrawListeners=0 preDrawCanceled=0 pumped=0 errors=0
05-04 12:14:09.017 13634 13664 I WestlakeVM: Frame: 42 bytes → View
05-04 12:14:09.685  3704  3747 W HidlServiceManagement: Waited one second for vendor.qti.hardware.cacert@1.0::IService/default
05-04 12:14:09.687   660   660 I hwservicemanager: Since vendor.qti.hardware.cacert@1.0::IService/default is not registered, trying to start it as a lazy HAL (if it's not configured to be a lazy HAL, it may be stuck starting or still starting).
05-04 12:14:09.690  3704  3747 I HidlServiceManagement: getService: Trying again for vendor.qti.hardware.cacert@1.0::IService/default...
05-04 12:14:09.693   660 13740 W libc    : Unable to set property "ctl.interface_start" to "vendor.qti.hardware.cacert@1.0::IService/default": PROP_ERROR_HANDLE_CONTROL_MESSAGE (0x20)
05-04 12:14:09.693   660 13740 I hwservicemanager: Tried to start vendor.qti.hardware.cacert@1.0::IService/default as a lazy service, but was unable to. Usually this happens when a service is not installed, but if the service is intended to be used as a lazy service, then it may be configured incorrectly.
05-04 12:14:09.604     0     0 E init    : Control message: Could not find 'vendor.qti.hardware.cacert@1.0::IService/default' for ctl.interface_start from pid: 660 (/system/system_ext/bin/hwservicemanager)
05-04 12:14:10.099 13634 13687 I WestlakeVM: VM: [WestlakeLauncher] WESTLAKE_VIEWTREE_PREDRAW_DISPATCH reason=tick passes=1 views=2 observers=2 globalListeners=0 preDrawListeners=0 preDrawCanceled=0 pumped=0 errors=0
05-04 12:14:10.117 13634 13664 I WestlakeVM: Frame: 42 bytes → View
05-04 12:14:10.691  3704  3747 W HidlServiceManagement: Waited one second for vendor.qti.hardware.cacert@1.0::IService/default
05-04 12:14:10.694   660   660 I hwservicemanager: Since vendor.qti.hardware.cacert@1.0::IService/default is not registered, trying to start it as a lazy HAL (if it's not configured to be a lazy HAL, it may be stuck starting or still starting).
05-04 12:14:10.695  3704  3747 I HidlServiceManagement: getService: Trying again for vendor.qti.hardware.cacert@1.0::IService/default...
05-04 12:14:10.698   660 13741 W libc    : Unable to set property "ctl.interface_start" to "vendor.qti.hardware.cacert@1.0::IService/default": PROP_ERROR_HANDLE_CONTROL_MESSAGE (0x20)
05-04 12:14:10.698   660 13741 I hwservicemanager: Tried to start vendor.qti.hardware.cacert@1.0::IService/default as a lazy service, but was unable to. Usually this happens when a service is not installed, but if the service is intended to be used as a lazy service, then it may be configured incorrectly.
05-04 12:14:10.611     0     0 E init    : Control message: Could not find 'vendor.qti.hardware.cacert@1.0::IService/default' for ctl.interface_start from pid: 660 (/system/system_ext/bin/hwservicemanager)
05-04 12:14:11.210 13634 13687 I WestlakeVM: VM: [WestlakeLauncher] WESTLAKE_VIEWTREE_PREDRAW_DISPATCH reason=tick passes=1 views=2 observers=2 globalListeners=0 preDrawListeners=0 preDrawCanceled=0 pumped=0 errors=0
05-04 12:14:11.229 13634 13664 I WestlakeVM: Frame: 42 bytes → View
05-04 12:14:11.401   713  1834 I NxpNciR : len =   4 > 600701A1
05-04 12:14:11.696  3704  3747 W HidlServiceManagement: Waited one second for vendor.qti.hardware.cacert@1.0::IService/default
05-04 12:14:11.698   660   660 I hwservicemanager: Since vendor.qti.hardware.cacert@1.0::IService/default is not registered, trying to start it as a lazy HAL (if it's not configured to be a lazy HAL, it may be stuck starting or still starting).
05-04 12:14:11.699  3704  3747 I HidlServiceManagement: getService: Trying again for vendor.qti.hardware.cacert@1.0::IService/default...
05-04 12:14:11.617     0     0 E init    : Control message: Could not find 'vendor.qti.hardware.cacert@1.0::IService/default' for ctl.interface_start from pid: 660 (/system/system_ext/bin/hwservicemanager)
05-04 12:14:11.705   660 13742 W libc    : Unable to set property "ctl.interface_start" to "vendor.qti.hardware.cacert@1.0::IService/default": PROP_ERROR_HANDLE_CONTROL_MESSAGE (0x20)
05-04 12:14:11.705   660 13742 I hwservicemanager: Tried to start vendor.qti.hardware.cacert@1.0::IService/default as a lazy service, but was unable to. Usually this happens when a service is not installed, but if the service is intended to be used as a lazy service, then it may be configured incorrectly.
05-04 12:14:12.320 13634 13687 I WestlakeVM: VM: [WestlakeLauncher] WESTLAKE_VIEWTREE_PREDRAW_DISPATCH reason=tick passes=1 views=2 observers=2 globalListeners=0 preDrawListeners=0 preDrawCanceled=0 pumped=0 errors=0
05-04 12:14:12.336 13634 13664 I WestlakeVM: Frame: 42 bytes → View
05-04 12:14:12.700  3704  3747 W HidlServiceManagement: Waited one second for vendor.qti.hardware.cacert@1.0::IService/default
05-04 12:14:12.702   660   660 I hwservicemanager: Since vendor.qti.hardware.cacert@1.0::IService/default is not registered, trying to start it as a lazy HAL (if it's not configured to be a lazy HAL, it may be stuck starting or still starting).
05-04 12:14:12.703  3704  3747 I HidlServiceManagement: getService: Trying again for vendor.qti.hardware.cacert@1.0::IService/default...
05-04 12:14:12.708   660 13743 W libc    : Unable to set property "ctl.interface_start" to "vendor.qti.hardware.cacert@1.0::IService/default": PROP_ERROR_HANDLE_CONTROL_MESSAGE (0x20)
05-04 12:14:12.708   660 13743 I hwservicemanager: Tried to start vendor.qti.hardware.cacert@1.0::IService/default as a lazy service, but was unable to. Usually this happens when a service is not installed, but if the service is intended to be used as a lazy service, then it may be configured incorrectly.
05-04 12:14:12.621     0     0 E init    : Control message: Could not find 'vendor.qti.hardware.cacert@1.0::IService/default' for ctl.interface_start from pid: 660 (/system/system_ext/bin/hwservicemanager)
05-04 12:14:13.418 13634 13687 I WestlakeVM: VM: [WestlakeLauncher] WESTLAKE_VIEWTREE_PREDRAW_DISPATCH reason=tick passes=1 views=2 observers=2 globalListeners=0 preDrawListeners=0 preDrawCanceled=0 pumped=0 errors=0
05-04 12:14:13.436 13634 13664 I WestlakeVM: Frame: 42 bytes → View
05-04 12:14:13.704  3704  3747 W HidlServiceManagement: Waited one second for vendor.qti.hardware.cacert@1.0::IService/default
05-04 12:14:13.706   660   660 I hwservicemanager: Since vendor.qti.hardware.cacert@1.0::IService/default is not registered, trying to start it as a lazy HAL (if it's not configured to be a lazy HAL, it may be stuck starting or still starting).
05-04 12:14:13.707  3704  3747 I HidlServiceManagement: getService: Trying again for vendor.qti.hardware.cacert@1.0::IService/default...
05-04 12:14:13.711   660 13744 W libc    : Unable to set property "ctl.interface_start" to "vendor.qti.hardware.cacert@1.0::IService/default": PROP_ERROR_HANDLE_CONTROL_MESSAGE (0x20)
05-04 12:14:13.711   660 13744 I hwservicemanager: Tried to start vendor.qti.hardware.cacert@1.0::IService/default as a lazy service, but was unable to. Usually this happens when a service is not installed, but if the service is intended to be used as a lazy service, then it may be configured incorrectly.
05-04 12:14:13.624     0     0 E init    : Control message: Could not find 'vendor.qti.hardware.cacert@1.0::IService/default' for ctl.interface_start from pid: 660 (/system/system_ext/bin/hwservicemanager)
05-04 12:14:14.520 13634 13687 I WestlakeVM: VM: [WestlakeLauncher] WESTLAKE_VIEWTREE_PREDRAW_DISPATCH reason=tick passes=1 views=2 observers=2 globalListeners=0 preDrawListeners=0 preDrawCanceled=0 pumped=0 errors=0
05-04 12:14:14.537 13634 13664 I WestlakeVM: Frame: 42 bytes → View
05-04 12:14:14.707  3704  3747 W HidlServiceManagement: Waited one second for vendor.qti.hardware.cacert@1.0::IService/default
05-04 12:14:14.709   660   660 I hwservicemanager: Since vendor.qti.hardware.cacert@1.0::IService/default is not registered, trying to start it as a lazy HAL (if it's not configured to be a lazy HAL, it may be stuck starting or still starting).
05-04 12:14:14.710  3704  3747 I HidlServiceManagement: getService: Trying again for vendor.qti.hardware.cacert@1.0::IService/default...
05-04 12:14:14.716   660 13745 W libc    : Unable to set property "ctl.interface_start" to "vendor.qti.hardware.cacert@1.0::IService/default": PROP_ERROR_HANDLE_CONTROL_MESSAGE (0x20)
05-04 12:14:14.717   660 13745 I hwservicemanager: Tried to start vendor.qti.hardware.cacert@1.0::IService/default as a lazy service, but was unable to. Usually this happens when a service is not installed, but if the service is intended to be used as a lazy service, then it may be configured incorrectly.
05-04 12:14:14.629     0     0 E init    : Control message: Could not find 'vendor.qti.hardware.cacert@1.0::IService/default' for ctl.interface_start from pid: 660 (/system/system_ext/bin/hwservicemanager)
05-04 12:14:14.909     0     0 I QCOM-BATT: pl_fcc_vote_callback: total_fcc_ua=1950000
05-04 12:14:14.909     0     0 I QCOM-BATT: pl_fv_vote_callback: fv_uv=4400000
05-04 12:14:15.266     0     0 E FG      : fg_psy_get_property: unsupported property 79
05-04 12:14:15.274     0     0 E FG      : fg_psy_get_property: unsupported property 79
05-04 12:14:15.280     0     0 W healthd : battery l=100 v=3095 t=22.7 h=2 st=5 c=0 fc=2831000 chg=u
05-04 12:14:15.286     0     0 E FG      : fg_psy_get_property: unsupported property 79
05-04 12:14:15.619 13634 13687 I WestlakeVM: VM: [WestlakeLauncher] WESTLAKE_VIEWTREE_PREDRAW_DISPATCH reason=tick passes=1 views=2 observers=2 globalListeners=0 preDrawListeners=0 preDrawCanceled=0 pumped=0 errors=0
05-04 12:14:15.637 13634 13664 I WestlakeVM: Frame: 42 bytes → View
05-04 12:14:15.710  3704  3747 W HidlServiceManagement: Waited one second for vendor.qti.hardware.cacert@1.0::IService/default
05-04 12:14:15.712   660   660 I hwservicemanager: Since vendor.qti.hardware.cacert@1.0::IService/default is not registered, trying to start it as a lazy HAL (if it's not configured to be a lazy HAL, it may be stuck starting or still starting).
05-04 12:14:15.713  3704  3747 I HidlServiceManagement: getService: Trying again for vendor.qti.hardware.cacert@1.0::IService/default...
05-04 12:14:15.716   660 13746 W libc    : Unable to set property "ctl.interface_start" to "vendor.qti.hardware.cacert@1.0::IService/default": PROP_ERROR_HANDLE_CONTROL_MESSAGE (0x20)
05-04 12:14:15.716   660 13746 I hwservicemanager: Tried to start vendor.qti.hardware.cacert@1.0::IService/default as a lazy service, but was unable to. Usually this happens when a service is not installed, but if the service is intended to be used as a lazy service, then it may be configured incorrectly.
05-04 12:14:15.629     0     0 E init    : Control message: Could not find 'vendor.qti.hardware.cacert@1.0::IService/default' for ctl.interface_start from pid: 660 (/system/system_ext/bin/hwservicemanager)
05-04 12:14:15.775   713  1834 I NxpNciR : len =   4 > 600701A1
05-04 12:14:16.713  3704  3747 W HidlServiceManagement: Waited one second for vendor.qti.hardware.cacert@1.0::IService/default
05-04 12:14:16.715   660   660 I hwservicemanager: Since vendor.qti.hardware.cacert@1.0::IService/default is not registered, trying to start it as a lazy HAL (if it's not configured to be a lazy HAL, it may be stuck starting or still starting).
05-04 12:14:16.715  3704  3747 I HidlServiceManagement: getService: Trying again for vendor.qti.hardware.cacert@1.0::IService/default...
05-04 12:14:16.718   660 13747 W libc    : Unable to set property "ctl.interface_start" to "vendor.qti.hardware.cacert@1.0::IService/default": PROP_ERROR_HANDLE_CONTROL_MESSAGE (0x20)
05-04 12:14:16.719   660 13747 I hwservicemanager: Tried to start vendor.qti.hardware.cacert@1.0::IService/default as a lazy service, but was unable to. Usually this happens when a service is not installed, but if the service is intended to be used as a lazy service, then it may be configured incorrectly.
05-04 12:14:16.720 13634 13687 I WestlakeVM: VM: [WestlakeLauncher] WESTLAKE_VIEWTREE_PREDRAW_DISPATCH reason=tick passes=1 views=2 observers=2 globalListeners=0 preDrawListeners=0 preDrawCanceled=0 pumped=0 errors=0
05-04 12:14:16.631     0     0 E init    : Control message: Could not find 'vendor.qti.hardware.cacert@1.0::IService/default' for ctl.interface_start from pid: 660 (/system/system_ext/bin/hwservicemanager)
05-04 12:14:16.737 13634 13664 I WestlakeVM: Frame: 42 bytes → View
05-04 12:14:17.716  3704  3747 W HidlServiceManagement: Waited one second for vendor.qti.hardware.cacert@1.0::IService/default
05-04 12:14:17.718   660   660 I hwservicemanager: Since vendor.qti.hardware.cacert@1.0::IService/default is not registered, trying to start it as a lazy HAL (if it's not configured to be a lazy HAL, it may be stuck starting or still starting).
05-04 12:14:17.719  3704  3747 I HidlServiceManagement: getService: Trying again for vendor.qti.hardware.cacert@1.0::IService/default...
05-04 12:14:17.722   660 13748 W libc    : Unable to set property "ctl.interface_start" to "vendor.qti.hardware.cacert@1.0::IService/default": PROP_ERROR_HANDLE_CONTROL_MESSAGE (0x20)
05-04 12:14:17.722   660 13748 I hwservicemanager: Tried to start vendor.qti.hardware.cacert@1.0::IService/default as a lazy service, but was unable to. Usually this happens when a service is not installed, but if the service is intended to be used as a lazy service, then it may be configured incorrectly.
05-04 12:14:17.635     0     0 E init    : Control message: Could not find 'vendor.qti.hardware.cacert@1.0::IService/default' for ctl.interface_start from pid: 660 (/system/system_ext/bin/hwservicemanager)
05-04 12:14:17.822 13634 13687 I WestlakeVM: VM: [WestlakeLauncher] WESTLAKE_VIEWTREE_PREDRAW_DISPATCH reason=tick passes=1 views=2 observers=2 globalListeners=0 preDrawListeners=0 preDrawCanceled=0 pumped=0 errors=0
05-04 12:14:17.837 13634 13664 I WestlakeVM: Frame: 42 bytes → View
05-04 12:14:17.944   713  1834 I NxpNciR : len =   4 > 600701A1
05-04 12:14:18.222   307   717 E WifiStaIfaceAidlImpl: getCachedScanData failed with service-specific exception: android.os.ServiceSpecificException:  (code 4)
05-04 12:14:18.232  3080 29189 I netd    : tetherGetStats() -> {[]} <3.81ms>
05-04 12:14:18.240  3199  3199 D vendor.qti.bluetooth@1.0-ibs_handler: SerialClockVote: vote for UART CLK ON
05-04 12:14:18.242  3199  3199 D vendor.qti.bluetooth@1.0-wake_lock: Acquire wakelock is acquired 
05-04 12:14:18.242  3199  3199 I vendor.qti.bluetooth@1.0-ibs_handler: DeviceWakeUp: Writing IBS_WAKE_IND
05-04 12:14:18.245  3199  1483 I vendor.qti.bluetooth@1.0-ibs_handler: ProcessIbsCmd: Received IBS_WAKE_ACK: 0xFC
05-04 12:14:18.245  3199  1483 I vendor.qti.bluetooth@1.0-ibs_handler: ProcessIbsCmd: Signal wack_cond_
05-04 12:14:18.246  3199  3199 D vendor.qti.bluetooth@1.0-ibs_handler: DeviceWakeUp: Unblocked from waiting for FC
05-04 12:14:18.246  3199  1483 I vendor.qti.bluetooth@1.0-ibs_handler: ProcessIbsCmd: Received IBS_WAKE_IND: 0xFD
05-04 12:14:18.247  3199  1483 I vendor.qti.bluetooth@1.0-ibs_handler: ProcessIbsCmd: Writing IBS_WAKE_ACK
05-04 12:14:18.287  3199  1483 I vendor.qti.bluetooth@1.0-ibs_handler: ProcessIbsCmd: Received IBS_SLEEP_IND: 0xFE
05-04 12:14:18.720  3704  3747 W HidlServiceManagement: Waited one second for vendor.qti.hardware.cacert@1.0::IService/default
05-04 12:14:18.721   660   660 I hwservicemanager: Since vendor.qti.hardware.cacert@1.0::IService/default is not registered, trying to start it as a lazy HAL (if it's not configured to be a lazy HAL, it may be stuck starting or still starting).
05-04 12:14:18.722  3704  3747 I HidlServiceManagement: getService: Trying again for vendor.qti.hardware.cacert@1.0::IService/default...
05-04 12:14:18.727   660 13749 W libc    : Unable to set property "ctl.interface_start" to "vendor.qti.hardware.cacert@1.0::IService/default": PROP_ERROR_HANDLE_CONTROL_MESSAGE (0x20)
05-04 12:14:18.728   660 13749 I hwservicemanager: Tried to start vendor.qti.hardware.cacert@1.0::IService/default as a lazy service, but was unable to. Usually this happens when a service is not installed, but if the service is intended to be used as a lazy service, then it may be configured incorrectly.
05-04 12:14:18.641     0     0 E init    : Control message: Could not find 'vendor.qti.hardware.cacert@1.0::IService/default' for ctl.interface_start from pid: 660 (/system/system_ext/bin/hwservicemanager)
05-04 12:14:18.927 13634 13687 I WestlakeVM: VM: [WestlakeLauncher] WESTLAKE_VIEWTREE_PREDRAW_DISPATCH reason=tick passes=1 views=2 observers=2 globalListeners=0 preDrawListeners=0 preDrawCanceled=0 pumped=0 errors=0
05-04 12:14:18.945 13634 13664 I WestlakeVM: Frame: 42 bytes → View
05-04 12:14:19.246  3199  1487 I vendor.qti.bluetooth@1.0-ibs_handler: DeviceSleep: TX Awake, Sending SLEEP_IND
05-04 12:14:19.247  3199  1487 D vendor.qti.bluetooth@1.0-ibs_handler: SerialClockVote: vote for UART CLK OFF
05-04 12:14:19.407  3199  1283 D vendor.qti.bluetooth@1.0-wake_lock: Release wakelock is released 
05-04 12:14:19.723  3704  3747 W HidlServiceManagement: Waited one second for vendor.qti.hardware.cacert@1.0::IService/default
05-04 12:14:19.725   660   660 I hwservicemanager: Since vendor.qti.hardware.cacert@1.0::IService/default is not registered, trying to start it as a lazy HAL (if it's not configured to be a lazy HAL, it may be stuck starting or still starting).
05-04 12:14:19.726  3704  3747 I HidlServiceManagement: getService: Trying again for vendor.qti.hardware.cacert@1.0::IService/default...
05-04 12:14:19.730   660 13750 W libc    : Unable to set property "ctl.interface_start" to "vendor.qti.hardware.cacert@1.0::IService/default": PROP_ERROR_HANDLE_CONTROL_MESSAGE (0x20)
05-04 12:14:19.731   660 13750 I hwservicemanager: Tried to start vendor.qti.hardware.cacert@1.0::IService/default as a lazy service, but was unable to. Usually this happens when a service is not installed, but if the service is intended to be used as a lazy service, then it may be configured incorrectly.
05-04 12:14:19.644     0     0 E init    : Control message: Could not find 'vendor.qti.hardware.cacert@1.0::IService/default' for ctl.interface_start from pid: 660 (/system/system_ext/bin/hwservicemanager)
05-04 12:14:20.034 13634 13687 I WestlakeVM: VM: [WestlakeLauncher] WESTLAKE_VIEWTREE_PREDRAW_DISPATCH reason=tick passes=1 views=2 observers=2 globalListeners=0 preDrawListeners=0 preDrawCanceled=0 pumped=0 errors=0
05-04 12:14:20.053 13634 13664 I WestlakeVM: Frame: 42 bytes → View
05-04 12:14:20.112   713  1834 I NxpNciR : len =   4 > 600701A1
05-04 12:14:20.727  3704  3747 W HidlServiceManagement: Waited one second for vendor.qti.hardware.cacert@1.0::IService/default
05-04 12:14:20.729   660   660 I hwservicemanager: Since vendor.qti.hardware.cacert@1.0::IService/default is not registered, trying to start it as a lazy HAL (if it's not configured to be a lazy HAL, it may be stuck starting or still starting).
05-04 12:14:20.730  3704  3747 I HidlServiceManagement: getService: Trying again for vendor.qti.hardware.cacert@1.0::IService/default...
05-04 12:14:20.647     0     0 E init    : Control message: Could not find 'vendor.qti.hardware.cacert@1.0::IService/default' for ctl.interface_start from pid: 660 (/system/system_ext/bin/hwservicemanager)
05-04 12:14:20.735   660 13751 W libc    : Unable to set property "ctl.interface_start" to "vendor.qti.hardware.cacert@1.0::IService/default": PROP_ERROR_HANDLE_CONTROL_MESSAGE (0x20)
05-04 12:14:20.735   660 13751 I hwservicemanager: Tried to start vendor.qti.hardware.cacert@1.0::IService/default as a lazy service, but was unable to. Usually this happens when a service is not installed, but if the service is intended to be used as a lazy service, then it may be configured incorrectly.
05-04 12:14:21.140 13634 13687 I WestlakeVM: VM: [WestlakeLauncher] WESTLAKE_VIEWTREE_PREDRAW_DISPATCH reason=tick passes=1 views=2 observers=2 globalListeners=0 preDrawListeners=0 preDrawCanceled=0 pumped=0 errors=0
05-04 12:14:21.159 13634 13664 I WestlakeVM: Frame: 42 bytes → View
05-04 12:14:21.731  3704  3747 W HidlServiceManagement: Waited one second for vendor.qti.hardware.cacert@1.0::IService/default
05-04 12:14:21.736   660   660 I hwservicemanager: Since vendor.qti.hardware.cacert@1.0::IService/default is not registered, trying to start it as a lazy HAL (if it's not configured to be a lazy HAL, it may be stuck starting or still starting).
05-04 12:14:21.737  3704  3747 I HidlServiceManagement: getService: Trying again for vendor.qti.hardware.cacert@1.0::IService/default...
05-04 12:14:21.654     0     0 E init    : Control message: Could not find 'vendor.qti.hardware.cacert@1.0::IService/default' for ctl.interface_start from pid: 660 (/system/system_ext/bin/hwservicemanager)
05-04 12:14:21.742   660 13752 W libc    : Unable to set property "ctl.interface_start" to "vendor.qti.hardware.cacert@1.0::IService/default": PROP_ERROR_HANDLE_CONTROL_MESSAGE (0x20)
05-04 12:14:21.742   660 13752 I hwservicemanager: Tried to start vendor.qti.hardware.cacert@1.0::IService/default as a lazy service, but was unable to. Usually this happens when a service is not installed, but if the service is intended to be used as a lazy service, then it may be configured incorrectly.
05-04 12:14:21.947     0     0 I QCOM-BATT: pl_fcc_vote_callback: total_fcc_ua=1950000
05-04 12:14:21.947     0     0 I QCOM-BATT: pl_fv_vote_callback: fv_uv=4400000
05-04 12:14:22.242 13634 13687 I WestlakeVM: VM: [WestlakeLauncher] WESTLAKE_VIEWTREE_PREDRAW_DISPATCH reason=tick passes=1 views=2 observers=2 globalListeners=0 preDrawListeners=0 preDrawCanceled=0 pumped=0 errors=0
05-04 12:14:22.258 13634 13664 I WestlakeVM: Frame: 42 bytes → View
05-04 12:14:22.306     0     0 E FG      : fg_psy_get_property: unsupported property 79
05-04 12:14:22.313     0     0 E FG      : fg_psy_get_property: unsupported property 79
05-04 12:14:22.319     0     0 W healthd : battery l=100 v=3095 t=22.7 h=2 st=5 c=0 fc=2831000 chg=u
05-04 12:14:22.325     0     0 E FG      : fg_psy_get_property: unsupported property 79
05-04 12:14:22.738  3704  3747 W HidlServiceManagement: Waited one second for vendor.qti.hardware.cacert@1.0::IService/default
05-04 12:14:22.740   660   660 I hwservicemanager: Since vendor.qti.hardware.cacert@1.0::IService/default is not registered, trying to start it as a lazy HAL (if it's not configured to be a lazy HAL, it may be stuck starting or still starting).
05-04 12:14:22.741  3704  3747 I HidlServiceManagement: getService: Trying again for vendor.qti.hardware.cacert@1.0::IService/default...
05-04 12:14:22.658     0     0 E init    : Control message: Could not find 'vendor.qti.hardware.cacert@1.0::IService/default' for ctl.interface_start from pid: 660 (/system/system_ext/bin/hwservicemanager)
05-04 12:14:22.745   660 13753 W libc    : Unable to set property "ctl.interface_start" to "vendor.qti.hardware.cacert@1.0::IService/default": PROP_ERROR_HANDLE_CONTROL_MESSAGE (0x20)
05-04 12:14:22.745   660 13753 I hwservicemanager: Tried to start vendor.qti.hardware.cacert@1.0::IService/default as a lazy service, but was unable to. Usually this happens when a service is not installed, but if the service is intended to be used as a lazy service, then it may be configured incorrectly.
05-04 12:14:23.354 13634 13687 I WestlakeVM: VM: [WestlakeLauncher] WESTLAKE_VIEWTREE_PREDRAW_DISPATCH reason=tick passes=1 views=2 observers=2 globalListeners=0 preDrawListeners=0 preDrawCanceled=0 pumped=0 errors=0
05-04 12:14:23.371 13634 13664 I WestlakeVM: Frame: 42 bytes → View
05-04 12:14:23.742  3704  3747 W HidlServiceManagement: Waited one second for vendor.qti.hardware.cacert@1.0::IService/default
05-04 12:14:23.743   660   660 I hwservicemanager: Since vendor.qti.hardware.cacert@1.0::IService/default is not registered, trying to start it as a lazy HAL (if it's not configured to be a lazy HAL, it may be stuck starting or still starting).
05-04 12:14:23.745  3704  3747 I HidlServiceManagement: getService: Trying again for vendor.qti.hardware.cacert@1.0::IService/default...
05-04 12:14:23.750   660 13754 W libc    : Unable to set property "ctl.interface_start" to "vendor.qti.hardware.cacert@1.0::IService/default": PROP_ERROR_HANDLE_CONTROL_MESSAGE (0x20)
05-04 12:14:23.750   660 13754 I hwservicemanager: Tried to start vendor.qti.hardware.cacert@1.0::IService/default as a lazy service, but was unable to. Usually this happens when a service is not installed, but if the service is intended to be used as a lazy service, then it may be configured incorrectly.
05-04 12:14:23.663     0     0 E init    : Control message: Could not find 'vendor.qti.hardware.cacert@1.0::IService/default' for ctl.interface_start from pid: 660 (/system/system_ext/bin/hwservicemanager)
05-04 12:14:24.457 13634 13687 I WestlakeVM: VM: [WestlakeLauncher] WESTLAKE_VIEWTREE_PREDRAW_DISPATCH reason=tick passes=1 views=2 observers=2 globalListeners=0 preDrawListeners=0 preDrawCanceled=0 pumped=0 errors=0
05-04 12:14:24.475 13634 13664 I WestlakeVM: Frame: 42 bytes → View
05-04 12:14:24.492   713  1834 I NxpNciR : len =   4 > 600701A1
05-04 12:14:24.746  3704  3747 W HidlServiceManagement: Waited one second for vendor.qti.hardware.cacert@1.0::IService/default
05-04 12:14:24.747   660   660 I hwservicemanager: Since vendor.qti.hardware.cacert@1.0::IService/default is not registered, trying to start it as a lazy HAL (if it's not configured to be a lazy HAL, it may be stuck starting or still starting).
05-04 12:14:24.749  3704  3747 I HidlServiceManagement: getService: Trying again for vendor.qti.hardware.cacert@1.0::IService/default...
05-04 12:14:24.754   660 13755 W libc    : Unable to set property "ctl.interface_start" to "vendor.qti.hardware.cacert@1.0::IService/default": PROP_ERROR_HANDLE_CONTROL_MESSAGE (0x20)
05-04 12:14:24.666     0     0 E init    : Control message: Could not find 'vendor.qti.hardware.cacert@1.0::IService/default' for ctl.interface_start from pid: 660 (/system/system_ext/bin/hwservicemanager)
05-04 12:14:24.754   660 13755 I hwservicemanager: Tried to start vendor.qti.hardware.cacert@1.0::IService/default as a lazy service, but was unable to. Usually this happens when a service is not installed, but if the service is intended to be used as a lazy service, then it may be configured incorrectly.
05-04 12:14:25.559 13634 13687 I WestlakeVM: VM: [WestlakeLauncher] WESTLAKE_VIEWTREE_PREDRAW_DISPATCH reason=tick passes=1 views=2 observers=2 globalListeners=0 preDrawListeners=0 preDrawCanceled=0 pumped=0 errors=0
05-04 12:14:25.577 13634 13664 I WestlakeVM: Frame: 42 bytes → View
05-04 12:14:25.749  3704  3747 W HidlServiceManagement: Waited one second for vendor.qti.hardware.cacert@1.0::IService/default
05-04 12:14:25.751   660   660 I hwservicemanager: Since vendor.qti.hardware.cacert@1.0::IService/default is not registered, trying to start it as a lazy HAL (if it's not configured to be a lazy HAL, it may be stuck starting or still starting).
05-04 12:14:25.753  3704  3747 I HidlServiceManagement: getService: Trying again for vendor.qti.hardware.cacert@1.0::IService/default...
05-04 12:14:25.756   660 13756 W libc    : Unable to set property "ctl.interface_start" to "vendor.qti.hardware.cacert@1.0::IService/default": PROP_ERROR_HANDLE_CONTROL_MESSAGE (0x20)
05-04 12:14:25.756   660 13756 I hwservicemanager: Tried to start vendor.qti.hardware.cacert@1.0::IService/default as a lazy service, but was unable to. Usually this happens when a service is not installed, but if the service is intended to be used as a lazy service, then it may be configured incorrectly.
05-04 12:14:25.669     0     0 E init    : Control message: Could not find 'vendor.qti.hardware.cacert@1.0::IService/default' for ctl.interface_start from pid: 660 (/system/system_ext/bin/hwservicemanager)
05-04 12:14:26.658   713  1834 I NxpNciR : len =   4 > 600701A1
05-04 12:14:26.658 13634 13687 I WestlakeVM: VM: [WestlakeLauncher] WESTLAKE_VIEWTREE_PREDRAW_DISPATCH reason=tick passes=1 views=2 observers=2 globalListeners=0 preDrawListeners=0 preDrawCanceled=0 pumped=0 errors=0
05-04 12:14:26.676 13634 13664 I WestlakeVM: Frame: 42 bytes → View
05-04 12:14:26.753  3704  3747 W HidlServiceManagement: Waited one second for vendor.qti.hardware.cacert@1.0::IService/default
05-04 12:14:26.755   660   660 I hwservicemanager: Since vendor.qti.hardware.cacert@1.0::IService/default is not registered, trying to start it as a lazy HAL (if it's not configured to be a lazy HAL, it may be stuck starting or still starting).
05-04 12:14:26.756  3704  3747 I HidlServiceManagement: getService: Trying again for vendor.qti.hardware.cacert@1.0::IService/default...
05-04 12:14:26.761   660 13757 W libc    : Unable to set property "ctl.interface_start" to "vendor.qti.hardware.cacert@1.0::IService/default": PROP_ERROR_HANDLE_CONTROL_MESSAGE (0x20)
05-04 12:14:26.761   660 13757 I hwservicemanager: Tried to start vendor.qti.hardware.cacert@1.0::IService/default as a lazy service, but was unable to. Usually this happens when a service is not installed, but if the service is intended to be used as a lazy service, then it may be configured incorrectly.
05-04 12:14:26.674     0     0 E init    : Control message: Could not find 'vendor.qti.hardware.cacert@1.0::IService/default' for ctl.interface_start from pid: 660 (/system/system_ext/bin/hwservicemanager)
05-04 12:14:27.756  3704  3747 W HidlServiceManagement: Waited one second for vendor.qti.hardware.cacert@1.0::IService/default
05-04 12:14:27.757   660   660 I hwservicemanager: Since vendor.qti.hardware.cacert@1.0::IService/default is not registered, trying to start it as a lazy HAL (if it's not configured to be a lazy HAL, it may be stuck starting or still starting).
05-04 12:14:27.758  3704  3747 I HidlServiceManagement: getService: Trying again for vendor.qti.hardware.cacert@1.0::IService/default...
05-04 12:14:27.759 13634 13687 I WestlakeVM: VM: [WestlakeLauncher] WESTLAKE_VIEWTREE_PREDRAW_DISPATCH reason=tick passes=1 views=2 observers=2 globalListeners=0 preDrawListeners=0 preDrawCanceled=0 pumped=0 errors=0
05-04 12:14:27.762   660 13758 W libc    : Unable to set property "ctl.interface_start" to "vendor.qti.hardware.cacert@1.0::IService/default": PROP_ERROR_HANDLE_CONTROL_MESSAGE (0x20)
05-04 12:14:27.762   660 13758 I hwservicemanager: Tried to start vendor.qti.hardware.cacert@1.0::IService/default as a lazy service, but was unable to. Usually this happens when a service is not installed, but if the service is intended to be used as a lazy service, then it may be configured incorrectly.
05-04 12:14:27.674     0     0 E init    : Control message: Could not find 'vendor.qti.hardware.cacert@1.0::IService/default' for ctl.interface_start from pid: 660 (/system/system_ext/bin/hwservicemanager)
05-04 12:14:27.777 13634 13664 I WestlakeVM: Frame: 42 bytes → View
05-04 12:14:28.759  3704  3747 W HidlServiceManagement: Waited one second for vendor.qti.hardware.cacert@1.0::IService/default
05-04 12:14:28.762   660   660 I hwservicemanager: Since vendor.qti.hardware.cacert@1.0::IService/default is not registered, trying to start it as a lazy HAL (if it's not configured to be a lazy HAL, it may be stuck starting or still starting).
05-04 12:14:28.763  3704  3747 I HidlServiceManagement: getService: Trying again for vendor.qti.hardware.cacert@1.0::IService/default...
05-04 12:14:28.768   660 13759 W libc    : Unable to set property "ctl.interface_start" to "vendor.qti.hardware.cacert@1.0::IService/default": PROP_ERROR_HANDLE_CONTROL_MESSAGE (0x20)
05-04 12:14:28.768   660 13759 I hwservicemanager: Tried to start vendor.qti.hardware.cacert@1.0::IService/default as a lazy service, but was unable to. Usually this happens when a service is not installed, but if the service is intended to be used as a lazy service, then it may be configured incorrectly.
05-04 12:14:28.681     0     0 E init    : Control message: Could not find 'vendor.qti.hardware.cacert@1.0::IService/default' for ctl.interface_start from pid: 660 (/system/system_ext/bin/hwservicemanager)
05-04 12:14:28.828   713  1834 I NxpNciR : len =   4 > 600701A1
05-04 12:14:28.862 13634 13687 I WestlakeVM: VM: [WestlakeLauncher] WESTLAKE_VIEWTREE_PREDRAW_DISPATCH reason=tick passes=1 views=2 observers=2 globalListeners=0 preDrawListeners=0 preDrawCanceled=0 pumped=0 errors=0
05-04 12:14:28.878 13634 13664 I WestlakeVM: Frame: 42 bytes → View
05-04 12:14:28.987     0     0 I QCOM-BATT: pl_fcc_vote_callback: total_fcc_ua=1950000
05-04 12:14:28.987     0     0 I QCOM-BATT: pl_fv_vote_callback: fv_uv=4400000
05-04 12:14:29.347     0     0 E FG      : fg_psy_get_property: unsupported property 79
05-04 12:14:29.355     0     0 E FG      : fg_psy_get_property: unsupported property 79
05-04 12:14:29.362     0     0 W healthd : battery l=100 v=3095 t=22.7 h=2 st=5 c=0 fc=2831000 chg=u
05-04 12:14:29.368     0     0 E FG      : fg_psy_get_property: unsupported property 79
05-04 12:14:29.764  3704  3747 W HidlServiceManagement: Waited one second for vendor.qti.hardware.cacert@1.0::IService/default
05-04 12:14:29.766   660   660 I hwservicemanager: Since vendor.qti.hardware.cacert@1.0::IService/default is not registered, trying to start it as a lazy HAL (if it's not configured to be a lazy HAL, it may be stuck starting or still starting).
05-04 12:14:29.769  3704  3747 I HidlServiceManagement: getService: Trying again for vendor.qti.hardware.cacert@1.0::IService/default...
