05-04 12:13:26.204 13634 13687 I WestlakeVM: VM: [PFCUT] System.arraycopy intrinsic src=[B dst=[B srcPos=0 dstPos=0 count=16
05-04 12:13:26.206 13634 13687 I WestlakeVM: VM: [PFCUT] InterpreterJni jdk.Unsafe CAS ref target=0x51541f0 offset=136 current=0 expected=0 new=0x514b580 success=1 array_index=31
05-04 12:13:26.206 13634 13687 I WestlakeVM: VM: [PFCUT] InterpreterJni jdk.Unsafe CAS long target=0x5146280 offset=40 current=12 expected=12 new=13 success=1
05-04 12:13:26.206 13634 13687 I WestlakeVM: VM: [PFCUT] Class.newInstance intrinsic class=java.lang.Class<com.android.org.conscrypt.OpenSSLProvider> ctor=void com.android.org.conscrypt.OpenSSLProvider.<init>()
05-04 12:13:26.207 13634 13687 I WestlakeVM: VM: [PFCUT] InterpreterJni jdk.Unsafe CAS int target=0x51463c0 offset=52 current=16 expected=16 new=-1 success=1
05-04 12:13:26.208 13634 13687 I WestlakeVM: VM: [PFCUT] InterpreterJni jdk.Unsafe CAS ref target=0x514f290 offset=60 current=0 expected=0 new=0x514b598 success=1 array_index=12
05-04 12:13:26.208 13634 13687 I WestlakeVM: VM: [PFCUT] InterpreterJni jdk.Unsafe CAS long target=0x51463c0 offset=40 current=0 expected=0 new=1 success=1
05-04 12:13:26.208 13634 13687 I WestlakeVM: VM: [PFCUT] System.arraycopy intrinsic src=[C dst=[C srcPos=19 dstPos=0 count=1
05-04 12:13:26.209 13634 13687 I WestlakeVM: VM: [PFCUT] InterpreterJni jdk.Unsafe CAS ref target=0x514f290 offset=28 current=0 expected=0 new=0x514b5c8 success=1 array_index=4
05-04 12:13:26.209 13634 13687 I WestlakeVM: VM: [PFCUT] InterpreterJni jdk.Unsafe CAS long target=0x51463c0 offset=40 current=1 expected=1 new=2 success=1
05-04 12:13:26.209 13634 13687 I WestlakeVM: VM: [PFCUT] InterpreterJni jdk.Unsafe CAS ref target=0x514f290 offset=56 current=0 expected=0 new=0x514b5e0 success=1 array_index=11
05-04 12:13:26.209 13634 13687 I WestlakeVM: VM: [PFCUT] InterpreterJni jdk.Unsafe CAS long target=0x51463c0 offset=40 current=2 expected=2 new=3 success=1
05-04 12:13:26.210 13634 13687 I WestlakeVM: VM: [PFCUT] InterpreterJni jdk.Unsafe CAS ref target=0x514f290 offset=36 current=0 expected=0 new=0x514b5f8 success=1 array_index=6
05-04 12:13:26.210 13634 13687 I WestlakeVM: VM: [PFCUT] InterpreterJni jdk.Unsafe CAS long target=0x51463c0 offset=40 current=3 expected=3 new=4 success=1
05-04 12:13:26.210 13634 13687 I WestlakeVM: VM: [PFCUT] System.arraycopy intrinsic src=[B dst=[B srcPos=0 dstPos=0 count=16
05-04 12:13:26.210 13634 13687 I WestlakeVM: VM: [PFCUT] System.arraycopy intrinsic src=[B dst=[B srcPos=0 dstPos=0 count=34
05-04 12:13:26.211 13634 13687 I WestlakeVM: VM: [PFCUT] InterpreterJni jdk.Unsafe CAS ref target=0x514f290 offset=16 current=0 expected=0 new=0x514b628 success=1 array_index=1
05-04 12:13:26.212 13634 13687 I WestlakeVM: VM: [PFCUT] InterpreterJni jdk.Unsafe CAS long target=0x51463c0 offset=40 current=4 expected=4 new=5 success=1
05-04 12:13:26.212 13634 13687 I WestlakeVM: VM: [PFCUT] System.arraycopy intrinsic src=[B dst=[B srcPos=0 dstPos=0 count=16
05-04 12:13:26.212 13634 13687 I WestlakeVM: VM: [PFCUT] System.arraycopy intrinsic src=[B dst=[B srcPos=0 dstPos=0 count=34
05-04 12:13:26.213 13634 13687 I WestlakeVM: VM: [PFCUT] InterpreterJni jdk.Unsafe CAS ref target=0x514f290 offset=44 current=0 expected=0 new=0x514b670 success=1 array_index=8
05-04 12:13:26.213 13634 13687 I WestlakeVM: VM: [PFCUT] InterpreterJni jdk.Unsafe CAS long target=0x51463c0 offset=40 current=5 expected=5 new=6 success=1
05-04 12:13:26.214 13634 13687 I WestlakeVM: VM: [PFCUT] System.arraycopy intrinsic src=[B dst=[B srcPos=0 dstPos=0 count=16
05-04 12:13:26.214 13634 13687 I WestlakeVM: VM: [PFCUT] System.arraycopy intrinsic src=[B dst=[B srcPos=0 dstPos=0 count=34
05-04 12:13:26.215 13634 13687 I WestlakeVM: VM: [PFCUT] InterpreterJni jdk.Unsafe CAS long target=0x51463c0 offset=40 current=6 expected=6 new=7 success=1
05-04 12:13:26.215 13634 13687 I WestlakeVM: VM: [PFCUT] System.arraycopy intrinsic src=[B dst=[B srcPos=0 dstPos=0 count=16
05-04 12:13:26.216 13634 13687 I WestlakeVM: VM: [PFCUT] System.arraycopy intrinsic src=[B dst=[B srcPos=0 dstPos=0 count=34
05-04 12:13:26.217 13634 13687 I WestlakeVM: VM: [PFCUT] InterpreterJni jdk.Unsafe CAS long target=0x51463c0 offset=40 current=7 expected=7 new=8 success=1
05-04 12:13:26.217 13634 13687 I WestlakeVM: VM: [PFCUT] System.arraycopy intrinsic src=[B dst=[B srcPos=0 dstPos=0 count=16
05-04 12:13:26.218 13634 13687 I WestlakeVM: VM: [PFCUT] System.arraycopy intrinsic src=[B dst=[B srcPos=0 dstPos=0 count=34
05-04 12:13:26.219 13634 13687 I WestlakeVM: VM: [PFCUT] InterpreterJni jdk.Unsafe CAS ref target=0x514f290 offset=48 current=0 expected=0 new=0x514b718 success=1 array_index=9
05-04 12:13:26.219 13634 13687 I WestlakeVM: VM: [PFCUT] InterpreterJni jdk.Unsafe CAS long target=0x51463c0 offset=40 current=8 expected=8 new=9 success=1
05-04 12:13:26.219 13634 13687 I WestlakeVM: VM: [PFCUT] System.arraycopy intrinsic src=[B dst=[B srcPos=0 dstPos=0 count=16
05-04 12:13:26.219 13634 13687 I WestlakeVM: VM: [PFCUT] System.arraycopy intrinsic src=[B dst=[B srcPos=0 dstPos=0 count=34
05-04 12:13:26.220 13634 13687 I WestlakeVM: VM: [PFCUT] InterpreterJni jdk.Unsafe CAS ref target=0x514f290 offset=12 current=0 expected=0 new=0x514b748 success=1 array_index=0
05-04 12:13:26.221 13634 13687 I WestlakeVM: VM: [PFCUT] InterpreterJni jdk.Unsafe CAS long target=0x51463c0 offset=40 current=9 expected=9 new=10 success=1
05-04 12:13:26.221 13634 13687 I WestlakeVM: VM: [PFCUT] Class.newInstance intrinsic class=java.lang.Class<sun.security.provider.CertPathProvider> ctor=void sun.security.provider.CertPathProvider.<init>()
05-04 12:13:26.221 13634 13687 I WestlakeVM: VM: [PFCUT] Throwable.nativeFillInStackTrace noop
05-04 12:13:26.221 13634 13687 I WestlakeVM: VM: nullptr W 05-04 23:13:26 13684 13690 class_linker.cc:6687] Tolerating clinit failure for Lsun/security/jca/Providers;: java.lang.ArrayStoreException: java.lang.String cannot be stored in an array of type java.lang.String[]
05-04 12:13:26.222 13634 13687 I WestlakeVM: VM: nullptr W 05-04 23:13:26 13684 13690 class_linker.cc:6687] (Throwable with no stack trace)
05-04 12:13:26.222 13634 13687 I WestlakeVM: VM: nullptr W 05-04 23:13:26 13684 13690 class_linker.cc:6687] 
05-04 12:13:26.223 13634 13687 I WestlakeVM: VM: [PFCUT] System.arraycopy intrinsic src=[Lsun/security/jca/ProviderConfig; dst=[Ljava/lang/Object; srcPos=0 dstPos=0 count=2
05-04 12:13:26.224 13634 13687 I WestlakeVM: VM: [PFCUT] System.arraycopy intrinsic src=[Ljava/lang/Object; dst=[Ljava/lang/Object; srcPos=0 dstPos=0 count=2
05-04 12:13:26.224 13634 13687 I WestlakeVM: VM: [PFCUT] System.arraycopy intrinsic src=[Ljava/lang/Object; dst=[Ljava/lang/Object; srcPos=0 dstPos=1 count=2
05-04 12:13:26.224 13634 13687 I WestlakeVM: VM: [PFCUT] System.arraycopy intrinsic src=[Ljava/lang/Object; dst=[Lsun/security/jca/ProviderConfig; srcPos=0 dstPos=0 count=3
05-04 12:13:26.224 13634 13687 I WestlakeVM: VM: [PFCUT] AtomicInteger.incrementAndGet intrinsic current=0
05-04 12:13:26.226 13634 13687 I WestlakeVM: VM: [PFCUT] System.arraycopy intrinsic src=[B dst=[B srcPos=0 dstPos=0 count=16
05-04 12:13:26.227 13634 13687 I WestlakeVM: VM: [PFCUT] InterpreterJni jdk.Unsafe CAS int target=0x5146100 offset=52 current=0 expected=0 new=-1 success=1
05-04 12:13:26.227 13634 13687 I WestlakeVM: VM: [PFCUT] InterpreterJni jdk.Unsafe CAS ref target=0x514f330 offset=60 current=0 expected=0 new=0x514b838 success=1 array_index=12
05-04 12:13:26.227 13634 13687 I WestlakeVM: VM: [PFCUT] InterpreterJni jdk.Unsafe CAS long target=0x5146100 offset=40 current=0 expected=0 new=1 success=1
05-04 12:13:26.233 13634 13687 I WestlakeVM: VM: [PFCUT] Throwable.nativeFillInStackTrace noop
05-04 12:13:26.233 13634 13687 I WestlakeVM: VM: [PFCUT] System.arraycopy intrinsic src=[B dst=[B srcPos=0 dstPos=0 count=16
05-04 12:13:26.239 13634 13687 I WestlakeVM: VM: [PFCUT] System.arraycopy intrinsic src=[B dst=[B srcPos=0 dstPos=0 count=34
05-04 12:13:26.251 13634 13687 I WestlakeVM: VM: [PFCUT] System.arraycopy intrinsic src=[B dst=[B srcPos=0 dstPos=0 count=70
05-04 12:13:26.252 13634 13687 I WestlakeVM: VM: WESTLAKE_SECURITY_SHA256_FAIL err=java.lang.ArrayStoreException msg=java.lang.String_cannot_be_stored_in_an_array_of_type_java.lang.String__
05-04 12:13:26.252 13634 13687 I WestlakeVM: VM: Hidden API exemption step skipped on standalone guest
05-04 12:13:26.253 13634 13687 I WestlakeVM: VM: Real runtime probe skipped on standalone guest
05-04 12:13:26.253 13634 13687 I WestlakeVM: VM: Framework stubs pre-registered by runtime
05-04 12:13:26.254 13634 13687 I WestlakeVM: VM: [dalvikvm] prime cutoff canary launch
05-04 12:13:26.267 13634 13687 I WestlakeVM: VM: [PFCUT] System.arraycopy intrinsic src=[B dst=[B srcPos=0 dstPos=0 count=16
05-04 12:13:26.267 13634 13687 I WestlakeVM: VM: [PFCUT] System.arraycopy intrinsic src=[B dst=[B srcPos=0 dstPos=0 count=34
05-04 12:13:26.268 13634 13687 I WestlakeVM: VM: [PFCUT] System.arraycopy intrinsic src=[B dst=[B srcPos=0 dstPos=0 count=70
05-04 12:13:26.268 13634 13687 I WestlakeVM: VM: System.log(E): Ignoring attempt to set property "westlake.apk.path" to value "/data/local/tmp/westlake/com_github_ashutoshgngwr_noice.apk".
05-04 12:13:26.271 13634 13687 I WestlakeVM: VM: [PFCUT] System.arraycopy intrinsic src=[B dst=[B srcPos=0 dstPos=0 count=16
05-04 12:13:26.272 13634 13687 I WestlakeVM: VM: [PFCUT] System.arraycopy intrinsic src=[B dst=[B srcPos=0 dstPos=0 count=34
05-04 12:13:26.272 13634 13687 I WestlakeVM: VM: [PFCUT] System.arraycopy intrinsic src=[B dst=[B srcPos=0 dstPos=0 count=70
05-04 12:13:26.273 13634 13687 I WestlakeVM: VM: System.log(E): Ignoring attempt to set property "westlake.apk.resdir" to value "/data/local/tmp/westlake/com_github_ashutoshgngwr_noice_res".
05-04 12:13:26.275 13634 13687 I WestlakeVM: VM: [PFCUT] Class.getDeclaredField intrinsic hit class=java.lang.ClassLoader name=packages
05-04 12:13:26.276 13634 13687 I WestlakeVM: VM: [PFCUT] System.arraycopy intrinsic src=[B dst=[B srcPos=0 dstPos=0 count=16
05-04 12:13:26.277 13634 13687 I WestlakeVM: VM: [PFCUT] System.arraycopy intrinsic src=[B dst=[B srcPos=0 dstPos=0 count=53
05-04 12:13:26.277 13634 13687 I WestlakeVM: VM: [WestlakeLauncher] Repaired ClassLoader packages for dalvik.system.PathClassLoader
05-04 12:13:26.277 13634 13687 I WestlakeVM: VM: [PFCUT] Class.getDeclaredField intrinsic hit class=java.lang.ClassLoader name=packages
05-04 12:13:26.278 13634 13687 I WestlakeVM: VM: [PFCUT] System.arraycopy intrinsic src=[B dst=[B srcPos=0 dstPos=0 count=16
05-04 12:13:26.279 13634 13687 I WestlakeVM: VM: [PFCUT] System.arraycopy intrinsic src=[B dst=[B srcPos=0 dstPos=0 count=53
05-04 12:13:26.279 13634 13687 I WestlakeVM: VM: [WestlakeLauncher] Repaired ClassLoader packages for java.lang.BootClassLoader
05-04 12:13:26.281 13634 13687 I WestlakeVM: VM: Starting on OHOS + ART ...
05-04 12:13:26.281 13634 13687 I WestlakeVM: VM: APK:
05-04 12:13:26.281 13634 13687 I WestlakeVM: VM: /data/local/tmp/westlake/com_github_ashutoshgngwr_noice.apk
05-04 12:13:26.282 13634 13687 I WestlakeVM: VM: Activity:
05-04 12:13:26.282 13634 13687 I WestlakeVM: VM: com.github.ashutoshgngwr.noice.activity.MainActivity
05-04 12:13:26.282 13634 13687 I WestlakeVM: VM: Package:
05-04 12:13:26.282 13634 13687 I WestlakeVM: VM: com.github.ashutoshgngwr.noice
05-04 12:13:26.282 13634 13687 I WestlakeVM: VM: Backend mode:
05-04 12:13:26.282 13634 13687 I WestlakeVM: VM: target_ohos_backend
05-04 12:13:26.283 13634 13687 I WestlakeVM: VM: Framework policy:
05-04 12:13:26.283 13634 13687 I WestlakeVM: VM: westlake_only
05-04 12:13:26.283 13634 13687 I WestlakeVM: VM: Real context bootstrap skipped on standalone guest
05-04 12:13:26.498 13634 13687 I WestlakeVM: VM: [PFCUT] System.arraycopy intrinsic src=[B dst=[B srcPos=0 dstPos=0 count=16
05-04 12:13:26.499 13634 13687 I WestlakeVM: VM: [PFCUT] System.arraycopy intrinsic src=[B dst=[B srcPos=0 dstPos=0 count=57
05-04 12:13:26.499 13634 13687 I WestlakeVM: VM: Manifest: com.github.ashutoshgngwr.noice.NoiceApplication (8 activities, 1 providers)
05-04 12:13:26.500 13634 13687 I WestlakeVM: VM: OHBridge bootstrap deferred on standalone guest
05-04 12:13:26.500 13634 13687 I WestlakeVM: VM: Aux native loads deferred on standalone guest
05-04 12:13:26.500 13634 13687 I WestlakeVM: VM: Bootstrap prop refresh deferred on standalone guest
05-04 12:13:26.500 13634 13687 I WestlakeVM: VM: MiniServer init begin
05-04 12:13:26.505 13634 13687 I WestlakeVM: VM: MiniServer init returned
05-04 12:13:26.506 13634 13687 I WestlakeVM: VM: MiniServer activityManager ready
05-04 12:13:26.506 13634 13687 I WestlakeVM: VM: MiniServer initialized
05-04 12:13:26.506 13634 13687 I WestlakeVM: VM: [PFCUT] System.arraycopy intrinsic src=[B dst=[B srcPos=0 dstPos=0 count=16
05-04 12:13:26.507 13634 13687 I WestlakeVM: VM: [PFCUT] System.arraycopy intrinsic src=[B dst=[B srcPos=0 dstPos=0 count=46
05-04 12:13:26.507 13634 13687 I WestlakeVM: VM: [WestlakeLauncher] Application from manifest: com.github.ashutoshgngwr.noice.NoiceApplication
05-04 12:13:26.509 13634 13687 I WestlakeVM: VM: [PFCUT] Class.getDeclaredField intrinsic hit class=java.lang.ClassLoader name=packages
05-04 12:13:26.509 13634 13687 I WestlakeVM: VM: [PFCUT] Class.getDeclaredField intrinsic hit class=java.lang.ClassLoader name=packages
05-04 12:13:26.512 13634 13687 I WestlakeVM: VM: [PFCUT] InterpreterJni jdk.Unsafe CAS ref target=0x5120380 offset=32 current=0 expected=0 new=0x51643d0 success=1 array_index=5
05-04 12:13:26.512 13634 13687 I WestlakeVM: VM: [PFCUT] InterpreterJni jdk.Unsafe CAS long target=0x511f2c0 offset=40 current=2 expected=2 new=3 success=1
05-04 12:13:26.513 13634 13687 I WestlakeVM: VM: [PFCUT] InterpreterJni jdk.Unsafe CAS long target=0x511f2c0 offset=40 current=3 expected=3 new=4 success=1
05-04 12:13:26.515 13634 13687 I WestlakeVM: VM: [PFCUT] InterpreterJni jdk.Unsafe CAS ref target=0x5120380 offset=12 current=0 expected=0 new=0x5164418 success=1 array_index=0
05-04 12:13:26.515 13634 13687 I WestlakeVM: VM: [PFCUT] InterpreterJni jdk.Unsafe CAS long target=0x511f2c0 offset=40 current=4 expected=4 new=5 success=1
05-04 12:13:26.515 13634 13687 I WestlakeVM: VM: [PFCUT] System.arraycopy intrinsic src=[B dst=[B srcPos=0 dstPos=0 count=16
05-04 12:13:26.516 13634 13687 I WestlakeVM: VM: [PFCUT] System.arraycopy intrinsic src=[B dst=[B srcPos=0 dstPos=0 count=34
05-04 12:13:26.520 13634 13687 I WestlakeVM: VM: [PFCUT] InterpreterJni jdk.Unsafe CAS ref target=0x5120380 offset=16 current=0 expected=0 new=0x51644d8 success=1 array_index=1
05-04 12:13:26.520 13634 13687 I WestlakeVM: VM: [PFCUT] InterpreterJni jdk.Unsafe CAS long target=0x511f2c0 offset=40 current=5 expected=5 new=6 success=1
05-04 12:13:26.521 13634 13687 I WestlakeVM: VM: [PFCUT] Throwable.nativeFillInStackTrace noop
05-04 12:13:26.521 13634 13687 I WestlakeVM: VM: [PFCUT] Throwable.nativeFillInStackTrace noop
05-04 12:13:26.522 13634 13687 I WestlakeVM: VM: [PFCUT] Throwable.nativeFillInStackTrace noop
05-04 12:13:26.522 13634 13687 I WestlakeVM: VM: [PFCUT] Throwable.nativeFillInStackTrace noop
05-04 12:13:26.522 13634 13687 I WestlakeVM: VM: [PFCUT] Throwable.nativeFillInStackTrace noop
05-04 12:13:26.523 13634 13687 I WestlakeVM: VM: [WestlakeLauncher] Coroutine runtime seed failed: java.lang.ArrayStoreException
05-04 12:13:26.529  3704  3747 W HidlServiceManagement: Waited one second for vendor.qti.hardware.cacert@1.0::IService/default
05-04 12:13:26.531   660   660 I hwservicemanager: Since vendor.qti.hardware.cacert@1.0::IService/default is not registered, trying to start it as a lazy HAL (if it's not configured to be a lazy HAL, it may be stuck starting or still starting).
05-04 12:13:26.531  3704  3747 I HidlServiceManagement: getService: Trying again for vendor.qti.hardware.cacert@1.0::IService/default...
05-04 12:13:26.537   660 13691 W libc    : Unable to set property "ctl.interface_start" to "vendor.qti.hardware.cacert@1.0::IService/default": PROP_ERROR_HANDLE_CONTROL_MESSAGE (0x20)
05-04 12:13:26.537   660 13691 I hwservicemanager: Tried to start vendor.qti.hardware.cacert@1.0::IService/default as a lazy service, but was unable to. Usually this happens when a service is not installed, but if the service is intended to be used as a lazy service, then it may be configured incorrectly.
05-04 12:13:26.539 13634 13687 I WestlakeVM: VM: [PFCUT] Throwable.nativeFillInStackTrace noop
05-04 12:13:26.540 13634 13687 I WestlakeVM: VM: [WestlakeLauncher] Application error (caught): java.lang.ArrayStoreException
05-04 12:13:26.540 13634 13687 I WestlakeVM: VM: Post-init launch path refresh deferred on standalone guest
05-04 12:13:26.540 13634 13687 I WestlakeVM: VM: Launch props resolved on standalone guest
05-04 12:13:26.540 13634 13687 I WestlakeVM: VM: Launch snapshot ready on standalone guest
05-04 12:13:26.540 13634 13687 I WestlakeVM: VM: PF202 strict launch assignments ready
05-04 12:13:26.541 13634 13687 I WestlakeVM: VM: PF202 strict package block ready
05-04 12:13:26.541 13634 13687 I WestlakeVM: VM: PF202 strict resource block begin
05-04 12:13:26.541 13634 13687 I WestlakeVM: VM: PF202 strict pre-extracted loader enter
05-04 12:13:26.542 13634 13687 I WestlakeVM: VM: PF202 ApkLoader enter
05-04 12:13:26.543 13634 13687 I WestlakeVM: VM: PF202 ApkLoader info seeded
05-04 12:13:26.449     0     0 E init    : Control message: Could not find 'vendor.qti.hardware.cacert@1.0::IService/default' for ctl.interface_start from pid: 660 (/system/system_ext/bin/hwservicemanager)
05-04 12:13:26.547 13634 13687 I WestlakeVM: VM: CV PF-MCD-RES_TABLE_READ_BEGIN path=/data/local/tmp/westlake/com_github_ashutoshgngwr_noice_res/resources.arsc
05-04 12:13:26.558 13634 13687 I WestlakeVM: VM: CV PF-MCD-RES_TABLE_READ_DONE bytes=2019644
05-04 12:13:26.559 13634 13687 I WestlakeVM: VM: CV PF-MCD-RES_TABLE_PARSE_BEGIN
05-04 12:13:26.906     0     0 I QCOM-BATT: pl_fcc_vote_callback: total_fcc_ua=1950000
05-04 12:13:26.906     0     0 I QCOM-BATT: pl_fv_vote_callback: fv_uv=4400000
05-04 12:13:27.265     0     0 E FG      : fg_psy_get_property: unsupported property 79
05-04 12:13:27.379  1126  1126 D QtiCarrierConfigHelper: WARNING, no carrier configs on phone Id: 0
05-04 12:13:27.281     0     0 E FG      : fg_psy_get_property: unsupported property 79
05-04 12:13:27.287     0     0 W healthd : battery l=100 v=3093 t=22.6 h=2 st=5 c=0 fc=2831000 chg=u
05-04 12:13:27.386   960  2692 D PowerUI : can't show warning due to - plugged: true status unknown: false
05-04 12:13:27.303     0     0 E FG      : fg_psy_get_property: unsupported property 79
05-04 12:13:27.532  3704  3747 W HidlServiceManagement: Waited one second for vendor.qti.hardware.cacert@1.0::IService/default
05-04 12:13:27.533   660   660 I hwservicemanager: Since vendor.qti.hardware.cacert@1.0::IService/default is not registered, trying to start it as a lazy HAL (if it's not configured to be a lazy HAL, it may be stuck starting or still starting).
05-04 12:13:27.535  3704  3747 I HidlServiceManagement: getService: Trying again for vendor.qti.hardware.cacert@1.0::IService/default...
05-04 12:13:27.536   660 13693 W libc    : Unable to set property "ctl.interface_start" to "vendor.qti.hardware.cacert@1.0::IService/default": PROP_ERROR_HANDLE_CONTROL_MESSAGE (0x20)
05-04 12:13:27.536   660 13693 I hwservicemanager: Tried to start vendor.qti.hardware.cacert@1.0::IService/default as a lazy service, but was unable to. Usually this happens when a service is not installed, but if the service is intended to be used as a lazy service, then it may be configured incorrectly.
05-04 12:13:27.449     0     0 E init    : Control message: Could not find 'vendor.qti.hardware.cacert@1.0::IService/default' for ctl.interface_start from pid: 660 (/system/system_ext/bin/hwservicemanager)
05-04 12:13:27.778 13634 13694 D ProfileInstaller: Installing profile for com.westlake.host
05-04 12:13:28.535  3704  3747 W HidlServiceManagement: Waited one second for vendor.qti.hardware.cacert@1.0::IService/default
05-04 12:13:28.536   660   660 I hwservicemanager: Since vendor.qti.hardware.cacert@1.0::IService/default is not registered, trying to start it as a lazy HAL (if it's not configured to be a lazy HAL, it may be stuck starting or still starting).
05-04 12:13:28.538  3704  3747 I HidlServiceManagement: getService: Trying again for vendor.qti.hardware.cacert@1.0::IService/default...
05-04 12:13:28.539   660 13695 W libc    : Unable to set property "ctl.interface_start" to "vendor.qti.hardware.cacert@1.0::IService/default": PROP_ERROR_HANDLE_CONTROL_MESSAGE (0x20)
05-04 12:13:28.539   660 13695 I hwservicemanager: Tried to start vendor.qti.hardware.cacert@1.0::IService/default as a lazy service, but was unable to. Usually this happens when a service is not installed, but if the service is intended to be used as a lazy service, then it may be configured incorrectly.
05-04 12:13:28.452     0     0 E init    : Control message: Could not find 'vendor.qti.hardware.cacert@1.0::IService/default' for ctl.interface_start from pid: 660 (/system/system_ext/bin/hwservicemanager)
05-04 12:13:29.003   703 13594 I keystore2: system/security/keystore2/watchdog/src/lib.rs:356 - Watchdog thread idle -> terminating. Have a great day.
05-04 12:13:29.539  3704  3747 W HidlServiceManagement: Waited one second for vendor.qti.hardware.cacert@1.0::IService/default
05-04 12:13:29.540   660   660 I hwservicemanager: Since vendor.qti.hardware.cacert@1.0::IService/default is not registered, trying to start it as a lazy HAL (if it's not configured to be a lazy HAL, it may be stuck starting or still starting).
05-04 12:13:29.540  3704  3747 I HidlServiceManagement: getService: Trying again for vendor.qti.hardware.cacert@1.0::IService/default...
05-04 12:13:29.543   660 13696 W libc    : Unable to set property "ctl.interface_start" to "vendor.qti.hardware.cacert@1.0::IService/default": PROP_ERROR_HANDLE_CONTROL_MESSAGE (0x20)
05-04 12:13:29.543   660 13696 I hwservicemanager: Tried to start vendor.qti.hardware.cacert@1.0::IService/default as a lazy service, but was unable to. Usually this happens when a service is not installed, but if the service is intended to be used as a lazy service, then it may be configured incorrectly.
05-04 12:13:29.456     0     0 E init    : Control message: Could not find 'vendor.qti.hardware.cacert@1.0::IService/default' for ctl.interface_start from pid: 660 (/system/system_ext/bin/hwservicemanager)
05-04 12:13:29.983   713  1834 I NxpNciR : len =   4 > 600701A1
05-04 12:13:30.541  3704  3747 W HidlServiceManagement: Waited one second for vendor.qti.hardware.cacert@1.0::IService/default
05-04 12:13:30.542   660   660 I hwservicemanager: Since vendor.qti.hardware.cacert@1.0::IService/default is not registered, trying to start it as a lazy HAL (if it's not configured to be a lazy HAL, it may be stuck starting or still starting).
05-04 12:13:30.545  3704  3747 I HidlServiceManagement: getService: Trying again for vendor.qti.hardware.cacert@1.0::IService/default...
05-04 12:13:30.547   660 13697 W libc    : Unable to set property "ctl.interface_start" to "vendor.qti.hardware.cacert@1.0::IService/default": PROP_ERROR_HANDLE_CONTROL_MESSAGE (0x20)
05-04 12:13:30.547   660 13697 I hwservicemanager: Tried to start vendor.qti.hardware.cacert@1.0::IService/default as a lazy service, but was unable to. Usually this happens when a service is not installed, but if the service is intended to be used as a lazy service, then it may be configured incorrectly.
05-04 12:13:30.460     0     0 E init    : Control message: Could not find 'vendor.qti.hardware.cacert@1.0::IService/default' for ctl.interface_start from pid: 660 (/system/system_ext/bin/hwservicemanager)
05-04 12:13:31.546  3704  3747 W HidlServiceManagement: Waited one second for vendor.qti.hardware.cacert@1.0::IService/default
05-04 12:13:31.547   660   660 I hwservicemanager: Since vendor.qti.hardware.cacert@1.0::IService/default is not registered, trying to start it as a lazy HAL (if it's not configured to be a lazy HAL, it may be stuck starting or still starting).
05-04 12:13:31.549  3704  3747 I HidlServiceManagement: getService: Trying again for vendor.qti.hardware.cacert@1.0::IService/default...
05-04 12:13:31.551   660 13698 W libc    : Unable to set property "ctl.interface_start" to "vendor.qti.hardware.cacert@1.0::IService/default": PROP_ERROR_HANDLE_CONTROL_MESSAGE (0x20)
05-04 12:13:31.551   660 13698 I hwservicemanager: Tried to start vendor.qti.hardware.cacert@1.0::IService/default as a lazy service, but was unable to. Usually this happens when a service is not installed, but if the service is intended to be used as a lazy service, then it may be configured incorrectly.
05-04 12:13:31.463     0     0 E init    : Control message: Could not find 'vendor.qti.hardware.cacert@1.0::IService/default' for ctl.interface_start from pid: 660 (/system/system_ext/bin/hwservicemanager)
05-04 12:13:32.017 13634 13640 I m.westlake.host: Background concurrent copying GC freed 15MB AllocSpace bytes, 9(460KB) LOS objects, 86% free, 3811KB/27MB, paused 150us,135us total 139.365ms
05-04 12:13:32.149   713  1834 I NxpNciR : len =   4 > 600701A1
05-04 12:13:32.549  3704  3747 W HidlServiceManagement: Waited one second for vendor.qti.hardware.cacert@1.0::IService/default
05-04 12:13:32.550   660   660 I hwservicemanager: Since vendor.qti.hardware.cacert@1.0::IService/default is not registered, trying to start it as a lazy HAL (if it's not configured to be a lazy HAL, it may be stuck starting or still starting).
05-04 12:13:32.553  3704  3747 I HidlServiceManagement: getService: Trying again for vendor.qti.hardware.cacert@1.0::IService/default...
05-04 12:13:32.467     0     0 E init    : Control message: Could not find 'vendor.qti.hardware.cacert@1.0::IService/default' for ctl.interface_start from pid: 660 (/system/system_ext/bin/hwservicemanager)
05-04 12:13:32.555   660 13699 W libc    : Unable to set property "ctl.interface_start" to "vendor.qti.hardware.cacert@1.0::IService/default": PROP_ERROR_HANDLE_CONTROL_MESSAGE (0x20)
05-04 12:13:32.555   660 13699 I hwservicemanager: Tried to start vendor.qti.hardware.cacert@1.0::IService/default as a lazy service, but was unable to. Usually this happens when a service is not installed, but if the service is intended to be used as a lazy service, then it may be configured incorrectly.
05-04 12:13:33.553  3704  3747 W HidlServiceManagement: Waited one second for vendor.qti.hardware.cacert@1.0::IService/default
05-04 12:13:33.554   660   660 I hwservicemanager: Since vendor.qti.hardware.cacert@1.0::IService/default is not registered, trying to start it as a lazy HAL (if it's not configured to be a lazy HAL, it may be stuck starting or still starting).
05-04 12:13:33.555  3704  3747 I HidlServiceManagement: getService: Trying again for vendor.qti.hardware.cacert@1.0::IService/default...
05-04 12:13:33.558   660 13700 W libc    : Unable to set property "ctl.interface_start" to "vendor.qti.hardware.cacert@1.0::IService/default": PROP_ERROR_HANDLE_CONTROL_MESSAGE (0x20)
05-04 12:13:33.558   660 13700 I hwservicemanager: Tried to start vendor.qti.hardware.cacert@1.0::IService/default as a lazy service, but was unable to. Usually this happens when a service is not installed, but if the service is intended to be used as a lazy service, then it may be configured incorrectly.
05-04 12:13:33.471     0     0 E init    : Control message: Could not find 'vendor.qti.hardware.cacert@1.0::IService/default' for ctl.interface_start from pid: 660 (/system/system_ext/bin/hwservicemanager)
05-04 12:13:33.960     0     0 I QCOM-BATT: pl_fcc_vote_callback: total_fcc_ua=1950000
05-04 12:13:33.960     0     0 I QCOM-BATT: pl_fv_vote_callback: fv_uv=4400000
05-04 12:13:34.325     0     0 E FG      : fg_psy_get_property: unsupported property 79
05-04 12:13:34.334     0     0 E FG      : fg_psy_get_property: unsupported property 79
05-04 12:13:34.432  1126  1126 D QtiCarrierConfigHelper: WARNING, no carrier configs on phone Id: 0
05-04 12:13:34.340     0     0 W healthd : battery l=100 v=3093 t=22.6 h=2 st=5 c=0 fc=2831000 chg=u
05-04 12:13:34.441   960  2713 D PowerUI : can't show warning due to - plugged: true status unknown: false
05-04 12:13:34.351     0     0 E FG      : fg_psy_get_property: unsupported property 79
05-04 12:13:34.556  3704  3747 W HidlServiceManagement: Waited one second for vendor.qti.hardware.cacert@1.0::IService/default
05-04 12:13:34.557   660   660 I hwservicemanager: Since vendor.qti.hardware.cacert@1.0::IService/default is not registered, trying to start it as a lazy HAL (if it's not configured to be a lazy HAL, it may be stuck starting or still starting).
05-04 12:13:34.558  3704  3747 I HidlServiceManagement: getService: Trying again for vendor.qti.hardware.cacert@1.0::IService/default...
05-04 12:13:34.562   660 13701 W libc    : Unable to set property "ctl.interface_start" to "vendor.qti.hardware.cacert@1.0::IService/default": PROP_ERROR_HANDLE_CONTROL_MESSAGE (0x20)
05-04 12:13:34.562   660 13701 I hwservicemanager: Tried to start vendor.qti.hardware.cacert@1.0::IService/default as a lazy service, but was unable to. Usually this happens when a service is not installed, but if the service is intended to be used as a lazy service, then it may be configured incorrectly.
05-04 12:13:34.475     0     0 E init    : Control message: Could not find 'vendor.qti.hardware.cacert@1.0::IService/default' for ctl.interface_start from pid: 660 (/system/system_ext/bin/hwservicemanager)
05-04 12:13:34.493     0     0 E FG      : fg_psy_get_property: unsupported property 79
05-04 12:13:34.499     0     0 W healthd : battery l=100 v=3093 t=22.6 h=2 st=5 c=0 fc=2831000 chg=u
05-04 12:13:34.505     0     0 E FG      : fg_psy_get_property: unsupported property 79
05-04 12:13:35.559  3704  3747 W HidlServiceManagement: Waited one second for vendor.qti.hardware.cacert@1.0::IService/default
05-04 12:13:35.562   660   660 I hwservicemanager: Since vendor.qti.hardware.cacert@1.0::IService/default is not registered, trying to start it as a lazy HAL (if it's not configured to be a lazy HAL, it may be stuck starting or still starting).
05-04 12:13:35.563  3704  3747 I HidlServiceManagement: getService: Trying again for vendor.qti.hardware.cacert@1.0::IService/default...
05-04 12:13:35.566   660 13702 W libc    : Unable to set property "ctl.interface_start" to "vendor.qti.hardware.cacert@1.0::IService/default": PROP_ERROR_HANDLE_CONTROL_MESSAGE (0x20)
05-04 12:13:35.566   660 13702 I hwservicemanager: Tried to start vendor.qti.hardware.cacert@1.0::IService/default as a lazy service, but was unable to. Usually this happens when a service is not installed, but if the service is intended to be used as a lazy service, then it may be configured incorrectly.
05-04 12:13:35.479     0     0 E init    : Control message: Could not find 'vendor.qti.hardware.cacert@1.0::IService/default' for ctl.interface_start from pid: 660 (/system/system_ext/bin/hwservicemanager)
05-04 12:13:36.564  3704  3747 W HidlServiceManagement: Waited one second for vendor.qti.hardware.cacert@1.0::IService/default
05-04 12:13:36.565   660   660 I hwservicemanager: Since vendor.qti.hardware.cacert@1.0::IService/default is not registered, trying to start it as a lazy HAL (if it's not configured to be a lazy HAL, it may be stuck starting or still starting).
05-04 12:13:36.566  3704  3747 I HidlServiceManagement: getService: Trying again for vendor.qti.hardware.cacert@1.0::IService/default...
05-04 12:13:36.569   660 13703 W libc    : Unable to set property "ctl.interface_start" to "vendor.qti.hardware.cacert@1.0::IService/default": PROP_ERROR_HANDLE_CONTROL_MESSAGE (0x20)
05-04 12:13:36.569   660 13703 I hwservicemanager: Tried to start vendor.qti.hardware.cacert@1.0::IService/default as a lazy service, but was unable to. Usually this happens when a service is not installed, but if the service is intended to be used as a lazy service, then it may be configured incorrectly.
05-04 12:13:36.482     0     0 E init    : Control message: Could not find 'vendor.qti.hardware.cacert@1.0::IService/default' for ctl.interface_start from pid: 660 (/system/system_ext/bin/hwservicemanager)
05-04 12:13:36.688 13634 13687 I WestlakeVM: VM: CV PF-MCD-RES_TABLE_PARSE_DONE
05-04 12:13:36.690 13634 13687 I WestlakeVM: VM: CV PF-MCD-RES_TABLE_LOADED bytes=2019644 strings=586 integers=0
05-04 12:13:36.692 13634 13687 I WestlakeVM: VM: PF202 ApkLoader res dirs ready
05-04 12:13:36.694 13634 13687 I WestlakeVM: VM: PF202 ApkLoader activity seeded
05-04 12:13:36.695 13634 13687 I WestlakeVM: VM: PF202 ApkLoader return
05-04 12:13:36.695 13634 13687 I WestlakeVM: VM: PF202 strict post-loader return
05-04 12:13:36.696 13634 13687 I WestlakeVM: VM: PF202 strict post-loader info seeded
05-04 12:13:36.696 13634 13687 I WestlakeVM: VM: PF202 strict split work skipped
05-04 12:13:36.696 13634 13687 I WestlakeVM: VM: PF202 strict setApkInfo skipped
05-04 12:13:36.696 13634 13687 I WestlakeVM: VM: PF202 strict pre-extracted resources loaded
05-04 12:13:36.696 13634 13687 I WestlakeVM: VM: PF202 strict resource wiring skipped
05-04 12:13:36.697 13634 13687 I WestlakeVM: VM: PF202 strict package reconciliation skipped
05-04 12:13:36.697 13634 13687 I WestlakeVM: VM: PF202 strict APK summary skipped
05-04 12:13:36.698 13634 13687 I WestlakeVM: VM: PF202 strict launch target reconciliation skipped
05-04 12:13:36.699 13634 13687 I WestlakeVM: VM: PF202 strict launch banner skipped
05-04 12:13:36.699 13634 13687 I WestlakeVM: VM: PF202 strict activity resolve skipped
05-04 12:13:36.700 13634 13687 I WestlakeVM: VM: [PFCUT] Class.getDeclaredField intrinsic hit class=java.lang.ClassLoader name=packages
05-04 12:13:36.700 13634 13687 I WestlakeVM: VM: [PFCUT] Class.getDeclaredField intrinsic hit class=java.lang.ClassLoader name=packages
05-04 12:13:36.701 13634 13687 I WestlakeVM: VM: [PFCUT] Class.classForName name=com.newrelic.agent.android.tracing.TraceMachine initialize=0 loader=0x70f6744239 lifecycle_adapter=0 mcd_analytics=0 callers=java.lang.Class java.lang.Class.classForName(java.lang.String, boolean, java.lang.ClassLoader) | java.lang.Class java.lang.Class.forName(java.lang.String, boolean, java.lang.ClassLoader) | boolean com.westlake.engine.WestlakeLauncher.nativePatchClassNoop(java.lang.String, java.lang.ClassLoader) | boolean com.westlake.engine.WestlakeLauncher.nativePatchClassNoop(java.lang.String, java.lang.ClassLoader) | void com.westlake.engine.WestlakeLauncher.patchProblematicAppClasses(java.lang.ClassLoader) | void com.westlake.engine.WestlakeLauncher.mainImpl(java.lang.String[]) | void com.westlake.engine.WestlakeLauncher.main(java.lang.String[])
05-04 12:13:36.701 13634 13687 I WestlakeVM: VM: [PFCUT] Throwable.nativeFillInStackTrace noop
05-04 12:13:36.701 13634 13687 I WestlakeVM: VM: [PFCUT] Throwable.nativeFillInStackTrace noop
05-04 12:13:36.702 13634 13687 I WestlakeVM: VM: [PFCUT] Class.classForName name=com.newrelic.agent.android.tracing.Trace initialize=0 loader=0x70f6744239 lifecycle_adapter=0 mcd_analytics=0 callers=java.lang.Class java.lang.Class.classForName(java.lang.String, boolean, java.lang.ClassLoader) | java.lang.Class java.lang.Class.forName(java.lang.String, boolean, java.lang.ClassLoader) | boolean com.westlake.engine.WestlakeLauncher.nativePatchClassNoop(java.lang.String, java.lang.ClassLoader) | boolean com.westlake.engine.WestlakeLauncher.nativePatchClassNoop(java.lang.String, java.lang.ClassLoader) | void com.westlake.engine.WestlakeLauncher.patchProblematicAppClasses(java.lang.ClassLoader) | void com.westlake.engine.WestlakeLauncher.mainImpl(java.lang.String[]) | void com.westlake.engine.WestlakeLauncher.main(java.lang.String[])
05-04 12:13:36.702 13634 13687 I WestlakeVM: VM: [PFCUT] Class.classForName name=com.newrelic.agent.android.NewRelic initialize=0 loader=0x70f6744239 lifecycle_adapter=0 mcd_analytics=0 callers=java.lang.Class java.lang.Class.classForName(java.lang.String, boolean, java.lang.ClassLoader) | java.lang.Class java.lang.Class.forName(java.lang.String, boolean, java.lang.ClassLoader) | boolean com.westlake.engine.WestlakeLauncher.nativePatchClassNoop(java.lang.String, java.lang.ClassLoader) | boolean com.westlake.engine.WestlakeLauncher.nativePatchClassNoop(java.lang.String, java.lang.ClassLoader) | void com.westlake.engine.WestlakeLauncher.patchProblematicAppClasses(java.lang.ClassLoader) | void com.westlake.engine.WestlakeLauncher.mainImpl(java.lang.String[]) | void com.westlake.engine.WestlakeLauncher.main(java.lang.String[])
05-04 12:13:36.706 13634 13687 I WestlakeVM: VM: [WestlakeLauncher] AM direct launch: pkg=com.github.ashutoshgngwr.noice cls=com.github.ashutoshgngwr.noice.activity.MainActivity
05-04 12:13:36.717 13634 13687 I WestlakeVM: VM: [shim-log] D/MiniActivityManager: startActivity: com.github.ashutoshgngwr.noice.activity.MainActivity action=android.intent.action.MAIN pkg=com.github.ashutoshgngwr.noice
05-04 12:13:36.771 13634 13687 I WestlakeVM: VM: [PFCUT] MethodHandles.lookup intrinsic caller=void java.util.concurrent.atomic.AtomicReference.<clinit>()
05-04 12:13:36.771 13634 13687 I WestlakeVM: VM: [PFCUT] Class.getDeclaredField intrinsic hit class=java.util.concurrent.atomic.AtomicReference name=value
05-04 12:13:36.784 13634 13687 I WestlakeVM: VM: nullptr W 05-04 23:13:36 13684 13690 class_linker.cc:6687] Tolerating clinit failure for Landroid/os/Build;: java.lang.ArrayStoreException: java.lang.String cannot be stored in an array of type java.lang.String[]
05-04 12:13:36.784 13634 13687 I WestlakeVM: VM: nullptr W 05-04 23:13:36 13684 13690 class_linker.cc:6687] (Throwable with no stack trace)
05-04 12:13:36.784 13634 13687 I WestlakeVM: VM: nullptr W 05-04 23:13:36 13684 13690 class_linker.cc:6687] 
05-04 12:13:36.810 13634 13687 I WestlakeVM: VM: [PFCUT] Class.getDeclaredField intrinsic hit class=android.app.Activity name=mIntent
05-04 12:13:36.810 13634 13687 I WestlakeVM: VM: [PFCUT] Class.getDeclaredField intrinsic hit class=android.app.Activity name=mComponent
05-04 12:13:36.811 13634 13687 I WestlakeVM: VM: [PFCUT] Class.getDeclaredField intrinsic hit class=android.app.Activity name=mApplication
05-04 12:13:36.811 13634 13687 I WestlakeVM: VM: [PFCUT] Class.getDeclaredField intrinsic hit class=android.app.Activity name=mFinished
05-04 12:13:36.812 13634 13687 I WestlakeVM: VM: [PFCUT] Class.getDeclaredField intrinsic hit class=android.app.Activity name=mDestroyed
05-04 12:13:36.815 13634 13687 I WestlakeVM: VM: [PFCUT] Class.getDeclaredField intrinsic hit class=android.app.ActivityThread name=sCurrentActivityThread
05-04 12:13:36.816 13634 13687 I WestlakeVM: VM: [PFCUT] Class.getDeclaredField intrinsic hit class=android.app.Activity name=mIntent
05-04 12:13:36.816 13634 13687 I WestlakeVM: VM: [PFCUT] Class.getDeclaredField intrinsic hit class=android.app.Activity name=mComponent
05-04 12:13:36.816 13634 13687 I WestlakeVM: VM: [PFCUT] Class.getDeclaredField intrinsic hit class=android.app.Activity name=mApplication
05-04 12:13:36.817 13634 13687 I WestlakeVM: VM: [PFCUT] Class.getDeclaredField intrinsic hit class=android.app.Activity name=mFinished
05-04 12:13:36.817 13634 13687 I WestlakeVM: VM: [PFCUT] Class.getDeclaredField intrinsic hit class=android.app.Activity name=mDestroyed
05-04 12:13:36.823 13634 13687 I WestlakeVM: VM: [shim-log] D/MiniActivityManager:   performCreate: com.github.ashutoshgngwr.noice.activity.MainActivity
05-04 12:13:36.828 13634 13687 I WestlakeVM: VM: [PFCUT] StringFactory Charset fallback bytes=7 offset=0 utf16=7 shorty=LLIIL
05-04 12:13:36.832 13634 13687 I WestlakeVM: VM: [shim-log] D/MiniActivityManager:   performCreate app cl=dalvik.system.PathClassLoader@b24a17f
05-04 12:13:36.833 13634 13687 I WestlakeVM: VM: [PFCUT] VMClassLoader.getResources(String) fallback -> Collections.emptyList
05-04 12:13:36.838 13634 13687 I WestlakeVM: VM: [shim-log] D/MiniActivityManager:   performCreate app service not found
05-04 12:13:36.845 13634 13687 I WestlakeVM: VM: [shim-log] D/MiniActivityManager:   performCreate app factoryClass failed: ClassNotFoundException: kotlinx.coroutines.android.AndroidDispatcherFactory
05-04 12:13:36.855 13634 13687 I WestlakeVM: VM: [PFCUT] System.arraycopy intrinsic src=[B dst=[B srcPos=0 dstPos=0 count=16
05-04 12:13:36.855 13634 13687 I WestlakeVM: VM: [PFCUT] System.arraycopy intrinsic src=[B dst=[B srcPos=0 dstPos=0 count=16
05-04 12:13:36.855 13634 13687 I WestlakeVM: VM: [PFCUT] StringFactory Charset fallback bytes=7 offset=0 utf16=7 shorty=LLIIL
05-04 12:13:36.855 13634 13687 I WestlakeVM: VM: [PFCUT] System.arraycopy intrinsic src=[B dst=[B srcPos=0 dstPos=0 count=34
05-04 12:13:36.855 13634 13687 I WestlakeVM: VM: [PFCUT] System.arraycopy intrinsic src=[B dst=[B srcPos=0 dstPos=0 count=34
05-04 12:13:36.855 13634 13687 I WestlakeVM: VM: [PFCUT] System.arraycopy intrinsic src=[B dst=[B srcPos=0 dstPos=0 count=16
05-04 12:13:36.855 13634 13687 I WestlakeVM: VM: [PFCUT] System.arraycopy intrinsic src=[B dst=[B srcPos=0 dstPos=0 count=34
05-04 12:13:36.856 13634 13687 I WestlakeVM: VM: [PFCUT] System.arraycopy intrinsic src=[B dst=[B srcPos=0 dstPos=0 count=16
05-04 12:13:36.856 13634 13687 I WestlakeVM: VM: [shim-log] D/MiniActivityManager:   performCreate thread cl=dalvik.system.PathClassLoader@b24a17f
05-04 12:13:36.856 13634 13687 I WestlakeVM: VM: [PFCUT] VMClassLoader.getResources(String) fallback -> Collections.emptyList
05-04 12:13:36.856 13634 13687 I WestlakeVM: VM: [PFCUT] System.arraycopy intrinsic src=[B dst=[B srcPos=0 dstPos=0 count=16
05-04 12:13:36.856 13634 13687 I WestlakeVM: VM: [PFCUT] System.arraycopy intrinsic src=[B dst=[B srcPos=0 dstPos=0 count=34
05-04 12:13:36.857 13634 13687 I WestlakeVM: VM: [PFCUT] System.arraycopy intrinsic src=[B dst=[B srcPos=0 dstPos=0 count=16
05-04 12:13:36.857 13634 13687 I WestlakeVM: VM: [PFCUT] System.arraycopy intrinsic src=[B dst=[B srcPos=0 dstPos=0 count=34
05-04 12:13:36.859 13634 13687 I WestlakeVM: VM: [PFCUT] System.arraycopy intrinsic src=[B dst=[B srcPos=0 dstPos=0 count=16
05-04 12:13:36.859 13634 13687 I WestlakeVM: VM: [shim-log] D/MiniActivityManager:   performCreate thread service not found
05-04 12:13:36.859 13634 13687 I WestlakeVM: VM: [PFCUT] forced interpreter JNI reason=Class.classForName method=java.lang.Class java.lang.Class.classForName(java.lang.String, boolean, java.lang.ClassLoader) quick=0xd07ac0 jni=0x734cd4
05-04 12:13:36.860 13634 13687 I WestlakeVM: VM: [PFCUT] System.arraycopy intrinsic src=[B dst=[B srcPos=0 dstPos=0 count=16
05-04 12:13:36.861 13634 13687 I WestlakeVM: VM: [PFCUT] System.arraycopy intrinsic src=[B dst=[B srcPos=0 dstPos=0 count=34
05-04 12:13:36.862 13634 13687 I WestlakeVM: VM: [PFCUT] System.arraycopy intrinsic src=[B dst=[B srcPos=0 dstPos=0 count=70
05-04 12:13:36.863 13634 13687 I WestlakeVM: VM: [PFCUT] System.arraycopy intrinsic src=[B dst=[B srcPos=0 dstPos=0 count=16
05-04 12:13:36.863 13634 13687 I WestlakeVM: VM: [PFCUT] System.arraycopy intrinsic src=[B dst=[B srcPos=0 dstPos=0 count=34
05-04 12:13:36.865 13634 13687 I WestlakeVM: VM: [PFCUT] System.arraycopy intrinsic src=[B dst=[B srcPos=0 dstPos=0 count=16
05-04 12:13:36.866 13634 13687 I WestlakeVM: VM: [shim-log] D/MiniActivityManager:   performCreate thread factoryClass failed: ClassNotFoundException: kotlinx.coroutines.android.AndroidDispatcherFactory
05-04 12:13:36.873 13634 13687 I WestlakeVM: VM: [PFCUT] System.arraycopy intrinsic src=[B dst=[B srcPos=0 dstPos=0 count=16
05-04 12:13:36.874 13634 13687 I WestlakeVM: VM: [PFCUT] System.arraycopy intrinsic src=[B dst=[B srcPos=0 dstPos=0 count=34
05-04 12:13:36.882 13634 13687 I WestlakeVM: VM: [PFCUT] forced interpreter JNI reason=Unsafe method=java.lang.Object jdk.internal.misc.Unsafe.getReferenceVolatile(java.lang.Object, long) quick=0xd07c00 jni=0x7331f4
05-04 12:13:36.882 13634 13687 I WestlakeVM: VM: [PFCUT] InterpreterJni jdk.Unsafe getReferenceVolatile target=0x5120380 offset=28 value=0 array_index=4
05-04 12:13:36.883 13634 13687 I WestlakeVM: VM: [PFCUT]   caller#0 java.lang.Object jdk.internal.misc.Unsafe.getReferenceVolatile(java.lang.Object, long) dex_pc=0
05-04 12:13:36.883 13634 13687 I WestlakeVM: VM: [PFCUT]   caller#1 java.lang.Object jdk.internal.misc.Unsafe.getReferenceAcquire(java.lang.Object, long) dex_pc=0
05-04 12:13:36.883 13634 13687 I WestlakeVM: VM: [PFCUT]   caller#2 java.util.concurrent.ConcurrentHashMap$Node java.util.concurrent.ConcurrentHashMap.tabAt(java.util.concurrent.ConcurrentHashMap$Node[], int) dex_pc=10
05-04 12:13:36.883 13634 13687 I WestlakeVM: VM: [PFCUT]   caller#3 java.lang.Object java.util.concurrent.ConcurrentHashMap.get(java.lang.Object) dex_pc=21
05-04 12:13:36.883 13634 13687 I WestlakeVM: VM: [PFCUT]   caller#4 java.lang.String java.util.Properties.getProperty(java.lang.String) dex_pc=2
05-04 12:13:36.883 13634 13687 I WestlakeVM: VM: [PFCUT]   caller#5 java.lang.String java.util.Properties.getProperty(java.lang.String, java.lang.String) dex_pc=0
05-04 12:13:36.884 13634 13687 I WestlakeVM: VM: [PFCUT] forced interpreter JNI reason=Unsafe method=java.lang.Object jdk.internal.misc.Unsafe.getReferenceVolatile(java.lang.Object, long) quick=0xd07c00 jni=0x7331f4
05-04 12:13:36.884 13634 13687 I WestlakeVM: VM: [PFCUT] InterpreterJni jdk.Unsafe getReferenceVolatile target=0x5123450 offset=220 value=0x51227f0 array_index=52
05-04 12:13:36.884 13634 13687 I WestlakeVM: VM: [PFCUT]   caller#0 java.lang.Object jdk.internal.misc.Unsafe.getReferenceVolatile(java.lang.Object, long) dex_pc=0
05-04 12:13:36.884 13634 13687 I WestlakeVM: VM: [PFCUT]   caller#1 java.lang.Object jdk.internal.misc.Unsafe.getReferenceAcquire(java.lang.Object, long) dex_pc=0
05-04 12:13:36.884 13634 13687 I WestlakeVM: VM: [PFCUT]   caller#2 java.util.concurrent.ConcurrentHashMap$Node java.util.concurrent.ConcurrentHashMap.tabAt(java.util.concurrent.ConcurrentHashMap$Node[], int) dex_pc=10
05-04 12:13:36.884 13634 13687 I WestlakeVM: VM: [PFCUT]   caller#3 java.lang.Object java.util.concurrent.ConcurrentHashMap.get(java.lang.Object) dex_pc=21
05-04 12:13:36.884 13634 13687 I WestlakeVM: VM: [PFCUT]   caller#4 java.lang.String java.util.Properties.getProperty(java.lang.String) dex_pc=2
05-04 12:13:36.885 13634 13687 I WestlakeVM: VM: [PFCUT]   caller#5 java.lang.String java.util.Properties.getProperty(java.lang.String) dex_pc=22
05-04 12:13:36.885 13634 13687 I WestlakeVM: VM: [PFCUT] forced interpreter JNI reason=Unsafe method=java.lang.Object jdk.internal.misc.Unsafe.getReferenceVolatile(java.lang.Object, long) quick=0xd07c00 jni=0x7331f4
05-04 12:13:36.885 13634 13687 I WestlakeVM: VM: [PFCUT] InterpreterJni jdk.Unsafe getReferenceVolatile target=0x5120380 offset=68 value=0 array_index=14
05-04 12:13:36.885 13634 13687 I WestlakeVM: VM: [PFCUT]   caller#0 java.lang.Object jdk.internal.misc.Unsafe.getReferenceVolatile(java.lang.Object, long) dex_pc=0
05-04 12:13:36.885 13634 13687 I WestlakeVM: VM: [PFCUT]   caller#1 java.lang.Object jdk.internal.misc.Unsafe.getReferenceAcquire(java.lang.Object, long) dex_pc=0
05-04 12:13:36.885 13634 13687 I WestlakeVM: VM: [PFCUT]   caller#2 java.util.concurrent.ConcurrentHashMap$Node java.util.concurrent.ConcurrentHashMap.tabAt(java.util.concurrent.ConcurrentHashMap$Node[], int) dex_pc=10
05-04 12:13:36.885 13634 13687 I WestlakeVM: VM: [PFCUT]   caller#3 java.lang.Object java.util.concurrent.ConcurrentHashMap.get(java.lang.Object) dex_pc=21
05-04 12:13:36.886 13634 13687 I WestlakeVM: VM: [PFCUT]   caller#4 java.lang.String java.util.Properties.getProperty(java.lang.String) dex_pc=2
05-04 12:13:36.886 13634 13687 I WestlakeVM: VM: [PFCUT]   caller#5 java.lang.String java.util.Properties.getProperty(java.lang.String, java.lang.String) dex_pc=0
05-04 12:13:36.886 13634 13687 I WestlakeVM: VM: [PFCUT] forced interpreter JNI reason=Unsafe method=java.lang.Object jdk.internal.misc.Unsafe.getReferenceVolatile(java.lang.Object, long) quick=0xd07c00 jni=0x7331f4
05-04 12:13:36.886 13634 13687 I WestlakeVM: VM: [PFCUT] InterpreterJni jdk.Unsafe getReferenceVolatile target=0x5123450 offset=260 value=0x51227d8 array_index=62
05-04 12:13:36.886 13634 13687 I WestlakeVM: VM: [PFCUT]   caller#0 java.lang.Object jdk.internal.misc.Unsafe.getReferenceVolatile(java.lang.Object, long) dex_pc=0
05-04 12:13:36.886 13634 13687 I WestlakeVM: VM: [PFCUT]   caller#1 java.lang.Object jdk.internal.misc.Unsafe.getReferenceAcquire(java.lang.Object, long) dex_pc=0
05-04 12:13:36.888 13634 13687 I WestlakeVM: VM: [PFCUT]   caller#2 java.util.concurrent.ConcurrentHashMap$Node java.util.concurrent.ConcurrentHashMap.tabAt(java.util.concurrent.ConcurrentHashMap$Node[], int) dex_pc=10
05-04 12:13:36.889 13634 13687 I WestlakeVM: VM: [PFCUT]   caller#3 java.lang.Object java.util.concurrent.ConcurrentHashMap.get(java.lang.Object) dex_pc=21
05-04 12:13:36.889 13634 13687 I WestlakeVM: VM: [PFCUT]   caller#4 java.lang.String java.util.Properties.getProperty(java.lang.String) dex_pc=2
05-04 12:13:36.889 13634 13687 I WestlakeVM: VM: [PFCUT]   caller#5 java.lang.String java.util.Properties.getProperty(java.lang.String) dex_pc=22
05-04 12:13:36.896 13634 13687 I WestlakeVM: VM: [PFCUT] System.arraycopy intrinsic src=[B dst=[B srcPos=0 dstPos=0 count=16
05-04 12:13:36.900 13634 13687 I WestlakeVM: VM: [PFCUT] System.arraycopy intrinsic src=[Ljava/lang/Object; dst=[Ljava/lang/Object; srcPos=0 dstPos=0 count=0
05-04 12:13:36.903 13634 13687 I WestlakeVM: VM: [PFCUT] System.arraycopy intrinsic src=[Ljava/lang/Object; dst=[Ljava/lang/Object; srcPos=0 dstPos=0 count=0
05-04 12:13:36.911 13634 13687 I WestlakeVM: VM: [PFCUT] System.arraycopy intrinsic src=[B dst=[B srcPos=0 dstPos=0 count=16
