05-04 19:28:41.136 12773 12826 I WestlakeVM: VM: [PFCUT] StringFactory Charset fallback bytes=49 offset=346 utf16=49 shorty=LLIIL
05-04 19:28:41.137 12773 12826 I WestlakeVM: VM: [PFCUT] StringFactory Charset fallback bytes=57 offset=441 utf16=57 shorty=LLIIL
05-04 19:28:41.138 12773 12826 I WestlakeVM: VM: [PFCUT] StringFactory Charset fallback bytes=46 offset=544 utf16=46 shorty=LLIIL
05-04 19:28:41.139 12773 12826 I WestlakeVM: VM: [PFCUT] StringFactory Charset fallback bytes=46 offset=636 utf16=46 shorty=LLIIL
05-04 19:28:41.140 12773 12826 I WestlakeVM: VM: [PFCUT] StringFactory Charset fallback bytes=46 offset=728 utf16=46 shorty=LLIIL
05-04 19:28:41.141 12773 12826 I WestlakeVM: VM: [PFCUT] StringFactory Charset fallback bytes=49 offset=820 utf16=49 shorty=LLIIL
05-04 19:28:41.141 12773 12826 I WestlakeVM: VM: [PFCUT] StringFactory Charset fallback bytes=46 offset=915 utf16=46 shorty=LLIIL
05-04 19:28:41.142 12773 12826 I WestlakeVM: VM: [PFCUT] StringFactory Charset fallback bytes=46 offset=1007 utf16=46 shorty=LLIIL
05-04 19:28:41.143 12773 12826 I WestlakeVM: VM: [PFCUT] StringFactory Charset fallback bytes=46 offset=1099 utf16=46 shorty=LLIIL
05-04 19:28:41.144 12773 12826 I WestlakeVM: VM: [PFCUT] StringFactory Charset fallback bytes=46 offset=1191 utf16=46 shorty=LLIIL
05-04 19:28:41.145 12773 12826 I WestlakeVM: VM: [PFCUT] StringFactory Charset fallback bytes=46 offset=1283 utf16=46 shorty=LLIIL
05-04 19:28:41.146 12773 12826 I WestlakeVM: VM: [PFCUT] StringFactory Charset fallback bytes=46 offset=1375 utf16=46 shorty=LLIIL
05-04 19:28:41.147 12773 12826 I WestlakeVM: VM: [PFCUT] StringFactory Charset fallback bytes=51 offset=1467 utf16=51 shorty=LLIIL
05-04 19:28:41.147 12773 12826 I WestlakeVM: VM: [PFCUT] StringFactory Charset fallback bytes=54 offset=1564 utf16=54 shorty=LLIIL
05-04 19:28:41.148 12773 12826 I WestlakeVM: VM: [PFCUT] StringFactory Charset fallback bytes=51 offset=1664 utf16=51 shorty=LLIIL
05-04 19:28:41.149 12773 12826 I WestlakeVM: VM: [PFCUT] StringFactory Charset fallback bytes=54 offset=1761 utf16=54 shorty=LLIIL
05-04 19:28:41.150 12773 12826 I WestlakeVM: VM: [PFCUT] StringFactory Charset fallback bytes=11 offset=1861 utf16=11 shorty=LLIIL
05-04 19:28:41.151 12773 12826 I WestlakeVM: VM: [PFCUT] StringFactory Charset fallback bytes=53 offset=1918 utf16=53 shorty=LLIIL
05-04 19:28:41.154 12773 12826 I WestlakeVM: VM: [PFCUT] UnixFileSystem.getBooleanAttributes intrinsic path=/data/local/tmp/westlake/core-icu4j.jar attrs=0x3
05-04 19:28:41.157 12773 12826 I WestlakeVM: VM: [PFCUT] System.arraycopy intrinsic src=[B dst=[B srcPos=0 dstPos=0 count=16
05-04 19:28:41.167 12773 12826 I WestlakeVM: VM: [PFCUT] FileSystems.getDefault fallback -> LinuxFileSystem(/data/local/tmp/westlake)
05-04 19:28:41.172 12773 12826 I WestlakeVM: VM: [PFCUT] System.arraycopy intrinsic src=[B dst=[B srcPos=0 dstPos=0 count=41
05-04 19:28:41.172 12773 12826 I WestlakeVM: VM: [PFCUT] UnixNativeDispatcher.stat intrinsic path=/data/local/tmp/westlake/bouncycastle.jar shorty=VLL
05-04 19:28:41.174 12773 12826 I WestlakeVM: VM: [PFCUT] Linux.open intrinsic path=/data/local/tmp/westlake/bouncycastle.jar flags=0x80000 mode=0666 fd=6 errno=0
05-04 19:28:41.181 12773 12826 I WestlakeVM: VM: [PFCUT] StringFactory Charset fallback bytes=20 offset=46 utf16=20 shorty=LLIIL
05-04 19:28:41.182 12773 12826 I WestlakeVM: VM: [PFCUT] StringFactory Charset fallback bytes=11 offset=112 utf16=11 shorty=LLIIL
05-04 19:28:41.185 12773 12826 I WestlakeVM: VM: [PFCUT] UnixFileSystem.getBooleanAttributes intrinsic path=/data/local/tmp/westlake/bouncycastle.jar attrs=0x3
05-04 19:28:41.199 12773 12826 I WestlakeVM: VM: [PFCUT] FileSystems.getDefault fallback -> LinuxFileSystem(/data/local/tmp/westlake)
05-04 19:28:41.203 12773 12826 I WestlakeVM: VM: [PFCUT] UnixNativeDispatcher.stat intrinsic path=/data/local/tmp/westlake/aosp-shim.dex shorty=VLL
05-04 19:28:41.205 12773 12826 I WestlakeVM: VM: [PFCUT] Linux.open intrinsic path=/data/local/tmp/westlake/aosp-shim.dex flags=0x80000 mode=0666 fd=7 errno=0
05-04 19:28:41.690  3704  3747 W HidlServiceManagement: Waited one second for vendor.qti.hardware.cacert@1.0::IService/default
05-04 19:28:41.691   660   660 I hwservicemanager: Since vendor.qti.hardware.cacert@1.0::IService/default is not registered, trying to start it as a lazy HAL (if it's not configured to be a lazy HAL, it may be stuck starting or still starting).
05-04 19:28:41.692  3704  3747 I HidlServiceManagement: getService: Trying again for vendor.qti.hardware.cacert@1.0::IService/default...
05-04 19:28:41.608     0     0 E init    : Control message: Could not find 'vendor.qti.hardware.cacert@1.0::IService/default' for ctl.interface_start from pid: 660 (/system/system_ext/bin/hwservicemanager)
05-04 19:28:41.694   660 12831 W libc    : Unable to set property "ctl.interface_start" to "vendor.qti.hardware.cacert@1.0::IService/default": PROP_ERROR_HANDLE_CONTROL_MESSAGE (0x20)
05-04 19:28:41.694   660 12831 I hwservicemanager: Tried to start vendor.qti.hardware.cacert@1.0::IService/default as a lazy service, but was unable to. Usually this happens when a service is not installed, but if the service is intended to be used as a lazy service, then it may be configured incorrectly.
05-04 19:28:41.834 12773 12826 I WestlakeVM: VM: System.log(E): Unable to open boot classpath entry: /data/local/tmp/westlake/aosp-shim.dex
05-04 19:28:41.836 12773 12826 I WestlakeVM: VM: [PFCUT] InterpreterJni jdk.Unsafe CAS int target=0x14079fc0 offset=52 current=16 expected=16 new=-1 success=1
05-04 19:28:41.837 12773 12826 I WestlakeVM: VM: [PFCUT] InterpreterJni jdk.Unsafe CAS ref target=0x14080a10 offset=60 current=0 expected=0 new=0x14093aa8 success=1 array_index=12
05-04 19:28:41.837 12773 12826 I WestlakeVM: VM: [PFCUT] InterpreterJni jdk.Unsafe CAS long target=0x14079fc0 offset=40 current=0 expected=0 new=1 success=1
05-04 19:28:41.838 12773 12826 I WestlakeVM: VM: [PFCUT] InterpreterJni jdk.Unsafe CAS ref target=0x14080a10 offset=28 current=0 expected=0 new=0x14093ad8 success=1 array_index=4
05-04 19:28:41.838 12773 12826 I WestlakeVM: VM: [PFCUT] InterpreterJni jdk.Unsafe CAS long target=0x14079fc0 offset=40 current=1 expected=1 new=2 success=1
05-04 19:28:41.839 12773 12826 I WestlakeVM: VM: [PFCUT] InterpreterJni jdk.Unsafe CAS ref target=0x14080a10 offset=56 current=0 expected=0 new=0x14093af0 success=1 array_index=11
05-04 19:28:41.839 12773 12826 I WestlakeVM: VM: [PFCUT] InterpreterJni jdk.Unsafe CAS long target=0x14079fc0 offset=40 current=2 expected=2 new=3 success=1
05-04 19:28:41.839 12773 12826 I WestlakeVM: VM: [PFCUT] InterpreterJni jdk.Unsafe CAS ref target=0x14080a10 offset=36 current=0 expected=0 new=0x14093b08 success=1 array_index=6
05-04 19:28:41.839 12773 12826 I WestlakeVM: VM: [PFCUT] InterpreterJni jdk.Unsafe CAS long target=0x14079fc0 offset=40 current=3 expected=3 new=4 success=1
05-04 19:28:41.842 12773 12826 I WestlakeVM: VM: [PFCUT] InterpreterJni jdk.Unsafe CAS ref target=0x14080a10 offset=16 current=0 expected=0 new=0x14093b38 success=1 array_index=1
05-04 19:28:41.842 12773 12826 I WestlakeVM: VM: [PFCUT] InterpreterJni jdk.Unsafe CAS long target=0x14079fc0 offset=40 current=4 expected=4 new=5 success=1
05-04 19:28:41.844 12773 12826 I WestlakeVM: VM: [PFCUT] InterpreterJni jdk.Unsafe CAS long target=0x14079fc0 offset=40 current=5 expected=5 new=6 success=1
05-04 19:28:41.846 12773 12826 I WestlakeVM: VM: [PFCUT] InterpreterJni jdk.Unsafe CAS long target=0x14079fc0 offset=40 current=6 expected=6 new=7 success=1
05-04 19:28:41.847 12773 12826 I WestlakeVM: VM: [PFCUT] InterpreterJni jdk.Unsafe CAS ref target=0x14080a10 offset=40 current=0 expected=0 new=0x14093be0 success=1 array_index=7
05-04 19:28:41.848 12773 12826 I WestlakeVM: VM: [PFCUT] InterpreterJni jdk.Unsafe CAS long target=0x14079fc0 offset=40 current=7 expected=7 new=8 success=1
05-04 19:28:41.849 12773 12826 I WestlakeVM: VM: [PFCUT] InterpreterJni jdk.Unsafe CAS ref target=0x14080a10 offset=72 current=0 expected=0 new=0x14093c10 success=1 array_index=15
05-04 19:28:41.850 12773 12826 I WestlakeVM: VM: [PFCUT] InterpreterJni jdk.Unsafe CAS long target=0x14079fc0 offset=40 current=8 expected=8 new=9 success=1
05-04 19:28:41.852 12773 12826 I WestlakeVM: VM: [PFCUT] InterpreterJni jdk.Unsafe CAS long target=0x14079fc0 offset=40 current=9 expected=9 new=10 success=1
05-04 19:28:41.853 12773 12826 I WestlakeVM: VM: [PFCUT] InterpreterJni jdk.Unsafe CAS long target=0x14079fc0 offset=40 current=10 expected=10 new=11 success=1
05-04 19:28:41.855 12773 12826 I WestlakeVM: VM: [PFCUT] InterpreterJni jdk.Unsafe CAS ref target=0x14080a10 offset=64 current=0 expected=0 new=0x14093ca0 success=1 array_index=13
05-04 19:28:41.855 12773 12826 I WestlakeVM: VM: [PFCUT] InterpreterJni jdk.Unsafe CAS long target=0x14079fc0 offset=40 current=11 expected=11 new=12 success=1
05-04 19:28:41.855 12773 12826 I WestlakeVM: VM: [PFCUT] InterpreterJni jdk.Unsafe CAS int target=0x14079fc0 offset=52 current=12 expected=12 new=-2145714174 success=1
05-04 19:28:41.856 12773 12826 I WestlakeVM: VM: [PFCUT] InterpreterJni jdk.Unsafe CAS int target=0x14079fc0 offset=56 current=16 expected=16 new=0 success=1
05-04 19:28:41.856 12773 12826 I WestlakeVM: VM: [PFCUT-TRACE] thread=main-256mb ts_us=2145153431570 kind=setSlot.jdk caller="void jdk.internal.misc.Unsafe.putReferenceVolatile(java.lang.Object, long, java.lang.Object)" array.class=java.util.concurrent.ConcurrentHashMap$Node[] array.componentType=java.util.concurrent.ConcurrentHashMap$Node array.length=32 index=15 value.ptr=0x14093c10 value.class=java.util.concurrent.ConcurrentHashMap$Node assignable=1
05-04 19:28:41.856 12773 12826 I WestlakeVM: VM: [PFCUT-TRACE] thread=main-256mb ts_us=2145153431765 kind=setSlot.jdk caller="void jdk.internal.misc.Unsafe.putReferenceVolatile(java.lang.Object, long, java.lang.Object)" array.class=java.util.concurrent.ConcurrentHashMap$Node[] array.componentType=java.util.concurrent.ConcurrentHashMap$Node array.length=32 index=31 value.ptr=0 value.class=<null> assignable=1
05-04 19:28:41.856 12773 12826 I WestlakeVM: VM: [PFCUT-TRACE] thread=main-256mb ts_us=2145153431865 kind=setSlot.jdk caller="void jdk.internal.misc.Unsafe.putReferenceVolatile(java.lang.Object, long, java.lang.Object)" array.class=java.util.concurrent.ConcurrentHashMap$Node[] array.componentType=java.util.concurrent.ConcurrentHashMap$Node array.length=16 index=15 value.ptr=0x14097540 value.class=java.util.concurrent.ConcurrentHashMap$ForwardingNode assignable=1
05-04 19:28:41.857 12773 12826 I WestlakeVM: VM: [PFCUT] InterpreterJni jdk.Unsafe CAS ref target=0x14080a10 offset=68 current=0 expected=0 new=0x14097540 success=1 array_index=14
05-04 19:28:41.857 12773 12826 I WestlakeVM: VM: [PFCUT-TRACE] thread=main-256mb ts_us=2145153432386 kind=setSlot.jdk caller="void jdk.internal.misc.Unsafe.putReferenceVolatile(java.lang.Object, long, java.lang.Object)" array.class=java.util.concurrent.ConcurrentHashMap$Node[] array.componentType=java.util.concurrent.ConcurrentHashMap$Node array.length=32 index=13 value.ptr=0 value.class=<null> assignable=1
05-04 19:28:41.857 12773 12826 I WestlakeVM: VM: [PFCUT-TRACE] thread=main-256mb ts_us=2145153432488 kind=setSlot.jdk caller="void jdk.internal.misc.Unsafe.putReferenceVolatile(java.lang.Object, long, java.lang.Object)" array.class=java.util.concurrent.ConcurrentHashMap$Node[] array.componentType=java.util.concurrent.ConcurrentHashMap$Node array.length=32 index=29 value.ptr=0x14093ca0 value.class=java.util.concurrent.ConcurrentHashMap$Node assignable=1
05-04 19:28:41.857 12773 12826 I WestlakeVM: VM: [PFCUT-TRACE] thread=main-256mb ts_us=2145153432617 kind=setSlot.jdk caller="void jdk.internal.misc.Unsafe.putReferenceVolatile(java.lang.Object, long, java.lang.Object)" array.class=java.util.concurrent.ConcurrentHashMap$Node[] array.componentType=java.util.concurrent.ConcurrentHashMap$Node array.length=16 index=13 value.ptr=0x14097540 value.class=java.util.concurrent.ConcurrentHashMap$ForwardingNode assignable=1
05-04 19:28:41.857 12773 12826 I WestlakeVM: VM: [PFCUT-TRACE] thread=main-256mb ts_us=2145153432867 kind=setSlot.jdk caller="void jdk.internal.misc.Unsafe.putReferenceVolatile(java.lang.Object, long, java.lang.Object)" array.class=java.util.concurrent.ConcurrentHashMap$Node[] array.componentType=java.util.concurrent.ConcurrentHashMap$Node array.length=32 index=12 value.ptr=0x14093aa8 value.class=java.util.concurrent.ConcurrentHashMap$Node assignable=1
05-04 19:28:41.858 12773 12826 I WestlakeVM: VM: [PFCUT-TRACE] thread=main-256mb ts_us=2145153432972 kind=setSlot.jdk caller="void jdk.internal.misc.Unsafe.putReferenceVolatile(java.lang.Object, long, java.lang.Object)" array.class=java.util.concurrent.ConcurrentHashMap$Node[] array.componentType=java.util.concurrent.ConcurrentHashMap$Node array.length=32 index=28 value.ptr=0 value.class=<null> assignable=1
05-04 19:28:41.858 12773 12826 I WestlakeVM: VM: [PFCUT-TRACE] thread=main-256mb ts_us=2145153433070 kind=setSlot.jdk caller="void jdk.internal.misc.Unsafe.putReferenceVolatile(java.lang.Object, long, java.lang.Object)" array.class=java.util.concurrent.ConcurrentHashMap$Node[] array.componentType=java.util.concurrent.ConcurrentHashMap$Node array.length=16 index=12 value.ptr=0x14097540 value.class=java.util.concurrent.ConcurrentHashMap$ForwardingNode assignable=1
05-04 19:28:41.858 12773 12826 I WestlakeVM: VM: [PFCUT-TRACE] thread=main-256mb ts_us=2145153433432 kind=setSlot.jdk caller="void jdk.internal.misc.Unsafe.putReferenceVolatile(java.lang.Object, long, java.lang.Object)" array.class=java.util.concurrent.ConcurrentHashMap$Node[] array.componentType=java.util.concurrent.ConcurrentHashMap$Node array.length=32 index=11 value.ptr=0x14093cb8 value.class=java.util.concurrent.ConcurrentHashMap$Node assignable=1
05-04 19:28:41.858 12773 12826 I WestlakeVM: VM: [PFCUT-TRACE] thread=main-256mb ts_us=2145153433536 kind=setSlot.jdk caller="void jdk.internal.misc.Unsafe.putReferenceVolatile(java.lang.Object, long, java.lang.Object)" array.class=java.util.concurrent.ConcurrentHashMap$Node[] array.componentType=java.util.concurrent.ConcurrentHashMap$Node array.length=32 index=27 value.ptr=0x14093bb0 value.class=java.util.concurrent.ConcurrentHashMap$Node assignable=1
05-04 19:28:41.858 12773 12826 I WestlakeVM: VM: [PFCUT-TRACE] thread=main-256mb ts_us=2145153433634 kind=setSlot.jdk caller="void jdk.internal.misc.Unsafe.putReferenceVolatile(java.lang.Object, long, java.lang.Object)" array.class=java.util.concurrent.ConcurrentHashMap$Node[] array.componentType=java.util.concurrent.ConcurrentHashMap$Node array.length=16 index=11 value.ptr=0x14097540 value.class=java.util.concurrent.ConcurrentHashMap$ForwardingNode assignable=1
05-04 19:28:41.859 12773 12826 I WestlakeVM: VM: [PFCUT] InterpreterJni jdk.Unsafe CAS ref target=0x14080a10 offset=52 current=0 expected=0 new=0x14097540 success=1 array_index=10
05-04 19:28:41.859 12773 12826 I WestlakeVM: VM: [PFCUT] InterpreterJni jdk.Unsafe CAS ref target=0x14080a10 offset=48 current=0 expected=0 new=0x14097540 success=1 array_index=9
05-04 19:28:41.859 12773 12826 I WestlakeVM: VM: [PFCUT] InterpreterJni jdk.Unsafe CAS ref target=0x14080a10 offset=44 current=0 expected=0 new=0x14097540 success=1 array_index=8
05-04 19:28:41.859 12773 12826 I WestlakeVM: VM: [PFCUT-TRACE] thread=main-256mb ts_us=2145153434328 kind=setSlot.jdk caller="void jdk.internal.misc.Unsafe.putReferenceVolatile(java.lang.Object, long, java.lang.Object)" array.class=java.util.concurrent.ConcurrentHashMap$Node[] array.componentType=java.util.concurrent.ConcurrentHashMap$Node array.length=32 index=7 value.ptr=0x14093be0 value.class=java.util.concurrent.ConcurrentHashMap$Node assignable=1
05-04 19:28:41.859 12773 12826 I WestlakeVM: VM: [PFCUT-TRACE] thread=main-256mb ts_us=2145153434428 kind=setSlot.jdk caller="void jdk.internal.misc.Unsafe.putReferenceVolatile(java.lang.Object, long, java.lang.Object)" array.class=java.util.concurrent.ConcurrentHashMap$Node[] array.componentType=java.util.concurrent.ConcurrentHashMap$Node array.length=32 index=23 value.ptr=0 value.class=<null> assignable=1
05-04 19:28:41.859 12773 12826 I WestlakeVM: VM: [PFCUT-TRACE] thread=main-256mb ts_us=2145153434524 kind=setSlot.jdk caller="void jdk.internal.misc.Unsafe.putReferenceVolatile(java.lang.Object, long, java.lang.Object)" array.class=java.util.concurrent.ConcurrentHashMap$Node[] array.componentType=java.util.concurrent.ConcurrentHashMap$Node array.length=16 index=7 value.ptr=0x14097540 value.class=java.util.concurrent.ConcurrentHashMap$ForwardingNode assignable=1
05-04 19:28:41.860 12773 12826 I WestlakeVM: VM: [PFCUT-TRACE] thread=main-256mb ts_us=2145153434822 kind=setSlot.jdk caller="void jdk.internal.misc.Unsafe.putReferenceVolatile(java.lang.Object, long, java.lang.Object)" array.class=java.util.concurrent.ConcurrentHashMap$Node[] array.componentType=java.util.concurrent.ConcurrentHashMap$Node array.length=32 index=6 value.ptr=0 value.class=<null> assignable=1
05-04 19:28:41.860 12773 12826 I WestlakeVM: VM: [PFCUT-TRACE] thread=main-256mb ts_us=2145153434920 kind=setSlot.jdk caller="void jdk.internal.misc.Unsafe.putReferenceVolatile(java.lang.Object, long, java.lang.Object)" array.class=java.util.concurrent.ConcurrentHashMap$Node[] array.componentType=java.util.concurrent.ConcurrentHashMap$Node array.length=32 index=22 value.ptr=0x14093b08 value.class=java.util.concurrent.ConcurrentHashMap$Node assignable=1
05-04 19:28:41.860 12773 12826 I WestlakeVM: VM: [PFCUT-TRACE] thread=main-256mb ts_us=2145153435023 kind=setSlot.jdk caller="void jdk.internal.misc.Unsafe.putReferenceVolatile(java.lang.Object, long, java.lang.Object)" array.class=java.util.concurrent.ConcurrentHashMap$Node[] array.componentType=java.util.concurrent.ConcurrentHashMap$Node array.length=16 index=6 value.ptr=0x14097540 value.class=java.util.concurrent.ConcurrentHashMap$ForwardingNode assignable=1
05-04 19:28:41.860 12773 12826 I WestlakeVM: VM: [PFCUT] InterpreterJni jdk.Unsafe CAS ref target=0x14080a10 offset=32 current=0 expected=0 new=0x14097540 success=1 array_index=5
05-04 19:28:41.860 12773 12826 I WestlakeVM: VM: [PFCUT-TRACE] thread=main-256mb ts_us=2145153435455 kind=setSlot.jdk caller="void jdk.internal.misc.Unsafe.putReferenceVolatile(java.lang.Object, long, java.lang.Object)" array.class=java.util.concurrent.ConcurrentHashMap$Node[] array.componentType=java.util.concurrent.ConcurrentHashMap$Node array.length=32 index=4 value.ptr=0x14093ad8 value.class=java.util.concurrent.ConcurrentHashMap$Node assignable=1
05-04 19:28:41.860 12773 12826 I WestlakeVM: VM: [PFCUT-TRACE] thread=main-256mb ts_us=2145153435556 kind=setSlot.jdk caller="void jdk.internal.misc.Unsafe.putReferenceVolatile(java.lang.Object, long, java.lang.Object)" array.class=java.util.concurrent.ConcurrentHashMap$Node[] array.componentType=java.util.concurrent.ConcurrentHashMap$Node array.length=32 index=20 value.ptr=0 value.class=<null> assignable=1
05-04 19:28:41.861 12773 12826 I WestlakeVM: VM: [PFCUT-TRACE] thread=main-256mb ts_us=2145153435652 kind=setSlot.jdk caller="void jdk.internal.misc.Unsafe.putReferenceVolatile(java.lang.Object, long, java.lang.Object)" array.class=java.util.concurrent.ConcurrentHashMap$Node[] array.componentType=java.util.concurrent.ConcurrentHashMap$Node array.length=16 index=4 value.ptr=0x14097540 value.class=java.util.concurrent.ConcurrentHashMap$ForwardingNode assignable=1
05-04 19:28:41.861 12773 12826 I WestlakeVM: VM: [PFCUT] InterpreterJni jdk.Unsafe CAS ref target=0x14080a10 offset=24 current=0 expected=0 new=0x14097540 success=1 array_index=3
05-04 19:28:41.861 12773 12826 I WestlakeVM: VM: [PFCUT] InterpreterJni jdk.Unsafe CAS ref target=0x14080a10 offset=20 current=0 expected=0 new=0x14097540 success=1 array_index=2
05-04 19:28:41.862 12773 12826 I WestlakeVM: VM: [PFCUT-TRACE] thread=main-256mb ts_us=2145153436287 kind=setSlot.jdk caller="void jdk.internal.misc.Unsafe.putReferenceVolatile(java.lang.Object, long, java.lang.Object)" array.class=java.util.concurrent.ConcurrentHashMap$Node[] array.componentType=java.util.concurrent.ConcurrentHashMap$Node array.length=32 index=1 value.ptr=0x14093cd0 value.class=java.util.concurrent.ConcurrentHashMap$Node assignable=1
05-04 19:28:41.862 12773 12826 I WestlakeVM: VM: [PFCUT-TRACE] thread=main-256mb ts_us=2145153436393 kind=setSlot.jdk caller="void jdk.internal.misc.Unsafe.putReferenceVolatile(java.lang.Object, long, java.lang.Object)" array.class=java.util.concurrent.ConcurrentHashMap$Node[] array.componentType=java.util.concurrent.ConcurrentHashMap$Node array.length=32 index=17 value.ptr=0x14093c40 value.class=java.util.concurrent.ConcurrentHashMap$Node assignable=1
05-04 19:28:41.863 12773 12826 I WestlakeVM: VM: [PFCUT-TRACE] thread=main-256mb ts_us=2145153436490 kind=setSlot.jdk caller="void jdk.internal.misc.Unsafe.putReferenceVolatile(java.lang.Object, long, java.lang.Object)" array.class=java.util.concurrent.ConcurrentHashMap$Node[] array.componentType=java.util.concurrent.ConcurrentHashMap$Node array.length=16 index=1 value.ptr=0x14097540 value.class=java.util.concurrent.ConcurrentHashMap$ForwardingNode assignable=1
05-04 19:28:41.863 12773 12826 I WestlakeVM: VM: [PFCUT] InterpreterJni jdk.Unsafe CAS ref target=0x14080a10 offset=12 current=0 expected=0 new=0x14097540 success=1 array_index=0
05-04 19:28:41.863 12773 12826 I WestlakeVM: VM: [PFCUT] InterpreterJni jdk.Unsafe CAS int target=0x14079fc0 offset=52 current=-2145714174 expected=-2145714174 new=-2145714175 success=1
05-04 19:28:41.865 12773 12826 I WestlakeVM: VM: [PFCUT] InterpreterJni jdk.Unsafe CAS ref target=0x1408c790 offset=136 current=0 expected=0 new=0x14093d00 success=1 array_index=31
05-04 19:28:41.865 12773 12826 I WestlakeVM: VM: [PFCUT] InterpreterJni jdk.Unsafe CAS long target=0x14079fc0 offset=40 current=12 expected=12 new=13 success=1
05-04 19:28:41.865 12773 12826 I WestlakeVM: VM: [PFCUT] Class.newInstance intrinsic class=java.lang.Class<com.android.org.conscrypt.OpenSSLProvider> ctor=void com.android.org.conscrypt.OpenSSLProvider.<init>()
05-04 19:28:41.867 12773 12826 I WestlakeVM: VM: [PFCUT] InterpreterJni jdk.Unsafe CAS int target=0x14099180 offset=52 current=16 expected=16 new=-1 success=1
05-04 19:28:41.867 12773 12826 I WestlakeVM: VM: [PFCUT] InterpreterJni jdk.Unsafe CAS ref target=0x14080b50 offset=60 current=0 expected=0 new=0x14093d18 success=1 array_index=12
05-04 19:28:41.867 12773 12826 I WestlakeVM: VM: [PFCUT] InterpreterJni jdk.Unsafe CAS long target=0x14099180 offset=40 current=0 expected=0 new=1 success=1
05-04 19:28:41.869 12773 12826 I WestlakeVM: VM: [PFCUT] InterpreterJni jdk.Unsafe CAS ref target=0x14080b50 offset=28 current=0 expected=0 new=0x14093d48 success=1 array_index=4
05-04 19:28:41.869 12773 12826 I WestlakeVM: VM: [PFCUT] InterpreterJni jdk.Unsafe CAS long target=0x14099180 offset=40 current=1 expected=1 new=2 success=1
05-04 19:28:41.869 12773 12826 I WestlakeVM: VM: [PFCUT] InterpreterJni jdk.Unsafe CAS ref target=0x14080b50 offset=56 current=0 expected=0 new=0x14093d60 success=1 array_index=11
05-04 19:28:41.869 12773 12826 I WestlakeVM: VM: [PFCUT] InterpreterJni jdk.Unsafe CAS long target=0x14099180 offset=40 current=2 expected=2 new=3 success=1
05-04 19:28:41.870 12773 12826 I WestlakeVM: VM: [PFCUT] InterpreterJni jdk.Unsafe CAS ref target=0x14080b50 offset=36 current=0 expected=0 new=0x14093d78 success=1 array_index=6
05-04 19:28:41.870 12773 12826 I WestlakeVM: VM: [PFCUT] InterpreterJni jdk.Unsafe CAS long target=0x14099180 offset=40 current=3 expected=3 new=4 success=1
05-04 19:28:41.872 12773 12826 I WestlakeVM: VM: [PFCUT] InterpreterJni jdk.Unsafe CAS ref target=0x14080b50 offset=16 current=0 expected=0 new=0x14093da8 success=1 array_index=1
05-04 19:28:41.872 12773 12826 I WestlakeVM: VM: [PFCUT] InterpreterJni jdk.Unsafe CAS long target=0x14099180 offset=40 current=4 expected=4 new=5 success=1
05-04 19:28:41.874 12773 12826 I WestlakeVM: VM: [PFCUT] InterpreterJni jdk.Unsafe CAS ref target=0x14080b50 offset=44 current=0 expected=0 new=0x14093df0 success=1 array_index=8
05-04 19:28:41.874 12773 12826 I WestlakeVM: VM: [PFCUT] InterpreterJni jdk.Unsafe CAS long target=0x14099180 offset=40 current=5 expected=5 new=6 success=1
05-04 19:28:41.876 12773 12826 I WestlakeVM: VM: [PFCUT] InterpreterJni jdk.Unsafe CAS long target=0x14099180 offset=40 current=6 expected=6 new=7 success=1
05-04 19:28:41.878 12773 12826 I WestlakeVM: VM: [PFCUT] InterpreterJni jdk.Unsafe CAS long target=0x14099180 offset=40 current=7 expected=7 new=8 success=1
05-04 19:28:41.880 12773 12826 I WestlakeVM: VM: [PFCUT] InterpreterJni jdk.Unsafe CAS ref target=0x14080b50 offset=48 current=0 expected=0 new=0x14093e98 success=1 array_index=9
05-04 19:28:41.880 12773 12826 I WestlakeVM: VM: [PFCUT] InterpreterJni jdk.Unsafe CAS long target=0x14099180 offset=40 current=8 expected=8 new=9 success=1
05-04 19:28:41.881 12773 12826 I WestlakeVM: VM: [PFCUT] InterpreterJni jdk.Unsafe CAS ref target=0x14080b50 offset=12 current=0 expected=0 new=0x14093ec8 success=1 array_index=0
05-04 19:28:41.882 12773 12826 I WestlakeVM: VM: [PFCUT] InterpreterJni jdk.Unsafe CAS long target=0x14099180 offset=40 current=9 expected=9 new=10 success=1
05-04 19:28:41.882 12773 12826 I WestlakeVM: VM: [PFCUT] Class.newInstance intrinsic class=java.lang.Class<sun.security.provider.CertPathProvider> ctor=void sun.security.provider.CertPathProvider.<init>()
05-04 19:28:41.887 12773 12826 I WestlakeVM: VM: [PFCUT] AtomicInteger.incrementAndGet intrinsic current=0
05-04 19:28:42.009 12773 12832 D ProfileInstaller: Installing profile for com.westlake.host
05-04 19:28:42.045 12773 12826 I WestlakeVM: VM: [PFCUT] InterpreterJni jdk.Unsafe CAS int target=0x14099300 offset=52 current=16 expected=16 new=-1 success=1
05-04 19:28:42.046 12773 12826 I WestlakeVM: VM: [PFCUT] InterpreterJni jdk.Unsafe CAS ref target=0x14080e20 offset=60 current=0 expected=0 new=0x1409c778 success=1 array_index=12
05-04 19:28:42.046 12773 12826 I WestlakeVM: VM: [PFCUT] InterpreterJni jdk.Unsafe CAS long target=0x14099300 offset=40 current=0 expected=0 new=1 success=1
05-04 19:28:42.046 12773 12826 I WestlakeVM: VM: [PFCUT] InterpreterJni jdk.Unsafe CAS ref target=0x14080e20 offset=28 current=0 expected=0 new=0x1409c7a8 success=1 array_index=4
05-04 19:28:42.047 12773 12826 I WestlakeVM: VM: [PFCUT] InterpreterJni jdk.Unsafe CAS long target=0x14099300 offset=40 current=1 expected=1 new=2 success=1
05-04 19:28:42.047 12773 12826 I WestlakeVM: VM: [PFCUT] InterpreterJni jdk.Unsafe CAS ref target=0x14080e20 offset=56 current=0 expected=0 new=0x1409c7c0 success=1 array_index=11
05-04 19:28:42.047 12773 12826 I WestlakeVM: VM: [PFCUT] InterpreterJni jdk.Unsafe CAS long target=0x14099300 offset=40 current=2 expected=2 new=3 success=1
05-04 19:28:42.048 12773 12826 I WestlakeVM: VM: [PFCUT] InterpreterJni jdk.Unsafe CAS ref target=0x14080e20 offset=36 current=0 expected=0 new=0x1409c7d8 success=1 array_index=6
05-04 19:28:42.048 12773 12826 I WestlakeVM: VM: [PFCUT] InterpreterJni jdk.Unsafe CAS long target=0x14099300 offset=40 current=3 expected=3 new=4 success=1
05-04 19:28:42.050 12773 12826 I WestlakeVM: VM: [PFCUT] InterpreterJni jdk.Unsafe CAS long target=0x14099300 offset=40 current=4 expected=4 new=5 success=1
05-04 19:28:42.052 12773 12826 I WestlakeVM: VM: [PFCUT] InterpreterJni jdk.Unsafe CAS ref target=0x14080e20 offset=20 current=0 expected=0 new=0x1409c838 success=1 array_index=2
05-04 19:28:42.052 12773 12826 I WestlakeVM: VM: [PFCUT] InterpreterJni jdk.Unsafe CAS long target=0x14099300 offset=40 current=5 expected=5 new=6 success=1
05-04 19:28:42.054 12773 12826 I WestlakeVM: VM: [PFCUT] InterpreterJni jdk.Unsafe CAS long target=0x14099300 offset=40 current=6 expected=6 new=7 success=1
05-04 19:28:42.056 12773 12826 I WestlakeVM: VM: [PFCUT] InterpreterJni jdk.Unsafe CAS ref target=0x14080e20 offset=64 current=0 expected=0 new=0x1409c898 success=1 array_index=13
05-04 19:28:42.056 12773 12826 I WestlakeVM: VM: [PFCUT] InterpreterJni jdk.Unsafe CAS long target=0x14099300 offset=40 current=7 expected=7 new=8 success=1
05-04 19:28:42.058 12773 12826 I WestlakeVM: VM: [PFCUT] InterpreterJni jdk.Unsafe CAS long target=0x14099300 offset=40 current=8 expected=8 new=9 success=1
05-04 19:28:42.060 12773 12826 I WestlakeVM: VM: [PFCUT] InterpreterJni jdk.Unsafe CAS ref target=0x14080e20 offset=32 current=0 expected=0 new=0x1409c8f8 success=1 array_index=5
05-04 19:28:42.060 12773 12826 I WestlakeVM: VM: [PFCUT] InterpreterJni jdk.Unsafe CAS long target=0x14099300 offset=40 current=9 expected=9 new=10 success=1
05-04 19:28:42.062 12773 12826 I WestlakeVM: VM: [PFCUT] InterpreterJni jdk.Unsafe CAS ref target=0x14080e20 offset=40 current=0 expected=0 new=0x1409c928 success=1 array_index=7
05-04 19:28:42.062 12773 12826 I WestlakeVM: VM: [PFCUT] InterpreterJni jdk.Unsafe CAS long target=0x14099300 offset=40 current=10 expected=10 new=11 success=1
05-04 19:28:42.064 12773 12826 I WestlakeVM: VM: [PFCUT] InterpreterJni jdk.Unsafe CAS long target=0x14099300 offset=40 current=11 expected=11 new=12 success=1
05-04 19:28:42.064 12773 12826 I WestlakeVM: VM: [PFCUT] InterpreterJni jdk.Unsafe CAS int target=0x14099300 offset=52 current=12 expected=12 new=-2145714174 success=1
05-04 19:28:42.064 12773 12826 I WestlakeVM: VM: [PFCUT] InterpreterJni jdk.Unsafe CAS int target=0x14099300 offset=56 current=16 expected=16 new=0 success=1
05-04 19:28:42.065 12773 12826 I WestlakeVM: VM: [PFCUT-TRACE] thread=main-256mb ts_us=2145153640291 kind=setSlot.jdk caller="void jdk.internal.misc.Unsafe.putReferenceVolatile(java.lang.Object, long, java.lang.Object)" array.class=java.util.concurrent.ConcurrentHashMap$Node[] array.componentType=java.util.concurrent.ConcurrentHashMap$Node array.length=32 index=14 value.ptr=0x1409c958 value.class=java.util.concurrent.ConcurrentHashMap$Node assignable=1
05-04 19:28:42.065 12773 12826 I WestlakeVM: VM: [PFCUT-TRACE] thread=main-256mb ts_us=2145153640449 kind=setSlot.jdk caller="void jdk.internal.misc.Unsafe.putReferenceVolatile(java.lang.Object, long, java.lang.Object)" array.class=java.util.concurrent.ConcurrentHashMap$Node[] array.componentType=java.util.concurrent.ConcurrentHashMap$Node array.length=32 index=30 value.ptr=0 value.class=<null> assignable=1
05-04 19:28:42.065 12773 12826 I WestlakeVM: VM: [PFCUT-TRACE] thread=main-256mb ts_us=2145153640561 kind=setSlot.jdk caller="void jdk.internal.misc.Unsafe.putReferenceVolatile(java.lang.Object, long, java.lang.Object)" array.class=java.util.concurrent.ConcurrentHashMap$Node[] array.componentType=java.util.concurrent.ConcurrentHashMap$Node array.length=16 index=14 value.ptr=0x14097fc0 value.class=java.util.concurrent.ConcurrentHashMap$ForwardingNode assignable=1
05-04 19:28:42.065 12773 12826 I WestlakeVM: VM: [PFCUT-TRACE] thread=main-256mb ts_us=2145153640983 kind=setSlot.jdk caller="void jdk.internal.misc.Unsafe.putReferenceVolatile(java.lang.Object, long, java.lang.Object)" array.class=java.util.concurrent.ConcurrentHashMap$Node[] array.componentType=java.util.concurrent.ConcurrentHashMap$Node array.length=32 index=13 value.ptr=0x1409c8c8 value.class=java.util.concurrent.ConcurrentHashMap$Node assignable=1
05-04 19:28:42.066 12773 12826 I WestlakeVM: VM: [PFCUT-TRACE] thread=main-256mb ts_us=2145153641130 kind=setSlot.jdk caller="void jdk.internal.misc.Unsafe.putReferenceVolatile(java.lang.Object, long, java.lang.Object)" array.class=java.util.concurrent.ConcurrentHashMap$Node[] array.componentType=java.util.concurrent.ConcurrentHashMap$Node array.length=32 index=29 value.ptr=0x1409c970 value.class=java.util.concurrent.ConcurrentHashMap$Node assignable=1
05-04 19:28:42.066 12773 12826 I WestlakeVM: VM: [PFCUT-TRACE] thread=main-256mb ts_us=2145153641229 kind=setSlot.jdk caller="void jdk.internal.misc.Unsafe.putReferenceVolatile(java.lang.Object, long, java.lang.Object)" array.class=java.util.concurrent.ConcurrentHashMap$Node[] array.componentType=java.util.concurrent.ConcurrentHashMap$Node array.length=16 index=13 value.ptr=0x14097fc0 value.class=java.util.concurrent.ConcurrentHashMap$ForwardingNode assignable=1
05-04 19:28:42.066 12773 12826 I WestlakeVM: VM: [PFCUT-TRACE] thread=main-256mb ts_us=2145153641478 kind=setSlot.jdk caller="void jdk.internal.misc.Unsafe.putReferenceVolatile(java.lang.Object, long, java.lang.Object)" array.class=java.util.concurrent.ConcurrentHashMap$Node[] array.componentType=java.util.concurrent.ConcurrentHashMap$Node array.length=32 index=12 value.ptr=0x1409c778 value.class=java.util.concurrent.ConcurrentHashMap$Node assignable=1
05-04 19:28:42.066 12773 12826 I WestlakeVM: VM: [PFCUT-TRACE] thread=main-256mb ts_us=2145153641610 kind=setSlot.jdk caller="void jdk.internal.misc.Unsafe.putReferenceVolatile(java.lang.Object, long, java.lang.Object)" array.class=java.util.concurrent.ConcurrentHashMap$Node[] array.componentType=java.util.concurrent.ConcurrentHashMap$Node array.length=32 index=28 value.ptr=0 value.class=<null> assignable=1
05-04 19:28:42.066 12773 12826 I WestlakeVM: VM: [PFCUT-TRACE] thread=main-256mb ts_us=2145153641710 kind=setSlot.jdk caller="void jdk.internal.misc.Unsafe.putReferenceVolatile(java.lang.Object, long, java.lang.Object)" array.class=java.util.concurrent.ConcurrentHashMap$Node[] array.componentType=java.util.concurrent.ConcurrentHashMap$Node array.length=16 index=12 value.ptr=0x14097fc0 value.class=java.util.concurrent.ConcurrentHashMap$ForwardingNode assignable=1
05-04 19:28:42.067 12773 12826 I WestlakeVM: VM: [PFCUT-TRACE] thread=main-256mb ts_us=2145153642065 kind=setSlot.jdk caller="void jdk.internal.misc.Unsafe.putReferenceVolatile(java.lang.Object, long, java.lang.Object)" array.class=java.util.concurrent.ConcurrentHashMap$Node[] array.componentType=java.util.concurrent.ConcurrentHashMap$Node array.length=32 index=11 value.ptr=0x1409c988 value.class=java.util.concurrent.ConcurrentHashMap$Node assignable=1
05-04 19:28:42.067 12773 12826 I WestlakeVM: VM: [PFCUT-TRACE] thread=main-256mb ts_us=2145153642170 kind=setSlot.jdk caller="void jdk.internal.misc.Unsafe.putReferenceVolatile(java.lang.Object, long, java.lang.Object)" array.class=java.util.concurrent.ConcurrentHashMap$Node[] array.componentType=java.util.concurrent.ConcurrentHashMap$Node array.length=32 index=27 value.ptr=0x1409c868 value.class=java.util.concurrent.ConcurrentHashMap$Node assignable=1
05-04 19:28:42.067 12773 12826 I WestlakeVM: VM: [PFCUT-TRACE] thread=main-256mb ts_us=2145153642270 kind=setSlot.jdk caller="void jdk.internal.misc.Unsafe.putReferenceVolatile(java.lang.Object, long, java.lang.Object)" array.class=java.util.concurrent.ConcurrentHashMap$Node[] array.componentType=java.util.concurrent.ConcurrentHashMap$Node array.length=16 index=11 value.ptr=0x14097fc0 value.class=java.util.concurrent.ConcurrentHashMap$ForwardingNode assignable=1
05-04 19:28:42.067 12773 12826 I WestlakeVM: VM: [PFCUT-TRACE] thread=main-256mb ts_us=2145153642920 kind=setSlot.jdk caller="void jdk.internal.misc.Unsafe.putReferenceVolatile(java.lang.Object, long, java.lang.Object)" array.class=java.util.concurrent.ConcurrentHashMap$Node[] array.componentType=java.util.concurrent.ConcurrentHashMap$Node array.length=32 index=7 value.ptr=0x1409c928 value.class=java.util.concurrent.ConcurrentHashMap$Node assignable=1
05-04 19:28:42.067 12773 12826 I WestlakeVM: VM: [PFCUT-TRACE] thread=main-256mb ts_us=2145153643022 kind=setSlot.jdk caller="void jdk.internal.misc.Unsafe.putReferenceVolatile(java.lang.Object, long, java.lang.Object)" array.class=java.util.concurrent.ConcurrentHashMap$Node[] array.componentType=java.util.concurrent.ConcurrentHashMap$Node array.length=32 index=23 value.ptr=0 value.class=<null> assignable=1
05-04 19:28:42.068 12773 12826 I WestlakeVM: VM: [PFCUT-TRACE] thread=main-256mb ts_us=2145153643164 kind=setSlot.jdk caller="void jdk.internal.misc.Unsafe.putReferenceVolatile(java.lang.Object, long, java.lang.Object)" array.class=java.util.concurrent.ConcurrentHashMap$Node[] array.componentType=java.util.concurrent.ConcurrentHashMap$Node array.length=16 index=7 value.ptr=0x14097fc0 value.class=java.util.concurrent.ConcurrentHashMap$ForwardingNode assignable=1
05-04 19:28:42.068 12773 12826 I WestlakeVM: VM: [PFCUT-TRACE] thread=main-256mb ts_us=2145153643411 kind=setSlot.jdk caller="void jdk.internal.misc.Unsafe.putReferenceVolatile(java.lang.Object, long, java.lang.Object)" array.class=java.util.concurrent.ConcurrentHashMap$Node[] array.componentType=java.util.concurrent.ConcurrentHashMap$Node array.length=32 index=6 value.ptr=0 value.class=<null> assignable=1
05-04 19:28:42.068 12773 12826 I WestlakeVM: VM: [PFCUT-TRACE] thread=main-256mb ts_us=2145153643508 kind=setSlot.jdk caller="void jdk.internal.misc.Unsafe.putReferenceVolatile(java.lang.Object, long, java.lang.Object)" array.class=java.util.concurrent.ConcurrentHashMap$Node[] array.componentType=java.util.concurrent.ConcurrentHashMap$Node array.length=32 index=22 value.ptr=0x1409c7d8 value.class=java.util.concurrent.ConcurrentHashMap$Node assignable=1
05-04 19:28:42.068 12773 12826 I WestlakeVM: VM: [PFCUT-TRACE] thread=main-256mb ts_us=2145153643603 kind=setSlot.jdk caller="void jdk.internal.misc.Unsafe.putReferenceVolatile(java.lang.Object, long, java.lang.Object)" array.class=java.util.concurrent.ConcurrentHashMap$Node[] array.componentType=java.util.concurrent.ConcurrentHashMap$Node array.length=16 index=6 value.ptr=0x14097fc0 value.class=java.util.concurrent.ConcurrentHashMap$ForwardingNode assignable=1
05-04 19:28:42.068 12773 12826 I WestlakeVM: VM: [PFCUT-TRACE] thread=main-256mb ts_us=2145153643876 kind=setSlot.jdk caller="void jdk.internal.misc.Unsafe.putReferenceVolatile(java.lang.Object, long, java.lang.Object)" array.class=java.util.concurrent.ConcurrentHashMap$Node[] array.componentType=java.util.concurrent.ConcurrentHashMap$Node array.length=32 index=5 value.ptr=0x1409c8f8 value.class=java.util.concurrent.ConcurrentHashMap$Node assignable=1
05-04 19:28:42.069 12773 12826 I WestlakeVM: VM: [PFCUT-TRACE] thread=main-256mb ts_us=2145153643976 kind=setSlot.jdk caller="void jdk.internal.misc.Unsafe.putReferenceVolatile(java.lang.Object, long, java.lang.Object)" array.class=java.util.concurrent.ConcurrentHashMap$Node[] array.componentType=java.util.concurrent.ConcurrentHashMap$Node array.length=32 index=21 value.ptr=0 value.class=<null> assignable=1
05-04 19:28:42.069 12773 12826 I WestlakeVM: VM: [PFCUT-TRACE] thread=main-256mb ts_us=2145153644070 kind=setSlot.jdk caller="void jdk.internal.misc.Unsafe.putReferenceVolatile(java.lang.Object, long, java.lang.Object)" array.class=java.util.concurrent.ConcurrentHashMap$Node[] array.componentType=java.util.concurrent.ConcurrentHashMap$Node array.length=16 index=5 value.ptr=0x14097fc0 value.class=java.util.concurrent.ConcurrentHashMap$ForwardingNode assignable=1
05-04 19:28:42.069 12773 12826 I WestlakeVM: VM: [PFCUT-TRACE] thread=main-256mb ts_us=2145153644313 kind=setSlot.jdk caller="void jdk.internal.misc.Unsafe.putReferenceVolatile(java.lang.Object, long, java.lang.Object)" array.class=java.util.concurrent.ConcurrentHashMap$Node[] array.componentType=java.util.concurrent.ConcurrentHashMap$Node array.length=32 index=4 value.ptr=0x1409c7a8 value.class=java.util.concurrent.ConcurrentHashMap$Node assignable=1
05-04 19:28:42.069 12773 12826 I WestlakeVM: VM: [PFCUT-TRACE] thread=main-256mb ts_us=2145153644416 kind=setSlot.jdk caller="void jdk.internal.misc.Unsafe.putReferenceVolatile(java.lang.Object, long, java.lang.Object)" array.class=java.util.concurrent.ConcurrentHashMap$Node[] array.componentType=java.util.concurrent.ConcurrentHashMap$Node array.length=32 index=20 value.ptr=0 value.class=<null> assignable=1
05-04 19:28:42.069 12773 12826 I WestlakeVM: VM: [PFCUT-TRACE] thread=main-256mb ts_us=2145153644510 kind=setSlot.jdk caller="void jdk.internal.misc.Unsafe.putReferenceVolatile(java.lang.Object, long, java.lang.Object)" array.class=java.util.concurrent.ConcurrentHashMap$Node[] array.componentType=java.util.concurrent.ConcurrentHashMap$Node array.length=16 index=4 value.ptr=0x14097fc0 value.class=java.util.concurrent.ConcurrentHashMap$ForwardingNode assignable=1
05-04 19:28:42.070 12773 12826 I WestlakeVM: VM: [PFCUT-TRACE] thread=main-256mb ts_us=2145153644909 kind=setSlot.jdk caller="void jdk.internal.misc.Unsafe.putReferenceVolatile(java.lang.Object, long, java.lang.Object)" array.class=java.util.concurrent.ConcurrentHashMap$Node[] array.componentType=java.util.concurrent.ConcurrentHashMap$Node array.length=32 index=2 value.ptr=0x1409c838 value.class=java.util.concurrent.ConcurrentHashMap$Node assignable=1
05-04 19:28:42.070 12773 12826 I WestlakeVM: VM: [PFCUT-TRACE] thread=main-256mb ts_us=2145153645010 kind=setSlot.jdk caller="void jdk.internal.misc.Unsafe.putReferenceVolatile(java.lang.Object, long, java.lang.Object)" array.class=java.util.concurrent.ConcurrentHashMap$Node[] array.componentType=java.util.concurrent.ConcurrentHashMap$Node array.length=32 index=18 value.ptr=0 value.class=<null> assignable=1
05-04 19:28:42.070 12773 12826 I WestlakeVM: VM: [PFCUT-TRACE] thread=main-256mb ts_us=2145153645104 kind=setSlot.jdk caller="void jdk.internal.misc.Unsafe.putReferenceVolatile(java.lang.Object, long, java.lang.Object)" array.class=java.util.concurrent.ConcurrentHashMap$Node[] array.componentType=java.util.concurrent.ConcurrentHashMap$Node array.length=16 index=2 value.ptr=0x14097fc0 value.class=java.util.concurrent.ConcurrentHashMap$ForwardingNode assignable=1
05-04 19:28:42.070 12773 12826 I WestlakeVM: VM: [PFCUT] InterpreterJni jdk.Unsafe CAS int target=0x14099300 offset=52 current=-2145714174 expected=-2145714174 new=-2145714175 success=1
05-04 19:28:42.073 12773 12826 I WestlakeVM: VM: [PFCUT] InterpreterJni jdk.Unsafe CAS long target=0x14099300 offset=40 current=12 expected=12 new=13 success=1
05-04 19:28:42.085 12773 12826 I WestlakeVM: VM: [PFCUT] AtomicInteger.incrementAndGet intrinsic current=1
05-04 19:28:42.086 12773 12826 I WestlakeVM: VM: WESTLAKE_SECURITY_SUNX509_ALIAS_READY tmfSpi=com.westlake.engine.WestlakeTrustManagerFactorySpi sslSpi=com.westlake.engine.WestlakeSslContextSpi
05-04 19:28:42.089 12773 12826 I WestlakeVM: VM: [PFCUT] InterpreterJni jdk.Unsafe CAS int target=0x14079680 offset=52 current=0 expected=0 new=-1 success=1
05-04 19:28:42.202 12773 12826 I WestlakeVM: VM: WESTLAKE_SECURITY_SHA256_READY provider=WestlakeDigest len=32 first=186
05-04 19:28:42.202 12773 12826 I WestlakeVM: VM: Hidden API exemption step skipped on standalone guest
05-04 19:28:42.203 12773 12826 I WestlakeVM: VM: Real runtime probe skipped on standalone guest
05-04 19:28:42.203 12773 12826 I WestlakeVM: VM: Framework stubs pre-registered by runtime
05-04 19:28:42.204 12773 12826 I WestlakeVM: VM: [dalvikvm] prime cutoff canary launch
05-04 19:28:42.219 12773 12826 I WestlakeVM: VM: System.log(E): Ignoring attempt to set property "westlake.apk.path" to value "/data/local/tmp/westlake/com_github_ashutoshgngwr_noice.apk".
05-04 19:28:42.224 12773 12826 I WestlakeVM: VM: System.log(E): Ignoring attempt to set property "westlake.apk.resdir" to value "/data/local/tmp/westlake/com_github_ashutoshgngwr_noice_res".
05-04 19:28:42.227 12773 12826 I WestlakeVM: VM: [PFCUT] Class.getDeclaredField intrinsic hit class=java.lang.ClassLoader name=packages
05-04 19:28:42.228 12773 12826 I WestlakeVM: VM: [WestlakeLauncher] Repaired ClassLoader packages for dalvik.system.PathClassLoader
05-04 19:28:42.229 12773 12826 I WestlakeVM: VM: [PFCUT] Class.getDeclaredField intrinsic hit class=java.lang.ClassLoader name=packages
05-04 19:28:42.230 12773 12826 I WestlakeVM: VM: [WestlakeLauncher] Repaired ClassLoader packages for java.lang.BootClassLoader
05-04 19:28:42.232 12773 12826 I WestlakeVM: VM: Starting on OHOS + ART ...
05-04 19:28:42.232 12773 12826 I WestlakeVM: VM: APK:
05-04 19:28:42.232 12773 12826 I WestlakeVM: VM: /data/local/tmp/westlake/com_github_ashutoshgngwr_noice.apk
05-04 19:28:42.232 12773 12826 I WestlakeVM: VM: Activity:
05-04 19:28:42.232 12773 12826 I WestlakeVM: VM: com.github.ashutoshgngwr.noice.activity.MainActivity
05-04 19:28:42.233 12773 12826 I WestlakeVM: VM: Package:
05-04 19:28:42.233 12773 12826 I WestlakeVM: VM: com.github.ashutoshgngwr.noice
05-04 19:28:42.233 12773 12826 I WestlakeVM: VM: Backend mode:
05-04 19:28:42.233 12773 12826 I WestlakeVM: VM: target_ohos_backend
05-04 19:28:42.233 12773 12826 I WestlakeVM: VM: Framework policy:
05-04 19:28:42.233 12773 12826 I WestlakeVM: VM: westlake_only
05-04 19:28:42.233 12773 12826 I WestlakeVM: VM: Real context bootstrap skipped on standalone guest
05-04 19:28:42.471 12773 12826 I WestlakeVM: VM: Manifest: com.github.ashutoshgngwr.noice.NoiceApplication (8 activities, 1 providers)
05-04 19:28:42.471 12773 12826 I WestlakeVM: VM: OHBridge bootstrap deferred on standalone guest
05-04 19:28:42.472 12773 12826 I WestlakeVM: VM: Aux native loads deferred on standalone guest
05-04 19:28:42.472 12773 12826 I WestlakeVM: VM: Bootstrap prop refresh deferred on standalone guest
05-04 19:28:42.472 12773 12826 I WestlakeVM: VM: MiniServer init begin
05-04 19:28:42.476 12773 12826 I WestlakeVM: VM: MiniServer init returned
05-04 19:28:42.476 12773 12826 I WestlakeVM: VM: MiniServer activityManager ready
05-04 19:28:42.476 12773 12826 I WestlakeVM: VM: MiniServer initialized
05-04 19:28:42.477 12773 12826 I WestlakeVM: VM: [WestlakeLauncher] Application from manifest: com.github.ashutoshgngwr.noice.NoiceApplication
05-04 19:28:42.479 12773 12826 I WestlakeVM: VM: [PFCUT] Class.getDeclaredField intrinsic hit class=java.lang.ClassLoader name=packages
05-04 19:28:42.479 12773 12826 I WestlakeVM: VM: [PFCUT] Class.getDeclaredField intrinsic hit class=java.lang.ClassLoader name=packages
05-04 19:28:42.494 12773 12826 I WestlakeVM: VM: [WestlakeLauncher] Coroutine runtime seeded before Application.onCreate
05-04 19:28:42.513 12773 12826 I WestlakeVM: VM: PF202 ApkLoader enter
05-04 19:28:42.515 12773 12826 I WestlakeVM: VM: PF202 ApkLoader info seeded
05-04 19:28:42.520 12773 12826 I WestlakeVM: VM: CV PF-MCD-RES_TABLE_READ_BEGIN path=/data/local/tmp/westlake/com_github_ashutoshgngwr_noice_res/resources.arsc
05-04 19:28:42.533 12773 12826 I WestlakeVM: VM: CV PF-MCD-RES_TABLE_READ_DONE bytes=2019644
05-04 19:28:42.534 12773 12826 I WestlakeVM: VM: CV PF-MCD-RES_TABLE_PARSE_BEGIN
05-04 19:28:42.693  3704  3747 W HidlServiceManagement: Waited one second for vendor.qti.hardware.cacert@1.0::IService/default
05-04 19:28:42.694   660   660 I hwservicemanager: Since vendor.qti.hardware.cacert@1.0::IService/default is not registered, trying to start it as a lazy HAL (if it's not configured to be a lazy HAL, it may be stuck starting or still starting).
05-04 19:28:42.695  3704  3747 I HidlServiceManagement: getService: Trying again for vendor.qti.hardware.cacert@1.0::IService/default...
05-04 19:28:42.697   660 12833 W libc    : Unable to set property "ctl.interface_start" to "vendor.qti.hardware.cacert@1.0::IService/default": PROP_ERROR_HANDLE_CONTROL_MESSAGE (0x20)
05-04 19:28:42.698   660 12833 I hwservicemanager: Tried to start vendor.qti.hardware.cacert@1.0::IService/default as a lazy service, but was unable to. Usually this happens when a service is not installed, but if the service is intended to be used as a lazy service, then it may be configured incorrectly.
05-04 19:28:42.611     0     0 E init    : Control message: Could not find 'vendor.qti.hardware.cacert@1.0::IService/default' for ctl.interface_start from pid: 660 (/system/system_ext/bin/hwservicemanager)
05-04 19:28:43.696  3704  3747 W HidlServiceManagement: Waited one second for vendor.qti.hardware.cacert@1.0::IService/default
05-04 19:28:43.697   660   660 I hwservicemanager: Since vendor.qti.hardware.cacert@1.0::IService/default is not registered, trying to start it as a lazy HAL (if it's not configured to be a lazy HAL, it may be stuck starting or still starting).
05-04 19:28:43.697  3704  3747 I HidlServiceManagement: getService: Trying again for vendor.qti.hardware.cacert@1.0::IService/default...
05-04 19:28:43.701   660 12834 W libc    : Unable to set property "ctl.interface_start" to "vendor.qti.hardware.cacert@1.0::IService/default": PROP_ERROR_HANDLE_CONTROL_MESSAGE (0x20)
05-04 19:28:43.701   660 12834 I hwservicemanager: Tried to start vendor.qti.hardware.cacert@1.0::IService/default as a lazy service, but was unable to. Usually this happens when a service is not installed, but if the service is intended to be used as a lazy service, then it may be configured incorrectly.
05-04 19:28:43.614     0     0 E init    : Control message: Could not find 'vendor.qti.hardware.cacert@1.0::IService/default' for ctl.interface_start from pid: 660 (/system/system_ext/bin/hwservicemanager)
05-04 19:28:43.770   703 12734 I keystore2: system/security/keystore2/watchdog/src/lib.rs:356 - Watchdog thread idle -> terminating. Have a great day.
05-04 19:28:44.698  3704  3747 W HidlServiceManagement: Waited one second for vendor.qti.hardware.cacert@1.0::IService/default
05-04 19:28:44.699   660   660 I hwservicemanager: Since vendor.qti.hardware.cacert@1.0::IService/default is not registered, trying to start it as a lazy HAL (if it's not configured to be a lazy HAL, it may be stuck starting or still starting).
05-04 19:28:44.701  3704  3747 I HidlServiceManagement: getService: Trying again for vendor.qti.hardware.cacert@1.0::IService/default...
05-04 19:28:44.703   660 12835 W libc    : Unable to set property "ctl.interface_start" to "vendor.qti.hardware.cacert@1.0::IService/default": PROP_ERROR_HANDLE_CONTROL_MESSAGE (0x20)
