05-04 19:29:04.153 12773 12826 I WestlakeVM: VM: [PFCUT] pending UOE return caller=void e.p.a(android.content.Context) callee=void v3.e.m() inputs=1 native=0 code=0x70b684e0a4 message=Westlake permissive SSLContext: engineGetSocketFactory not implemented (infrastructure-only)
05-04 19:29:04.153 12773 12826 I WestlakeVM: VM: [PFCUT] pending UOE return caller=void androidx.activity.ComponentActivity.onCreate(android.os.Bundle) callee=void e.p.a(android.content.Context) inputs=2 native=0 code=0x70b67287c4 message=Westlake permissive SSLContext: engineGetSocketFactory not implemented (infrastructure-only)
05-04 19:29:04.153 12773 12826 I WestlakeVM: VM: [PFCUT] pending UOE return caller=void androidx.fragment.app.d0.onCreate(android.os.Bundle) callee=void androidx.activity.ComponentActivity.onCreate(android.os.Bundle) inputs=2 native=0 code=0x70b6600b7c message=Westlake permissive SSLContext: engineGetSocketFactory not implemented (infrastructure-only)
05-04 19:29:04.153 12773 12826 I WestlakeVM: VM: [PFCUT] pending UOE return caller=void v3.e.onCreate(android.os.Bundle) callee=void androidx.fragment.app.d0.onCreate(android.os.Bundle) inputs=2 native=0 code=0x70b66286a0 message=Westlake permissive SSLContext: engineGetSocketFactory not implemented (infrastructure-only)
05-04 19:29:04.153 12773 12826 I WestlakeVM: VM: [PFCUT] pending UOE return caller=void com.github.ashutoshgngwr.noice.activity.MainActivity.onCreate(android.os.Bundle) callee=void v3.e.onCreate(android.os.Bundle) inputs=2 native=0 code=0x70b684e274 message=Westlake permissive SSLContext: engineGetSocketFactory not implemented (infrastructure-only)
05-04 19:29:04.153 12773 12826 I WestlakeVM: VM: [PFCUT] pending UOE return caller=void android.app.MiniActivityManager$3.run() callee=void com.github.ashutoshgngwr.noice.activity.MainActivity.onCreate(android.os.Bundle) inputs=2 native=0 code=0x70b66a28dc message=Westlake permissive SSLContext: engineGetSocketFactory not implemented (infrastructure-only)
05-04 19:29:04.157 12773 12826 I WestlakeVM: VM: [shim-log] E/MiniActivityManager: performCreate error: UnsupportedOperationException: Westlake permissive SSLContext: engineGetSocketFactory not implemented (infrastructure-only)
05-04 19:29:04.163 12773 12826 I WestlakeVM: VM: [shim-log] E/MiniActivityManager: performCreate ROOT: java.lang.UnsupportedOperationException: Westlake permissive SSLContext: engineGetSocketFactory not implemented (infrastructure-only)
05-04 19:29:04.167 12773 12826 I WestlakeVM: VM: [PFCUT] AtomicInteger.addAndGet intrinsic current=1
05-04 19:29:04.168 12773 12826 I WestlakeVM: VM: [PFCUT] Ljava/nio/charset/CharsetEncoder;.onMalformedInput fallback action=0x14059d50
05-04 19:29:04.169 12773 12826 I WestlakeVM: VM: [PFCUT] Ljava/nio/charset/CharsetEncoder;.onUnmappableCharacter fallback action=0x14059d50
05-04 19:29:04.172 12773 12826 I WestlakeVM: VM: java.lang.UnsupportedOperationException: Westlake permissive SSLContext: engineGetSocketFactory not implemented (infrastructure-only)
05-04 19:29:04.178 12773 12826 I WestlakeVM: VM: [shim-log] D/MiniActivityManager:   tryRecoverContent: attempting manual setContentView for com.github.ashutoshgngwr.noice.activity.MainActivity (reason=UnsupportedOperationException)
05-04 19:29:04.183 12773 12826 I WestlakeVM: VM: [PFCUT] InterpreterJni jdk.Unsafe CAS int target=0x141d1c00 offset=52 current=0 expected=0 new=-1 success=1
05-04 19:29:04.183 12773 12826 I WestlakeVM: VM: [PFCUT] InterpreterJni jdk.Unsafe CAS int target=0x141d1c80 offset=52 current=0 expected=0 new=-1 success=1
05-04 19:29:04.189 12773 12826 I WestlakeVM: VM: [PFCUT] AtomicLong.getAndIncrement intrinsic current=0
05-04 19:29:04.191 12773 12826 I WestlakeVM: VM: [PFCUT] InterpreterJni jdk.Unsafe CAS int target=0x141d1c40 offset=52 current=0 expected=0 new=-1 success=1
05-04 19:29:04.192 12773 12826 I WestlakeVM: VM: [PFCUT-PROXY] direct proxy constructor $Proxy0 handler=0x142d1300 ctor=void java.lang.reflect.Proxy.<init>(java.lang.reflect.InvocationHandler) quick=0xd23f70 virt=3
05-04 19:29:04.192 12773 12826 I WestlakeVM: VM: [PFCUT-PROXY]   method=boolean java.lang.Object.equals(java.lang.Object) target=boolean java.lang.Object.equals(java.lang.Object) quick=0xd23a60 flags=0x12300011
05-04 19:29:04.192 12773 12826 I WestlakeVM: VM: [PFCUT-PROXY]   method=int java.lang.Object.hashCode() target=int java.lang.Object.hashCode() quick=0xd23a60 flags=0x12300011
05-04 19:29:04.192 12773 12826 I WestlakeVM: VM: [PFCUT-PROXY]   method=java.lang.String java.lang.Object.toString() target=java.lang.String java.lang.Object.toString() quick=0xd23a60 flags=0x12300011
05-04 19:29:04.197 12773 12826 I WestlakeVM: VM: [PFCUT] Class.classForName name=androidx.lifecycle.d1 initialize=0 loader=0x70ba0b521d lifecycle_adapter=0 mcd_analytics=0 callers=java.lang.Class java.lang.Class.classForName(java.lang.String, boolean, java.lang.ClassLoader) | java.lang.Class java.lang.Class.forName(java.lang.String, boolean, java.lang.ClassLoader) | java.lang.Class java.lang.reflect.Proxy$ProxyClassFactory.apply(java.lang.ClassLoader, java.lang.Class[]) | java.lang.Object java.lang.reflect.Proxy$ProxyClassFactory.apply(java.lang.Object, java.lang.Object) | java.lang.Object java.lang.reflect.WeakCache$Factory.get() | java.lang.Object java.lang.reflect.WeakCache.get(java.lang.Object, java.lang.Object) | java.lang.Class java.lang.reflect.Proxy.getProxyClass0(java.lang.ClassLoader, java.lang.Class[]) | java.lang.Object java.lang.reflect.Proxy.newProxyInstance(java.lang.ClassLoader, java.lang.Class[], java.lang.reflect.InvocationHandler) | void android.app.MiniActivityManager.fillNullFieldsWithProxies(android.app.Activity) | void android.app.MiniActivityManager.performCreate(android.app.MiniActivityManager$ActivityRecord, android.os.Bundle)
05-04 19:29:04.197 12773 12826 I WestlakeVM: VM: [PFCUT] Class.classForName after FindClass name=androidx.lifecycle.d1 result=0x14274e20 pending=0
05-04 19:29:04.203 12773 12826 I WestlakeVM: VM: [PFCUT] AtomicLong.getAndIncrement intrinsic current=1
05-04 19:29:04.206 12773 12826 I WestlakeVM: VM: [PFCUT-PROXY] direct proxy constructor $Proxy1 handler=0x142d13d0 ctor=void java.lang.reflect.Proxy.<init>(java.lang.reflect.InvocationHandler) quick=0xd23f70 virt=5
05-04 19:29:04.206 12773 12826 I WestlakeVM: VM: [PFCUT-PROXY]   method=androidx.lifecycle.y0 androidx.lifecycle.d1.a(java.lang.Class) target=androidx.lifecycle.y0 androidx.lifecycle.d1.a(java.lang.Class) quick=0xd23a60 flags=0x12300011
05-04 19:29:04.206 12773 12826 I WestlakeVM: VM: [PFCUT-PROXY]   method=androidx.lifecycle.y0 androidx.lifecycle.d1.b(java.lang.Class, g1.e) target=androidx.lifecycle.y0 androidx.lifecycle.d1.b(java.lang.Class, g1.e) quick=0xd23a60 flags=0x12300011
05-04 19:29:04.206 12773 12826 I WestlakeVM: VM: [PFCUT-PROXY]   method=boolean java.lang.Object.equals(java.lang.Object) target=boolean java.lang.Object.equals(java.lang.Object) quick=0xd23a60 flags=0x12300011
05-04 19:29:04.206 12773 12826 I WestlakeVM: VM: [PFCUT-PROXY]   method=int java.lang.Object.hashCode() target=int java.lang.Object.hashCode() quick=0xd23a60 flags=0x12300011
05-04 19:29:04.206 12773 12826 I WestlakeVM: VM: [PFCUT-PROXY]   method=java.lang.String java.lang.Object.toString() target=java.lang.String java.lang.Object.toString() quick=0xd23a60 flags=0x12300011
05-04 19:29:04.220 12773 12826 I WestlakeVM: VM: [shim-log] D/MiniActivityManager:   fillNullFieldsWithProxies: filled 2 null interface fields
05-04 19:29:04.223 12773 12826 I WestlakeVM: VM: [shim-log] D/MiniActivityManager:   Retrying onCreate with stub DI fields...
05-04 19:29:04.230 12773 12826 I WestlakeVM: VM: [shim-log] D/MiniActivityManager:   Retry onCreate failed: IllegalStateException: SavedStateRegistry was already restored.
05-04 19:29:04.230 12773 12826 I WestlakeVM: VM: [PFCUT] Class.getDeclaredField intrinsic hit class=android.app.Activity name=mFinished
05-04 19:29:04.231 12773 12826 I WestlakeVM: VM: [PFCUT] Class.getDeclaredField intrinsic hit class=android.app.Activity name=mDestroyed
05-04 19:29:04.251 12773 12826 I WestlakeVM: VM: [PFCUT] StringFactory Charset fallback bytes=8 offset=0 utf16=8 shorty=LLIIL
05-04 19:29:04.259 12773 12826 I WestlakeVM: VM: [PFCUT] StringFactory Charset fallback bytes=8 offset=0 utf16=8 shorty=LLIIL
05-04 19:29:04.261 12773 12826 I WestlakeVM: VM: [PFCUT] StringFactory Charset fallback bytes=8 offset=0 utf16=8 shorty=LLIIL
05-04 19:29:04.401 12773 12826 I WestlakeVM: VM: [PFCUT] StringFactory Charset fallback bytes=8 offset=0 utf16=8 shorty=LLIIL
05-04 19:29:04.411 12773 12826 I WestlakeVM: VM: [PFCUT] StringFactory Charset fallback bytes=8 offset=0 utf16=8 shorty=LLIIL
05-04 19:29:04.425 12773 12826 I WestlakeVM: VM: [shim-log] D/MiniActivityManager:   tryRecoverContent setContentView failed: Attempt to invoke InvokeType(2) method 'void android.view.View.setId(int)' on a null object reference
05-04 19:29:04.519 12773 12826 I WestlakeVM: VM: [PFCUT] StringFactory Charset fallback bytes=8 offset=0 utf16=8 shorty=LLIIL
05-04 19:29:04.527 12773 12826 I WestlakeVM: VM: [PFCUT] StringFactory Charset fallback bytes=8 offset=0 utf16=8 shorty=LLIIL
05-04 19:29:04.529 12773 12826 I WestlakeVM: VM: [PFCUT] StringFactory Charset fallback bytes=8 offset=0 utf16=8 shorty=LLIIL
05-04 19:29:04.650 12773 12826 I WestlakeVM: VM: [PFCUT] StringFactory Charset fallback bytes=8 offset=0 utf16=8 shorty=LLIIL
05-04 19:29:04.660 12773 12826 I WestlakeVM: VM: [PFCUT] StringFactory Charset fallback bytes=8 offset=0 utf16=8 shorty=LLIIL
05-04 19:29:04.759 12773 12826 I WestlakeVM: VM: PF301 strict Window setContentView entry
05-04 19:29:04.760 12773 12826 I WestlakeVM: VM: PF301 strict Window setContentView childInstall call
05-04 19:29:04.767  3704  3747 W HidlServiceManagement: Waited one second for vendor.qti.hardware.cacert@1.0::IService/default
05-04 19:29:04.768   660   660 I hwservicemanager: Since vendor.qti.hardware.cacert@1.0::IService/default is not registered, trying to start it as a lazy HAL (if it's not configured to be a lazy HAL, it may be stuck starting or still starting).
05-04 19:29:04.768  3704  3747 I HidlServiceManagement: getService: Trying again for vendor.qti.hardware.cacert@1.0::IService/default...
05-04 19:29:04.770   660 12857 W libc    : Unable to set property "ctl.interface_start" to "vendor.qti.hardware.cacert@1.0::IService/default": PROP_ERROR_HANDLE_CONTROL_MESSAGE (0x20)
05-04 19:29:04.770   660 12857 I hwservicemanager: Tried to start vendor.qti.hardware.cacert@1.0::IService/default as a lazy service, but was unable to. Usually this happens when a service is not installed, but if the service is intended to be used as a lazy service, then it may be configured incorrectly.
05-04 19:29:04.684     0     0 E init    : Control message: Could not find 'vendor.qti.hardware.cacert@1.0::IService/default' for ctl.interface_start from pid: 660 (/system/system_ext/bin/hwservicemanager)
05-04 19:29:04.781 12773 12826 I WestlakeVM: VM: PF301 strict Window setContentView childInstall returned
05-04 19:29:04.781 12773 12826 I WestlakeVM: VM: PF301 strict Window setContentView invalidate skipped
05-04 19:29:04.802 12773 12826 I WestlakeVM: VM: PF301 strict Window setContentView standalone end
05-04 19:29:04.808 12773 12826 I WestlakeVM: VM: [shim-log] D/MiniActivityManager:   tryRecoverContent programmatic fallback failed: NullPointerException: Attempt to invoke InvokeType(2) method 'void androidx.appcompat.widget.ContentFrameLayout.setAttachListener(k.n1)' on a null object reference
05-04 19:29:05.769  3704  3747 W HidlServiceManagement: Waited one second for vendor.qti.hardware.cacert@1.0::IService/default
05-04 19:29:05.770   660   660 I hwservicemanager: Since vendor.qti.hardware.cacert@1.0::IService/default is not registered, trying to start it as a lazy HAL (if it's not configured to be a lazy HAL, it may be stuck starting or still starting).
05-04 19:29:05.771  3704  3747 I HidlServiceManagement: getService: Trying again for vendor.qti.hardware.cacert@1.0::IService/default...
05-04 19:29:05.688     0     0 E init    : Control message: Could not find 'vendor.qti.hardware.cacert@1.0::IService/default' for ctl.interface_start from pid: 660 (/system/system_ext/bin/hwservicemanager)
05-04 19:29:05.775   660 12858 W libc    : Unable to set property "ctl.interface_start" to "vendor.qti.hardware.cacert@1.0::IService/default": PROP_ERROR_HANDLE_CONTROL_MESSAGE (0x20)
05-04 19:29:05.775   660 12858 I hwservicemanager: Tried to start vendor.qti.hardware.cacert@1.0::IService/default as a lazy service, but was unable to. Usually this happens when a service is not installed, but if the service is intended to be used as a lazy service, then it may be configured incorrectly.
05-04 19:29:05.786     0     0 I QCOM-BATT: pl_fcc_vote_callback: total_fcc_ua=1950000
05-04 19:29:05.786     0     0 I QCOM-BATT: pl_fv_vote_callback: fv_uv=4400000
05-04 19:29:06.146     0     0 E FG      : fg_psy_get_property: unsupported property 79
05-04 19:29:06.159     0     0 E FG      : fg_psy_get_property: unsupported property 79
05-04 19:29:06.165     0     0 W healthd : battery l=100 v=3042 t=25.0 h=2 st=5 c=0 fc=2831000 chg=u
05-04 19:29:06.171     0     0 E FG      : fg_psy_get_property: unsupported property 79
05-04 19:29:06.771  3704  3747 W HidlServiceManagement: Waited one second for vendor.qti.hardware.cacert@1.0::IService/default
05-04 19:29:06.773   660   660 I hwservicemanager: Since vendor.qti.hardware.cacert@1.0::IService/default is not registered, trying to start it as a lazy HAL (if it's not configured to be a lazy HAL, it may be stuck starting or still starting).
05-04 19:29:06.773  3704  3747 I HidlServiceManagement: getService: Trying again for vendor.qti.hardware.cacert@1.0::IService/default...
05-04 19:29:06.776   660 12859 W libc    : Unable to set property "ctl.interface_start" to "vendor.qti.hardware.cacert@1.0::IService/default": PROP_ERROR_HANDLE_CONTROL_MESSAGE (0x20)
05-04 19:29:06.689     0     0 E init    : Control message: Could not find 'vendor.qti.hardware.cacert@1.0::IService/default' for ctl.interface_start from pid: 660 (/system/system_ext/bin/hwservicemanager)
05-04 19:29:06.777   660 12859 I hwservicemanager: Tried to start vendor.qti.hardware.cacert@1.0::IService/default as a lazy service, but was unable to. Usually this happens when a service is not installed, but if the service is intended to be used as a lazy service, then it may be configured incorrectly.
05-04 19:29:07.774  3704  3747 W HidlServiceManagement: Waited one second for vendor.qti.hardware.cacert@1.0::IService/default
05-04 19:29:07.775   660   660 I hwservicemanager: Since vendor.qti.hardware.cacert@1.0::IService/default is not registered, trying to start it as a lazy HAL (if it's not configured to be a lazy HAL, it may be stuck starting or still starting).
05-04 19:29:07.776  3704  3747 I HidlServiceManagement: getService: Trying again for vendor.qti.hardware.cacert@1.0::IService/default...
05-04 19:29:07.691     0     0 E init    : Control message: Could not find 'vendor.qti.hardware.cacert@1.0::IService/default' for ctl.interface_start from pid: 660 (/system/system_ext/bin/hwservicemanager)
05-04 19:29:07.778   660 12860 W libc    : Unable to set property "ctl.interface_start" to "vendor.qti.hardware.cacert@1.0::IService/default": PROP_ERROR_HANDLE_CONTROL_MESSAGE (0x20)
05-04 19:29:07.778   660 12860 I hwservicemanager: Tried to start vendor.qti.hardware.cacert@1.0::IService/default as a lazy service, but was unable to. Usually this happens when a service is not installed, but if the service is intended to be used as a lazy service, then it may be configured incorrectly.
05-04 19:29:08.776  3704  3747 W HidlServiceManagement: Waited one second for vendor.qti.hardware.cacert@1.0::IService/default
05-04 19:29:08.776   660   660 I hwservicemanager: Since vendor.qti.hardware.cacert@1.0::IService/default is not registered, trying to start it as a lazy HAL (if it's not configured to be a lazy HAL, it may be stuck starting or still starting).
05-04 19:29:08.777  3704  3747 I HidlServiceManagement: getService: Trying again for vendor.qti.hardware.cacert@1.0::IService/default...
05-04 19:29:08.779   660 12861 W libc    : Unable to set property "ctl.interface_start" to "vendor.qti.hardware.cacert@1.0::IService/default": PROP_ERROR_HANDLE_CONTROL_MESSAGE (0x20)
05-04 19:29:08.779   660 12861 I hwservicemanager: Tried to start vendor.qti.hardware.cacert@1.0::IService/default as a lazy service, but was unable to. Usually this happens when a service is not installed, but if the service is intended to be used as a lazy service, then it may be configured incorrectly.
05-04 19:29:08.692     0     0 E init    : Control message: Could not find 'vendor.qti.hardware.cacert@1.0::IService/default' for ctl.interface_start from pid: 660 (/system/system_ext/bin/hwservicemanager)
05-04 19:29:09.778  3704  3747 W HidlServiceManagement: Waited one second for vendor.qti.hardware.cacert@1.0::IService/default
05-04 19:29:09.779   660   660 I hwservicemanager: Since vendor.qti.hardware.cacert@1.0::IService/default is not registered, trying to start it as a lazy HAL (if it's not configured to be a lazy HAL, it may be stuck starting or still starting).
05-04 19:29:09.780  3704  3747 I HidlServiceManagement: getService: Trying again for vendor.qti.hardware.cacert@1.0::IService/default...
05-04 19:29:09.783   660 12862 W libc    : Unable to set property "ctl.interface_start" to "vendor.qti.hardware.cacert@1.0::IService/default": PROP_ERROR_HANDLE_CONTROL_MESSAGE (0x20)
05-04 19:29:09.783   660 12862 I hwservicemanager: Tried to start vendor.qti.hardware.cacert@1.0::IService/default as a lazy service, but was unable to. Usually this happens when a service is not installed, but if the service is intended to be used as a lazy service, then it may be configured incorrectly.
05-04 19:29:09.696     0     0 E init    : Control message: Could not find 'vendor.qti.hardware.cacert@1.0::IService/default' for ctl.interface_start from pid: 660 (/system/system_ext/bin/hwservicemanager)
05-04 19:29:10.781  3704  3747 W HidlServiceManagement: Waited one second for vendor.qti.hardware.cacert@1.0::IService/default
05-04 19:29:10.783   660   660 I hwservicemanager: Since vendor.qti.hardware.cacert@1.0::IService/default is not registered, trying to start it as a lazy HAL (if it's not configured to be a lazy HAL, it may be stuck starting or still starting).
05-04 19:29:10.785  3704  3747 I HidlServiceManagement: getService: Trying again for vendor.qti.hardware.cacert@1.0::IService/default...
05-04 19:29:10.787   660 12863 W libc    : Unable to set property "ctl.interface_start" to "vendor.qti.hardware.cacert@1.0::IService/default": PROP_ERROR_HANDLE_CONTROL_MESSAGE (0x20)
05-04 19:29:10.787   660 12863 I hwservicemanager: Tried to start vendor.qti.hardware.cacert@1.0::IService/default as a lazy service, but was unable to. Usually this happens when a service is not installed, but if the service is intended to be used as a lazy service, then it may be configured incorrectly.
05-04 19:29:10.700     0     0 E init    : Control message: Could not find 'vendor.qti.hardware.cacert@1.0::IService/default' for ctl.interface_start from pid: 660 (/system/system_ext/bin/hwservicemanager)
05-04 19:29:11.785  3704  3747 W HidlServiceManagement: Waited one second for vendor.qti.hardware.cacert@1.0::IService/default
05-04 19:29:11.787   660   660 I hwservicemanager: Since vendor.qti.hardware.cacert@1.0::IService/default is not registered, trying to start it as a lazy HAL (if it's not configured to be a lazy HAL, it may be stuck starting or still starting).
05-04 19:29:11.788  3704  3747 I HidlServiceManagement: getService: Trying again for vendor.qti.hardware.cacert@1.0::IService/default...
05-04 19:29:11.790   660 12865 W libc    : Unable to set property "ctl.interface_start" to "vendor.qti.hardware.cacert@1.0::IService/default": PROP_ERROR_HANDLE_CONTROL_MESSAGE (0x20)
05-04 19:29:11.790   660 12865 I hwservicemanager: Tried to start vendor.qti.hardware.cacert@1.0::IService/default as a lazy service, but was unable to. Usually this happens when a service is not installed, but if the service is intended to be used as a lazy service, then it may be configured incorrectly.
05-04 19:29:11.704     0     0 E init    : Control message: Could not find 'vendor.qti.hardware.cacert@1.0::IService/default' for ctl.interface_start from pid: 660 (/system/system_ext/bin/hwservicemanager)
05-04 19:29:12.789  3704  3747 W HidlServiceManagement: Waited one second for vendor.qti.hardware.cacert@1.0::IService/default
05-04 19:29:12.790   660   660 I hwservicemanager: Since vendor.qti.hardware.cacert@1.0::IService/default is not registered, trying to start it as a lazy HAL (if it's not configured to be a lazy HAL, it may be stuck starting or still starting).
05-04 19:29:12.790  3704  3747 I HidlServiceManagement: getService: Trying again for vendor.qti.hardware.cacert@1.0::IService/default...
05-04 19:29:12.792   660 12866 W libc    : Unable to set property "ctl.interface_start" to "vendor.qti.hardware.cacert@1.0::IService/default": PROP_ERROR_HANDLE_CONTROL_MESSAGE (0x20)
05-04 19:29:12.792   660 12866 I hwservicemanager: Tried to start vendor.qti.hardware.cacert@1.0::IService/default as a lazy service, but was unable to. Usually this happens when a service is not installed, but if the service is intended to be used as a lazy service, then it may be configured incorrectly.
05-04 19:29:12.705     0     0 E init    : Control message: Could not find 'vendor.qti.hardware.cacert@1.0::IService/default' for ctl.interface_start from pid: 660 (/system/system_ext/bin/hwservicemanager)
05-04 19:29:12.826     0     0 I QCOM-BATT: pl_fcc_vote_callback: total_fcc_ua=1950000
05-04 19:29:12.826     0     0 I QCOM-BATT: pl_fv_vote_callback: fv_uv=4400000
05-04 19:29:13.185     0     0 E FG      : fg_psy_get_property: unsupported property 79
05-04 19:29:13.194     0     0 E FG      : fg_psy_get_property: unsupported property 79
05-04 19:29:13.199     0     0 W healthd : battery l=100 v=3042 t=25.0 h=2 st=5 c=0 fc=2831000 chg=u
05-04 19:29:13.205     0     0 E FG      : fg_psy_get_property: unsupported property 79
05-04 19:29:13.790  3704  3747 W HidlServiceManagement: Waited one second for vendor.qti.hardware.cacert@1.0::IService/default
05-04 19:29:13.792   660   660 I hwservicemanager: Since vendor.qti.hardware.cacert@1.0::IService/default is not registered, trying to start it as a lazy HAL (if it's not configured to be a lazy HAL, it may be stuck starting or still starting).
05-04 19:29:13.793  3704  3747 I HidlServiceManagement: getService: Trying again for vendor.qti.hardware.cacert@1.0::IService/default...
05-04 19:29:13.796   660 12868 W libc    : Unable to set property "ctl.interface_start" to "vendor.qti.hardware.cacert@1.0::IService/default": PROP_ERROR_HANDLE_CONTROL_MESSAGE (0x20)
05-04 19:29:13.796   660 12868 I hwservicemanager: Tried to start vendor.qti.hardware.cacert@1.0::IService/default as a lazy service, but was unable to. Usually this happens when a service is not installed, but if the service is intended to be used as a lazy service, then it may be configured incorrectly.
05-04 19:29:13.709     0     0 E init    : Control message: Could not find 'vendor.qti.hardware.cacert@1.0::IService/default' for ctl.interface_start from pid: 660 (/system/system_ext/bin/hwservicemanager)
05-04 19:29:14.793  3704  3747 W HidlServiceManagement: Waited one second for vendor.qti.hardware.cacert@1.0::IService/default
05-04 19:29:14.794   660   660 I hwservicemanager: Since vendor.qti.hardware.cacert@1.0::IService/default is not registered, trying to start it as a lazy HAL (if it's not configured to be a lazy HAL, it may be stuck starting or still starting).
05-04 19:29:14.795  3704  3747 I HidlServiceManagement: getService: Trying again for vendor.qti.hardware.cacert@1.0::IService/default...
05-04 19:29:14.797   660 12869 W libc    : Unable to set property "ctl.interface_start" to "vendor.qti.hardware.cacert@1.0::IService/default": PROP_ERROR_HANDLE_CONTROL_MESSAGE (0x20)
05-04 19:29:14.797   660 12869 I hwservicemanager: Tried to start vendor.qti.hardware.cacert@1.0::IService/default as a lazy service, but was unable to. Usually this happens when a service is not installed, but if the service is intended to be used as a lazy service, then it may be configured incorrectly.
05-04 19:29:14.710     0     0 E init    : Control message: Could not find 'vendor.qti.hardware.cacert@1.0::IService/default' for ctl.interface_start from pid: 660 (/system/system_ext/bin/hwservicemanager)
05-04 19:29:15.795  3704  3747 W HidlServiceManagement: Waited one second for vendor.qti.hardware.cacert@1.0::IService/default
05-04 19:29:15.798   660   660 I hwservicemanager: Since vendor.qti.hardware.cacert@1.0::IService/default is not registered, trying to start it as a lazy HAL (if it's not configured to be a lazy HAL, it may be stuck starting or still starting).
05-04 19:29:15.799  3704  3747 I HidlServiceManagement: getService: Trying again for vendor.qti.hardware.cacert@1.0::IService/default...
05-04 19:29:15.801   660 12870 W libc    : Unable to set property "ctl.interface_start" to "vendor.qti.hardware.cacert@1.0::IService/default": PROP_ERROR_HANDLE_CONTROL_MESSAGE (0x20)
05-04 19:29:15.802   660 12870 I hwservicemanager: Tried to start vendor.qti.hardware.cacert@1.0::IService/default as a lazy service, but was unable to. Usually this happens when a service is not installed, but if the service is intended to be used as a lazy service, then it may be configured incorrectly.
05-04 19:29:15.715     0     0 E init    : Control message: Could not find 'vendor.qti.hardware.cacert@1.0::IService/default' for ctl.interface_start from pid: 660 (/system/system_ext/bin/hwservicemanager)
05-04 19:29:16.799  3704  3747 W HidlServiceManagement: Waited one second for vendor.qti.hardware.cacert@1.0::IService/default
05-04 19:29:16.800   660   660 I hwservicemanager: Since vendor.qti.hardware.cacert@1.0::IService/default is not registered, trying to start it as a lazy HAL (if it's not configured to be a lazy HAL, it may be stuck starting or still starting).
05-04 19:29:16.800  3704  3747 I HidlServiceManagement: getService: Trying again for vendor.qti.hardware.cacert@1.0::IService/default...
05-04 19:29:16.803   660 12871 W libc    : Unable to set property "ctl.interface_start" to "vendor.qti.hardware.cacert@1.0::IService/default": PROP_ERROR_HANDLE_CONTROL_MESSAGE (0x20)
05-04 19:29:16.803   660 12871 I hwservicemanager: Tried to start vendor.qti.hardware.cacert@1.0::IService/default as a lazy service, but was unable to. Usually this happens when a service is not installed, but if the service is intended to be used as a lazy service, then it may be configured incorrectly.
05-04 19:29:16.716     0     0 E init    : Control message: Could not find 'vendor.qti.hardware.cacert@1.0::IService/default' for ctl.interface_start from pid: 660 (/system/system_ext/bin/hwservicemanager)
05-04 19:29:17.801  3704  3747 W HidlServiceManagement: Waited one second for vendor.qti.hardware.cacert@1.0::IService/default
05-04 19:29:17.802   660   660 I hwservicemanager: Since vendor.qti.hardware.cacert@1.0::IService/default is not registered, trying to start it as a lazy HAL (if it's not configured to be a lazy HAL, it may be stuck starting or still starting).
05-04 19:29:17.802  3704  3747 I HidlServiceManagement: getService: Trying again for vendor.qti.hardware.cacert@1.0::IService/default...
05-04 19:29:17.718     0     0 E init    : Control message: Could not find 'vendor.qti.hardware.cacert@1.0::IService/default' for ctl.interface_start from pid: 660 (/system/system_ext/bin/hwservicemanager)
05-04 19:29:17.805   660 12872 W libc    : Unable to set property "ctl.interface_start" to "vendor.qti.hardware.cacert@1.0::IService/default": PROP_ERROR_HANDLE_CONTROL_MESSAGE (0x20)
05-04 19:29:17.805   660 12872 I hwservicemanager: Tried to start vendor.qti.hardware.cacert@1.0::IService/default as a lazy service, but was unable to. Usually this happens when a service is not installed, but if the service is intended to be used as a lazy service, then it may be configured incorrectly.
05-04 19:29:18.357   960  1024 I QuickAccessWalletTile: QAW service is unavailable, recreating the wallet client.
05-04 19:29:18.369   960  1024 D ControlsListingControllerImpl: Subscribing callback, service count: 0
05-04 19:29:18.378   960  1024 D ControlsListingControllerImpl: Unsubscribing callback
05-04 19:29:18.803  3704  3747 W HidlServiceManagement: Waited one second for vendor.qti.hardware.cacert@1.0::IService/default
05-04 19:29:18.804   660   660 I hwservicemanager: Since vendor.qti.hardware.cacert@1.0::IService/default is not registered, trying to start it as a lazy HAL (if it's not configured to be a lazy HAL, it may be stuck starting or still starting).
05-04 19:29:18.806  3704  3747 I HidlServiceManagement: getService: Trying again for vendor.qti.hardware.cacert@1.0::IService/default...
05-04 19:29:18.807   660 12873 W libc    : Unable to set property "ctl.interface_start" to "vendor.qti.hardware.cacert@1.0::IService/default": PROP_ERROR_HANDLE_CONTROL_MESSAGE (0x20)
05-04 19:29:18.807   660 12873 I hwservicemanager: Tried to start vendor.qti.hardware.cacert@1.0::IService/default as a lazy service, but was unable to. Usually this happens when a service is not installed, but if the service is intended to be used as a lazy service, then it may be configured incorrectly.
05-04 19:29:18.721     0     0 E init    : Control message: Could not find 'vendor.qti.hardware.cacert@1.0::IService/default' for ctl.interface_start from pid: 660 (/system/system_ext/bin/hwservicemanager)
05-04 19:29:19.806  3704  3747 W HidlServiceManagement: Waited one second for vendor.qti.hardware.cacert@1.0::IService/default
05-04 19:29:19.807   660   660 I hwservicemanager: Since vendor.qti.hardware.cacert@1.0::IService/default is not registered, trying to start it as a lazy HAL (if it's not configured to be a lazy HAL, it may be stuck starting or still starting).
05-04 19:29:19.809  3704  3747 I HidlServiceManagement: getService: Trying again for vendor.qti.hardware.cacert@1.0::IService/default...
05-04 19:29:19.811   660 12874 W libc    : Unable to set property "ctl.interface_start" to "vendor.qti.hardware.cacert@1.0::IService/default": PROP_ERROR_HANDLE_CONTROL_MESSAGE (0x20)
05-04 19:29:19.811   660 12874 I hwservicemanager: Tried to start vendor.qti.hardware.cacert@1.0::IService/default as a lazy service, but was unable to. Usually this happens when a service is not installed, but if the service is intended to be used as a lazy service, then it may be configured incorrectly.
05-04 19:29:19.724     0     0 E init    : Control message: Could not find 'vendor.qti.hardware.cacert@1.0::IService/default' for ctl.interface_start from pid: 660 (/system/system_ext/bin/hwservicemanager)
05-04 19:29:19.867     0     0 I QCOM-BATT: pl_fcc_vote_callback: total_fcc_ua=1950000
05-04 19:29:19.867     0     0 I QCOM-BATT: pl_fv_vote_callback: fv_uv=4400000
05-04 19:29:20.226     0     0 E FG      : fg_psy_get_property: unsupported property 79
05-04 19:29:20.234     0     0 E FG      : fg_psy_get_property: unsupported property 79
05-04 19:29:20.239     0     0 W healthd : battery l=100 v=3042 t=25.0 h=2 st=5 c=0 fc=2831000 chg=u
05-04 19:29:20.245     0     0 E FG      : fg_psy_get_property: unsupported property 79
05-04 19:29:20.809  3704  3747 W HidlServiceManagement: Waited one second for vendor.qti.hardware.cacert@1.0::IService/default
05-04 19:29:20.811   660   660 I hwservicemanager: Since vendor.qti.hardware.cacert@1.0::IService/default is not registered, trying to start it as a lazy HAL (if it's not configured to be a lazy HAL, it may be stuck starting or still starting).
05-04 19:29:20.814  3704  3747 I HidlServiceManagement: getService: Trying again for vendor.qti.hardware.cacert@1.0::IService/default...
05-04 19:29:20.816   660 12875 W libc    : Unable to set property "ctl.interface_start" to "vendor.qti.hardware.cacert@1.0::IService/default": PROP_ERROR_HANDLE_CONTROL_MESSAGE (0x20)
05-04 19:29:20.817   660 12875 I hwservicemanager: Tried to start vendor.qti.hardware.cacert@1.0::IService/default as a lazy service, but was unable to. Usually this happens when a service is not installed, but if the service is intended to be used as a lazy service, then it may be configured incorrectly.
05-04 19:29:20.729     0     0 E init    : Control message: Could not find 'vendor.qti.hardware.cacert@1.0::IService/default' for ctl.interface_start from pid: 660 (/system/system_ext/bin/hwservicemanager)
05-04 19:29:21.814  3704  3747 W HidlServiceManagement: Waited one second for vendor.qti.hardware.cacert@1.0::IService/default
05-04 19:29:21.815   660   660 I hwservicemanager: Since vendor.qti.hardware.cacert@1.0::IService/default is not registered, trying to start it as a lazy HAL (if it's not configured to be a lazy HAL, it may be stuck starting or still starting).
05-04 19:29:21.816  3704  3747 I HidlServiceManagement: getService: Trying again for vendor.qti.hardware.cacert@1.0::IService/default...
05-04 19:29:21.819   660 12876 W libc    : Unable to set property "ctl.interface_start" to "vendor.qti.hardware.cacert@1.0::IService/default": PROP_ERROR_HANDLE_CONTROL_MESSAGE (0x20)
05-04 19:29:21.819   660 12876 I hwservicemanager: Tried to start vendor.qti.hardware.cacert@1.0::IService/default as a lazy service, but was unable to. Usually this happens when a service is not installed, but if the service is intended to be used as a lazy service, then it may be configured incorrectly.
05-04 19:29:21.732     0     0 E init    : Control message: Could not find 'vendor.qti.hardware.cacert@1.0::IService/default' for ctl.interface_start from pid: 660 (/system/system_ext/bin/hwservicemanager)
05-04 19:29:22.816  3704  3747 W HidlServiceManagement: Waited one second for vendor.qti.hardware.cacert@1.0::IService/default
05-04 19:29:22.817   660   660 I hwservicemanager: Since vendor.qti.hardware.cacert@1.0::IService/default is not registered, trying to start it as a lazy HAL (if it's not configured to be a lazy HAL, it may be stuck starting or still starting).
05-04 19:29:22.818  3704  3747 I HidlServiceManagement: getService: Trying again for vendor.qti.hardware.cacert@1.0::IService/default...
05-04 19:29:22.819   660 12877 W libc    : Unable to set property "ctl.interface_start" to "vendor.qti.hardware.cacert@1.0::IService/default": PROP_ERROR_HANDLE_CONTROL_MESSAGE (0x20)
05-04 19:29:22.819   660 12877 I hwservicemanager: Tried to start vendor.qti.hardware.cacert@1.0::IService/default as a lazy service, but was unable to. Usually this happens when a service is not installed, but if the service is intended to be used as a lazy service, then it may be configured incorrectly.
05-04 19:29:22.732     0     0 E init    : Control message: Could not find 'vendor.qti.hardware.cacert@1.0::IService/default' for ctl.interface_start from pid: 660 (/system/system_ext/bin/hwservicemanager)
05-04 19:29:23.819  3704  3747 W HidlServiceManagement: Waited one second for vendor.qti.hardware.cacert@1.0::IService/default
05-04 19:29:23.820   660   660 I hwservicemanager: Since vendor.qti.hardware.cacert@1.0::IService/default is not registered, trying to start it as a lazy HAL (if it's not configured to be a lazy HAL, it may be stuck starting or still starting).
05-04 19:29:23.821  3704  3747 I HidlServiceManagement: getService: Trying again for vendor.qti.hardware.cacert@1.0::IService/default...
05-04 19:29:23.823   660 12878 W libc    : Unable to set property "ctl.interface_start" to "vendor.qti.hardware.cacert@1.0::IService/default": PROP_ERROR_HANDLE_CONTROL_MESSAGE (0x20)
05-04 19:29:23.823   660 12878 I hwservicemanager: Tried to start vendor.qti.hardware.cacert@1.0::IService/default as a lazy service, but was unable to. Usually this happens when a service is not installed, but if the service is intended to be used as a lazy service, then it may be configured incorrectly.
05-04 19:29:23.736     0     0 E init    : Control message: Could not find 'vendor.qti.hardware.cacert@1.0::IService/default' for ctl.interface_start from pid: 660 (/system/system_ext/bin/hwservicemanager)
05-04 19:29:24.821  3704  3747 W HidlServiceManagement: Waited one second for vendor.qti.hardware.cacert@1.0::IService/default
05-04 19:29:24.822   660   660 I hwservicemanager: Since vendor.qti.hardware.cacert@1.0::IService/default is not registered, trying to start it as a lazy HAL (if it's not configured to be a lazy HAL, it may be stuck starting or still starting).
05-04 19:29:24.822  3704  3747 I HidlServiceManagement: getService: Trying again for vendor.qti.hardware.cacert@1.0::IService/default...
05-04 19:29:24.738     0     0 E init    : Control message: Could not find 'vendor.qti.hardware.cacert@1.0::IService/default' for ctl.interface_start from pid: 660 (/system/system_ext/bin/hwservicemanager)
05-04 19:29:24.825   660 12879 W libc    : Unable to set property "ctl.interface_start" to "vendor.qti.hardware.cacert@1.0::IService/default": PROP_ERROR_HANDLE_CONTROL_MESSAGE (0x20)
05-04 19:29:24.825   660 12879 I hwservicemanager: Tried to start vendor.qti.hardware.cacert@1.0::IService/default as a lazy service, but was unable to. Usually this happens when a service is not installed, but if the service is intended to be used as a lazy service, then it may be configured incorrectly.
05-04 19:29:25.823  3704  3747 W HidlServiceManagement: Waited one second for vendor.qti.hardware.cacert@1.0::IService/default
05-04 19:29:25.824   660   660 I hwservicemanager: Since vendor.qti.hardware.cacert@1.0::IService/default is not registered, trying to start it as a lazy HAL (if it's not configured to be a lazy HAL, it may be stuck starting or still starting).
05-04 19:29:25.826  3704  3747 I HidlServiceManagement: getService: Trying again for vendor.qti.hardware.cacert@1.0::IService/default...
05-04 19:29:25.827   660 12880 W libc    : Unable to set property "ctl.interface_start" to "vendor.qti.hardware.cacert@1.0::IService/default": PROP_ERROR_HANDLE_CONTROL_MESSAGE (0x20)
05-04 19:29:25.827   660 12880 I hwservicemanager: Tried to start vendor.qti.hardware.cacert@1.0::IService/default as a lazy service, but was unable to. Usually this happens when a service is not installed, but if the service is intended to be used as a lazy service, then it may be configured incorrectly.
05-04 19:29:25.741     0     0 E init    : Control message: Could not find 'vendor.qti.hardware.cacert@1.0::IService/default' for ctl.interface_start from pid: 660 (/system/system_ext/bin/hwservicemanager)
05-04 19:29:26.826  3704  3747 W HidlServiceManagement: Waited one second for vendor.qti.hardware.cacert@1.0::IService/default
05-04 19:29:26.827   660   660 I hwservicemanager: Since vendor.qti.hardware.cacert@1.0::IService/default is not registered, trying to start it as a lazy HAL (if it's not configured to be a lazy HAL, it may be stuck starting or still starting).
05-04 19:29:26.828  3704  3747 I HidlServiceManagement: getService: Trying again for vendor.qti.hardware.cacert@1.0::IService/default...
05-04 19:29:26.830   660 12881 W libc    : Unable to set property "ctl.interface_start" to "vendor.qti.hardware.cacert@1.0::IService/default": PROP_ERROR_HANDLE_CONTROL_MESSAGE (0x20)
05-04 19:29:26.831   660 12881 I hwservicemanager: Tried to start vendor.qti.hardware.cacert@1.0::IService/default as a lazy service, but was unable to. Usually this happens when a service is not installed, but if the service is intended to be used as a lazy service, then it may be configured incorrectly.
05-04 19:29:26.744     0     0 E init    : Control message: Could not find 'vendor.qti.hardware.cacert@1.0::IService/default' for ctl.interface_start from pid: 660 (/system/system_ext/bin/hwservicemanager)
05-04 19:29:26.906     0     0 I QCOM-BATT: pl_fcc_vote_callback: total_fcc_ua=1950000
05-04 19:29:26.906     0     0 I QCOM-BATT: pl_fv_vote_callback: fv_uv=4400000
05-04 19:29:27.265     0     0 E FG      : fg_psy_get_property: unsupported property 79
05-04 19:29:27.282     0     0 E FG      : fg_psy_get_property: unsupported property 79
05-04 19:29:27.287     0     0 W healthd : battery l=100 v=3042 t=25.0 h=2 st=5 c=0 fc=2831000 chg=u
05-04 19:29:27.294     0     0 E FG      : fg_psy_get_property: unsupported property 79
05-04 19:29:27.828  3704  3747 W HidlServiceManagement: Waited one second for vendor.qti.hardware.cacert@1.0::IService/default
05-04 19:29:27.829   660   660 I hwservicemanager: Since vendor.qti.hardware.cacert@1.0::IService/default is not registered, trying to start it as a lazy HAL (if it's not configured to be a lazy HAL, it may be stuck starting or still starting).
05-04 19:29:27.830  3704  3747 I HidlServiceManagement: getService: Trying again for vendor.qti.hardware.cacert@1.0::IService/default...
05-04 19:29:27.833   660 12882 W libc    : Unable to set property "ctl.interface_start" to "vendor.qti.hardware.cacert@1.0::IService/default": PROP_ERROR_HANDLE_CONTROL_MESSAGE (0x20)
05-04 19:29:27.833   660 12882 I hwservicemanager: Tried to start vendor.qti.hardware.cacert@1.0::IService/default as a lazy service, but was unable to. Usually this happens when a service is not installed, but if the service is intended to be used as a lazy service, then it may be configured incorrectly.
05-04 19:29:27.747     0     0 E init    : Control message: Could not find 'vendor.qti.hardware.cacert@1.0::IService/default' for ctl.interface_start from pid: 660 (/system/system_ext/bin/hwservicemanager)
05-04 19:29:28.831  3704  3747 W HidlServiceManagement: Waited one second for vendor.qti.hardware.cacert@1.0::IService/default
05-04 19:29:28.831   660   660 I hwservicemanager: Since vendor.qti.hardware.cacert@1.0::IService/default is not registered, trying to start it as a lazy HAL (if it's not configured to be a lazy HAL, it may be stuck starting or still starting).
05-04 19:29:28.832  3704  3747 I HidlServiceManagement: getService: Trying again for vendor.qti.hardware.cacert@1.0::IService/default...
05-04 19:29:28.748     0     0 E init    : Control message: Could not find 'vendor.qti.hardware.cacert@1.0::IService/default' for ctl.interface_start from pid: 660 (/system/system_ext/bin/hwservicemanager)
05-04 19:29:28.835   660 12883 W libc    : Unable to set property "ctl.interface_start" to "vendor.qti.hardware.cacert@1.0::IService/default": PROP_ERROR_HANDLE_CONTROL_MESSAGE (0x20)
05-04 19:29:28.835   660 12883 I hwservicemanager: Tried to start vendor.qti.hardware.cacert@1.0::IService/default as a lazy service, but was unable to. Usually this happens when a service is not installed, but if the service is intended to be used as a lazy service, then it may be configured incorrectly.
05-04 19:29:29.832  3704  3747 W HidlServiceManagement: Waited one second for vendor.qti.hardware.cacert@1.0::IService/default
05-04 19:29:29.833   660   660 I hwservicemanager: Since vendor.qti.hardware.cacert@1.0::IService/default is not registered, trying to start it as a lazy HAL (if it's not configured to be a lazy HAL, it may be stuck starting or still starting).
05-04 19:29:29.834  3704  3747 I HidlServiceManagement: getService: Trying again for vendor.qti.hardware.cacert@1.0::IService/default...
05-04 19:29:29.837   660 12884 W libc    : Unable to set property "ctl.interface_start" to "vendor.qti.hardware.cacert@1.0::IService/default": PROP_ERROR_HANDLE_CONTROL_MESSAGE (0x20)
05-04 19:29:29.837   660 12884 I hwservicemanager: Tried to start vendor.qti.hardware.cacert@1.0::IService/default as a lazy service, but was unable to. Usually this happens when a service is not installed, but if the service is intended to be used as a lazy service, then it may be configured incorrectly.
05-04 19:29:29.750     0     0 E init    : Control message: Could not find 'vendor.qti.hardware.cacert@1.0::IService/default' for ctl.interface_start from pid: 660 (/system/system_ext/bin/hwservicemanager)
05-04 19:29:30.834  3704  3747 W HidlServiceManagement: Waited one second for vendor.qti.hardware.cacert@1.0::IService/default
05-04 19:29:30.835   660   660 I hwservicemanager: Since vendor.qti.hardware.cacert@1.0::IService/default is not registered, trying to start it as a lazy HAL (if it's not configured to be a lazy HAL, it may be stuck starting or still starting).
05-04 19:29:30.836  3704  3747 I HidlServiceManagement: getService: Trying again for vendor.qti.hardware.cacert@1.0::IService/default...
05-04 19:29:30.839   660 12885 W libc    : Unable to set property "ctl.interface_start" to "vendor.qti.hardware.cacert@1.0::IService/default": PROP_ERROR_HANDLE_CONTROL_MESSAGE (0x20)
05-04 19:29:30.839   660 12885 I hwservicemanager: Tried to start vendor.qti.hardware.cacert@1.0::IService/default as a lazy service, but was unable to. Usually this happens when a service is not installed, but if the service is intended to be used as a lazy service, then it may be configured incorrectly.
05-04 19:29:30.752     0     0 E init    : Control message: Could not find 'vendor.qti.hardware.cacert@1.0::IService/default' for ctl.interface_start from pid: 660 (/system/system_ext/bin/hwservicemanager)
05-04 19:29:31.836  3704  3747 W HidlServiceManagement: Waited one second for vendor.qti.hardware.cacert@1.0::IService/default
05-04 19:29:31.837   660   660 I hwservicemanager: Since vendor.qti.hardware.cacert@1.0::IService/default is not registered, trying to start it as a lazy HAL (if it's not configured to be a lazy HAL, it may be stuck starting or still starting).
05-04 19:29:31.838  3704  3747 I HidlServiceManagement: getService: Trying again for vendor.qti.hardware.cacert@1.0::IService/default...
05-04 19:29:31.839   660 12886 W libc    : Unable to set property "ctl.interface_start" to "vendor.qti.hardware.cacert@1.0::IService/default": PROP_ERROR_HANDLE_CONTROL_MESSAGE (0x20)
05-04 19:29:31.839   660 12886 I hwservicemanager: Tried to start vendor.qti.hardware.cacert@1.0::IService/default as a lazy service, but was unable to. Usually this happens when a service is not installed, but if the service is intended to be used as a lazy service, then it may be configured incorrectly.
05-04 19:29:31.753     0     0 E init    : Control message: Could not find 'vendor.qti.hardware.cacert@1.0::IService/default' for ctl.interface_start from pid: 660 (/system/system_ext/bin/hwservicemanager)
05-04 19:29:32.487   307   717 E WifiStaIfaceAidlImpl: getCachedScanData failed with service-specific exception: android.os.ServiceSpecificException:  (code 4)
05-04 19:29:32.506   307   540 E KernelWakelockReader: neither /proc/wakelocks nor /d/wakeup_sources exists
05-04 19:29:32.507   307   540 W BatteryStatsImpl: Couldn't get kernel wake lock stats
05-04 19:29:32.511  3080  3121 I netd    : tetherGetStats() -> {[]} <1.77ms>
05-04 19:29:32.521  3731  3790 E QMI_FW  : qmi_cci_get_ref: ref count increased 2
05-04 19:29:32.525  3731  3790 E QMI_FW  : qmi_cci_get_ref: ref count increased 2
05-04 19:29:32.527   307  3741 D TelephonyManager: requestModemActivityInfo: Sending result to app: ModemActivityInfo{ mTimestamp=2185165093 mSleepTimeMs=1480625346 mIdleTimeMs=40194592 mActivityStatsTechSpecificInfo=[{mRat=UNKNOWN,mFrequencyRange=UNKNOWN,mTxTimeMs[]=[0, 0, 0, 0, 0],mRxTimeMs=324471104}]}
05-04 19:29:32.530  3080  3121 I netd    : tetherGetStats() -> {[]} <1.38ms>
05-04 19:29:32.838  3704  3747 W HidlServiceManagement: Waited one second for vendor.qti.hardware.cacert@1.0::IService/default
05-04 19:29:32.840   660   660 I hwservicemanager: Since vendor.qti.hardware.cacert@1.0::IService/default is not registered, trying to start it as a lazy HAL (if it's not configured to be a lazy HAL, it may be stuck starting or still starting).
05-04 19:29:32.842  3704  3747 I HidlServiceManagement: getService: Trying again for vendor.qti.hardware.cacert@1.0::IService/default...
05-04 19:29:32.758     0     0 E init    : Control message: Could not find 'vendor.qti.hardware.cacert@1.0::IService/default' for ctl.interface_start from pid: 660 (/system/system_ext/bin/hwservicemanager)
05-04 19:29:32.846   660 12887 W libc    : Unable to set property "ctl.inte