--------- beginning of main
05-04 19:28:33.673  3704  3747 W HidlServiceManagement: Waited one second for vendor.qti.hardware.cacert@1.0::IService/default
05-04 19:28:33.673   660   660 I hwservicemanager: Since vendor.qti.hardware.cacert@1.0::IService/default is not registered, trying to start it as a lazy HAL (if it's not configured to be a lazy HAL, it may be stuck starting or still starting).
05-04 19:28:33.674  3704  3747 I HidlServiceManagement: getService: Trying again for vendor.qti.hardware.cacert@1.0::IService/default...
05-04 19:28:33.675   660 12746 W libc    : Unable to set property "ctl.interface_start" to "vendor.qti.hardware.cacert@1.0::IService/default": PROP_ERROR_HANDLE_CONTROL_MESSAGE (0x20)
05-04 19:28:33.675   660 12746 I hwservicemanager: Tried to start vendor.qti.hardware.cacert@1.0::IService/default as a lazy service, but was unable to. Usually this happens when a service is not installed, but if the service is intended to be used as a lazy service, then it may be configured incorrectly.
05-04 19:28:33.727   960   964 I ndroid.systemui: NativeAlloc concurrent copying GC freed 62MB AllocSpace bytes, 0(0B) LOS objects, 75% free, 23MB/93MB, paused 180us,160us total 620.905ms
05-04 19:28:33.728   960   964 W ndroid.systemui: Reducing the number of considered missed Gc histogram windows from 555 to 100
05-04 19:28:33.766   960   966 W System  : A resource failed to call release. 
05-04 19:28:33.767   960   966 W System  : A resource failed to call release. 
05-04 19:28:33.769   960   966 W System  : A resource failed to call release. 
05-04 19:28:33.769   960   966 W System  : A resource failed to call release. 
05-04 19:28:33.769   960   966 W System  : A resource failed to call release. 
05-04 19:28:33.769   960   966 W System  : A resource failed to call release. 
05-04 19:28:33.769   960   966 W System  : A resource failed to call release. 
05-04 19:28:33.769   960   966 W System  : A resource failed to call release. 
05-04 19:28:33.770   960   966 W System  : A resource failed to call release. 
05-04 19:28:33.770   960   966 W System  : A resource failed to call release. 
05-04 19:28:33.770   960   966 W System  : A resource failed to call release. 
05-04 19:28:33.770   960   966 W System  : A resource failed to call release. 
05-04 19:28:33.770   960   966 W System  : A resource failed to call release. 
05-04 19:28:33.770   960   966 W System  : A resource failed to call release. 
05-04 19:28:33.771   960   966 W System  : A resource failed to call release. 
05-04 19:28:33.771   960   966 W System  : A resource failed to call release. 
05-04 19:28:33.771   960   966 W System  : A resource failed to call release. 
05-04 19:28:33.771   960   966 W System  : A resource failed to call release. 
05-04 19:28:33.771   960   966 W System  : A resource failed to call release. 
05-04 19:28:33.771   960   966 W System  : A resource failed to call release. 
05-04 19:28:33.772   960   966 W System  : A resource failed to call release. 
05-04 19:28:33.772   960   966 W System  : A resource failed to call release. 
05-04 19:28:33.772   960   966 W System  : A resource failed to call release. 
05-04 19:28:33.772   960   966 W System  : A resource failed to call release. 
05-04 19:28:33.772   960   966 W System  : A resource failed to call release. 
05-04 19:28:33.772   960   966 W System  : A resource failed to call release. 
05-04 19:28:33.773   960   966 W System  : A resource failed to call release. 
05-04 19:28:33.773   960   966 W System  : A resource failed to call release. 
05-04 19:28:33.773   960   966 W System  : A resource failed to call release. 
05-04 19:28:33.773   960   966 W System  : A resource failed to call release. 
05-04 19:28:33.773   960   966 W System  : A resource failed to call release. 
05-04 19:28:33.773   960   966 W System  : A resource failed to call release. 
05-04 19:28:33.774   960   966 W System  : A resource failed to call release. 
05-04 19:28:33.774   960   966 W System  : A resource failed to call release. 
05-04 19:28:33.774   960   966 W System  : A resource failed to call release. 
05-04 19:28:33.775   960   966 W System  : A resource failed to call release. 
05-04 19:28:33.775   960   966 W System  : A resource failed to call release. 
05-04 19:28:33.775   960   966 W System  : A resource failed to call release. 
05-04 19:28:33.775   960   966 W System  : A resource failed to call release. 
05-04 19:28:33.775   960   966 W System  : A resource failed to call release. 
05-04 19:28:33.775   960   966 W System  : A resource failed to call release. 
05-04 19:28:33.776   960   966 W System  : A resource failed to call release. 
05-04 19:28:33.776   960   966 W System  : A resource failed to call release. 
05-04 19:28:33.776   960   966 W System  : A resource failed to call release. 
05-04 19:28:33.777   960   966 W System  : A resource failed to call release. 
05-04 19:28:33.777   960   966 W System  : A resource failed to call release. 
05-04 19:28:33.777   960   966 W System  : A resource failed to call release. 
05-04 19:28:33.777   960   966 W System  : A resource failed to call release. 
05-04 19:28:33.777   960   966 W System  : A resource failed to call release. 
05-04 19:28:33.777   960   966 W System  : A resource failed to call release. 
05-04 19:28:33.778   960   966 W System  : A resource failed to call release. 
05-04 19:28:33.778   960   966 W System  : A resource failed to call release. 
05-04 19:28:33.778   960   966 W System  : A resource failed to call release. 
05-04 19:28:33.779   960   966 W System  : A resource failed to call release. 
05-04 19:28:33.779   960   966 W System  : A resource failed to call release. 
05-04 19:28:33.779   960   966 W System  : A resource failed to call release. 
05-04 19:28:33.780   960   966 W System  : A resource failed to call release. 
05-04 19:28:33.780   960   966 W System  : A resource failed to call release. 
05-04 19:28:33.780   960   966 W System  : A resource failed to call release. 
05-04 19:28:33.780   960   966 W System  : A resource failed to call release. 
05-04 19:28:33.781   960   966 W System  : A resource failed to call release. 
05-04 19:28:33.784   960   966 W System  : A resource failed to call release. 
05-04 19:28:33.784   960   966 W System  : A resource failed to call release. 
05-04 19:28:33.784   960   966 W System  : A resource failed to call release. 
05-04 19:28:33.784   960   966 W System  : A resource failed to call release. 
--------- beginning of kernel
05-04 19:28:33.764     0     0 I logd    : logdr: UID=2000 GID=2000 PID=12747 b tail=0 logMask=99 pid=0 start=0ns deadline=0ns
--------- beginning of system
05-04 19:28:34.284   307   391 E AccessPersistence: Failed to verity-protect runtime-permissions
05-04 19:28:34.284   307   391 E AccessPersistence: java.io.IOException: Failed to enable fs-verity on FD(483): Inappropriate ioctl for device
05-04 19:28:34.284   307   391 E AccessPersistence: 	at com.android.internal.security.VerityUtils.setUpFsverity(VerityUtils.java:94)
05-04 19:28:34.284   307   391 E AccessPersistence: 	at com.android.server.security.FileIntegrity.setUpFsVerity(FileIntegrity.java:66)
05-04 19:28:34.284   307   391 E AccessPersistence: 	at com.android.server.security.FileIntegrity.setUpFsVerity(FileIntegrity.java:50)
05-04 19:28:34.284   307   391 E AccessPersistence: 	at com.android.server.permission.access.AccessPersistence.writeSystemState(AccessPersistence.kt:65)
05-04 19:28:34.284   307   391 E AccessPersistence: 	at com.android.server.permission.access.AccessPersistence.writePendingState(AccessPersistence.kt:149)
05-04 19:28:34.284   307   391 E AccessPersistence: 	at com.android.server.permission.access.AccessPersistence.access$writePendingState(AccessPersistence.kt:41)
05-04 19:28:34.284   307   391 E AccessPersistence: 	at com.android.server.permission.access.AccessPersistence$WriteHandler.handleMessage(AccessPersistence.kt:190)
05-04 19:28:34.284   307   391 E AccessPersistence: 	at android.os.Handler.dispatchMessage(Handler.java:109)
05-04 19:28:34.284   307   391 E AccessPersistence: 	at android.os.Looper.loopOnce(Looper.java:232)
05-04 19:28:34.284   307   391 E AccessPersistence: 	at android.os.Looper.loop(Looper.java:317)
05-04 19:28:34.284   307   391 E AccessPersistence: 	at android.os.HandlerThread.run(HandlerThread.java:85)
05-04 19:28:34.284   307   391 E AccessPersistence: 	at com.android.server.ServiceThread.run(ServiceThread.java:49)
05-04 19:28:34.307   307   391 E AccessPersistence: Failed to verity-protect runtime-permissions
05-04 19:28:34.307   307   391 E AccessPersistence: java.io.IOException: Failed to enable fs-verity on FD(483): Inappropriate ioctl for device
05-04 19:28:34.307   307   391 E AccessPersistence: 	at com.android.internal.security.VerityUtils.setUpFsverity(VerityUtils.java:94)
05-04 19:28:34.307   307   391 E AccessPersistence: 	at com.android.server.security.FileIntegrity.setUpFsVerity(FileIntegrity.java:66)
05-04 19:28:34.307   307   391 E AccessPersistence: 	at com.android.server.security.FileIntegrity.setUpFsVerity(FileIntegrity.java:50)
05-04 19:28:34.307   307   391 E AccessPersistence: 	at com.android.server.permission.access.AccessPersistence.writeUserState(AccessPersistence.kt:65)
05-04 19:28:34.307   307   391 E AccessPersistence: 	at com.android.server.permission.access.AccessPersistence.writePendingState(AccessPersistence.kt:151)
05-04 19:28:34.307   307   391 E AccessPersistence: 	at com.android.server.permission.access.AccessPersistence.access$writePendingState(AccessPersistence.kt:41)
05-04 19:28:34.307   307   391 E AccessPersistence: 	at com.android.server.permission.access.AccessPersistence$WriteHandler.handleMessage(AccessPersistence.kt:190)
05-04 19:28:34.307   307   391 E AccessPersistence: 	at android.os.Handler.dispatchMessage(Handler.java:109)
05-04 19:28:34.307   307   391 E AccessPersistence: 	at android.os.Looper.loopOnce(Looper.java:232)
05-04 19:28:34.307   307   391 E AccessPersistence: 	at android.os.Looper.loop(Looper.java:317)
05-04 19:28:34.307   307   391 E AccessPersistence: 	at android.os.HandlerThread.run(HandlerThread.java:85)
05-04 19:28:34.307   307   391 E AccessPersistence: 	at com.android.server.ServiceThread.run(ServiceThread.java:49)
05-04 19:28:34.489   307   318 I system_server: NativeAlloc concurrent copying GC freed 79MB AllocSpace bytes, 586(13MB) LOS objects, 70% free, 40MB/136MB, paused 360us,591us total 1.397s
05-04 19:28:34.489   307   318 W system_server: Reducing the number of considered missed Gc histogram windows from 220 to 100
05-04 19:28:34.502   307 22755 I ActivityManager: Force stopping com.westlake.host appid=10218 user=0: from pid 12753
05-04 19:28:34.409     0     0 I binder  : 12753:12753 ioctl 40046210 7fcc2ac984 returned -22
05-04 19:28:34.510   307   767 I AppWidgetServiceImpl: Received broadcast: android.intent.action.PACKAGE_RESTARTED on user 0
05-04 19:28:34.510   307   767 I AppWidgetServiceImpl: Updating package stopped masked state for uid 10218 package com.westlake.host isStopped true
05-04 19:28:34.512  1166  1166 D CarrierSvcBindHelper: onHandleForceStop: [com.westlake.host]
05-04 19:28:34.515  1166  1166 D CarrierSvcBindHelper: No carrier app for: 0
05-04 19:28:34.516  1166  1166 D CarrierSvcBindHelper: No carrier app for: 1
05-04 19:28:34.516   307   658 I system_server: AssetManager2(0x7bd472ac38) locale list changing from [] to [en-US]
05-04 19:28:34.494     0     0 E FG      : fg_psy_get_property: unsupported property 79
05-04 19:28:34.592  1126  1126 D QtiCarrierConfigHelper: WARNING, no carrier configs on phone Id: 0
05-04 19:28:34.500     0     0 W healthd : battery l=100 v=3041 t=25.0 h=2 st=5 c=12000 fc=2831000 chg=u
05-04 19:28:34.507     0     0 E FG      : fg_psy_get_property: unsupported property 79
05-04 19:28:34.600   960  2050 D PowerUI : can't show warning due to - plugged: true status unknown: false
05-04 19:28:34.674  3704  3747 W HidlServiceManagement: Waited one second for vendor.qti.hardware.cacert@1.0::IService/default
05-04 19:28:34.676   660   660 I hwservicemanager: Since vendor.qti.hardware.cacert@1.0::IService/default is not registered, trying to start it as a lazy HAL (if it's not configured to be a lazy HAL, it may be stuck starting or still starting).
05-04 19:28:34.676  3704  3747 I HidlServiceManagement: getService: Trying again for vendor.qti.hardware.cacert@1.0::IService/default...
05-04 19:28:34.678   660 12760 W libc    : Unable to set property "ctl.interface_start" to "vendor.qti.hardware.cacert@1.0::IService/default": PROP_ERROR_HANDLE_CONTROL_MESSAGE (0x20)
05-04 19:28:34.678   660 12760 I hwservicemanager: Tried to start vendor.qti.hardware.cacert@1.0::IService/default as a lazy service, but was unable to. Usually this happens when a service is not installed, but if the service is intended to be used as a lazy service, then it may be configured incorrectly.
05-04 19:28:34.592     0     0 E init    : Control message: Could not find 'vendor.qti.hardware.cacert@1.0::IService/default' for ctl.interface_start from pid: 660 (/system/system_ext/bin/hwservicemanager)
05-04 19:28:34.873   307   333 W System  : A resource failed to call release. 
05-04 19:28:34.874   307   333 W System  : A resource failed to call HardwareBuffer.close. 
05-04 19:28:34.875   307   333 W System  : A resource failed to call release. 
05-04 19:28:34.875   307   333 W System  : A resource failed to call HardwareBuffer.close. 
05-04 19:28:34.876   307   333 W System  : A resource failed to call release. 
05-04 19:28:34.876   307   333 W System  : A resource failed to call HardwareBuffer.close. 
05-04 19:28:34.877   307   333 W System  : A resource failed to call release. 
05-04 19:28:34.877   307   333 W System  : A resource failed to call HardwareBuffer.close. 
05-04 19:28:34.878   307   333 W System  : A resource failed to call release. 
05-04 19:28:34.878   307   333 W System  : A resource failed to call HardwareBuffer.close. 
05-04 19:28:34.879   307   333 W System  : A resource failed to call release. 
05-04 19:28:34.880   307   333 W System  : A resource failed to call HardwareBuffer.close. 
05-04 19:28:34.881   307   333 W System  : A resource failed to call release. 
05-04 19:28:35.173   307 22755 I ActivityManager: Force stopping com.westlake.host appid=10218 user=0: from pid 12769
05-04 19:28:35.083     0     0 I binder  : 12769:12769 ioctl 40046210 7ff8f18f24 returned -22
05-04 19:28:35.182   307   767 I AppWidgetServiceImpl: Received broadcast: android.intent.action.PACKAGE_RESTARTED on user 0
05-04 19:28:35.182   307   767 I AppWidgetServiceImpl: Updating package stopped masked state for uid 10218 package com.westlake.host isStopped true
05-04 19:28:35.183  1166  1166 D CarrierSvcBindHelper: onHandleForceStop: [com.westlake.host]
05-04 19:28:35.187  1166  1166 D CarrierSvcBindHelper: No carrier app for: 0
05-04 19:28:35.187  1166  1166 D CarrierSvcBindHelper: No carrier app for: 1
05-04 19:28:35.433   307 22755 W ActivityTaskManager: callingPackage for (uid=2000, pid=12769) has no WPC
05-04 19:28:35.438   307 22755 V GrammaticalInflectionUtils: AttributionSource: AttributionSource { uid = 10218, packageName = null, attributionTag = null, token = android.os.Binder@a81f694, deviceId = 0, next = null } does not have READ_SYSTEM_GRAMMATICAL_GENDER permission.
05-04 19:28:35.439   307 22755 W OptProp : Cannot read opt property android.window.PROPERTY_COMPAT_ALLOW_RESIZEABLE_ACTIVITY_OVERRIDES
05-04 19:28:35.440   307 22755 W OptProp : Cannot read opt property android.window.PROPERTY_COMPAT_ALLOW_MIN_ASPECT_RATIO_OVERRIDE
05-04 19:28:35.450   307 22755 W OptProp : Cannot read opt property android.window.PROPERTY_COMPAT_ALLOW_ORIENTATION_OVERRIDE
05-04 19:28:35.451  3320  4159 I BpBinder: onLastStrongRef automatically unlinking death recipients: 
05-04 19:28:35.455  3220  3220 I android.hardware.power-service-qti: Power setMode: 5 to: 1
05-04 19:28:35.455   307 22755 V SplashScreenExceptionList: SplashScreen checking exception for package com.westlake.host (target sdk:28) -> false
05-04 19:28:35.462  3267  3300 E ANDR-PERF-UTIL: Failed to read /sys/class/mmc_host/mmc0/clk_scaling/enable
05-04 19:28:35.462  3267  3300 E ANDR-PERF-OPTSHANDLER: Failed to read /sys/class/mmc_host/mmc0/clk_scaling/enable
05-04 19:28:35.462  3267  3300 E ANDR-PERF-RESOURCEQS: Failed to apply optimization [11, 4]
05-04 19:28:35.462   307 22755 I ActivityTaskManager: START u0 {flg=0x10000000 cmp=com.westlake.host/.WestlakeActivity (has extras)} with LAUNCH_MULTIPLE from uid 2000 (BAL_ALLOW_PERMISSION) result code=0
05-04 19:28:35.466   307   421 V GrammaticalInflectionUtils: AttributionSource: AttributionSource { uid = 10218, packageName = null, attributionTag = null, token = android.os.Binder@a81f694, deviceId = 0, next = null } does not have READ_SYSTEM_GRAMMATICAL_GENDER permission.
05-04 19:28:35.466   960  1004 I ndroid.systemui: AssetManager2(0x7bd46c01f8) locale list changing from [] to [en-US]
05-04 19:28:35.467  1230  1230 W SplitSelectStateCtor: Missing session instanceIds
05-04 19:28:35.467  1230  1230 D StatsLog: LAUNCHER_SPLIT_SELECTION_EXIT_INTERRUPTED
05-04 19:28:35.467   960   982 V WindowManagerShell: Transition requested (#4402): android.os.BinderProxy@64b3126 TransitionRequestInfo { type = OPEN, triggerTask = TaskInfo{userId=0 taskId=2265 effectiveUid=10218 displayId=0 isRunning=true baseIntent=Intent { flg=0x10000000 cmp=com.westlake.host/.WestlakeActivity } baseActivity=ComponentInfo{com.westlake.host/com.westlake.host.WestlakeActivity} topActivity=ComponentInfo{com.westlake.host/com.westlake.host.WestlakeActivity} origActivity=null realActivity=ComponentInfo{com.westlake.host/com.westlake.host.WestlakeActivity} numActivities=1 lastActiveTime=2185108028 supportsMultiWindow=true resizeMode=1 isResizeable=true minWidth=-1 minHeight=-1 defaultMinSize=220 token=WCT{android.window.IWindowContainerToken$Stub$Proxy@61b167} topActivityType=1 pictureInPictureParams=null shouldDockBigOverlays=false launchIntoPipHostTaskId=-1 lastParentTaskIdBeforePip=-1 displayCutoutSafeInsets=Rect(0, 80 - 0, 0) topActivityInfo=ActivityInfo{a501b14 com.westlake.host.WestlakeActivity} launchCookies=[] positionInParent=Point(0, 0) parentTaskId=-1 isFocused=false isVisible=false isVisibleRequested=false isTopActivityNoDisplay=false isSleeping=false locusId=null displayAreaFeatureId=1 isTopActivityTransparent=false isActivityStackTransparent=false lastNonFullscreenBounds=Rect(267, 606 - 814, 1686) capturedLink=null capturedLinkTimestamp=0 requestedVisibleTypes=-9 topActivityRequestOpenInBrowserEducationTimestamp=0 appCompatTaskInfo=AppCompatTaskInfo { topActivityInSizeCompat=false eligibleForLetterboxEducation= false isLetterboxEducationEnabled= false isLetterboxDoubleTapEnabled= false eligibleForUserAspectRatioButton= false topActivityBoundsLetterboxed= false isFromLetterboxDoubleTap= false topActivityLetterboxVerticalPosition= -1 topActivityLetterboxHorizontalPosition= -1 topActivityLetterboxWidth=-1 topActivityLetterboxHeight=-1 topActivityLetterboxAppWidth=-1 topActivityLetterboxAppHeight=-1 isUserFullscreenOverrideEnabled=false isSystemFullscreenOverrideEnabled=false hasMinAspectRatioOverride=false topActivityLetterboxBounds=null cameraCompatTaskInfo=CameraCompatTaskInfo { freeformCameraCompatMode=inactive}} topActivityMainWindowFrame=null}, pipChange = null, remoteTransition = null, displayChange = null, flags = 0, debugId = 4402 }
05-04 19:28:35.468   960   982 D ShellSplitScreen: logExit: no-op, mLoggerSessionId is null
05-04 19:28:35.471   960  1005 D SplashScreenView: Build android.window.SplashScreenView{9a939b2 V.E...... ......ID 0,0-0,0}
05-04 19:28:35.471   960  1005 D SplashScreenView: Icon: view: android.widget.ImageView{e4dfd03 V.ED..... ......I. 0,0-0,0 #1020525 android:id/splashscreen_icon_view} drawable: com.android.wm.shell.startingsurface.SplashscreenIconDrawableFactory$ImmobileIconDrawable@d9dd480 size: 450
05-04 19:28:35.471   960  1005 D SplashScreenView: Branding: view: android.view.View{df2aab9 G.ED..... ......I. 0,0-0,0 #1020524 android:id/splashscreen_branding_view} drawable: null size w: 0 h: 0
05-04 19:28:35.473   307   780 D BackgroundInstallControlService: Package event received: 0
05-04 19:28:35.473   307   767 I AppWidgetServiceImpl: Received broadcast: android.intent.action.PACKAGE_UNSTOPPED on user 0
05-04 19:28:35.473   307   767 I AppWidgetServiceImpl: Updating package stopped masked state for uid 10218 package com.westlake.host isStopped false
05-04 19:28:35.487   960   982 D WindowManagerShell: setLauncherKeepClearAreaHeight: visible=false, height=292
05-04 19:28:35.490  3080  3121 I netd    : tetherGetStats() -> {[]} <12.19ms>
05-04 19:28:35.492  3320  3320 I BpBinder: onLastStrongRef automatically unlinking death recipients: 
05-04 19:28:35.494 32752 32752 D Zygote  : Forked child process 12773
05-04 19:28:35.498   307   526 I ActivityManager: Start proc 12773:com.westlake.host/u0a218 for next-top-activity {com.westlake.host/com.westlake.host.WestlakeActivity}
05-04 19:28:35.506   307 26097 D CoreBackPreview: Window{1efb309 u0 Splash Screen com.westlake.host}: Setting back callback OnBackInvokedCallbackInfo{mCallback=android.window.IOnBackInvokedCallback$Stub$Proxy@d84f4b, mPriority=0, mIsAnimationCallback=false, mOverrideBehavior=0}
05-04 19:28:35.509  1650  1664 D ForegroundUtils: Foreground UID status:
05-04 19:28:35.509  1650  1664 D ForegroundUtils: UID: 10130 is in foreground: false
05-04 19:28:35.509  1650  1664 D ForegroundUtils: UID: 10152 is in foreground: true
05-04 19:28:35.510  1650  1664 D ForegroundUtils: UID: 10159 is in foreground: true
05-04 19:28:35.510  1650  1664 D ForegroundUtils: UID: 10173 is in foreground: true
05-04 19:28:35.510  1650  1664 D ForegroundUtils: UID: 10190 is in foreground: true
05-04 19:28:35.510  1650  1664 D ForegroundUtils: UID: 10193 is in foreground: false
05-04 19:28:35.514 12773 12773 I Zygote  : seccomp disabled by setenforce 0
05-04 19:28:35.526 12773 12773 I m.westlake.host: Late-enabling -Xcheck:jni
05-04 19:28:35.531   307   388 V WindowManager: Sent Transition (#4402) createdAt=05-04 19:28:35.442 via request=TransitionRequestInfo { type = OPEN, triggerTask = TaskInfo{userId=0 taskId=2265 effectiveUid=10218 displayId=0 isRunning=true baseIntent=Intent { flg=0x10000000 cmp=com.westlake.host/.WestlakeActivity } baseActivity=ComponentInfo{com.westlake.host/com.westlake.host.WestlakeActivity} topActivity=ComponentInfo{com.westlake.host/com.westlake.host.WestlakeActivity} origActivity=null realActivity=ComponentInfo{com.westlake.host/com.westlake.host.WestlakeActivity} numActivities=1 lastActiveTime=2185108028 supportsMultiWindow=true resizeMode=1 isResizeable=true minWidth=-1 minHeight=-1 defaultMinSize=220 token=WCT{RemoteToken{1ce4be6 Task{f933037 #2265 type=standard A=10218:com.westlake.host}}} topActivityType=1 pictureInPictureParams=null shouldDockBigOverlays=false launchIntoPipHostTaskId=-1 lastParentTaskIdBeforePip=-1 displayCutoutSafeInsets=Rect(0, 80 - 0, 0) topActivityInfo=ActivityInfo{9da9527 com.westlake.host.WestlakeActivity} launchCookies=[] positionInParent=Point(0, 0) parentTaskId=-1 isFocused=false isVisible=false isVisibleRequested=false isTopActivityNoDisplay=false isSleeping=false locusId=null displayAreaFeatureId=1 isTopActivityTransparent=false isActivityStackTransparent=false lastNonFullscreenBounds=Rect(267, 606 - 814, 1686) capturedLink=null capturedLinkTimestamp=0 requestedVisibleTypes=-9 topActivityRequestOpenInBrowserEducationTimestamp=0 appCompatTaskInfo=AppCompatTaskInfo { topActivityInSizeCompat=false eligibleForLetterboxEducation= false isLetterboxEducationEnabled= false isLetterboxDoubleTapEnabled= false eligibleForUserAspectRatioButton= false topActivityBoundsLetterboxed= false isFromLetterboxDoubleTap= false topActivityLetterboxVerticalPosition= -1 topActivityLetterboxHorizontalPosition= -1 topActivityLetterboxWidth=-1 topActivityLetterboxHeight=-1 topActivityLetterboxAppWidth=-1 topActivityLetterboxAppHeight=-1 isUserFullscreenOverrideEnabled=false isSystemFullscreenOverrideEnabled=false hasMinAspectRatioOverride=false topActivityLetterboxBounds=null cameraCompatTaskInfo=CameraCompatTaskInfo { freeformCameraCompatMode=inactive}} topActivityMainWindowFrame=null}, pipChange = null, remoteTransition = null, displayChange = null, flags = 0, debugId = 4402 }
05-04 19:28:35.531   307   388 V WindowManager:     startWCT=WindowContainerTransaction { changes= {} hops= [] errorCallbackToken=null taskFragmentOrganizer=null }
05-04 19:28:35.532   960  1749 V WindowManagerShell: onTransitionReady(transaction=1318555125189)
05-04 19:28:35.532   960   982 V WindowManagerShell: onTransitionReady (#4402) android.os.BinderProxy@64b3126: {id=4402 t=OPEN f=0x0 trk=0 r=[0@Point(0, 0)] c=[
05-04 19:28:35.532   960   982 V WindowManagerShell:         {m=OPEN f=NONE leash=Surface(name=Task=2265)/@0x3b82cf3 sb=Rect(0, 0 - 1080, 2280) eb=Rect(0, 0 - 1080, 2280) epz=Point(1080, 2280) d=0 taskParent=-1},
05-04 19:28:35.532   960   982 V WindowManagerShell:         {m=TO_BACK f=SHOW_WALLPAPER leash=Surface(name=Task=1)/@0xa0f5db0 sb=Rect(0, 0 - 1080, 2280) eb=Rect(0, 0 - 1080, 2280) epz=Point(1080, 2280) d=0 taskParent=-1}
05-04 19:28:35.532   960   982 V WindowManagerShell:     ]}
05-04 19:28:35.533   960   982 V WindowManagerShell: Playing animation for (#4402) android.os.BinderProxy@64b3126@0
05-04 19:28:35.533   960   982 V ShellRecents: RecentsTransitionHandler.startAnimation: no controller found
05-04 19:28:35.533   960   982 V WindowManagerShell: Transition doesn't have explicit remote, search filters for match for {id=4402 t=OPEN f=0x0 trk=0 r=[0@Point(0, 0)] c=[{m=OPEN f=NONE leash=Surface(name=Task=2265)/@0x3b82cf3 sb=Rect(0, 0 - 1080, 2280) eb=Rect(0, 0 - 1080, 2280) epz=Point(1080, 2280) d=0 taskParent=-1},{m=TO_BACK f=SHOW_WALLPAPER leash=Surface(name=Task=1)/@0xa0f5db0 sb=Rect(0, 0 - 1080, 2280) eb=Rect(0, 0 - 1080, 2280) epz=Point(1080, 2280) d=0 taskParent=-1}]}
05-04 19:28:35.533   960   982 V WindowManagerShell:  Checking filter Pair{{types=[] flags=0x0] notFlags=0x100 checks=[{atype=home independent=true modes=[OPEN,TO_FRONT] flags=NONE mustBeTask=false order=TOP topActivity=ComponentInfo{com.android.launcher3/com.android.launcher3.uioverrides.QuickstepLauncher} launchCookie=null windowingMode=undefined},{atype=standard independent=true modes=[CLOSE,TO_BACK] flags=NONE mustBeTask=false order=ANY topActivity=null launchCookie=null windowingMode=undefined},{NOT atype=undefined independent=true modes=[] flags=NONE mustBeTask=true order=ANY topActivity=null launchCookie=null customAnim=true windowingMode=undefined}]} RemoteTransition { remoteTransition = android.window.IRemoteTransition$Stub$Proxy@ae59c67, appThread = android.app.IApplicationThread$Stub$Proxy@8152a14, debugName = QuickstepLaunchHome }}
05-04 19:28:35.533   960   982 V WindowManagerShell:  Delegate animation for (#4402) to null
05-04 19:28:35.533   960   982 V WindowManagerShell: start default transition animation, info = {id=4402 t=OPEN f=0x0 trk=0 r=[0@Point(0, 0)] c=[{m=OPEN f=NONE leash=Surface(name=Task=2265)/@0x3b82cf3 sb=Rect(0, 0 - 1080, 2280) eb=Rect(0, 0 - 1080, 2280) epz=Point(1080, 2280) d=0 taskParent=-1},{m=TO_BACK f=SHOW_WALLPAPER leash=Surface(name=Task=1)/@0xa0f5db0 sb=Rect(0, 0 - 1080, 2280) eb=Rect(0, 0 - 1080, 2280) epz=Point(1080, 2280) d=0 taskParent=-1}]}
05-04 19:28:35.533   307   388 V WindowManager:     info={id=4402 t=OPEN f=0x0 trk=0 r=[0@Point(0, 0)] c=[
05-04 19:28:35.533   307   388 V WindowManager:         {WCT{RemoteToken{1ce4be6 Task{f933037 #2265 type=standard A=10218:com.westlake.host}}} m=OPEN f=NONE leash=Surface(name=Task=2265)/@0x344cd28 sb=Rect(0, 0 - 1080, 2280) eb=Rect(0, 0 - 1080, 2280) epz=Point(1080, 2280) d=0 taskParent=-1},
05-04 19:28:35.533   307   388 V WindowManager:         {WCT{RemoteToken{cb0a3c2 Task{a516ecc #1 type=home}}} m=TO_BACK f=SHOW_WALLPAPER leash=Surface(name=Task=1)/@0xdc03e5b sb=Rect(0, 0 - 1080, 2280) eb=Rect(0, 0 - 1080, 2280) epz=Point(1080, 2280) d=0 taskParent=-1}
05-04 19:28:35.533   307   388 V WindowManager:     ]}
05-04 19:28:35.533   960   982 V WindowManagerShell: loadAnimation: anim=android.view.animation.AnimationSet@be563ae animAttr=0x13 type=OPEN isEntrance=false
05-04 19:28:35.534   960   982 V WindowManagerShell: loadAnimation: anim=android.view.animation.AnimationSet@b9ea54f animAttr=0x12 type=OPEN isEntrance=true
05-04 19:28:35.535   960   982 V WindowManagerShell:  animated by com.android.wm.shell.transition.DefaultTransitionHandler@6c3a7ac
05-04 19:28:35.541   307 26097 W UserManagerService: Requested status bar icon for non-badged user 0
05-04 19:28:35.582 12773 12773 I m.westlake.host: Using CollectorTypeCC GC.
05-04 19:28:35.588 23361 23366 I adbd    : jdwp connection from 12773
05-04 19:28:35.603 12773 12773 D nativeloader: Load libframework-connectivity-tiramisu-jni.so using APEX ns com_android_tethering for caller /apex/com.android.tethering/javalib/framework-connectivity-t.jar: ok
05-04 19:28:35.517     0     0 I binder  : 12773:12773 ioctl 40046210 7fd4a812f4 returned -22
05-04 19:28:35.622   307   780 D BackgroundInstallControlService: Package event received: 0
05-04 19:28:35.623  1650  1664 D ForegroundUtils: Foreground UID status:
05-04 19:28:35.623  1650  1664 D ForegroundUtils: UID: 10130 is in foreground: false
05-04 19:28:35.623  1650  1664 D ForegroundUtils: UID: 10152 is in foreground: true
05-04 19:28:35.623  1650  1664 D ForegroundUtils: UID: 10159 is in foreground: true
05-04 19:28:35.623  1650  1664 D ForegroundUtils: UID: 10173 is in foreground: true
05-04 19:28:35.623  1650  1664 D ForegroundUtils: UID: 10190 is in foreground: true
05-04 19:28:35.623  1650  1664 D ForegroundUtils: UID: 10193 is in foreground: false
05-04 19:28:35.623  1650  1664 D ForegroundUtils: UID: 10218 is in foreground: true
05-04 19:28:35.641 12773 12773 D nativeloader: Load libstats_jni.so using APEX ns com_android_os_statsd for caller /apex/com.android.os.statsd/javalib/framework-statsd.jar: ok
05-04 19:28:35.676  3704  3747 W HidlServiceManagement: Waited one second for vendor.qti.hardware.cacert@1.0::IService/default
05-04 19:28:35.677   660   660 I hwservicemanager: Since vendor.qti.hardware.cacert@1.0::IService/default is not registered, trying to start it as a lazy HAL (if it's not configured to be a lazy HAL, it may be stuck starting or still starting).
05-04 19:28:35.679  3704  3747 I HidlServiceManagement: getService: Trying again for vendor.qti.hardware.cacert@1.0::IService/default...
05-04 19:28:35.679   660 12786 W libc    : Unable to set property "ctl.interface_start" to "vendor.qti.hardware.cacert@1.0::IService/default": PROP_ERROR_HANDLE_CONTROL_MESSAGE (0x20)
05-04 19:28:35.679   660 12786 I hwservicemanager: Tried to start vendor.qti.hardware.cacert@1.0::IService/default as a lazy service, but was unable to. Usually this happens when a service is not installed, but if the service is intended to be used as a lazy service, then it may be configured incorrectly.
05-04 19:28:35.680 12773 12773 D ApplicationLoaders: Returning zygote-cached class loader: /system/framework/android.test.base.jar
05-04 19:28:35.682 12773 12773 W ziparchive: Unable to open '/data/app/~~Gg0G5CtqAB4V4yzAnUxcxw==/com.westlake.host-3z7eVqF571ZZVn3bfdrfTg==/base.dm': No such file or directory
05-04 19:28:35.682 12773 12773 W ziparchive: Unable to open '/data/app/~~Gg0G5CtqAB4V4yzAnUxcxw==/com.westlake.host-3z7eVqF571ZZVn3bfdrfTg==/base.dm': No such file or directory
05-04 19:28:35.593     0     0 E init    : Control message: Could not find 'vendor.qti.hardware.cacert@1.0::IService/default' for ctl.interface_start from pid: 660 (/system/system_ext/bin/hwservicemanager)
05-04 19:28:35.826   960   982 V WindowManagerShell: Transition animation finished (aborted=false), notifying core (#4402) android.os.BinderProxy@64b3126@0
05-04 19:28:35.830   307   388 V WindowManager: Finish Transition (#4402): created at 05-04 19:28:35.442 collect-started=0.199ms request-sent=19.694ms started=45.235ms ready=81.658ms sent=87.759ms finished=387.908ms
05-04 19:28:35.831   960   982 V WindowManagerShell: Track 0 became idle
05-04 19:28:35.831   960   982 V WindowManagerShell: All active transition animations finished
05-04 19:28:35.831  1230  1230 D VRI[QuickstepLauncher]: visibilityChanged oldVisibility=true newVisibility=false
05-04 19:28:35.833   307  3741 W UserManagerService: Requested status bar icon for non-badged user 0
05-04 19:28:35.834   307  3741 W UserManagerService: Requested status bar icon for non-badged user 0
05-04 19:28:36.679  3704  3747 W HidlServiceManagement: Waited one second for vendor.qti.hardware.cacert@1.0::IService/default
05-04 19:28:36.680   660   660 I hwservicemanager: Since vendor.qti.hardware.cacert@1.0::IService/default is not registered, trying to start it as a lazy HAL (if it's not configured to be a lazy HAL, it may be stuck starting or still starting).
05-04 19:28:36.680  3704  3747 I HidlServiceManagement: getService: Trying again for vendor.qti.hardware.cacert@1.0::IService/default...
05-04 19:28:36.681   660 12788 W libc    : Unable to set property "ctl.interface_start" to "vendor.qti.hardware.cacert@1.0::IService/default": PROP_ERROR_HANDLE_CONTROL_MESSAGE (0x20)
05-04 19:28:36.681   660 12788 I hwservicemanager: Tried to start vendor.qti.hardware.cacert@1.0::IService/default as a lazy service, but was unable to. Usually this happens when a service is not installed, but if the service is intended to be used as a lazy service, then it may be configured incorrectly.
05-04 19:28:36.595     0     0 E init    : Control message: Could not find 'vendor.qti.hardware.cacert@1.0::IService/default' for ctl.interface_start from pid: 660 (/system/system_ext/bin/hwservicemanager)
05-04 19:28:36.795 12773 12773 D nativeloader: Configuring clns-7 for other apk /data/app/~~Gg0G5CtqAB4V4yzAnUxcxw==/com.westlake.host-3z7eVqF571ZZVn3bfdrfTg==/base.apk. target_sdk_version=28, uses_libraries=, library_path=/data/app/~~Gg0G5CtqAB4V4yzAnUxcxw==/com.westlake.host-3z7eVqF571ZZVn3bfdrfTg==/lib/arm64:/data/app/~~Gg0G5CtqAB4V4yzAnUxcxw==/com.westlake.host-3z7eVqF571ZZVn3bfdrfTg==/base.apk!/lib/arm64-v8a, permitted_path=/data:/mnt/expand:/data/user/0/com.westlake.host
05-04 19:28:36.804 12773 12773 I m.westlake.host: AssetManager2(0x7bd463b4f8) locale list changing from [] to [en-US]
05-04 19:28:36.815 12773 12773 V GraphicsEnvironment: Currently set values for:
05-04 19:28:36.815 12773 12773 V GraphicsEnvironment:   angle_gl_driver_selection_pkgs=[]
05-04 19:28:36.815 12773 12773 V GraphicsEnvironment:   angle_gl_driver_selection_values=[]
05-04 19:28:36.815 12773 12773 V GraphicsEnvironment: com.westlake.host is not listed in per-application setting
05-04 19:28:36.815 12773 12773 V GraphicsEnvironment: Neither updatable production driver nor prerelease driver is supported.
05-04 19:28:36.873   307   780 D BackgroundInstallControlService: Package event received: 0
05-04 19:28:36.874   307   780 D BackgroundInstallControlService: Package event received: 0
05-04 19:28:36.883 12773 12773 I m.westlake.host: AssetManager2(0x7bd463f378) locale list changing from [] to [en-US]
05-04 19:28:36.935 12773 12773 I Westlake: WestlakeActivity onCreate (ComponentActivity + Compose)
05-04 19:28:36.935 12773 12773 I Westlake: Auto-launching: WESTLAKE_ART_NOICE
05-04 19:28:36.935 12773 12773 I Westlake: Launching Noice via Westlake ART VM
05-04 19:28:36.966 12773 12773 D DesktopModeFlagsUtil: Toggle override initialized to: OVERRIDE_UNSET
05-04 19:28:37.103 12773 12773 D InsetsController: Setting requestedVisibleTypes to -10 (was -9)
05-04 19:28:37.104   307 22015 W WindowManager: Failed looking up window session=Session{68f69e9 12773:u0a10218} callers=com.android.server.wm.WindowManagerService.windowForClientLocked:6324 com.android.server.wm.Session.updateRequestedVisibleTypes:699 android.view.IWindowSession$Stub.onTransact:1023 
05-04 19:28:37.486 12773 12773 W m.westlake.host: Method java.lang.Object androidx.compose.runtime.snapshots.SnapshotStateMap.mutate(kotlin.jvm.functions.Function1) failed lock verification and will run slower.
05-04 19:28:37.486 12773 12773 W m.westlake.host: Common causes for lock verification issues are non-optimized dex code
05-04 19:28:37.486 12773 12773 W m.westlake.host: and incorrect proguard optimizations.
05-04 19:28:37.486 12773 12773 W m.westlake.host: Method void androidx.compose.runtime.snapshots.SnapshotStateMap.update(kotlin.jvm.functions.Function1) failed lock verification and will run slower.
05-04 19:28:37.487 12773 12773 W m.westlake.host: Method boolean androidx.compose.runtime.snapshots.SnapshotStateMap.removeIf$runtime_release(kotlin.jvm.functions.Function1) failed lock verification and will run slower.
05-04 19:28:37.680  3704  3747 W HidlServiceManagement: Waited one second for vendor.qti.hardware.cacert@1.0::IService/default
05-04 19:28:37.681   660   660 I hwservicemanager: Since vendor.qti.hardware.cacert@1.0::IService/default is not registered, trying to start it as a lazy HAL (if it's not configured to be a lazy HAL, it may be stuck starting or still starting).
05-04 19:28:37.681  3704  3747 I HidlServiceManagement: getService: Trying again for vendor.qti.hardware.cacert@1.0::IService/default...
05-04 19:28:37.682   660 12795 W libc    : Unable to set property "ctl.interface_start" to "vendor.qti.hardware.cacert@1.0::IService/default": PROP_ERROR_HANDLE_CONTROL_MESSAGE (0x20)
05-04 19:28:37.682   660 12795 I hwservicemanager: Tried to start vendor.qti.hardware.cacert@1.0::IService/default as a lazy service, but was unable to. Usually this happens when a service is not installed, but if the service is intended to be used as a lazy service, then it may be configured incorrectly.
05-04 19:28:37.596     0     0 E init    : Control message: Could not find 'vendor.qti.hardware.cacert@1.0::IService/default' for ctl.interface_start from pid: 660 (/system/system_ext/bin/hwservicemanager)
05-04 19:28:37.914 12773 12773 I WestlakeVM: DisplayListFrameView 480x800 for com.github.ashutoshgngwr.noice
05-04 19:28:37.933 12773 12773 I WestlakeVM: startPipeReader: pipe=false holder=true thread=null
05-04 19:28:37.987   307  3741 D CoreBackPreview: Window{4ebbba5 u0 com.westlake.host/com.westlake.host.WestlakeActivity}: Setting back callback OnBackInvokedCallbackInfo{mCallback=android.window.IOnBackInvokedCallback$Stub$Proxy@f0dff88, mPriority=0, mIsAnimationCallback=false, mOverrideBehavior=0}
05-04 19:28:38.110 12773 12791 I AdrenoGLES-0: QUALCOMM build                   : 8e5405b, I57aaec3440
05-04 19:28:38.110 12773 12791 I AdrenoGLES-0: Build Date                       : 05/21/21
05-04 19:28:38.110 12773 12791 I AdrenoGLES-0: OpenGL ES Shader Compiler Version: EV031.32.02.10
05-04 19:28:38.110 12773 12791 I AdrenoGLES-0: Local Branch                     : mybranchebba1dbe-451b-f160-ac81-1458d0b52ae8
05-04 19:28:38.110 12773 12791 I AdrenoGLES-0: Remote Branch                    : quic/gfx-adreno.lnx.1.0.r135-rel
05-04 19:28:38.110 12773 12791 I AdrenoGLES-0: Remote Branch                    : NONE
05-04 19:28:38.110 12773 12791 I AdrenoGLES-0: Reconstruct Branch               : NOTHING
05-04 19:28:38.110 12773 12791 I AdrenoGLES-0: Build Config                     : S P 10.0.7 AArch64
05-04 19:28:38.110 12773 12791 I AdrenoGLES-0: Driver Path                      : /vendor/lib64/egl/libGLESv2_adreno.so
05-04 19:28:38.121 12773 12791 I AdrenoGLES-0: PFP: 0x016ee190, ME: 0x00000000
05-04 19:28:38.137  3320  4159 E HWComposer: getSupportedContentTypes: getSupportedContentTypes failed for display 4630946883826275713: UNSUPPORTED (8)
05-04 19:28:38.140   660   660 I hwservicemanager: getTransport: Cannot find entry android.hardware.graphics.mapper@4.0::IMapper/default in either framework or device VINTF manifest.
05-04 19:28:38.141 12773 12796 I Gralloc4: mapper 4.x is not supported
05-04 19:28:38.141   660   660 I hwservicemanager: getTransport: Cannot find entry android.hardware.graphics.mapper@3.0::IMapper/default in either framework or device VINTF manifest.
05-04 19:28:38.141 12773 12796 W Gralloc3: mapper 3.x is not supported
05-04 19:28:38.054     0     0 I servicemanager: Caller(pid=12773,uid=10218,sid=u:r:untrusted_app_27:s0:c218,c256,c512,c768) Could not find android.hardware.graphics.allocator.IAllocator/default in the VINTF manifest. No alternative instances declared in VINTF.
05-04 19:28:38.054     0     0 I binder  : 12773:12796 ioctl 40046210 7a9c066094 returned -22
05-04 19:28:38.149 12773 12796 I Gralloc2: Adding additional valid usage bits: 0x8202000
05-04 19:28:38.276   307   388 W ziparchive: Unable to open '/data/app/~~Gg0G5CtqAB4V4yzAnUxcxw==/com.westlake.host-3z7eVqF571ZZVn3bfdrfTg==/base.dm': No such file or directory
05-04 19:28:38.278   307   388 I ActivityTaskManager: Displayed com.westlake.host/.WestlakeActivity for user 0: +2s841ms
05-04 19:28:38.295 12773 12785 I HWUI    : Davey! duration=1160ms; Flags=1, FrameTimelineVsyncId=93907714, IntendedVsync=2145148685492937, Vsync=2145148685492937, InputEventId=0, HandleInputStart=2145148690491323, AnimationStart=2145148690509604, PerformTraversalsStart=2145148690520438, DrawStart=2145149732868771, FrameDeadline=2145148702159603, FrameInterval=2145148690465698, FrameStartTime=16695260, SyncQueued=2145149753704239, SyncStart=2145149753889656, IssueDrawCommandsStart=2145149754978666, SwapBuffers=2145149842387364, FrameCompleted=2145149845946895, DequeueBufferDuration=23698, QueueBufferDuration=547083, GpuCompleted=2145149845946895, SwapBuffersCompleted=2145149843882364, DisplayPresentTime=0, CommandSubmissionCompleted=2145149842387364, 
05-04 19:28:38.334 12773 12802 I WestlakeVM: startWithConfig() called, config=ApkVmConfig(packageName=com.github.ashutoshgngwr.noice, activityName=com.github.ashutoshgngwr.noice.activity.MainActivity, displayName=Noice (ART), apkSourceDir=/data/app/~~R7-vSKxT523z7oA2P8Ynag==/com.github.ashutoshgngwr.noice-D3ESsKFH5h3RNFnLUIp9ig==/base.apk, allowRealFrameworkFallback=false, backendMode=null, extraVmProperties={})
05-04 19:28:38.335 12773 12773 I Choreographer: Skipped 63 frames!  The application may be doing too much work on its main thread.
05-04 19:28:38.356   307   656 I ImeTracker: com.westlake.host:f2586222: onRequestHide at ORIGIN_SERVER reason HIDE_UNSPECIFIED_WINDOW fromUser false
05-04 19:28:38.372 12773 12773 D InsetsController: hide(ime(), fromIme=false)
05-04 19:28:38.373 12773 12773 I ImeTracker: com.westlake.host:f2586222: onCancelled at PHASE_CLIENT_ALREADY_HIDDEN
05-04 19:28:38.375  3220  3220 I android.hardware.power-service-qti: Power setMode: 5 to: 0
05-04 19:28:38.385  1230  1230 D BaseDepthController: setSurface:
05-04 19:28:38.385  1230  1230 D BaseDepthController: 	mWaitingOnSurfaceValidity: false
05-04 19:28:38.385  1230  1230 D BaseDepthController: 	mSurface: null
05-04 19:28:38.389  1230  1230 D StateManager: goToState - fromState: Normal, toState: Normal, partial trace:
05-04 19:28:38.389  1230  1230 D StateManager: 	at com.android.launcher3.statemanager.StateManager.moveToRestState(StateManager.java:465)
05-04 19:28:38.389  1230  1230 D StateManager: 	at com.android.launcher3.statemanager.StateManager.moveToRestState(StateManager.java:456)
05-04 19:28:38.389  1230  1230 D StateManager: 	at com.android.launcher3.statemanager.StatefulActivity.onStop(StatefulActivity.java:136)
05-04 19:28:38.390  1650  1664 D ForegroundUtils: Foreground UID status:
05-04 19:28:38.390  1650  1664 D ForegroundUtils: UID: 10130 is in foreground: false
05-04 19:28:38.390  1650  1664 D ForegroundUtils: UID: 10152 is in foreground: false
05-04 19:28:38.390  1650  1664 D ForegroundUtils: UID: 10159 is in foreground: true
05-04 19:28:38.390  1650  1664 D ForegroundUtils: UID: 10173 is in foreground: true
05-04 19:28:38.390  1650  1664 D ForegroundUtils: UID: 10190 is in foreground: true
05-04 19:28:38.390  1650  1664 D ForegroundUtils: UID: 10193 is in foreground: false
05-04 19:28:38.390  1650  1664 D ForegroundUtils: UID: 10218 is in foreground: true
05-04 19:28:38.393  1230  1230 D StatsLog: LAUNCHER_ONSTOP
05-04 19:28:38.396   307 22755 I AppWidgetServiceImpl: setAppWidgetHidden() 0
05-04 19:28:38.404  3080  3121 I netd    : tetherGetStats() -> {[]} <8.63ms>
05-04 19:28:38.408   307   780 D BackgroundInstallControlService: Package event received: 0
05-04 19:28:38.644   960  1004 W WindowOnBackDispatcher: sendCancelIfRunning: isInProgress=false callback=android.view.ViewRootImpl$$ExternalSyntheticLambda13@d11b398
05-04 19:28:38.645   307  3741 D CoreBackPreview: Window{1efb309 u0 Splash Screen com.westlake.host EXITING}: Setting back callback null
05-04 19:28:38.648  3220  3220 I android.hardware.power-service-qti: Power setBoost: 0, duration: 0
05-04 19:28:38.682  3704  3747 W HidlServiceManagement: Waited one second for vendor.qti.hardware.cacert@1.0::IService/default
05-04 19:28:38.682   660   660 I hwservicemanager: Since vendor.qti.hardware.cacert@1.0::IService/default is not registered, trying to start it as a lazy HAL (if it's not configured to be a lazy HAL, it may be stuck starting or still starting).
05-04 19:28:38.683  3704  3747 I HidlServiceManagement: getService: Trying again for vendor.qti.hardware.cacert@1.0::IService/default...
05-04 19:28:38.685   660 12813 W libc    : Unable to set property "ctl.interface_start" to "vendor.qti.hardware.cacert@1.0::IService/default": PROP_ERROR_HANDLE_CONTROL_MESSAGE (0x20)
05-04 19:28:38.685   660 12813 I hwservicemanager: Tried to start vendor.qti.hardware.cacert@1.0::IService/default as a lazy service, but was unable to. Usually this happens when a service is not installed, but if the service is intended to be used as a lazy service, then it may be configured incorrectly.
05-04 19:28:38.599     0     0 E init    : Control message: Could not find 'vendor.qti.hardware.cacert@1.0::IService/default' for ctl.interface_start from pid: 660 (/system/system_ext/bin/hwservicemanager)
05-04 19:28:38.695   960  1004 W FrameTracker: Missing SF jank callback for vsyncId: 93907834, CUJ=J<SPLASHSCREEN_EXIT_ANIM>
05-04 19:28:38.695   960  1004 W FrameTracker: Missing SF jank callback for vsyncId: 93907859, CUJ=J<SPLASHSCREEN_EXIT_ANIM>
05-04 19:28:38.695   960  1004 W FrameTracker: Missing SF jank callback for vsyncId: 93907872, CUJ=J<SPLASHSCREEN_EXIT_ANIM>
05-04 19:28:38.695   960  1004 W FrameTracker: Missing SF jank callback for vsyncId: 93907885, CUJ=J<SPLASHSCREEN_EXIT_ANIM>
05-04 19:28:38.695   960  1004 W FrameTracker: Missing SF jank callback for vsyncId: 93907905, CUJ=J<SPLASHSCREEN_EXIT_ANIM>
05-04 19:28:38.695   960  1004 W FrameTracker: Missing SF jank callback for vsyncId: 93907955, CUJ=J<SPLASHSCREEN_EXIT_ANIM>
05-04 19:28:38.695   960  1004 W FrameTracker: Missing SF jank callback for vsyncId: 93907980, CUJ=J<SPLASHSCREEN_EXIT_ANIM>
05-04 19:28:38.695   960  1004 W FrameTracker: Missing SF jank callback for vsyncId: 93908004, CUJ=J<SPLASHSCREEN_EXIT_ANIM>
05-04 19:28:38.695   960  1004 W FrameTracker: Missing SF jank callback for vsyncId: 93908030, CUJ=J<SPLASHSCREEN_EXIT_ANIM>
05-04 19:28:38.695   960  1004 W FrameTracker: Missing SF jank callback for vsyncId: 93908043, CUJ=J<SPLASHSCREEN_EXIT_ANIM>
05-04 19:28:38.695   960  1004 W FrameTracker: Missing SF jank callback for vsyncId: 93908056, CUJ=J<SPLASHSCREEN_EXIT_ANIM>
05-04 19:28:38.695   960  1004 W FrameTracker: Missing SF jank callback for vsyncId: 93908069, CUJ=J<SPLASHSCREEN_EXIT_ANIM>
05-04 19:28:38.696   960  1004 W FrameTracker: Missing SF jank callback for vsyncId: 93908095, CUJ=J<SPLASHSCREEN_EXIT_ANIM>
05-04 19:28:38.696   960  1004 W FrameTracker: Missing SF jank callback for vsyncId: 93908108, CUJ=J<SPLASHSCREEN_EXIT_ANIM>
05-04 19:28:38.696   960  1004 W FrameTracker: Missing SF jank callback for vsyncId: 93908121, CUJ=J<SPLASHSCREEN_EXIT_ANIM>
05-04 19:28:38.696   960  1004 W FrameTracker: Missing SF jank callback for vsyncId: 93908134, CUJ=J<SPLASHSCREEN_EXIT_ANIM>
05-04 19:28:38.696   960  1004 W FrameTracker: Missing SF jank callback for vsyncId: 93908160, CUJ=J<SPLASHSCREEN_EXIT_ANIM>
05-04 19:28:38.696   960  1004 W FrameTracker: Missing SF jank callback for vsyncId: 93908173, CUJ=J<SPLASHSCREEN_EXIT_ANIM>
05-04 19:28:38.720 12773 12806 W InteractionJankMonitor: Initializing without READ_DEVICE_CONFIG permission. enabled=true, interval=1, missedFrameThreshold=3, frameTimeThreshold=64, package=com.westlake.host
05-04 19:28:38.848 12773 12802 I WestlakeVM: App OAT symlinks: 0 files in /data/local/tmp/westlake/oat/arm64
05-04 19:28:38.905     0     0 I QCOM-BATT: pl_fcc_vote_callback: total_fcc_ua=1950000
05-04 19:28:38.905     0     0 I QCOM-BATT: pl_fv_vote_callback: fv_uv=4400000
05-04 19:28:39.266     0     0 E FG      : fg_psy_get_property: unsupported property 79
05-04 19:28:39.278     0     0 E FG      : fg_psy_get_property: unsupported property 79
05-04 19:28:39.283     0     0 W healthd : battery l=100 v=3041 t=25.0 h=2 st=5 c=0 fc=2831000 chg=u
05-04 19:28:39.378  1126  1126 D QtiCarrierConfigHelper: WARNING, no carrier configs on phone Id: 0
05-04 19:28:39.383   960  2657 D PowerUI : can't show warning due to - plugged: true status unknown: false
05-04 19:28:39.293     0     0 E FG      : fg_psy_get_property: unsupported property 79
05-04 19:28:39.684  3704  3747 W HidlServiceManagement: Waited one second for vendor.qti.hardware.cacert@1.0::IService/default
05-04 19:28:39.685   660   660 I hwservicemanager: Since vendor.qti.hardware.cacert@1.0::IService/default is not registered, trying to start it as a lazy HAL (if it's not configured to be a lazy HAL, it may be stuck starting or still starting).
05-04 19:28:39.686  3704  3747 I HidlServiceManagement: getService: Trying again for vendor.qti.hardware.cacert@1.0::IService/default...
