05-04 19:28:44.703   660 12835 I hwservicemanager: Tried to start vendor.qti.hardware.cacert@1.0::IService/default as a lazy service, but was unable to. Usually this happens when a service is not installed, but if the service is intended to be used as a lazy service, then it may be configured incorrectly.
05-04 19:28:44.616     0     0 E init    : Control message: Could not find 'vendor.qti.hardware.cacert@1.0::IService/default' for ctl.interface_start from pid: 660 (/system/system_ext/bin/hwservicemanager)
05-04 19:28:45.702  3704  3747 W HidlServiceManagement: Waited one second for vendor.qti.hardware.cacert@1.0::IService/default
05-04 19:28:45.703   660   660 I hwservicemanager: Since vendor.qti.hardware.cacert@1.0::IService/default is not registered, trying to start it as a lazy HAL (if it's not configured to be a lazy HAL, it may be stuck starting or still starting).
05-04 19:28:45.705  3704  3747 I HidlServiceManagement: getService: Trying again for vendor.qti.hardware.cacert@1.0::IService/default...
05-04 19:28:45.707   660 12836 W libc    : Unable to set property "ctl.interface_start" to "vendor.qti.hardware.cacert@1.0::IService/default": PROP_ERROR_HANDLE_CONTROL_MESSAGE (0x20)
05-04 19:28:45.707   660 12836 I hwservicemanager: Tried to start vendor.qti.hardware.cacert@1.0::IService/default as a lazy service, but was unable to. Usually this happens when a service is not installed, but if the service is intended to be used as a lazy service, then it may be configured incorrectly.
05-04 19:28:45.620     0     0 E init    : Control message: Could not find 'vendor.qti.hardware.cacert@1.0::IService/default' for ctl.interface_start from pid: 660 (/system/system_ext/bin/hwservicemanager)
05-04 19:28:45.947     0     0 I QCOM-BATT: pl_fcc_vote_callback: total_fcc_ua=1950000
05-04 19:28:45.947     0     0 I QCOM-BATT: pl_fv_vote_callback: fv_uv=4400000
05-04 19:28:46.223  3512  3691 I ThermalEngine: Monitor : quiet_therm = 26513, msm_therm = 28853, xo_therm = 28440, battery_therm = 250,current_now = 0 
05-04 19:28:46.306     0     0 E FG      : fg_psy_get_property: unsupported property 79
05-04 19:28:46.315     0     0 E FG      : fg_psy_get_property: unsupported property 79
05-04 19:28:46.413  1126  1126 D QtiCarrierConfigHelper: WARNING, no carrier configs on phone Id: 0
05-04 19:28:46.320     0     0 W healthd : battery l=100 v=3042 t=25.0 h=2 st=5 c=0 fc=2831000 chg=u
05-04 19:28:46.332     0     0 E FG      : fg_psy_get_property: unsupported property 79
05-04 19:28:46.421   960  2676 D PowerUI : can't show warning due to - plugged: true status unknown: false
05-04 19:28:46.705  3704  3747 W HidlServiceManagement: Waited one second for vendor.qti.hardware.cacert@1.0::IService/default
05-04 19:28:46.709   660   660 I hwservicemanager: Since vendor.qti.hardware.cacert@1.0::IService/default is not registered, trying to start it as a lazy HAL (if it's not configured to be a lazy HAL, it may be stuck starting or still starting).
05-04 19:28:46.710  3704  3747 I HidlServiceManagement: getService: Trying again for vendor.qti.hardware.cacert@1.0::IService/default...
05-04 19:28:46.714   660 12837 W libc    : Unable to set property "ctl.interface_start" to "vendor.qti.hardware.cacert@1.0::IService/default": PROP_ERROR_HANDLE_CONTROL_MESSAGE (0x20)
05-04 19:28:46.714   660 12837 I hwservicemanager: Tried to start vendor.qti.hardware.cacert@1.0::IService/default as a lazy service, but was unable to. Usually this happens when a service is not installed, but if the service is intended to be used as a lazy service, then it may be configured incorrectly.
05-04 19:28:46.627     0     0 E init    : Control message: Could not find 'vendor.qti.hardware.cacert@1.0::IService/default' for ctl.interface_start from pid: 660 (/system/system_ext/bin/hwservicemanager)
05-04 19:28:46.756 12773 12779 I m.westlake.host: Background concurrent copying GC freed 15MB AllocSpace bytes, 9(460KB) LOS objects, 86% free, 3810KB/27MB, paused 143us,136us total 137.326ms
05-04 19:28:47.711  3704  3747 W HidlServiceManagement: Waited one second for vendor.qti.hardware.cacert@1.0::IService/default
05-04 19:28:47.713   660   660 I hwservicemanager: Since vendor.qti.hardware.cacert@1.0::IService/default is not registered, trying to start it as a lazy HAL (if it's not configured to be a lazy HAL, it may be stuck starting or still starting).
05-04 19:28:47.715  3704  3747 I HidlServiceManagement: getService: Trying again for vendor.qti.hardware.cacert@1.0::IService/default...
05-04 19:28:47.716   660 12838 W libc    : Unable to set property "ctl.interface_start" to "vendor.qti.hardware.cacert@1.0::IService/default": PROP_ERROR_HANDLE_CONTROL_MESSAGE (0x20)
05-04 19:28:47.716   660 12838 I hwservicemanager: Tried to start vendor.qti.hardware.cacert@1.0::IService/default as a lazy service, but was unable to. Usually this happens when a service is not installed, but if the service is intended to be used as a lazy service, then it may be configured incorrectly.
05-04 19:28:47.630     0     0 E init    : Control message: Could not find 'vendor.qti.hardware.cacert@1.0::IService/default' for ctl.interface_start from pid: 660 (/system/system_ext/bin/hwservicemanager)
05-04 19:28:48.716  3704  3747 W HidlServiceManagement: Waited one second for vendor.qti.hardware.cacert@1.0::IService/default
05-04 19:28:48.718   660   660 I hwservicemanager: Since vendor.qti.hardware.cacert@1.0::IService/default is not registered, trying to start it as a lazy HAL (if it's not configured to be a lazy HAL, it may be stuck starting or still starting).
05-04 19:28:48.720  3704  3747 I HidlServiceManagement: getService: Trying again for vendor.qti.hardware.cacert@1.0::IService/default...
05-04 19:28:48.721   660 12839 W libc    : Unable to set property "ctl.interface_start" to "vendor.qti.hardware.cacert@1.0::IService/default": PROP_ERROR_HANDLE_CONTROL_MESSAGE (0x20)
05-04 19:28:48.721   660 12839 I hwservicemanager: Tried to start vendor.qti.hardware.cacert@1.0::IService/default as a lazy service, but was unable to. Usually this happens when a service is not installed, but if the service is intended to be used as a lazy service, then it may be configured incorrectly.
05-04 19:28:48.634     0     0 E init    : Control message: Could not find 'vendor.qti.hardware.cacert@1.0::IService/default' for ctl.interface_start from pid: 660 (/system/system_ext/bin/hwservicemanager)
05-04 19:28:49.720  3704  3747 W HidlServiceManagement: Waited one second for vendor.qti.hardware.cacert@1.0::IService/default
05-04 19:28:49.721   660   660 I hwservicemanager: Since vendor.qti.hardware.cacert@1.0::IService/default is not registered, trying to start it as a lazy HAL (if it's not configured to be a lazy HAL, it may be stuck starting or still starting).
05-04 19:28:49.722  3704  3747 I HidlServiceManagement: getService: Trying again for vendor.qti.hardware.cacert@1.0::IService/default...
05-04 19:28:49.725   660 12840 W libc    : Unable to set property "ctl.interface_start" to "vendor.qti.hardware.cacert@1.0::IService/default": PROP_ERROR_HANDLE_CONTROL_MESSAGE (0x20)
05-04 19:28:49.725   660 12840 I hwservicemanager: Tried to start vendor.qti.hardware.cacert@1.0::IService/default as a lazy service, but was unable to. Usually this happens when a service is not installed, but if the service is intended to be used as a lazy service, then it may be configured incorrectly.
05-04 19:28:49.638     0     0 E init    : Control message: Could not find 'vendor.qti.hardware.cacert@1.0::IService/default' for ctl.interface_start from pid: 660 (/system/system_ext/bin/hwservicemanager)
05-04 19:28:50.723  3704  3747 W HidlServiceManagement: Waited one second for vendor.qti.hardware.cacert@1.0::IService/default
05-04 19:28:50.724   660   660 I hwservicemanager: Since vendor.qti.hardware.cacert@1.0::IService/default is not registered, trying to start it as a lazy HAL (if it's not configured to be a lazy HAL, it may be stuck starting or still starting).
05-04 19:28:50.726  3704  3747 I HidlServiceManagement: getService: Trying again for vendor.qti.hardware.cacert@1.0::IService/default...
05-04 19:28:50.641     0     0 E init    : Control message: Could not find 'vendor.qti.hardware.cacert@1.0::IService/default' for ctl.interface_start from pid: 660 (/system/system_ext/bin/hwservicemanager)
05-04 19:28:50.728   660 12841 W libc    : Unable to set property "ctl.interface_start" to "vendor.qti.hardware.cacert@1.0::IService/default": PROP_ERROR_HANDLE_CONTROL_MESSAGE (0x20)
05-04 19:28:50.728   660 12841 I hwservicemanager: Tried to start vendor.qti.hardware.cacert@1.0::IService/default as a lazy service, but was unable to. Usually this happens when a service is not installed, but if the service is intended to be used as a lazy service, then it may be configured incorrectly.
05-04 19:28:51.726  3704  3747 W HidlServiceManagement: Waited one second for vendor.qti.hardware.cacert@1.0::IService/default
05-04 19:28:51.729   660   660 I hwservicemanager: Since vendor.qti.hardware.cacert@1.0::IService/default is not registered, trying to start it as a lazy HAL (if it's not configured to be a lazy HAL, it may be stuck starting or still starting).
05-04 19:28:51.730  3704  3747 I HidlServiceManagement: getService: Trying again for vendor.qti.hardware.cacert@1.0::IService/default...
05-04 19:28:51.732   660 12842 W libc    : Unable to set property "ctl.interface_start" to "vendor.qti.hardware.cacert@1.0::IService/default": PROP_ERROR_HANDLE_CONTROL_MESSAGE (0x20)
05-04 19:28:51.733   660 12842 I hwservicemanager: Tried to start vendor.qti.hardware.cacert@1.0::IService/default as a lazy service, but was unable to. Usually this happens when a service is not installed, but if the service is intended to be used as a lazy service, then it may be configured incorrectly.
05-04 19:28:51.645     0     0 E init    : Control message: Could not find 'vendor.qti.hardware.cacert@1.0::IService/default' for ctl.interface_start from pid: 660 (/system/system_ext/bin/hwservicemanager)
05-04 19:28:52.730  3704  3747 W HidlServiceManagement: Waited one second for vendor.qti.hardware.cacert@1.0::IService/default
05-04 19:28:52.733   660   660 I hwservicemanager: Since vendor.qti.hardware.cacert@1.0::IService/default is not registered, trying to start it as a lazy HAL (if it's not configured to be a lazy HAL, it may be stuck starting or still starting).
05-04 19:28:52.734  3704  3747 I HidlServiceManagement: getService: Trying again for vendor.qti.hardware.cacert@1.0::IService/default...
05-04 19:28:52.737   660 12843 W libc    : Unable to set property "ctl.interface_start" to "vendor.qti.hardware.cacert@1.0::IService/default": PROP_ERROR_HANDLE_CONTROL_MESSAGE (0x20)
05-04 19:28:52.737   660 12843 I hwservicemanager: Tried to start vendor.qti.hardware.cacert@1.0::IService/default as a lazy service, but was unable to. Usually this happens when a service is not installed, but if the service is intended to be used as a lazy service, then it may be configured incorrectly.
05-04 19:28:52.650     0     0 E init    : Control message: Could not find 'vendor.qti.hardware.cacert@1.0::IService/default' for ctl.interface_start from pid: 660 (/system/system_ext/bin/hwservicemanager)
05-04 19:28:52.986     0     0 I QCOM-BATT: pl_fcc_vote_callback: total_fcc_ua=1950000
05-04 19:28:52.986     0     0 I QCOM-BATT: pl_fv_vote_callback: fv_uv=4400000
05-04 19:28:53.346     0     0 E FG      : fg_psy_get_property: unsupported property 79
05-04 19:28:53.354     0     0 E FG      : fg_psy_get_property: unsupported property 79
05-04 19:28:53.360     0     0 W healthd : battery l=100 v=3042 t=25.0 h=2 st=5 c=0 fc=2831000 chg=u
05-04 19:28:53.366     0     0 E FG      : fg_psy_get_property: unsupported property 79
05-04 19:28:53.649 12773 12826 I WestlakeVM: VM: CV PF-MCD-RES_TABLE_PARSE_DONE
05-04 19:28:53.651 12773 12826 I WestlakeVM: VM: CV PF-MCD-RES_TABLE_LOADED bytes=2019644 strings=586 integers=0
05-04 19:28:53.654 12773 12826 I WestlakeVM: VM: PF202 ApkLoader res dirs ready
05-04 19:28:53.655 12773 12826 I WestlakeVM: VM: PF202 ApkLoader activity seeded
05-04 19:28:53.656 12773 12826 I WestlakeVM: VM: PF202 ApkLoader return
05-04 19:28:53.656 12773 12826 I WestlakeVM: VM: [PFCUT] Class.getDeclaredField intrinsic hit class=android.app.MiniServer name=mApkInfo
05-04 19:28:53.666 12773 12826 I WestlakeVM: VM: [AssetManager] setApkPath path=/data/local/tmp/westlake/com_github_ashutoshgngwr_noice.apk local=/data/local/tmp/westlake/com_github_ashutoshgngwr_noice.apk global=/data/local/tmp/westlake/com_github_ashutoshgngwr_noice.apk
05-04 19:28:53.669 12773 12826 I WestlakeVM: VM: [AssetManager] setAssetDir path=/data/local/tmp/westlake/com_github_ashutoshgngwr_noice_res/assets local=/data/local/tmp/westlake/com_github_ashutoshgngwr_noice_res/assets global=/data/local/tmp/westlake/com_github_ashutoshgngwr_noice_res/assets
05-04 19:28:53.670 12773 12826 I WestlakeVM: VM: [WestlakeLauncher] Early resource/asset setup done (resDir=/data/local/tmp/westlake/com_github_ashutoshgngwr_noice_res)
05-04 19:28:53.682 12773 12826 I WestlakeVM: VM: [PFCUT] System.arraycopy intrinsic src=[B dst=[B srcPos=0 dstPos=0 count=16
05-04 19:28:53.683 12773 12826 I WestlakeVM: VM: [PFCUT] System.arraycopy intrinsic src=[B dst=[B srcPos=0 dstPos=0 count=34
05-04 19:28:53.693 12773 12826 I WestlakeVM: VM: [PFCUT] forced interpreter JNI reason=Unsafe method=java.lang.Object jdk.internal.misc.Unsafe.getReferenceVolatile(java.lang.Object, long) quick=0xd23e00 jni=0x74e2c0
05-04 19:28:53.693 12773 12826 I WestlakeVM: VM: [PFCUT] InterpreterJni jdk.Unsafe getReferenceVolatile target=0x14055380 offset=28 value=0 array_index=4
05-04 19:28:53.693 12773 12826 I WestlakeVM: VM: [PFCUT]   caller#0 java.lang.Object jdk.internal.misc.Unsafe.getReferenceVolatile(java.lang.Object, long) dex_pc=0
05-04 19:28:53.693 12773 12826 I WestlakeVM: VM: [PFCUT]   caller#1 java.lang.Object jdk.internal.misc.Unsafe.getReferenceAcquire(java.lang.Object, long) dex_pc=0
05-04 19:28:53.693 12773 12826 I WestlakeVM: VM: [PFCUT]   caller#2 java.util.concurrent.ConcurrentHashMap$Node java.util.concurrent.ConcurrentHashMap.tabAt(java.util.concurrent.ConcurrentHashMap$Node[], int) dex_pc=10
05-04 19:28:53.694 12773 12826 I WestlakeVM: VM: [PFCUT]   caller#3 java.lang.Object java.util.concurrent.ConcurrentHashMap.get(java.lang.Object) dex_pc=21
05-04 19:28:53.694 12773 12826 I WestlakeVM: VM: [PFCUT]   caller#4 java.lang.String java.util.Properties.getProperty(java.lang.String) dex_pc=2
05-04 19:28:53.694 12773 12826 I WestlakeVM: VM: [PFCUT]   caller#5 java.lang.String java.util.Properties.getProperty(java.lang.String, java.lang.String) dex_pc=0
05-04 19:28:53.695 12773 12826 I WestlakeVM: VM: [PFCUT] forced interpreter JNI reason=Unsafe method=java.lang.Object jdk.internal.misc.Unsafe.getReferenceVolatile(java.lang.Object, long) quick=0xd23e00 jni=0x74e2c0
05-04 19:28:53.695 12773 12826 I WestlakeVM: VM: [PFCUT] InterpreterJni jdk.Unsafe getReferenceVolatile target=0x14058450 offset=220 value=0x140577f0 array_index=52
05-04 19:28:53.695 12773 12826 I WestlakeVM: VM: [PFCUT]   caller#0 java.lang.Object jdk.internal.misc.Unsafe.getReferenceVolatile(java.lang.Object, long) dex_pc=0
05-04 19:28:53.695 12773 12826 I WestlakeVM: VM: [PFCUT]   caller#1 java.lang.Object jdk.internal.misc.Unsafe.getReferenceAcquire(java.lang.Object, long) dex_pc=0
05-04 19:28:53.695 12773 12826 I WestlakeVM: VM: [PFCUT]   caller#2 java.util.concurrent.ConcurrentHashMap$Node java.util.concurrent.ConcurrentHashMap.tabAt(java.util.concurrent.ConcurrentHashMap$Node[], int) dex_pc=10
05-04 19:28:53.696 12773 12826 I WestlakeVM: VM: [PFCUT]   caller#3 java.lang.Object java.util.concurrent.ConcurrentHashMap.get(java.lang.Object) dex_pc=21
05-04 19:28:53.696 12773 12826 I WestlakeVM: VM: [PFCUT]   caller#4 java.lang.String java.util.Properties.getProperty(java.lang.String) dex_pc=2
05-04 19:28:53.696 12773 12826 I WestlakeVM: VM: [PFCUT]   caller#5 java.lang.String java.util.Properties.getProperty(java.lang.String) dex_pc=22
05-04 19:28:53.698 12773 12826 I WestlakeVM: VM: [PFCUT] forced interpreter JNI reason=Unsafe method=java.lang.Object jdk.internal.misc.Unsafe.getReferenceVolatile(java.lang.Object, long) quick=0xd23e00 jni=0x74e2c0
05-04 19:28:53.698 12773 12826 I WestlakeVM: VM: [PFCUT] InterpreterJni jdk.Unsafe getReferenceVolatile target=0x14055380 offset=68 value=0 array_index=14
05-04 19:28:53.698 12773 12826 I WestlakeVM: VM: [PFCUT]   caller#0 java.lang.Object jdk.internal.misc.Unsafe.getReferenceVolatile(java.lang.Object, long) dex_pc=0
05-04 19:28:53.699 12773 12826 I WestlakeVM: VM: [PFCUT]   caller#1 java.lang.Object jdk.internal.misc.Unsafe.getReferenceAcquire(java.lang.Object, long) dex_pc=0
05-04 19:28:53.699 12773 12826 I WestlakeVM: VM: [PFCUT]   caller#2 java.util.concurrent.ConcurrentHashMap$Node java.util.concurrent.ConcurrentHashMap.tabAt(java.util.concurrent.ConcurrentHashMap$Node[], int) dex_pc=10
05-04 19:28:53.699 12773 12826 I WestlakeVM: VM: [PFCUT]   caller#3 java.lang.Object java.util.concurrent.ConcurrentHashMap.get(java.lang.Object) dex_pc=21
05-04 19:28:53.699 12773 12826 I WestlakeVM: VM: [PFCUT]   caller#4 java.lang.String java.util.Properties.getProperty(java.lang.String) dex_pc=2
05-04 19:28:53.699 12773 12826 I WestlakeVM: VM: [PFCUT]   caller#5 java.lang.String java.util.Properties.getProperty(java.lang.String, java.lang.String) dex_pc=0
05-04 19:28:53.700 12773 12826 I WestlakeVM: VM: [PFCUT] forced interpreter JNI reason=Unsafe method=java.lang.Object jdk.internal.misc.Unsafe.getReferenceVolatile(java.lang.Object, long) quick=0xd23e00 jni=0x74e2c0
05-04 19:28:53.700 12773 12826 I WestlakeVM: VM: [PFCUT] InterpreterJni jdk.Unsafe getReferenceVolatile target=0x14058450 offset=260 value=0x140577d8 array_index=62
05-04 19:28:53.700 12773 12826 I WestlakeVM: VM: [PFCUT]   caller#0 java.lang.Object jdk.internal.misc.Unsafe.getReferenceVolatile(java.lang.Object, long) dex_pc=0
05-04 19:28:53.701 12773 12826 I WestlakeVM: VM: [PFCUT]   caller#1 java.lang.Object jdk.internal.misc.Unsafe.getReferenceAcquire(java.lang.Object, long) dex_pc=0
05-04 19:28:53.701 12773 12826 I WestlakeVM: VM: [PFCUT]   caller#2 java.util.concurrent.ConcurrentHashMap$Node java.util.concurrent.ConcurrentHashMap.tabAt(java.util.concurrent.ConcurrentHashMap$Node[], int) dex_pc=10
05-04 19:28:53.701 12773 12826 I WestlakeVM: VM: [PFCUT]   caller#3 java.lang.Object java.util.concurrent.ConcurrentHashMap.get(java.lang.Object) dex_pc=21
05-04 19:28:53.701 12773 12826 I WestlakeVM: VM: [PFCUT]   caller#4 java.lang.String java.util.Properties.getProperty(java.lang.String) dex_pc=2
05-04 19:28:53.701 12773 12826 I WestlakeVM: VM: [PFCUT]   caller#5 java.lang.String java.util.Properties.getProperty(java.lang.String) dex_pc=22
05-04 19:28:53.725 12773 12826 I WestlakeVM: VM: [PFCUT] System.arraycopy intrinsic src=[Ljava/lang/Thread; dst=[Ljava/lang/Thread; srcPos=3 dstPos=2 count=0
05-04 19:28:53.726 12773 12826 I WestlakeVM: VM: [WestlakeLauncher] Application.onCreate done: NoiceApplication
05-04 19:28:53.726 12773 12826 I WestlakeVM: VM: Post-init launch path refresh deferred on standalone guest
05-04 19:28:53.726 12773 12826 I WestlakeVM: VM: Launch props resolved on standalone guest
05-04 19:28:53.726 12773 12826 I WestlakeVM: VM: Launch snapshot ready on standalone guest
05-04 19:28:53.727 12773 12826 I WestlakeVM: VM: PF202 strict launch assignments ready
05-04 19:28:53.727 12773 12826 I WestlakeVM: VM: PF202 strict package block ready
05-04 19:28:53.727 12773 12826 I WestlakeVM: VM: PF202 strict resource block begin
05-04 19:28:53.727 12773 12826 I WestlakeVM: VM: PF202 strict pre-extracted loader enter
05-04 19:28:53.728 12773 12826 I WestlakeVM: VM: PF202 ApkLoader enter
05-04 19:28:53.729 12773 12826 I WestlakeVM: VM: PF202 ApkLoader info seeded
05-04 19:28:53.732 12773 12826 I WestlakeVM: VM: CV PF-MCD-RES_TABLE_READ_BEGIN path=/data/local/tmp/westlake/com_github_ashutoshgngwr_noice_res/resources.arsc
05-04 19:28:53.735  3704  3747 W HidlServiceManagement: Waited one second for vendor.qti.hardware.cacert@1.0::IService/default
05-04 19:28:53.736   660   660 I hwservicemanager: Since vendor.qti.hardware.cacert@1.0::IService/default is not registered, trying to start it as a lazy HAL (if it's not configured to be a lazy HAL, it may be stuck starting or still starting).
05-04 19:28:53.737  3704  3747 I HidlServiceManagement: getService: Trying again for vendor.qti.hardware.cacert@1.0::IService/default...
05-04 19:28:53.738   660 12845 W libc    : Unable to set property "ctl.interface_start" to "vendor.qti.hardware.cacert@1.0::IService/default": PROP_ERROR_HANDLE_CONTROL_MESSAGE (0x20)
05-04 19:28:53.738   660 12845 I hwservicemanager: Tried to start vendor.qti.hardware.cacert@1.0::IService/default as a lazy service, but was unable to. Usually this happens when a service is not installed, but if the service is intended to be used as a lazy service, then it may be configured incorrectly.
05-04 19:28:53.652     0     0 E init    : Control message: Could not find 'vendor.qti.hardware.cacert@1.0::IService/default' for ctl.interface_start from pid: 660 (/system/system_ext/bin/hwservicemanager)
05-04 19:28:53.745 12773 12826 I WestlakeVM: VM: CV PF-MCD-RES_TABLE_READ_DONE bytes=2019644
05-04 19:28:53.746 12773 12826 I WestlakeVM: VM: CV PF-MCD-RES_TABLE_PARSE_BEGIN
05-04 19:28:54.737  3704  3747 W HidlServiceManagement: Waited one second for vendor.qti.hardware.cacert@1.0::IService/default
05-04 19:28:54.738   660   660 I hwservicemanager: Since vendor.qti.hardware.cacert@1.0::IService/default is not registered, trying to start it as a lazy HAL (if it's not configured to be a lazy HAL, it may be stuck starting or still starting).
05-04 19:28:54.740  3704  3747 I HidlServiceManagement: getService: Trying again for vendor.qti.hardware.cacert@1.0::IService/default...
05-04 19:28:54.742   660 12846 W libc    : Unable to set property "ctl.interface_start" to "vendor.qti.hardware.cacert@1.0::IService/default": PROP_ERROR_HANDLE_CONTROL_MESSAGE (0x20)
05-04 19:28:54.742   660 12846 I hwservicemanager: Tried to start vendor.qti.hardware.cacert@1.0::IService/default as a lazy service, but was unable to. Usually this happens when a service is not installed, but if the service is intended to be used as a lazy service, then it may be configured incorrectly.
05-04 19:28:54.655     0     0 E init    : Control message: Could not find 'vendor.qti.hardware.cacert@1.0::IService/default' for ctl.interface_start from pid: 660 (/system/system_ext/bin/hwservicemanager)
05-04 19:28:55.741  3704  3747 W HidlServiceManagement: Waited one second for vendor.qti.hardware.cacert@1.0::IService/default
05-04 19:28:55.742   660   660 I hwservicemanager: Since vendor.qti.hardware.cacert@1.0::IService/default is not registered, trying to start it as a lazy HAL (if it's not configured to be a lazy HAL, it may be stuck starting or still starting).
05-04 19:28:55.744  3704  3747 I HidlServiceManagement: getService: Trying again for vendor.qti.hardware.cacert@1.0::IService/default...
05-04 19:28:55.746   660 12847 W libc    : Unable to set property "ctl.interface_start" to "vendor.qti.hardware.cacert@1.0::IService/default": PROP_ERROR_HANDLE_CONTROL_MESSAGE (0x20)
05-04 19:28:55.746   660 12847 I hwservicemanager: Tried to start vendor.qti.hardware.cacert@1.0::IService/default as a lazy service, but was unable to. Usually this happens when a service is not installed, but if the service is intended to be used as a lazy service, then it may be configured incorrectly.
05-04 19:28:55.660     0     0 E init    : Control message: Could not find 'vendor.qti.hardware.cacert@1.0::IService/default' for ctl.interface_start from pid: 660 (/system/system_ext/bin/hwservicemanager)
05-04 19:28:56.744  3704  3747 W HidlServiceManagement: Waited one second for vendor.qti.hardware.cacert@1.0::IService/default
05-04 19:28:56.745   660   660 I hwservicemanager: Since vendor.qti.hardware.cacert@1.0::IService/default is not registered, trying to start it as a lazy HAL (if it's not configured to be a lazy HAL, it may be stuck starting or still starting).
05-04 19:28:56.747  3704  3747 I HidlServiceManagement: getService: Trying again for vendor.qti.hardware.cacert@1.0::IService/default...
05-04 19:28:56.749   660 12848 W libc    : Unable to set property "ctl.interface_start" to "vendor.qti.hardware.cacert@1.0::IService/default": PROP_ERROR_HANDLE_CONTROL_MESSAGE (0x20)
05-04 19:28:56.749   660 12848 I hwservicemanager: Tried to start vendor.qti.hardware.cacert@1.0::IService/default as a lazy service, but was unable to. Usually this happens when a service is not installed, but if the service is intended to be used as a lazy service, then it may be configured incorrectly.
05-04 19:28:56.662     0     0 E init    : Control message: Could not find 'vendor.qti.hardware.cacert@1.0::IService/default' for ctl.interface_start from pid: 660 (/system/system_ext/bin/hwservicemanager)
05-04 19:28:57.748  3704  3747 W HidlServiceManagement: Waited one second for vendor.qti.hardware.cacert@1.0::IService/default
05-04 19:28:57.750   660   660 I hwservicemanager: Since vendor.qti.hardware.cacert@1.0::IService/default is not registered, trying to start it as a lazy HAL (if it's not configured to be a lazy HAL, it may be stuck starting or still starting).
05-04 19:28:57.750  3704  3747 I HidlServiceManagement: getService: Trying again for vendor.qti.hardware.cacert@1.0::IService/default...
05-04 19:28:57.753   660 12849 W libc    : Unable to set property "ctl.interface_start" to "vendor.qti.hardware.cacert@1.0::IService/default": PROP_ERROR_HANDLE_CONTROL_MESSAGE (0x20)
05-04 19:28:57.753   660 12849 I hwservicemanager: Tried to start vendor.qti.hardware.cacert@1.0::IService/default as a lazy service, but was unable to. Usually this happens when a service is not installed, but if the service is intended to be used as a lazy service, then it may be configured incorrectly.
05-04 19:28:57.666     0     0 E init    : Control message: Could not find 'vendor.qti.hardware.cacert@1.0::IService/default' for ctl.interface_start from pid: 660 (/system/system_ext/bin/hwservicemanager)
05-04 19:28:58.751  3704  3747 W HidlServiceManagement: Waited one second for vendor.qti.hardware.cacert@1.0::IService/default
05-04 19:28:58.752   660   660 I hwservicemanager: Since vendor.qti.hardware.cacert@1.0::IService/default is not registered, trying to start it as a lazy HAL (if it's not configured to be a lazy HAL, it may be stuck starting or still starting).
05-04 19:28:58.753  3704  3747 I HidlServiceManagement: getService: Trying again for vendor.qti.hardware.cacert@1.0::IService/default...
05-04 19:28:58.669     0     0 E init    : Control message: Could not find 'vendor.qti.hardware.cacert@1.0::IService/default' for ctl.interface_start from pid: 660 (/system/system_ext/bin/hwservicemanager)
05-04 19:28:58.755   660 12850 W libc    : Unable to set property "ctl.interface_start" to "vendor.qti.hardware.cacert@1.0::IService/default": PROP_ERROR_HANDLE_CONTROL_MESSAGE (0x20)
05-04 19:28:58.756   660 12850 I hwservicemanager: Tried to start vendor.qti.hardware.cacert@1.0::IService/default as a lazy service, but was unable to. Usually this happens when a service is not installed, but if the service is intended to be used as a lazy service, then it may be configured incorrectly.
05-04 19:28:59.386     0     0 I QCOM-BATT: pl_fcc_vote_callback: total_fcc_ua=1950000
05-04 19:28:59.386     0     0 I QCOM-BATT: pl_fv_vote_callback: fv_uv=4400000
05-04 19:28:59.753  3704  3747 W HidlServiceManagement: Waited one second for vendor.qti.hardware.cacert@1.0::IService/default
05-04 19:28:59.754   660   660 I hwservicemanager: Since vendor.qti.hardware.cacert@1.0::IService/default is not registered, trying to start it as a lazy HAL (if it's not configured to be a lazy HAL, it may be stuck starting or still starting).
05-04 19:28:59.755  3704  3747 I HidlServiceManagement: getService: Trying again for vendor.qti.hardware.cacert@1.0::IService/default...
05-04 19:28:59.757   660 12851 W libc    : Unable to set property "ctl.interface_start" to "vendor.qti.hardware.cacert@1.0::IService/default": PROP_ERROR_HANDLE_CONTROL_MESSAGE (0x20)
05-04 19:28:59.758   660 12851 I hwservicemanager: Tried to start vendor.qti.hardware.cacert@1.0::IService/default as a lazy service, but was unable to. Usually this happens when a service is not installed, but if the service is intended to be used as a lazy service, then it may be configured incorrectly.
05-04 19:28:59.671     0     0 E init    : Control message: Could not find 'vendor.qti.hardware.cacert@1.0::IService/default' for ctl.interface_start from pid: 660 (/system/system_ext/bin/hwservicemanager)
05-04 19:28:59.745     0     0 E FG      : fg_psy_get_property: unsupported property 79
05-04 19:28:59.753     0     0 E FG      : fg_psy_get_property: unsupported property 79
05-04 19:28:59.759     0     0 W healthd : battery l=100 v=3042 t=25.0 h=2 st=5 c=0 fc=2831000 chg=u
05-04 19:28:59.766     0     0 E FG      : fg_psy_get_property: unsupported property 79
05-04 19:29:00.756  3704  3747 W HidlServiceManagement: Waited one second for vendor.qti.hardware.cacert@1.0::IService/default
05-04 19:29:00.757   660   660 I hwservicemanager: Since vendor.qti.hardware.cacert@1.0::IService/default is not registered, trying to start it as a lazy HAL (if it's not configured to be a lazy HAL, it may be stuck starting or still starting).
05-04 19:29:00.758  3704  3747 I HidlServiceManagement: getService: Trying again for vendor.qti.hardware.cacert@1.0::IService/default...
05-04 19:29:00.761   660 12852 W libc    : Unable to set property "ctl.interface_start" to "vendor.qti.hardware.cacert@1.0::IService/default": PROP_ERROR_HANDLE_CONTROL_MESSAGE (0x20)
05-04 19:29:00.761   660 12852 I hwservicemanager: Tried to start vendor.qti.hardware.cacert@1.0::IService/default as a lazy service, but was unable to. Usually this happens when a service is not installed, but if the service is intended to be used as a lazy service, then it may be configured incorrectly.
05-04 19:29:00.674     0     0 E init    : Control message: Could not find 'vendor.qti.hardware.cacert@1.0::IService/default' for ctl.interface_start from pid: 660 (/system/system_ext/bin/hwservicemanager)
05-04 19:29:01.758  3704  3747 W HidlServiceManagement: Waited one second for vendor.qti.hardware.cacert@1.0::IService/default
05-04 19:29:01.760   660   660 I hwservicemanager: Since vendor.qti.hardware.cacert@1.0::IService/default is not registered, trying to start it as a lazy HAL (if it's not configured to be a lazy HAL, it may be stuck starting or still starting).
05-04 19:29:01.760  3704  3747 I HidlServiceManagement: getService: Trying again for vendor.qti.hardware.cacert@1.0::IService/default...
05-04 19:29:01.764   660 12853 W libc    : Unable to set property "ctl.interface_start" to "vendor.qti.hardware.cacert@1.0::IService/default": PROP_ERROR_HANDLE_CONTROL_MESSAGE (0x20)
05-04 19:29:01.676     0     0 E init    : Control message: Could not find 'vendor.qti.hardware.cacert@1.0::IService/default' for ctl.interface_start from pid: 660 (/system/system_ext/bin/hwservicemanager)
05-04 19:29:01.764   660 12853 I hwservicemanager: Tried to start vendor.qti.hardware.cacert@1.0::IService/default as a lazy service, but was unable to. Usually this happens when a service is not installed, but if the service is intended to be used as a lazy service, then it may be configured incorrectly.
05-04 19:29:02.761  3704  3747 W HidlServiceManagement: Waited one second for vendor.qti.hardware.cacert@1.0::IService/default
05-04 19:29:02.762   660   660 I hwservicemanager: Since vendor.qti.hardware.cacert@1.0::IService/default is not registered, trying to start it as a lazy HAL (if it's not configured to be a lazy HAL, it may be stuck starting or still starting).
05-04 19:29:02.764  3704  3747 I HidlServiceManagement: getService: Trying again for vendor.qti.hardware.cacert@1.0::IService/default...
05-04 19:29:02.766   660 12854 W libc    : Unable to set property "ctl.interface_start" to "vendor.qti.hardware.cacert@1.0::IService/default": PROP_ERROR_HANDLE_CONTROL_MESSAGE (0x20)
05-04 19:29:02.766   660 12854 I hwservicemanager: Tried to start vendor.qti.hardware.cacert@1.0::IService/default as a lazy service, but was unable to. Usually this happens when a service is not installed, but if the service is intended to be used as a lazy service, then it may be configured incorrectly.
05-04 19:29:02.679     0     0 E init    : Control message: Could not find 'vendor.qti.hardware.cacert@1.0::IService/default' for ctl.interface_start from pid: 660 (/system/system_ext/bin/hwservicemanager)
05-04 19:29:03.481 12773 12826 I WestlakeVM: VM: CV PF-MCD-RES_TABLE_PARSE_DONE
05-04 19:29:03.484 12773 12826 I WestlakeVM: VM: CV PF-MCD-RES_TABLE_LOADED bytes=2019644 strings=586 integers=0
05-04 19:29:03.487 12773 12826 I WestlakeVM: VM: PF202 ApkLoader res dirs ready
05-04 19:29:03.488 12773 12826 I WestlakeVM: VM: PF202 ApkLoader activity seeded
05-04 19:29:03.489 12773 12826 I WestlakeVM: VM: PF202 ApkLoader return
05-04 19:29:03.489 12773 12826 I WestlakeVM: VM: PF202 strict post-loader return
05-04 19:29:03.489 12773 12826 I WestlakeVM: VM: PF202 strict post-loader info seeded
05-04 19:29:03.489 12773 12826 I WestlakeVM: VM: PF202 strict split work skipped
05-04 19:29:03.490 12773 12826 I WestlakeVM: VM: PF202 strict setApkInfo skipped
05-04 19:29:03.490 12773 12826 I WestlakeVM: VM: PF202 strict pre-extracted resources loaded
05-04 19:29:03.490 12773 12826 I WestlakeVM: VM: PF202 strict resource wiring skipped
05-04 19:29:03.490 12773 12826 I WestlakeVM: VM: PF202 strict package reconciliation skipped
05-04 19:29:03.491 12773 12826 I WestlakeVM: VM: PF202 strict APK summary skipped
05-04 19:29:03.492 12773 12826 I WestlakeVM: VM: PF202 strict launch target reconciliation skipped
05-04 19:29:03.492 12773 12826 I WestlakeVM: VM: PF202 strict launch banner skipped
05-04 19:29:03.493 12773 12826 I WestlakeVM: VM: PF202 strict activity resolve skipped
05-04 19:29:03.494 12773 12826 I WestlakeVM: VM: [PFCUT] Class.getDeclaredField intrinsic hit class=java.lang.ClassLoader name=packages
05-04 19:29:03.494 12773 12826 I WestlakeVM: VM: [PFCUT] Class.getDeclaredField intrinsic hit class=java.lang.ClassLoader name=packages
05-04 19:29:03.495 12773 12826 I WestlakeVM: VM: [PFCUT] Class.classForName name=com.newrelic.agent.android.tracing.TraceMachine initialize=0 loader=0x70ba0b523d lifecycle_adapter=0 mcd_analytics=0 callers=java.lang.Class java.lang.Class.classForName(java.lang.String, boolean, java.lang.ClassLoader) | java.lang.Class java.lang.Class.forName(java.lang.String, boolean, java.lang.ClassLoader) | boolean com.westlake.engine.WestlakeLauncher.nativePatchClassNoop(java.lang.String, java.lang.ClassLoader) | boolean com.westlake.engine.WestlakeLauncher.nativePatchClassNoop(java.lang.String, java.lang.ClassLoader) | void com.westlake.engine.WestlakeLauncher.patchProblematicAppClasses(java.lang.ClassLoader) | void com.westlake.engine.WestlakeLauncher.mainImpl(java.lang.String[]) | void com.westlake.engine.WestlakeLauncher.main(java.lang.String[])
05-04 19:29:03.496 12773 12826 I WestlakeVM: VM: [PFCUT] Class.classForName name=com.newrelic.agent.android.tracing.Trace initialize=0 loader=0x70ba0b523d lifecycle_adapter=0 mcd_analytics=0 callers=java.lang.Class java.lang.Class.classForName(java.lang.String, boolean, java.lang.ClassLoader) | java.lang.Class java.lang.Class.forName(java.lang.String, boolean, java.lang.ClassLoader) | boolean com.westlake.engine.WestlakeLauncher.nativePatchClassNoop(java.lang.String, java.lang.ClassLoader) | boolean com.westlake.engine.WestlakeLauncher.nativePatchClassNoop(java.lang.String, java.lang.ClassLoader) | void com.westlake.engine.WestlakeLauncher.patchProblematicAppClasses(java.lang.ClassLoader) | void com.westlake.engine.WestlakeLauncher.mainImpl(java.lang.String[]) | void com.westlake.engine.WestlakeLauncher.main(java.lang.String[])
05-04 19:29:03.497 12773 12826 I WestlakeVM: VM: [PFCUT] Class.classForName name=com.newrelic.agent.android.NewRelic initialize=0 loader=0x70ba0b523d lifecycle_adapter=0 mcd_analytics=0 callers=java.lang.Class java.lang.Class.classForName(java.lang.String, boolean, java.lang.ClassLoader) | java.lang.Class java.lang.Class.forName(java.lang.String, boolean, java.lang.ClassLoader) | boolean com.westlake.engine.WestlakeLauncher.nativePatchClassNoop(java.lang.String, java.lang.ClassLoader) | boolean com.westlake.engine.WestlakeLauncher.nativePatchClassNoop(java.lang.String, java.lang.ClassLoader) | void com.westlake.engine.WestlakeLauncher.patchProblematicAppClasses(java.lang.ClassLoader) | void com.westlake.engine.WestlakeLauncher.mainImpl(java.lang.String[]) | void com.westlake.engine.WestlakeLauncher.main(java.lang.String[])
05-04 19:29:03.501 12773 12826 I WestlakeVM: VM: [WestlakeLauncher] AM direct launch: pkg=com.github.ashutoshgngwr.noice cls=com.github.ashutoshgngwr.noice.activity.MainActivity
05-04 19:29:03.511 12773 12826 I WestlakeVM: VM: [shim-log] D/MiniActivityManager: startActivity: com.github.ashutoshgngwr.noice.activity.MainActivity action=android.intent.action.MAIN pkg=com.github.ashutoshgngwr.noice
05-04 19:29:03.563 12773 12826 I WestlakeVM: VM: [PFCUT] MethodHandles.lookup intrinsic caller=void java.util.concurrent.atomic.AtomicReference.<clinit>()
05-04 19:29:03.563 12773 12826 I WestlakeVM: VM: [PFCUT] Class.getDeclaredField intrinsic hit class=java.util.concurrent.atomic.AtomicReference name=value
05-04 19:29:03.603 12773 12826 I WestlakeVM: VM: [PFCUT] Class.getDeclaredField intrinsic hit class=android.app.Activity name=mIntent
05-04 19:29:03.603 12773 12826 I WestlakeVM: VM: [PFCUT] Class.getDeclaredField intrinsic hit class=android.app.Activity name=mComponent
05-04 19:29:03.604 12773 12826 I WestlakeVM: VM: [PFCUT] Class.getDeclaredField intrinsic hit class=android.app.Activity name=mApplication
05-04 19:29:03.604 12773 12826 I WestlakeVM: VM: [PFCUT] Class.getDeclaredField intrinsic hit class=android.app.Activity name=mFinished
05-04 19:29:03.605 12773 12826 I WestlakeVM: VM: [PFCUT] Class.getDeclaredField intrinsic hit class=android.app.Activity name=mDestroyed
05-04 19:29:03.608 12773 12826 I WestlakeVM: VM: [PFCUT] Class.getDeclaredField intrinsic hit class=android.app.ActivityThread name=sCurrentActivityThread
05-04 19:29:03.609 12773 12826 I WestlakeVM: VM: [PFCUT] Class.getDeclaredField intrinsic hit class=android.app.Activity name=mIntent
05-04 19:29:03.609 12773 12826 I WestlakeVM: VM: [PFCUT] Class.getDeclaredField intrinsic hit class=android.app.Activity name=mComponent
05-04 19:29:03.609 12773 12826 I WestlakeVM: VM: [PFCUT] Class.getDeclaredField intrinsic hit class=android.app.Activity name=mApplication
05-04 19:29:03.610 12773 12826 I WestlakeVM: VM: [PFCUT] Class.getDeclaredField intrinsic hit class=android.app.Activity name=mFinished
05-04 19:29:03.610 12773 12826 I WestlakeVM: VM: [PFCUT] Class.getDeclaredField intrinsic hit class=android.app.Activity name=mDestroyed
05-04 19:29:03.616 12773 12826 I WestlakeVM: VM: [shim-log] D/MiniActivityManager:   performCreate: com.github.ashutoshgngwr.noice.activity.MainActivity
05-04 19:29:03.621 12773 12826 I WestlakeVM: VM: [PFCUT] StringFactory Charset fallback bytes=7 offset=0 utf16=7 shorty=LLIIL
05-04 19:29:03.626 12773 12826 I WestlakeVM: VM: [shim-log] D/MiniActivityManager:   performCreate app cl=dalvik.system.PathClassLoader@667a02c
05-04 19:29:03.626 12773 12826 I WestlakeVM: VM: [PFCUT] VMClassLoader.getResources(String) fallback -> Collections.emptyList
05-04 19:29:03.632 12773 12826 I WestlakeVM: VM: [shim-log] D/MiniActivityManager:   performCreate app service not found
05-04 19:29:03.639 12773 12826 I WestlakeVM: VM: [shim-log] D/MiniActivityManager:   performCreate app factoryClass failed: ClassNotFoundException: kotlinx.coroutines.android.AndroidDispatcherFactory
05-04 19:29:03.642 12773 12826 I WestlakeVM: VM: [PFCUT] System.arraycopy intrinsic src=[B dst=[B srcPos=0 dstPos=0 count=16
05-04 19:29:03.643 12773 12826 I WestlakeVM: VM: [PFCUT] System.arraycopy intrinsic src=[B dst=[B srcPos=0 dstPos=0 count=16
05-04 19:29:03.644 12773 12826 I WestlakeVM: VM: [PFCUT] StringFactory Charset fallback bytes=7 offset=0 utf16=7 shorty=LLIIL
05-04 19:29:03.644 12773 12826 I WestlakeVM: VM: [PFCUT] System.arraycopy intrinsic src=[B dst=[B srcPos=0 dstPos=0 count=34
05-04 19:29:03.645 12773 12826 I WestlakeVM: VM: [PFCUT] System.arraycopy intrinsic src=[B dst=[B srcPos=0 dstPos=0 count=34
05-04 19:29:03.646 12773 12826 I WestlakeVM: VM: [PFCUT] System.arraycopy intrinsic src=[B dst=[B srcPos=0 dstPos=0 count=16
05-04 19:29:03.646 12773 12826 I WestlakeVM: VM: [PFCUT] System.arraycopy intrinsic src=[B dst=[B srcPos=0 dstPos=0 count=34
05-04 19:29:03.648 12773 12826 I WestlakeVM: VM: [PFCUT] System.arraycopy intrinsic src=[B dst=[B srcPos=0 dstPos=0 count=16
05-04 19:29:03.649 12773 12826 I WestlakeVM: VM: [shim-log] D/MiniActivityManager:   performCreate thread cl=dalvik.system.PathClassLoader@667a02c
05-04 19:29:03.649 12773 12826 I WestlakeVM: VM: [PFCUT] VMClassLoader.getResources(String) fallback -> Collections.emptyList
05-04 19:29:03.650 12773 12826 I WestlakeVM: VM: [PFCUT] System.arraycopy intrinsic src=[B dst=[B srcPos=0 dstPos=0 count=16
05-04 19:29:03.651 12773 12826 I WestlakeVM: VM: [PFCUT] System.arraycopy intrinsic src=[B dst=[B srcPos=0 dstPos=0 count=34
05-04 19:29:03.652 12773 12826 I WestlakeVM: VM: [PFCUT] System.arraycopy intrinsic src=[B dst=[B srcPos=0 dstPos=0 count=16
05-04 19:29:03.652 12773 12826 I WestlakeVM: VM: [PFCUT] System.arraycopy intrinsic src=[B dst=[B srcPos=0 dstPos=0 count=34
05-04 19:29:03.654 12773 12826 I WestlakeVM: VM: [PFCUT] System.arraycopy intrinsic src=[B dst=[B srcPos=0 dstPos=0 count=16
05-04 19:29:03.654 12773 12826 I WestlakeVM: VM: [shim-log] D/MiniActivityManager:   performCreate thread service not found
05-04 19:29:03.655 12773 12826 I WestlakeVM: VM: [PFCUT] forced interpreter JNI reason=Class.classForName method=java.lang.Class java.lang.Class.classForName(java.lang.String, boolean, java.lang.ClassLoader) quick=0xd23cc0 jni=0x750018
05-04 19:29:03.656 12773 12826 I WestlakeVM: VM: [PFCUT] System.arraycopy intrinsic src=[B dst=[B srcPos=0 dstPos=0 count=16
05-04 19:29:03.656 12773 12826 I WestlakeVM: VM: [PFCUT] System.arraycopy intrinsic src=[B dst=[B srcPos=0 dstPos=0 count=34
05-04 19:29:03.657 12773 12826 I WestlakeVM: VM: [PFCUT] System.arraycopy intrinsic src=[B dst=[B srcPos=0 dstPos=0 count=70
05-04 19:29:03.658 12773 12826 I WestlakeVM: VM: [PFCUT] System.arraycopy intrinsic src=[B dst=[B srcPos=0 dstPos=0 count=16
05-04 19:29:03.659 12773 12826 I WestlakeVM: VM: [PFCUT] System.arraycopy intrinsic src=[B dst=[B srcPos=0 dstPos=0 count=34
05-04 19:29:03.661 12773 12826 I WestlakeVM: VM: [PFCUT] System.arraycopy intrinsic src=[B dst=[B srcPos=0 dstPos=0 count=16
05-04 19:29:03.662 12773 12826 I WestlakeVM: VM: [shim-log] D/MiniActivityManager:   performCreate thread factoryClass failed: ClassNotFoundException: kotlinx.coroutines.android.AndroidDispatcherFactory
05-04 19:29:03.668 12773 12826 I WestlakeVM: VM: [PFCUT] System.arraycopy intrinsic src=[Ljava/lang/Object; dst=[Ljava/lang/Object; srcPos=0 dstPos=0 count=0
05-04 19:29:03.673 12773 12826 I WestlakeVM: VM: [PFCUT] System.arraycopy intrinsic src=[Ljava/lang/Object; dst=[Ljava/lang/Object; srcPos=0 dstPos=0 count=0
05-04 19:29:03.681 12773 12826 I WestlakeVM: VM: [PFCUT] System.arraycopy intrinsic src=[B dst=[B srcPos=0 dstPos=0 count=16
05-04 19:29:03.682 12773 12826 I WestlakeVM: VM: [PFCUT] forced interpreter JNI reason=Class.classForName method=java.lang.Class java.lang.Class.classForName(java.lang.String, boolean, java.lang.ClassLoader) quick=0xd23cc0 jni=0x750018
05-04 19:29:03.684 12773 12826 I WestlakeVM: VM: [PFCUT] MethodHandles.lookup intrinsic caller=void java.util.concurrent.atomic.AtomicLong.<clinit>()
05-04 19:29:03.684 12773 12826 I WestlakeVM: VM: [PFCUT] Class.getDeclaredField intrinsic hit class=java.util.concurrent.atomic.AtomicLong name=value
05-04 19:29:03.686 12773 12826 I WestlakeVM: VM: [PFCUT] Class.getDeclaredField intrinsic hit class=java.util.Random name=seed
05-04 19:29:03.686 12773 12826 I WestlakeVM: VM: [PFCUT] AtomicLong.get intrinsic current=8682522807148012
05-04 19:29:03.686 12773 12826 I WestlakeVM: VM: [PFCUT] AtomicLong.compareAndSet intrinsic current=8682522807148012
05-04 19:29:03.686 12773 12826 I WestlakeVM: VM: [PFCUT] AtomicLong.get intrinsic current=3159028946450
05-04 19:29:03.687 12773 12826 I WestlakeVM: VM: [PFCUT] AtomicLong.compareAndSet intrinsic current=3159028946450
05-04 19:29:03.689 12773 12826 I WestlakeVM: VM: [PFCUT] System.arraycopy intrinsic src=[B dst=[B srcPos=0 dstPos=0 count=16
05-04 19:29:03.690 12773 12826 I WestlakeVM: VM: [PFCUT] AtomicLong.get intrinsic current=96585575616949
05-04 19:29:03.690 12773 12826 I WestlakeVM: VM: [PFCUT] AtomicLong.compareAndSet intrinsic current=96585575616949
05-04 19:29:03.691 12773 12826 I WestlakeVM: VM: [PFCUT] System.arraycopy intrinsic src=[B dst=[B srcPos=0 dstPos=0 count=16
05-04 19:29:03.692 12773 12826 I WestlakeVM: VM: [PFCUT] AtomicLong.get intrinsic current=81926335096860
05-04 19:29:03.692 12773 12826 I WestlakeVM: VM: [PFCUT] AtomicLong.compareAndSet intrinsic current=81926335096860
05-04 19:29:03.694 12773 12826 I WestlakeVM: VM: [PFCUT] System.arraycopy intrinsic src=[Ljava/lang/Object; dst=[Ljava/lang/Object; srcPos=0 dstPos=0 count=1
05-04 19:29:03.694 12773 12826 I WestlakeVM: VM: [PFCUT] System.arraycopy intrinsic src=[Ljava/lang/Object; dst=[Ljava/lang/Object; srcPos=0 dstPos=0 count=0
05-04 19:29:03.694 12773 12826 I WestlakeVM: VM: [PFCUT] System.arraycopy intrinsic src=[Ljava/lang/Object; dst=[Ljava/lang/Object; srcPos=0 dstPos=0 count=0
05-04 19:29:03.694 12773 12826 I WestlakeVM: VM: [PFCUT] System.arraycopy intrinsic src=[Ljava/lang/Object; dst=[Ljava/lang/Object; srcPos=0 dstPos=0 count=0
05-04 19:29:03.695 12773 12826 I WestlakeVM: VM: [PFCUT] System.arraycopy intrinsic src=[Ljava/lang/Object; dst=[Ljava/lang/Object; srcPos=0 dstPos=0 count=0
05-04 19:29:03.719 12773 12826 I WestlakeVM: VM: [PFCUT] System.arraycopy intrinsic src=[Ljava/util/Locale; dst=[Ljava/util/Locale; srcPos=0 dstPos=0 count=0
05-04 19:29:03.720 12773 12826 I WestlakeVM: VM: [PFCUT] System.arraycopy intrinsic src=[Ljava/util/Locale; dst=[Ljava/util/Locale; srcPos=0 dstPos=0 count=1
05-04 19:29:03.737 12773 12826 I WestlakeVM: VM: [PFCUT] System.arraycopy intrinsic src=[Ljava/util/Locale; dst=[Ljava/util/Locale; srcPos=0 dstPos=0 count=0
05-04 19:29:03.738 12773 12826 I WestlakeVM: VM: [PFCUT] String.split intrinsic delimiter=44 limit=-1 pieces=1
05-04 19:29:03.743 12773 12826 I WestlakeVM: VM: [PFCUT] forced interpreter JNI reason=Unsafe method=boolean jdk.internal.misc.Unsafe.compareAndSetInt(java.lang.Object, long, int, int) quick=0xd23e00 jni=0x74d440
05-04 19:29:03.744 12773 12826 I WestlakeVM: VM: [PFCUT] InterpreterJni jdk.Unsafe CAS int target=0x14279680 offset=52 current=32 expected=32 new=-1 success=1
05-04 19:29:03.744 12773 12826 I WestlakeVM: VM: [PFCUT]   caller#0 boolean jdk.internal.misc.Unsafe.compareAndSetInt(java.lang.Object, long, int, int) dex_pc=0
05-04 19:29:03.744 12773 12826 I WestlakeVM: VM: [PFCUT]   caller#1 java.util.concurrent.ConcurrentHashMap$Node[] java.util.concurrent.ConcurrentHashMap.initTable() dex_pc=25
05-04 19:29:03.744 12773 12826 I WestlakeVM: VM: [PFCUT]   caller#2 java.lang.Object java.util.concurrent.ConcurrentHashMap.putVal(java.lang.Object, java.lang.Object, boolean) dex_pc=196
05-04 19:29:03.744 12773 12826 I WestlakeVM: VM: [PFCUT]   caller#3 java.lang.Object java.util.concurrent.ConcurrentHashMap.putIfAbsent(java.lang.Object, java.lang.Object) dex_pc=1
05-04 19:29:03.744 12773 12826 I WestlakeVM: VM: [PFCUT]   caller#4 java.lang.Object sun.util.locale.LocaleObjectCache.get(java.lang.Object) dex_pc=42
05-04 19:29:03.745 12773 12826 I WestlakeVM: VM: [PFCUT]   caller#5 sun.util.locale.BaseLocale sun.util.locale.BaseLocale.getInstance(java.lang.String, java.lang.String, java.lang.String, java.lang.String) dex_pc=92
05-04 19:29:03.745 12773 12826 I WestlakeVM: VM: [PFCUT] forced interpreter JNI reason=Unsafe method=java.lang.Object jdk.internal.misc.Unsafe.getReferenceVolatile(java.lang.Object, long) quick=0xd23e00 jni=0x74e2c0
05-04 19:29:03.745 12773 12826 I WestlakeVM: VM: [PFCUT] InterpreterJni jdk.Unsafe getReferenceVolatile target=0x1427e790 offset=128 value=0 array_index=29
05-04 19:29:03.745 12773 12826 I WestlakeVM: VM: [PFCUT]   caller#0 java.lang.Object jdk.internal.misc.Unsafe.getReferenceVolatile(java.lang.Object, long) dex_pc=0
05-04 19:29:03.745 12773 12826 I WestlakeVM: VM: [PFCUT]   caller#1 java.lang.Object jdk.internal.misc.Unsafe.getReferenceAcquire(java.lang.Object, long) dex_pc=0
05-04 19:29:03.745 12773 12826 I WestlakeVM: VM: [PFCUT]   caller#2 java.util.concurrent.ConcurrentHashMap$Node java.util.concurrent.ConcurrentHashMap.tabAt(java.util.concurrent.ConcurrentHashMap$Node[], int) dex_pc=10
05-04 19:29:03.745 12773 12826 I WestlakeVM: VM: [PFCUT]   caller#3 java.lang.Object java.util.concurrent.ConcurrentHashMap.putVal(java.lang.Object, java.lang.Object, boolean) dex_pc=27
05-04 19:29:03.745 12773 12826 I WestlakeVM: VM: [PFCUT]   caller#4 java.lang.Object java.util.concurrent.ConcurrentHashMap.putIfAbsent(java.lang.Object, java.lang.Object) dex_pc=1
05-04 19:29:03.746 12773 12826 I WestlakeVM: VM: [PFCUT]   caller#5 java.lang.Object sun.util.locale.LocaleObjectCache.get(java.lang.Object) dex_pc=42
