05-03 19:20:23.029   660 10223 I hwservicemanager: Tried to start vendor.qti.hardware.cacert@1.0::IService/default as a lazy service, but was unable to. Usually this happens when a service is not installed, but if the service is intended to be used as a lazy service, then it may be configured incorrectly.
05-03 19:20:22.941     0     0 E init    : Control message: Could not find 'vendor.qti.hardware.cacert@1.0::IService/default' for ctl.interface_start from pid: 660 (/system/system_ext/bin/hwservicemanager)
05-03 19:20:24.026  3704  3747 W HidlServiceManagement: Waited one second for vendor.qti.hardware.cacert@1.0::IService/default
05-03 19:20:24.027   660   660 I hwservicemanager: Since vendor.qti.hardware.cacert@1.0::IService/default is not registered, trying to start it as a lazy HAL (if it's not configured to be a lazy HAL, it may be stuck starting or still starting).
05-03 19:20:24.027  3704  3747 I HidlServiceManagement: getService: Trying again for vendor.qti.hardware.cacert@1.0::IService/default...
05-03 19:20:24.029   660 10224 W libc    : Unable to set property "ctl.interface_start" to "vendor.qti.hardware.cacert@1.0::IService/default": PROP_ERROR_HANDLE_CONTROL_MESSAGE (0x20)
05-03 19:20:24.029   660 10224 I hwservicemanager: Tried to start vendor.qti.hardware.cacert@1.0::IService/default as a lazy service, but was unable to. Usually this happens when a service is not installed, but if the service is intended to be used as a lazy service, then it may be configured incorrectly.
05-03 19:20:23.942     0     0 E init    : Control message: Could not find 'vendor.qti.hardware.cacert@1.0::IService/default' for ctl.interface_start from pid: 660 (/system/system_ext/bin/hwservicemanager)
05-03 19:20:24.827     0     0 I QCOM-BATT: pl_fcc_vote_callback: total_fcc_ua=1950000
05-03 19:20:24.827     0     0 I QCOM-BATT: pl_fv_vote_callback: fv_uv=4400000
05-03 19:20:25.028  3704  3747 W HidlServiceManagement: Waited one second for vendor.qti.hardware.cacert@1.0::IService/default
05-03 19:20:25.028   660   660 I hwservicemanager: Since vendor.qti.hardware.cacert@1.0::IService/default is not registered, trying to start it as a lazy HAL (if it's not configured to be a lazy HAL, it may be stuck starting or still starting).
05-03 19:20:25.030  3704  3747 I HidlServiceManagement: getService: Trying again for vendor.qti.hardware.cacert@1.0::IService/default...
05-03 19:20:25.033   660 10225 W libc    : Unable to set property "ctl.interface_start" to "vendor.qti.hardware.cacert@1.0::IService/default": PROP_ERROR_HANDLE_CONTROL_MESSAGE (0x20)
05-03 19:20:25.033   660 10225 I hwservicemanager: Tried to start vendor.qti.hardware.cacert@1.0::IService/default as a lazy service, but was unable to. Usually this happens when a service is not installed, but if the service is intended to be used as a lazy service, then it may be configured incorrectly.
05-03 19:20:24.945     0     0 E init    : Control message: Could not find 'vendor.qti.hardware.cacert@1.0::IService/default' for ctl.interface_start from pid: 660 (/system/system_ext/bin/hwservicemanager)
05-03 19:20:25.186     0     0 E FG      : fg_psy_get_property: unsupported property 79
05-03 19:20:25.197     0     0 E FG      : fg_psy_get_property: unsupported property 79
05-03 19:20:25.202     0     0 W healthd : battery l=100 v=3175 t=25.4 h=2 st=5 c=0 fc=2831000 chg=u
05-03 19:20:25.299  1126  1126 D QtiCarrierConfigHelper: WARNING, no carrier configs on phone Id: 0
05-03 19:20:25.209     0     0 E FG      : fg_psy_get_property: unsupported property 79
05-03 19:20:25.300   960  2657 D PowerUI : can't show warning due to - plugged: true status unknown: false
05-03 19:20:26.031  3704  3747 W HidlServiceManagement: Waited one second for vendor.qti.hardware.cacert@1.0::IService/default
05-03 19:20:26.033   660   660 I hwservicemanager: Since vendor.qti.hardware.cacert@1.0::IService/default is not registered, trying to start it as a lazy HAL (if it's not configured to be a lazy HAL, it may be stuck starting or still starting).
05-03 19:20:26.036  3704  3747 I HidlServiceManagement: getService: Trying again for vendor.qti.hardware.cacert@1.0::IService/default...
05-03 19:20:26.037   660 10226 W libc    : Unable to set property "ctl.interface_start" to "vendor.qti.hardware.cacert@1.0::IService/default": PROP_ERROR_HANDLE_CONTROL_MESSAGE (0x20)
05-03 19:20:26.038   660 10226 I hwservicemanager: Tried to start vendor.qti.hardware.cacert@1.0::IService/default as a lazy service, but was unable to. Usually this happens when a service is not installed, but if the service is intended to be used as a lazy service, then it may be configured incorrectly.
05-03 19:20:25.951     0     0 E init    : Control message: Could not find 'vendor.qti.hardware.cacert@1.0::IService/default' for ctl.interface_start from pid: 660 (/system/system_ext/bin/hwservicemanager)
05-03 19:20:27.036  3704  3747 W HidlServiceManagement: Waited one second for vendor.qti.hardware.cacert@1.0::IService/default
05-03 19:20:27.038   660   660 I hwservicemanager: Since vendor.qti.hardware.cacert@1.0::IService/default is not registered, trying to start it as a lazy HAL (if it's not configured to be a lazy HAL, it may be stuck starting or still starting).
05-03 19:20:27.039  3704  3747 I HidlServiceManagement: getService: Trying again for vendor.qti.hardware.cacert@1.0::IService/default...
05-03 19:20:27.043   660 10227 W libc    : Unable to set property "ctl.interface_start" to "vendor.qti.hardware.cacert@1.0::IService/default": PROP_ERROR_HANDLE_CONTROL_MESSAGE (0x20)
05-03 19:20:27.044   660 10227 I hwservicemanager: Tried to start vendor.qti.hardware.cacert@1.0::IService/default as a lazy service, but was unable to. Usually this happens when a service is not installed, but if the service is intended to be used as a lazy service, then it may be configured incorrectly.
05-03 19:20:26.956     0     0 E init    : Control message: Could not find 'vendor.qti.hardware.cacert@1.0::IService/default' for ctl.interface_start from pid: 660 (/system/system_ext/bin/hwservicemanager)
05-03 19:20:28.039  3704  3747 W HidlServiceManagement: Waited one second for vendor.qti.hardware.cacert@1.0::IService/default
05-03 19:20:28.040   660   660 I hwservicemanager: Since vendor.qti.hardware.cacert@1.0::IService/default is not registered, trying to start it as a lazy HAL (if it's not configured to be a lazy HAL, it may be stuck starting or still starting).
05-03 19:20:28.041  3704  3747 I HidlServiceManagement: getService: Trying again for vendor.qti.hardware.cacert@1.0::IService/default...
05-03 19:20:28.043   660 10228 W libc    : Unable to set property "ctl.interface_start" to "vendor.qti.hardware.cacert@1.0::IService/default": PROP_ERROR_HANDLE_CONTROL_MESSAGE (0x20)
05-03 19:20:28.043   660 10228 I hwservicemanager: Tried to start vendor.qti.hardware.cacert@1.0::IService/default as a lazy service, but was unable to. Usually this happens when a service is not installed, but if the service is intended to be used as a lazy service, then it may be configured incorrectly.
05-03 19:20:27.956     0     0 E init    : Control message: Could not find 'vendor.qti.hardware.cacert@1.0::IService/default' for ctl.interface_start from pid: 660 (/system/system_ext/bin/hwservicemanager)
05-03 19:20:29.042  3704  3747 W HidlServiceManagement: Waited one second for vendor.qti.hardware.cacert@1.0::IService/default
05-03 19:20:29.043   660   660 I hwservicemanager: Since vendor.qti.hardware.cacert@1.0::IService/default is not registered, trying to start it as a lazy HAL (if it's not configured to be a lazy HAL, it may be stuck starting or still starting).
05-03 19:20:29.044  3704  3747 I HidlServiceManagement: getService: Trying again for vendor.qti.hardware.cacert@1.0::IService/default...
05-03 19:20:29.048   660 10229 W libc    : Unable to set property "ctl.interface_start" to "vendor.qti.hardware.cacert@1.0::IService/default": PROP_ERROR_HANDLE_CONTROL_MESSAGE (0x20)
05-03 19:20:29.048   660 10229 I hwservicemanager: Tried to start vendor.qti.hardware.cacert@1.0::IService/default as a lazy service, but was unable to. Usually this happens when a service is not installed, but if the service is intended to be used as a lazy service, then it may be configured incorrectly.
05-03 19:20:28.961     0     0 E init    : Control message: Could not find 'vendor.qti.hardware.cacert@1.0::IService/default' for ctl.interface_start from pid: 660 (/system/system_ext/bin/hwservicemanager)
05-03 19:20:30.045  3704  3747 W HidlServiceManagement: Waited one second for vendor.qti.hardware.cacert@1.0::IService/default
05-03 19:20:30.046   660   660 I hwservicemanager: Since vendor.qti.hardware.cacert@1.0::IService/default is not registered, trying to start it as a lazy HAL (if it's not configured to be a lazy HAL, it may be stuck starting or still starting).
05-03 19:20:30.047  3704  3747 I HidlServiceManagement: getService: Trying again for vendor.qti.hardware.cacert@1.0::IService/default...
05-03 19:20:30.049   660 10230 W libc    : Unable to set property "ctl.interface_start" to "vendor.qti.hardware.cacert@1.0::IService/default": PROP_ERROR_HANDLE_CONTROL_MESSAGE (0x20)
05-03 19:20:30.050   660 10230 I hwservicemanager: Tried to start vendor.qti.hardware.cacert@1.0::IService/default as a lazy service, but was unable to. Usually this happens when a service is not installed, but if the service is intended to be used as a lazy service, then it may be configured incorrectly.
05-03 19:20:29.963     0     0 E init    : Control message: Could not find 'vendor.qti.hardware.cacert@1.0::IService/default' for ctl.interface_start from pid: 660 (/system/system_ext/bin/hwservicemanager)
05-03 19:20:31.047  3704  3747 W HidlServiceManagement: Waited one second for vendor.qti.hardware.cacert@1.0::IService/default
05-03 19:20:31.048   660   660 I hwservicemanager: Since vendor.qti.hardware.cacert@1.0::IService/default is not registered, trying to start it as a lazy HAL (if it's not configured to be a lazy HAL, it may be stuck starting or still starting).
05-03 19:20:31.049  3704  3747 I HidlServiceManagement: getService: Trying again for vendor.qti.hardware.cacert@1.0::IService/default...
05-03 19:20:31.052   660 10231 W libc    : Unable to set property "ctl.interface_start" to "vendor.qti.hardware.cacert@1.0::IService/default": PROP_ERROR_HANDLE_CONTROL_MESSAGE (0x20)
05-03 19:20:31.053   660 10231 I hwservicemanager: Tried to start vendor.qti.hardware.cacert@1.0::IService/default as a lazy service, but was unable to. Usually this happens when a service is not installed, but if the service is intended to be used as a lazy service, then it may be configured incorrectly.
05-03 19:20:30.965     0     0 E init    : Control message: Could not find 'vendor.qti.hardware.cacert@1.0::IService/default' for ctl.interface_start from pid: 660 (/system/system_ext/bin/hwservicemanager)
05-03 19:20:31.867     0     0 I QCOM-BATT: pl_fcc_vote_callback: total_fcc_ua=1950000
05-03 19:20:31.867     0     0 I QCOM-BATT: pl_fv_vote_callback: fv_uv=4400000
05-03 19:20:32.049  3704  3747 W HidlServiceManagement: Waited one second for vendor.qti.hardware.cacert@1.0::IService/default
05-03 19:20:32.050   660   660 I hwservicemanager: Since vendor.qti.hardware.cacert@1.0::IService/default is not registered, trying to start it as a lazy HAL (if it's not configured to be a lazy HAL, it may be stuck starting or still starting).
05-03 19:20:32.051  3704  3747 I HidlServiceManagement: getService: Trying again for vendor.qti.hardware.cacert@1.0::IService/default...
05-03 19:20:32.052   660 10232 W libc    : Unable to set property "ctl.interface_start" to "vendor.qti.hardware.cacert@1.0::IService/default": PROP_ERROR_HANDLE_CONTROL_MESSAGE (0x20)
05-03 19:20:32.053   660 10232 I hwservicemanager: Tried to start vendor.qti.hardware.cacert@1.0::IService/default as a lazy service, but was unable to. Usually this happens when a service is not installed, but if the service is intended to be used as a lazy service, then it may be configured incorrectly.
05-03 19:20:31.966     0     0 E init    : Control message: Could not find 'vendor.qti.hardware.cacert@1.0::IService/default' for ctl.interface_start from pid: 660 (/system/system_ext/bin/hwservicemanager)
05-03 19:20:32.226     0     0 E FG      : fg_psy_get_property: unsupported property 79
05-03 19:20:32.235     0     0 E FG      : fg_psy_get_property: unsupported property 79
05-03 19:20:32.241     0     0 W healthd : battery l=100 v=3175 t=25.4 h=2 st=5 c=0 fc=2831000 chg=u
05-03 19:20:32.249     0     0 E FG      : fg_psy_get_property: unsupported property 79
05-03 19:20:32.335  1126  1126 D QtiCarrierConfigHelper: WARNING, no carrier configs on phone Id: 0
05-03 19:20:32.341   960  2676 D PowerUI : can't show warning due to - plugged: true status unknown: false
05-03 19:20:33.051  3704  3747 W HidlServiceManagement: Waited one second for vendor.qti.hardware.cacert@1.0::IService/default
05-03 19:20:33.053   660   660 I hwservicemanager: Since vendor.qti.hardware.cacert@1.0::IService/default is not registered, trying to start it as a lazy HAL (if it's not configured to be a lazy HAL, it may be stuck starting or still starting).
05-03 19:20:33.055  3704  3747 I HidlServiceManagement: getService: Trying again for vendor.qti.hardware.cacert@1.0::IService/default...
05-03 19:20:33.059   660 10233 W libc    : Unable to set property "ctl.interface_start" to "vendor.qti.hardware.cacert@1.0::IService/default": PROP_ERROR_HANDLE_CONTROL_MESSAGE (0x20)
05-03 19:20:33.059   660 10233 I hwservicemanager: Tried to start vendor.qti.hardware.cacert@1.0::IService/default as a lazy service, but was unable to. Usually this happens when a service is not installed, but if the service is intended to be used as a lazy service, then it may be configured incorrectly.
05-03 19:20:32.972     0     0 E init    : Control message: Could not find 'vendor.qti.hardware.cacert@1.0::IService/default' for ctl.interface_start from pid: 660 (/system/system_ext/bin/hwservicemanager)
05-03 19:20:33.250  3512  3691 I ThermalEngine: Monitor : quiet_therm = 26834, msm_therm = 28027, xo_therm = 27935, battery_therm = 254,current_now = 0 
05-03 19:20:34.055  3704  3747 W HidlServiceManagement: Waited one second for vendor.qti.hardware.cacert@1.0::IService/default
05-03 19:20:34.056   660   660 I hwservicemanager: Since vendor.qti.hardware.cacert@1.0::IService/default is not registered, trying to start it as a lazy HAL (if it's not configured to be a lazy HAL, it may be stuck starting or still starting).
05-03 19:20:34.058  3704  3747 I HidlServiceManagement: getService: Trying again for vendor.qti.hardware.cacert@1.0::IService/default...
05-03 19:20:34.061   660 10234 W libc    : Unable to set property "ctl.interface_start" to "vendor.qti.hardware.cacert@1.0::IService/default": PROP_ERROR_HANDLE_CONTROL_MESSAGE (0x20)
05-03 19:20:34.061   660 10234 I hwservicemanager: Tried to start vendor.qti.hardware.cacert@1.0::IService/default as a lazy service, but was unable to. Usually this happens when a service is not installed, but if the service is intended to be used as a lazy service, then it may be configured incorrectly.
05-03 19:20:33.973     0     0 E init    : Control message: Could not find 'vendor.qti.hardware.cacert@1.0::IService/default' for ctl.interface_start from pid: 660 (/system/system_ext/bin/hwservicemanager)
05-03 19:20:34.497     0     0 E FG      : fg_psy_get_property: unsupported property 79
05-03 19:20:34.504     0     0 W healthd : battery l=100 v=3174 t=25.4 h=2 st=5 c=0 fc=2831000 chg=u
05-03 19:20:34.513     0     0 E FG      : fg_psy_get_property: unsupported property 79
05-03 19:20:34.606  1126  1126 D QtiCarrierConfigHelper: WARNING, no carrier configs on phone Id: 0
05-03 19:20:34.615   960  2694 D PowerUI : can't show warning due to - plugged: true status unknown: false
05-03 19:20:35.059  3704  3747 W HidlServiceManagement: Waited one second for vendor.qti.hardware.cacert@1.0::IService/default
05-03 19:20:35.060   660   660 I hwservicemanager: Since vendor.qti.hardware.cacert@1.0::IService/default is not registered, trying to start it as a lazy HAL (if it's not configured to be a lazy HAL, it may be stuck starting or still starting).
05-03 19:20:35.061  3704  3747 I HidlServiceManagement: getService: Trying again for vendor.qti.hardware.cacert@1.0::IService/default...
05-03 19:20:35.066   660 10235 W libc    : Unable to set property "ctl.interface_start" to "vendor.qti.hardware.cacert@1.0::IService/default": PROP_ERROR_HANDLE_CONTROL_MESSAGE (0x20)
05-03 19:20:35.067   660 10235 I hwservicemanager: Tried to start vendor.qti.hardware.cacert@1.0::IService/default as a lazy service, but was unable to. Usually this happens when a service is not installed, but if the service is intended to be used as a lazy service, then it may be configured incorrectly.
05-03 19:20:34.979     0     0 E init    : Control message: Could not find 'vendor.qti.hardware.cacert@1.0::IService/default' for ctl.interface_start from pid: 660 (/system/system_ext/bin/hwservicemanager)
05-03 19:20:36.062  3704  3747 W HidlServiceManagement: Waited one second for vendor.qti.hardware.cacert@1.0::IService/default
05-03 19:20:36.064   660   660 I hwservicemanager: Since vendor.qti.hardware.cacert@1.0::IService/default is not registered, trying to start it as a lazy HAL (if it's not configured to be a lazy HAL, it may be stuck starting or still starting).
05-03 19:20:36.065  3704  3747 I HidlServiceManagement: getService: Trying again for vendor.qti.hardware.cacert@1.0::IService/default...
05-03 19:20:36.068   660 10236 W libc    : Unable to set property "ctl.interface_start" to "vendor.qti.hardware.cacert@1.0::IService/default": PROP_ERROR_HANDLE_CONTROL_MESSAGE (0x20)
05-03 19:20:36.068   660 10236 I hwservicemanager: Tried to start vendor.qti.hardware.cacert@1.0::IService/default as a lazy service, but was unable to. Usually this happens when a service is not installed, but if the service is intended to be used as a lazy service, then it may be configured incorrectly.
05-03 19:20:35.981     0     0 E init    : Control message: Could not find 'vendor.qti.hardware.cacert@1.0::IService/default' for ctl.interface_start from pid: 660 (/system/system_ext/bin/hwservicemanager)
05-03 19:20:37.066  3704  3747 W HidlServiceManagement: Waited one second for vendor.qti.hardware.cacert@1.0::IService/default
05-03 19:20:37.067   660   660 I hwservicemanager: Since vendor.qti.hardware.cacert@1.0::IService/default is not registered, trying to start it as a lazy HAL (if it's not configured to be a lazy HAL, it may be stuck starting or still starting).
05-03 19:20:37.068  3704  3747 I HidlServiceManagement: getService: Trying again for vendor.qti.hardware.cacert@1.0::IService/default...
05-03 19:20:36.984     0     0 E init    : Control message: Could not find 'vendor.qti.hardware.cacert@1.0::IService/default' for ctl.interface_start from pid: 660 (/system/system_ext/bin/hwservicemanager)
05-03 19:20:37.075   660 10237 W libc    : Unable to set property "ctl.interface_start" to "vendor.qti.hardware.cacert@1.0::IService/default": PROP_ERROR_HANDLE_CONTROL_MESSAGE (0x20)
05-03 19:20:37.075   660 10237 I hwservicemanager: Tried to start vendor.qti.hardware.cacert@1.0::IService/default as a lazy service, but was unable to. Usually this happens when a service is not installed, but if the service is intended to be used as a lazy service, then it may be configured incorrectly.
05-03 19:20:38.069  3704  3747 W HidlServiceManagement: Waited one second for vendor.qti.hardware.cacert@1.0::IService/default
05-03 19:20:38.070   660   660 I hwservicemanager: Since vendor.qti.hardware.cacert@1.0::IService/default is not registered, trying to start it as a lazy HAL (if it's not configured to be a lazy HAL, it may be stuck starting or still starting).
05-03 19:20:38.070  3704  3747 I HidlServiceManagement: getService: Trying again for vendor.qti.hardware.cacert@1.0::IService/default...
05-03 19:20:38.073   660 10238 W libc    : Unable to set property "ctl.interface_start" to "vendor.qti.hardware.cacert@1.0::IService/default": PROP_ERROR_HANDLE_CONTROL_MESSAGE (0x20)
05-03 19:20:38.073   660 10238 I hwservicemanager: Tried to start vendor.qti.hardware.cacert@1.0::IService/default as a lazy service, but was unable to. Usually this happens when a service is not installed, but if the service is intended to be used as a lazy service, then it may be configured incorrectly.
05-03 19:20:37.986     0     0 E init    : Control message: Could not find 'vendor.qti.hardware.cacert@1.0::IService/default' for ctl.interface_start from pid: 660 (/system/system_ext/bin/hwservicemanager)
05-03 19:20:38.907     0     0 I QCOM-BATT: pl_fcc_vote_callback: total_fcc_ua=1950000
05-03 19:20:38.907     0     0 I QCOM-BATT: pl_fv_vote_callback: fv_uv=4400000
05-03 19:20:39.071  3704  3747 W HidlServiceManagement: Waited one second for vendor.qti.hardware.cacert@1.0::IService/default
05-03 19:20:39.073   660   660 I hwservicemanager: Since vendor.qti.hardware.cacert@1.0::IService/default is not registered, trying to start it as a lazy HAL (if it's not configured to be a lazy HAL, it may be stuck starting or still starting).
05-03 19:20:39.075  3704  3747 I HidlServiceManagement: getService: Trying again for vendor.qti.hardware.cacert@1.0::IService/default...
05-03 19:20:39.080   660 10239 W libc    : Unable to set property "ctl.interface_start" to "vendor.qti.hardware.cacert@1.0::IService/default": PROP_ERROR_HANDLE_CONTROL_MESSAGE (0x20)
05-03 19:20:39.081   660 10239 I hwservicemanager: Tried to start vendor.qti.hardware.cacert@1.0::IService/default as a lazy service, but was unable to. Usually this happens when a service is not installed, but if the service is intended to be used as a lazy service, then it may be configured incorrectly.
05-03 19:20:38.993     0     0 E init    : Control message: Could not find 'vendor.qti.hardware.cacert@1.0::IService/default' for ctl.interface_start from pid: 660 (/system/system_ext/bin/hwservicemanager)
05-03 19:20:39.266     0     0 E FG      : fg_psy_get_property: unsupported property 79
05-03 19:20:39.274     0     0 E FG      : fg_psy_get_property: unsupported property 79
05-03 19:20:39.374  1126  1126 D QtiCarrierConfigHelper: WARNING, no carrier configs on phone Id: 0
05-03 19:20:39.281     0     0 W healthd : battery l=100 v=3174 t=25.4 h=2 st=5 c=0 fc=2831000 chg=u
05-03 19:20:39.290     0     0 E FG      : fg_psy_get_property: unsupported property 79
05-03 19:20:39.380   960  2692 D PowerUI : can't show warning due to - plugged: true status unknown: false
05-03 19:20:40.075  3704  3747 W HidlServiceManagement: Waited one second for vendor.qti.hardware.cacert@1.0::IService/default
05-03 19:20:40.077   660   660 I hwservicemanager: Since vendor.qti.hardware.cacert@1.0::IService/default is not registered, trying to start it as a lazy HAL (if it's not configured to be a lazy HAL, it may be stuck starting or still starting).
05-03 19:20:40.079  3704  3747 I HidlServiceManagement: getService: Trying again for vendor.qti.hardware.cacert@1.0::IService/default...
05-03 19:20:40.082   660 10240 W libc    : Unable to set property "ctl.interface_start" to "vendor.qti.hardware.cacert@1.0::IService/default": PROP_ERROR_HANDLE_CONTROL_MESSAGE (0x20)
05-03 19:20:40.082   660 10240 I hwservicemanager: Tried to start vendor.qti.hardware.cacert@1.0::IService/default as a lazy service, but was unable to. Usually this happens when a service is not installed, but if the service is intended to be used as a lazy service, then it may be configured incorrectly.
05-03 19:20:39.994     0     0 E init    : Control message: Could not find 'vendor.qti.hardware.cacert@1.0::IService/default' for ctl.interface_start from pid: 660 (/system/system_ext/bin/hwservicemanager)
05-03 19:20:41.079  3704  3747 W HidlServiceManagement: Waited one second for vendor.qti.hardware.cacert@1.0::IService/default
05-03 19:20:41.080   660   660 I hwservicemanager: Since vendor.qti.hardware.cacert@1.0::IService/default is not registered, trying to start it as a lazy HAL (if it's not configured to be a lazy HAL, it may be stuck starting or still starting).
05-03 19:20:41.081  3704  3747 I HidlServiceManagement: getService: Trying again for vendor.qti.hardware.cacert@1.0::IService/default...
05-03 19:20:40.997     0     0 E init    : Control message: Could not find 'vendor.qti.hardware.cacert@1.0::IService/default' for ctl.interface_start from pid: 660 (/system/system_ext/bin/hwservicemanager)
05-03 19:20:41.085   660 10241 W libc    : Unable to set property "ctl.interface_start" to "vendor.qti.hardware.cacert@1.0::IService/default": PROP_ERROR_HANDLE_CONTROL_MESSAGE (0x20)
05-03 19:20:41.085   660 10241 I hwservicemanager: Tried to start vendor.qti.hardware.cacert@1.0::IService/default as a lazy service, but was unable to. Usually this happens when a service is not installed, but if the service is intended to be used as a lazy service, then it may be configured incorrectly.
05-03 19:20:42.082  3704  3747 W HidlServiceManagement: Waited one second for vendor.qti.hardware.cacert@1.0::IService/default
05-03 19:20:42.084   660   660 I hwservicemanager: Since vendor.qti.hardware.cacert@1.0::IService/default is not registered, trying to start it as a lazy HAL (if it's not configured to be a lazy HAL, it may be stuck starting or still starting).
05-03 19:20:42.085  3704  3747 I HidlServiceManagement: getService: Trying again for vendor.qti.hardware.cacert@1.0::IService/default...
05-03 19:20:42.088   660 10242 W libc    : Unable to set property "ctl.interface_start" to "vendor.qti.hardware.cacert@1.0::IService/default": PROP_ERROR_HANDLE_CONTROL_MESSAGE (0x20)
05-03 19:20:42.088   660 10242 I hwservicemanager: Tried to start vendor.qti.hardware.cacert@1.0::IService/default as a lazy service, but was unable to. Usually this happens when a service is not installed, but if the service is intended to be used as a lazy service, then it may be configured incorrectly.
05-03 19:20:42.001     0     0 E init    : Control message: Could not find 'vendor.qti.hardware.cacert@1.0::IService/default' for ctl.interface_start from pid: 660 (/system/system_ext/bin/hwservicemanager)
05-03 19:20:43.086  3704  3747 W HidlServiceManagement: Waited one second for vendor.qti.hardware.cacert@1.0::IService/default
05-03 19:20:43.087   660   660 I hwservicemanager: Since vendor.qti.hardware.cacert@1.0::IService/default is not registered, trying to start it as a lazy HAL (if it's not configured to be a lazy HAL, it may be stuck starting or still starting).
05-03 19:20:43.089  3704  3747 I HidlServiceManagement: getService: Trying again for vendor.qti.hardware.cacert@1.0::IService/default...
05-03 19:20:43.091   660 10243 W libc    : Unable to set property "ctl.interface_start" to "vendor.qti.hardware.cacert@1.0::IService/default": PROP_ERROR_HANDLE_CONTROL_MESSAGE (0x20)
05-03 19:20:43.092   660 10243 I hwservicemanager: Tried to start vendor.qti.hardware.cacert@1.0::IService/default as a lazy service, but was unable to. Usually this happens when a service is not installed, but if the service is intended to be used as a lazy service, then it may be configured incorrectly.
05-03 19:20:43.004     0     0 E init    : Control message: Could not find 'vendor.qti.hardware.cacert@1.0::IService/default' for ctl.interface_start from pid: 660 (/system/system_ext/bin/hwservicemanager)
05-03 19:20:44.090  3704  3747 W HidlServiceManagement: Waited one second for vendor.qti.hardware.cacert@1.0::IService/default
05-03 19:20:44.091   660   660 I hwservicemanager: Since vendor.qti.hardware.cacert@1.0::IService/default is not registered, trying to start it as a lazy HAL (if it's not configured to be a lazy HAL, it may be stuck starting or still starting).
05-03 19:20:44.092  3704  3747 I HidlServiceManagement: getService: Trying again for vendor.qti.hardware.cacert@1.0::IService/default...
05-03 19:20:44.008     0     0 E init    : Control message: Could not find 'vendor.qti.hardware.cacert@1.0::IService/default' for ctl.interface_start from pid: 660 (/system/system_ext/bin/hwservicemanager)
05-03 19:20:44.095   660 10244 W libc    : Unable to set property "ctl.interface_start" to "vendor.qti.hardware.cacert@1.0::IService/default": PROP_ERROR_HANDLE_CONTROL_MESSAGE (0x20)
05-03 19:20:44.095   660 10244 I hwservicemanager: Tried to start vendor.qti.hardware.cacert@1.0::IService/default as a lazy service, but was unable to. Usually this happens when a service is not installed, but if the service is intended to be used as a lazy service, then it may be configured incorrectly.
05-03 19:20:45.092  3704  3747 W HidlServiceManagement: Waited one second for vendor.qti.hardware.cacert@1.0::IService/default
05-03 19:20:45.093   660   660 I hwservicemanager: Since vendor.qti.hardware.cacert@1.0::IService/default is not registered, trying to start it as a lazy HAL (if it's not configured to be a lazy HAL, it may be stuck starting or still starting).
05-03 19:20:45.094  3704  3747 I HidlServiceManagement: getService: Trying again for vendor.qti.hardware.cacert@1.0::IService/default...
05-03 19:20:45.098   660 10245 W libc    : Unable to set property "ctl.interface_start" to "vendor.qti.hardware.cacert@1.0::IService/default": PROP_ERROR_HANDLE_CONTROL_MESSAGE (0x20)
05-03 19:20:45.099   660 10245 I hwservicemanager: Tried to start vendor.qti.hardware.cacert@1.0::IService/default as a lazy service, but was unable to. Usually this happens when a service is not installed, but if the service is intended to be used as a lazy service, then it may be configured incorrectly.
05-03 19:20:45.011     0     0 E init    : Control message: Could not find 'vendor.qti.hardware.cacert@1.0::IService/default' for ctl.interface_start from pid: 660 (/system/system_ext/bin/hwservicemanager)
05-03 19:20:45.948     0     0 I QCOM-BATT: pl_fcc_vote_callback: total_fcc_ua=1950000
05-03 19:20:45.948     0     0 I QCOM-BATT: pl_fv_vote_callback: fv_uv=4400000
05-03 19:20:46.095  3704  3747 W HidlServiceManagement: Waited one second for vendor.qti.hardware.cacert@1.0::IService/default
05-03 19:20:46.096   660   660 I hwservicemanager: Since vendor.qti.hardware.cacert@1.0::IService/default is not registered, trying to start it as a lazy HAL (if it's not configured to be a lazy HAL, it may be stuck starting or still starting).
05-03 19:20:46.097  3704  3747 I HidlServiceManagement: getService: Trying again for vendor.qti.hardware.cacert@1.0::IService/default...
05-03 19:20:46.100   660 10246 W libc    : Unable to set property "ctl.interface_start" to "vendor.qti.hardware.cacert@1.0::IService/default": PROP_ERROR_HANDLE_CONTROL_MESSAGE (0x20)
05-03 19:20:46.100   660 10246 I hwservicemanager: Tried to start vendor.qti.hardware.cacert@1.0::IService/default as a lazy service, but was unable to. Usually this happens when a service is not installed, but if the service is intended to be used as a lazy service, then it may be configured incorrectly.
05-03 19:20:46.013     0     0 E init    : Control message: Could not find 'vendor.qti.hardware.cacert@1.0::IService/default' for ctl.interface_start from pid: 660 (/system/system_ext/bin/hwservicemanager)
05-03 19:20:46.306     0     0 E FG      : fg_psy_get_property: unsupported property 79
05-03 19:20:46.315     0     0 E FG      : fg_psy_get_property: unsupported property 79
05-03 19:20:46.413  1126  1126 D QtiCarrierConfigHelper: WARNING, no carrier configs on phone Id: 0
05-03 19:20:46.320     0     0 W healthd : battery l=100 v=3175 t=25.4 h=2 st=5 c=0 fc=2831000 chg=u
05-03 19:20:46.419   960  2713 D PowerUI : can't show warning due to - plugged: true status unknown: false
05-03 19:20:46.331     0     0 E FG      : fg_psy_get_property: unsupported property 79
05-03 19:20:47.097  3704  3747 W HidlServiceManagement: Waited one second for vendor.qti.hardware.cacert@1.0::IService/default
05-03 19:20:47.099   660   660 I hwservicemanager: Since vendor.qti.hardware.cacert@1.0::IService/default is not registered, trying to start it as a lazy HAL (if it's not configured to be a lazy HAL, it may be stuck starting or still starting).
05-03 19:20:47.100  3704  3747 I HidlServiceManagement: getService: Trying again for vendor.qti.hardware.cacert@1.0::IService/default...
05-03 19:20:47.017     0     0 E init    : Control message: Could not find 'vendor.qti.hardware.cacert@1.0::IService/default' for ctl.interface_start from pid: 660 (/system/system_ext/bin/hwservicemanager)
05-03 19:20:47.105   660 10247 W libc    : Unable to set property "ctl.interface_start" to "vendor.qti.hardware.cacert@1.0::IService/default": PROP_ERROR_HANDLE_CONTROL_MESSAGE (0x20)
05-03 19:20:47.105   660 10247 I hwservicemanager: Tried to start vendor.qti.hardware.cacert@1.0::IService/default as a lazy service, but was unable to. Usually this happens when a service is not installed, but if the service is intended to be used as a lazy service, then it may be configured incorrectly.
05-03 19:20:48.101  3704  3747 W HidlServiceManagement: Waited one second for vendor.qti.hardware.cacert@1.0::IService/default
05-03 19:20:48.102   660   660 I hwservicemanager: Since vendor.qti.hardware.cacert@1.0::IService/default is not registered, trying to start it as a lazy HAL (if it's not configured to be a lazy HAL, it may be stuck starting or still starting).
05-03 19:20:48.103  3704  3747 I HidlServiceManagement: getService: Trying again for vendor.qti.hardware.cacert@1.0::IService/default...
05-03 19:20:48.107   660 10248 W libc    : Unable to set property "ctl.interface_start" to "vendor.qti.hardware.cacert@1.0::IService/default": PROP_ERROR_HANDLE_CONTROL_MESSAGE (0x20)
05-03 19:20:48.107   660 10248 I hwservicemanager: Tried to start vendor.qti.hardware.cacert@1.0::IService/default as a lazy service, but was unable to. Usually this happens when a service is not installed, but if the service is intended to be used as a lazy service, then it may be configured incorrectly.
05-03 19:20:48.020     0     0 E init    : Control message: Could not find 'vendor.qti.hardware.cacert@1.0::IService/default' for ctl.interface_start from pid: 660 (/system/system_ext/bin/hwservicemanager)
05-03 19:20:49.104  3704  3747 W HidlServiceManagement: Waited one second for vendor.qti.hardware.cacert@1.0::IService/default
05-03 19:20:49.105   660   660 I hwservicemanager: Since vendor.qti.hardware.cacert@1.0::IService/default is not registered, trying to start it as a lazy HAL (if it's not configured to be a lazy HAL, it may be stuck starting or still starting).
05-03 19:20:49.106  3704  3747 I HidlServiceManagement: getService: Trying again for vendor.qti.hardware.cacert@1.0::IService/default...
05-03 19:20:49.110   660 10249 W libc    : Unable to set property "ctl.interface_start" to "vendor.qti.hardware.cacert@1.0::IService/default": PROP_ERROR_HANDLE_CONTROL_MESSAGE (0x20)
05-03 19:20:49.110   660 10249 I hwservicemanager: Tried to start vendor.qti.hardware.cacert@1.0::IService/default as a lazy service, but was unable to. Usually this happens when a service is not installed, but if the service is intended to be used as a lazy service, then it may be configured incorrectly.
05-03 19:20:49.022     0     0 E init    : Control message: Could not find 'vendor.qti.hardware.cacert@1.0::IService/default' for ctl.interface_start from pid: 660 (/system/system_ext/bin/hwservicemanager)
05-03 19:20:50.107  3704  3747 W HidlServiceManagement: Waited one second for vendor.qti.hardware.cacert@1.0::IService/default
05-03 19:20:50.108   660   660 I hwservicemanager: Since vendor.qti.hardware.cacert@1.0::IService/default is not registered, trying to start it as a lazy HAL (if it's not configured to be a lazy HAL, it may be stuck starting or still starting).
05-03 19:20:50.109  3704  3747 I HidlServiceManagement: getService: Trying again for vendor.qti.hardware.cacert@1.0::IService/default...
05-03 19:20:50.111   660 10250 W libc    : Unable to set property "ctl.interface_start" to "vendor.qti.hardware.cacert@1.0::IService/default": PROP_ERROR_HANDLE_CONTROL_MESSAGE (0x20)
05-03 19:20:50.111   660 10250 I hwservicemanager: Tried to start vendor.qti.hardware.cacert@1.0::IService/default as a lazy service, but was unable to. Usually this happens when a service is not installed, but if the service is intended to be used as a lazy service, then it may be configured incorrectly.
05-03 19:20:50.024     0     0 E init    : Control message: Could not find 'vendor.qti.hardware.cacert@1.0::IService/default' for ctl.interface_start from pid: 660 (/system/system_ext/bin/hwservicemanager)
05-03 19:20:51.110  3704  3747 W HidlServiceManagement: Waited one second for vendor.qti.hardware.cacert@1.0::IService/default
05-03 19:20:51.111   660   660 I hwservicemanager: Since vendor.qti.hardware.cacert@1.0::IService/default is not registered, trying to start it as a lazy HAL (if it's not configured to be a lazy HAL, it may be stuck starting or still starting).
05-03 19:20:51.111  3704  3747 I HidlServiceManagement: getService: Trying again for vendor.qti.hardware.cacert@1.0::IService/default...
05-03 19:20:51.028     0     0 E init    : Control message: Could not find 'vendor.qti.hardware.cacert@1.0::IService/default' for ctl.interface_start from pid: 660 (/system/system_ext/bin/hwservicemanager)
05-03 19:20:51.115   660 10251 W libc    : Unable to set property "ctl.interface_start" to "vendor.qti.hardware.cacert@1.0::IService/default": PROP_ERROR_HANDLE_CONTROL_MESSAGE (0x20)
05-03 19:20:51.115   660 10251 I hwservicemanager: Tried to start vendor.qti.hardware.cacert@1.0::IService/default as a lazy service, but was unable to. Usually this happens when a service is not installed, but if the service is intended to be used as a lazy service, then it may be configured incorrectly.
05-03 19:20:52.112  3704  3747 W HidlServiceManagement: Waited one second for vendor.qti.hardware.cacert@1.0::IService/default
05-03 19:20:52.113   660   660 I hwservicemanager: Since vendor.qti.hardware.cacert@1.0::IService/default is not registered, trying to start it as a lazy HAL (if it's not configured to be a lazy HAL, it may be stuck starting or still starting).
05-03 19:20:52.113  3704  3747 I HidlServiceManagement: getService: Trying again for vendor.qti.hardware.cacert@1.0::IService/default...
05-03 19:20:52.116   660 10252 W libc    : Unable to set property "ctl.interface_start" to "vendor.qti.hardware.cacert@1.0::IService/default": PROP_ERROR_HANDLE_CONTROL_MESSAGE (0x20)
05-03 19:20:52.117   660 10252 I hwservicemanager: Tried to start vendor.qti.hardware.cacert@1.0::IService/default as a lazy service, but was unable to. Usually this happens when a service is not installed, but if the service is intended to be used as a lazy service, then it may be configured incorrectly.
05-03 19:20:52.029     0     0 E init    : Control message: Could not find 'vendor.qti.hardware.cacert@1.0::IService/default' for ctl.interface_start from pid: 660 (/system/system_ext/bin/hwservicemanager)
05-03 19:20:52.987     0     0 I QCOM-BATT: pl_fcc_vote_callback: total_fcc_ua=1950000
05-03 19:20:52.987     0     0 I QCOM-BATT: pl_fv_vote_callback: fv_uv=4400000
05-03 19:20:53.114  3704  3747 W HidlServiceManagement: Waited one second for vendor.qti.hardware.cacert@1.0::IService/default
05-03 19:20:53.115   660   660 I hwservicemanager: Since vendor.qti.hardware.cacert@1.0::IService/default is not registered, trying to start it as a lazy HAL (if it's not configured to be a lazy HAL, it may be stuck starting or still starting).
05-03 19:20:53.117  3704  3747 I HidlServiceManagement: getService: Trying again for vendor.qti.hardware.cacert@1.0::IService/default...
05-03 19:20:53.121   660 10253 W libc    : Unable to set property "ctl.interface_start" to "vendor.qti.hardware.cacert@1.0::IService/default": PROP_ERROR_HANDLE_CONTROL_MESSAGE (0x20)
05-03 19:20:53.121   660 10253 I hwservicemanager: Tried to start vendor.qti.hardware.cacert@1.0::IService/default as a lazy service, but was unable to. Usually this happens when a service is not installed, but if the service is intended to be used as a lazy service, then it may be configured incorrectly.
05-03 19:20:53.034     0     0 E init    : Control message: Could not find 'vendor.qti.hardware.cacert@1.0::IService/default' for ctl.interface_start from pid: 660 (/system/system_ext/bin/hwservicemanager)
05-03 19:20:53.346     0     0 E FG      : fg_psy_get_property: unsupported property 79
05-03 19:20:53.354     0     0 E FG      : fg_psy_get_property: unsupported property 79
05-03 19:20:53.361     0     0 W healthd : battery l=100 v=3175 t=25.4 h=2 st=5 c=0 fc=2831000 chg=u
05-03 19:20:53.454  1126  1126 D QtiCarrierConfigHelper: WARNING, no carrier configs on phone Id: 0
05-03 19:20:53.459   960  2704 D PowerUI : can't show warning due to - plugged: true status unknown: false
05-03 19:20:53.373     0     0 E FG      : fg_psy_get_property: unsupported property 79
05-03 19:20:54.117  3704  3747 W HidlServiceManagement: Waited one second for vendor.qti.hardware.cacert@1.0::IService/default
05-03 19:20:54.119   660   660 I hwservicemanager: Since vendor.qti.hardware.cacert@1.0::IService/default is not registered, trying to start it as a lazy HAL (if it's not configured to be a lazy HAL, it may be stuck starting or still starting).
05-03 19:20:54.120  3704  3747 I HidlServiceManagement: getService: Trying again for vendor.qti.hardware.cacert@1.0::IService/default...
05-03 19:20:54.037     0     0 E init    : Control message: Could not find 'vendor.qti.hardware.cacert@1.0::IService/default' for ctl.interface_start from pid: 660 (/system/system_ext/bin/hwservicemanager)
05-03 19:20:54.126   660 10254 W libc    : Unable to set property "ctl.interface_start" to "vendor.qti.hardware.cacert@1.0::IService/default": PROP_ERROR_HANDLE_CONTROL_MESSAGE (0x20)
05-03 19:20:54.126   660 10254 I hwservicemanager: Tried to start vendor.qti.hardware.cacert@1.0::IService/default as a lazy service, but was unable to. Usually this happens when a service is not installed, but if the service is intended to be used as a lazy service, then it may be configured incorrectly.
05-03 19:20:55.120  3704  3747 W HidlServiceManagement: Waited one second for vendor.qti.hardware.cacert@1.0::IService/default
05-03 19:20:55.122   660   660 I hwservicemanager: Since vendor.qti.hardware.cacert@1.0::IService/default is not registered, trying to start it as a lazy HAL (if it's not configured to be a lazy HAL, it may be stuck starting or still starting).
05-03 19:20:55.123  3704  3747 I HidlServiceManagement: getService: Trying again for vendor.qti.hardware.cacert@1.0::IService/default...
05-03 19:20:55.128   660 10255 W libc    : Unable to set property "ctl.interface_start" to "vendor.qti.hardware.cacert@1.0::IService/default": PROP_ERROR_HANDLE_CONTROL_MESSAGE (0x20)
05-03 19:20:55.128   660 10255 I hwservicemanager: Tried to start vendor.qti.hardware.cacert@1.0::IService/default as a lazy service, but was unable to. Usually this happens when a service is not installed, but if the service is intended to be used as a lazy service, then it may be configured incorrectly.
05-03 19:20:55.041     0     0 E init    : Control message: Could not find 'vendor.qti.hardware.cacert@1.0::IService/default' for ctl.interface_start from pid: 660 (/system/system_ext/bin/hwservicemanager)
05-03 19:20:56.123  3704  3747 W HidlServiceManagement: Waited one second for vendor.qti.hardware.cacert@1.0::IService/default
05-03 19:20:56.125   660   660 I hwservicemanager: Since vendor.qti.hardware.cacert@1.0::IService/default is not registered, trying to start it as a lazy HAL (if it's not configured to be a lazy HAL, it may be stuck starting or still starting).
05-03 19:20:56.125  3704  3747 I HidlServiceManagement: getService: Trying again for vendor.qti.hardware.cacert@1.0::IService/default...
05-03 19:20:56.128   660 10256 W libc    : Unable to set property "ctl.interface_start" to "vendor.qti.hardware.cacert@1.0::IService/default": PROP_ERROR_HANDLE_CONTROL_MESSAGE (0x20)
05-03 19:20:56.128   660 10256 I hwservicemanager: Tried to start vendor.qti.hardware.cacert@1.0::IService/default as a lazy service, but was unable to. Usually this happens when a service is not installed, but if the service is intended to be used as a lazy service, then it may be configured incorrectly.
05-03 19:20:56.041     0     0 E init    : Control message: Could not find 'vendor.qti.hardware.cacert@1.0::IService/default' for ctl.interface_start from pid: 660 (/system/system_ext/bin/hwservicemanager)
05-03 19:20:57.126  3704  3747 W HidlServiceManagement: Waited one second for vendor.qti.hardware.cacert@1.0::IService/default
05-03 19:20:57.128   660   660 I hwservicemanager: Since vendor.qti.hardware.cacert@1.0::IService/default is not registered, trying to start it as a lazy HAL (if it's not configured to be a lazy HAL, it may be stuck starting or still starting).
05-03 19:20:57.129  3704  3747 I HidlServiceManagement: getService: Trying again for vendor.qti.hardware.cacert@1.0::IService/default...
05-03 19:20:57.133   660 10257 W libc    : Unable to set property "ctl.interface_start" to "vendor.qti.hardware.cacert@1.0::IService/default": PROP_ERROR_HANDLE_CONTROL_MESSAGE (0x20)
05-03 19:20:57.133   660 10257 I hwservicemanager: Tried to start vendor.qti.hardware.cacert@1.0::IService/default as a lazy service, but was unable to. Usually this happens when a service is not installed, but if the service is intended to be used as a lazy service, then it may be configured incorrectly.
05-03 19:20:57.045     0     0 E init    : Control message: Could not find 'vendor.qti.hardware.cacert@1.0::IService/default' for ctl.interface_start from pid: 660 (/system/system_ext/bin/hwservicemanager)
05-03 19:20:58.129  3704  3747 W HidlServiceManagement: Waited one second for vendor.qti.hardware.cacert@1.0::IService/default
05-03 19:20:58.131   660   660 I hwservicemanager: Since vendor.qti.hardware.cacert@1.0::IService/default is not registered, trying to start it as a lazy HAL (if it's not configured to be a lazy HAL, it may be stuck starting or still starting).
05-03 19:20:58.132  3704  3747 I HidlServiceManagement: getService: Trying again for vendor.qti.hardware.cacert@1.0::IService/default...
05-03 19:20:58.135   660 10258 W libc    : Unable to set property "ctl.interface_start" to "vendor.qti.hardware.cacert@1.0::IService/default": PROP_ERROR_HANDLE_CONTROL_MESSAGE (0x20)
05-03 19:20:58.048     0     0 E init    : Control message: Could not find 'vendor.qti.hardware.cacert@1.0::IService/default' for ctl.interface_start from pid: 660 (/system/system_ext/bin/hwservicemanager)
05-03 19:20:58.136   660 10258 I hwservicemanager: Tried to start vendor.qti.hardware.cacert@1.0::IService/default as a lazy service, but was unable to. Usually this happens when a service is not installed, but if the service is intended to be used as a lazy service, then it may be configured incorrectly.
05-03 19:20:59.132  3704  3747 W HidlServiceManagement: Waited one second for vendor.qti.hardware.cacert@1.0::IService/default
05-03 19:20:59.134   660   660 I hwservicemanager: Since vendor.qti.hardware.cacert@1.0::IService/default is not registered, trying to start it as a lazy HAL (if it's not configured to be a lazy HAL, it may be stuck starting or still starting).
05-03 19:20:59.135  3704  3747 I HidlServiceManagement: getService: Trying again for vendor.qti.hardware.cacert@1.0::IService/default...
05-03 19:20:59.139   660 10259 W libc    : Unable to set property "ctl.interface_start" to "vendor.qti.hardware.cacert@1.0::IService/default": PROP_ERROR_HANDLE_CONTROL_MESSAGE (0x20)
05-03 19:20:59.139   660 10259 I hwservicemanager: Tried to start vendor.qti.hardware.cacert@1.0::IService/default as a lazy service, but was unable to. Usually this happens when a service is not installed, but if the service is intended to be used as a lazy service, then it may be configured incorrectly.
05-03 19:20:59.052     0     0 E init    : Control message: Could not find 'vendor.qti.hardware.cacert@1.0::IService/default' for ctl.interface_start from pid: 660 (/system/system_ext/bin/hwservicemanager)
05-03 19:20:59.387     0     0 I QCOM-BATT: pl_fcc_vote_callback: total_fcc_ua=1950000
05-03 19:20:59.387     0     0 I QCOM-BATT: pl_fv_vote_callback: fv_uv=4400000
05-03 19:20:59.746     0     0 E FG      : fg_psy_get_property: unsupported property 79
05-03 19:20:59.755     0     0 E FG      : fg_psy_get_property: unsupported property 79
05-03 19:20:59.761     0     0 W healthd : battery l=100 v=3175 t=25.4 h=2 st=5 c=0 fc=2831000 chg=u
05-03 19:20:59.768     0     0 E FG      : fg_psy_get_property: unsupported property 79
05-03 19:20:59.854  1126  1126 D QtiCarrierConfigHelper: WARNING, no carrier configs on phone Id: 0
05-03 19:20:59.861   960  1373 D PowerUI : can't show warning due to - plugged: true status unknown: false
05-03 19:21:00.135  3704  3747 W HidlServiceManagement: Waited one second for vendor.qti.hardware.cacert@1.0::IService/default
05-03 19:21:00.137   660   660 I hwservicemanager: Since vendor.qti.hardware.cacert@1.0::IService/default is not registered, trying to start it as a lazy HAL (if it's not configured to be a lazy HAL, it may be stuck starting or still starting).
05-03 19:21:00.138  3704  3747 I HidlServiceManagement: getService: Trying again for vendor.qti.hardware.cacert@1.0::IService/default...
05-03 19:21:00.141   660 10260 W libc    : Unable to set property "ctl.interface_start" to "vendor.qti.hardware.cacert@1.0::IService/default": PROP_ERROR_HANDLE_CONTROL_MESSAGE (0x20)
05-03 19:21:00.142   660 10260 I hwservicemanager: Tried to start vendor.qti.hardware.cacert@1.0::IService/default as a lazy service, but was unable to. Usually this happens when a service is not installed, but if the service is intended to be used as a lazy service, then it may be configured incorrectly.
