--------- beginning of kernel
05-03 19:20:09.830     0     0 I logd    : logdr: UID=2000 GID=2000 PID=10149 b tail=0 logMask=99 pid=0 start=0ns deadline=0ns
--------- beginning of main
05-03 19:20:09.982  3704  3747 W HidlServiceManagement: Waited one second for vendor.qti.hardware.cacert@1.0::IService/default
05-03 19:20:09.985   660   660 I hwservicemanager: Since vendor.qti.hardware.cacert@1.0::IService/default is not registered, trying to start it as a lazy HAL (if it's not configured to be a lazy HAL, it may be stuck starting or still starting).
05-03 19:20:09.986  3704  3747 I HidlServiceManagement: getService: Trying again for vendor.qti.hardware.cacert@1.0::IService/default...
05-03 19:20:09.991   660 10152 W libc    : Unable to set property "ctl.interface_start" to "vendor.qti.hardware.cacert@1.0::IService/default": PROP_ERROR_HANDLE_CONTROL_MESSAGE (0x20)
05-03 19:20:09.992   660 10152 I hwservicemanager: Tried to start vendor.qti.hardware.cacert@1.0::IService/default as a lazy service, but was unable to. Usually this happens when a service is not installed, but if the service is intended to be used as a lazy service, then it may be configured incorrectly.
05-03 19:20:09.903     0     0 E init    : Control message: Could not find 'vendor.qti.hardware.cacert@1.0::IService/default' for ctl.interface_start from pid: 660 (/system/system_ext/bin/hwservicemanager)
05-03 19:20:10.426     0     0 I binder  : 10156:10156 ioctl 40046210 7fe0beec34 returned -22
--------- beginning of system
05-03 19:20:10.522   307 21605 I ActivityManager: Force stopping com.westlake.host appid=10218 user=0: from pid 10156
05-03 19:20:10.528   307   780 D BackgroundInstallControlService: Package event received: 0
05-03 19:20:10.528   307   780 D BackgroundInstallControlService: Package event received: 0
05-03 19:20:10.528   307   780 D BackgroundInstallControlService: Package event received: 0
05-03 19:20:10.528   307   780 D BackgroundInstallControlService: Package event received: 0
05-03 19:20:10.528   307   780 D BackgroundInstallControlService: Package event received: 0
05-03 19:20:10.528   307   780 D BackgroundInstallControlService: Package event received: 0
05-03 19:20:10.529   307   780 D BackgroundInstallControlService: Package event received: 0
05-03 19:20:10.531   307   767 I AppWidgetServiceImpl: Received broadcast: android.intent.action.PACKAGE_RESTARTED on user 0
05-03 19:20:10.531   307   767 I AppWidgetServiceImpl: Updating package stopped masked state for uid 10218 package com.westlake.host isStopped true
05-03 19:20:10.533  1166  1166 D CarrierSvcBindHelper: onHandleForceStop: [com.westlake.host]
05-03 19:20:10.538  1166  1166 D CarrierSvcBindHelper: No carrier app for: 0
05-03 19:20:10.539  1166  1166 D CarrierSvcBindHelper: No carrier app for: 1
05-03 19:20:10.986  3704  3747 W HidlServiceManagement: Waited one second for vendor.qti.hardware.cacert@1.0::IService/default
05-03 19:20:10.988   660   660 I hwservicemanager: Since vendor.qti.hardware.cacert@1.0::IService/default is not registered, trying to start it as a lazy HAL (if it's not configured to be a lazy HAL, it may be stuck starting or still starting).
05-03 19:20:10.989  3704  3747 I HidlServiceManagement: getService: Trying again for vendor.qti.hardware.cacert@1.0::IService/default...
05-03 19:20:10.992   660 10167 W libc    : Unable to set property "ctl.interface_start" to "vendor.qti.hardware.cacert@1.0::IService/default": PROP_ERROR_HANDLE_CONTROL_MESSAGE (0x20)
05-03 19:20:10.992   660 10167 I hwservicemanager: Tried to start vendor.qti.hardware.cacert@1.0::IService/default as a lazy service, but was unable to. Usually this happens when a service is not installed, but if the service is intended to be used as a lazy service, then it may be configured incorrectly.
05-03 19:20:10.905     0     0 E init    : Control message: Could not find 'vendor.qti.hardware.cacert@1.0::IService/default' for ctl.interface_start from pid: 660 (/system/system_ext/bin/hwservicemanager)
05-03 19:20:11.175     0     0 I binder  : 10172:10172 ioctl 40046210 7fe69267b4 returned -22
05-03 19:20:11.267   307 21605 I ActivityManager: Force stopping com.westlake.host appid=10218 user=0: from pid 10172
05-03 19:20:11.277  1166  1166 D CarrierSvcBindHelper: onHandleForceStop: [com.westlake.host]
05-03 19:20:11.277   307   767 I AppWidgetServiceImpl: Received broadcast: android.intent.action.PACKAGE_RESTARTED on user 0
05-03 19:20:11.277   307   767 I AppWidgetServiceImpl: Updating package stopped masked state for uid 10218 package com.westlake.host isStopped true
05-03 19:20:11.278  1166  1166 D CarrierSvcBindHelper: No carrier app for: 0
05-03 19:20:11.279  1166  1166 D CarrierSvcBindHelper: No carrier app for: 1
05-03 19:20:11.388     0     0 I QCOM-BATT: pl_fcc_vote_callback: total_fcc_ua=1950000
05-03 19:20:11.388     0     0 I QCOM-BATT: pl_fv_vote_callback: fv_uv=4400000
05-03 19:20:11.527   307 21605 W ActivityTaskManager: callingPackage for (uid=2000, pid=10172) has no WPC
05-03 19:20:11.533   307 21605 V GrammaticalInflectionUtils: AttributionSource: AttributionSource { uid = 10218, packageName = null, attributionTag = null, token = android.os.Binder@a81f694, deviceId = 0, next = null } does not have READ_SYSTEM_GRAMMATICAL_GENDER permission.
05-03 19:20:11.535   307 21605 W OptProp : Cannot read opt property android.window.PROPERTY_COMPAT_ALLOW_RESIZEABLE_ACTIVITY_OVERRIDES
05-03 19:20:11.536   307 21605 W OptProp : Cannot read opt property android.window.PROPERTY_COMPAT_ALLOW_MIN_ASPECT_RATIO_OVERRIDE
05-03 19:20:11.548   307 21605 W OptProp : Cannot read opt property android.window.PROPERTY_COMPAT_ALLOW_ORIENTATION_OVERRIDE
05-03 19:20:11.549  3320  3359 I BpBinder: onLastStrongRef automatically unlinking death recipients: 
05-03 19:20:11.552   307 21605 V SplashScreenExceptionList: SplashScreen checking exception for package com.westlake.host (target sdk:28) -> false
05-03 19:20:11.553  3220  3220 I android.hardware.power-service-qti: Power setMode: 5 to: 1
05-03 19:20:11.557  3267  3300 E ANDR-PERF-UTIL: Failed to read /sys/class/mmc_host/mmc0/clk_scaling/enable
05-03 19:20:11.557  3267  3300 E ANDR-PERF-OPTSHANDLER: Failed to read /sys/class/mmc_host/mmc0/clk_scaling/enable
05-03 19:20:11.557  3267  3300 E ANDR-PERF-RESOURCEQS: Failed to apply optimization [11, 4]
05-03 19:20:11.559   307 21605 I ActivityTaskManager: START u0 {flg=0x10000000 cmp=com.westlake.host/.WestlakeActivity (has extras)} with LAUNCH_MULTIPLE from uid 2000 (BAL_ALLOW_PERMISSION) result code=0
05-03 19:20:11.559   960   982 V WindowManagerShell: Transition requested (#4352): android.os.BinderProxy@60c410a TransitionRequestInfo { type = OPEN, triggerTask = TaskInfo{userId=0 taskId=2243 effectiveUid=10218 displayId=0 isRunning=true baseIntent=Intent { flg=0x10000000 cmp=com.westlake.host/.WestlakeActivity } baseActivity=ComponentInfo{com.westlake.host/com.westlake.host.WestlakeActivity} topActivity=ComponentInfo{com.westlake.host/com.westlake.host.WestlakeActivity} origActivity=null realActivity=ComponentInfo{com.westlake.host/com.westlake.host.WestlakeActivity} numActivities=1 lastActiveTime=2098204125 supportsMultiWindow=true resizeMode=1 isResizeable=true minWidth=-1 minHeight=-1 defaultMinSize=220 token=WCT{android.window.IWindowContainerToken$Stub$Proxy@6c4ed7b} topActivityType=1 pictureInPictureParams=null shouldDockBigOverlays=false launchIntoPipHostTaskId=-1 lastParentTaskIdBeforePip=-1 displayCutoutSafeInsets=Rect(0, 80 - 0, 0) topActivityInfo=ActivityInfo{a56c798 com.westlake.host.WestlakeActivity} launchCookies=[] positionInParent=Point(0, 0) parentTaskId=-1 isFocused=false isVisible=false isVisibleRequested=false isTopActivityNoDisplay=false isSleeping=false locusId=null displayAreaFeatureId=1 isTopActivityTransparent=false isActivityStackTransparent=false lastNonFullscreenBounds=Rect(267, 606 - 814, 1686) capturedLink=null capturedLinkTimestamp=0 requestedVisibleTypes=-9 topActivityRequestOpenInBrowserEducationTimestamp=0 appCompatTaskInfo=AppCompatTaskInfo { topActivityInSizeCompat=false eligibleForLetterboxEducation= false isLetterboxEducationEnabled= false isLetterboxDoubleTapEnabled= false eligibleForUserAspectRatioButton= false topActivityBoundsLetterboxed= false isFromLetterboxDoubleTap= false topActivityLetterboxVerticalPosition= -1 topActivityLetterboxHorizontalPosition= -1 topActivityLetterboxWidth=-1 topActivityLetterboxHeight=-1 topActivityLetterboxAppWidth=-1 topActivityLetterboxAppHeight=-1 isUserFullscreenOverrideEnabled=false isSystemFullscreenOverrideEnabled=false hasMinAspectRatioOverride=false topActivityLetterboxBounds=null cameraCompatTaskInfo=CameraCompatTaskInfo { freeformCameraCompatMode=inactive}} topActivityMainWindowFrame=null}, pipChange = null, remoteTransition = null, displayChange = null, flags = 0, debugId = 4352 }
05-03 19:20:11.560   960   982 D ShellSplitScreen: logExit: no-op, mLoggerSessionId is null
05-03 19:20:11.560   960  1004 I ndroid.systemui: AssetManager2(0x7bd46db138) locale list changing from [] to [en-US]
05-03 19:20:11.563  1230  1230 W SplitSelectStateCtor: Missing session instanceIds
05-03 19:20:11.563  1230  1230 D StatsLog: LAUNCHER_SPLIT_SELECTION_EXIT_INTERRUPTED
05-03 19:20:11.565   960  1005 D SplashScreenView: Build android.window.SplashScreenView{62ae657 V.E...... ......ID 0,0-0,0}
05-03 19:20:11.565   960  1005 D SplashScreenView: Icon: view: android.widget.ImageView{bcc544 V.ED..... ......I. 0,0-0,0 #1020525 android:id/splashscreen_icon_view} drawable: com.android.wm.shell.startingsurface.SplashscreenIconDrawableFactory$ImmobileIconDrawable@b12e62d size: 450
05-03 19:20:11.565   960  1005 D SplashScreenView: Branding: view: android.view.View{cfbe762 G.ED..... ......I. 0,0-0,0 #1020524 android:id/splashscreen_branding_view} drawable: null size w: 0 h: 0
05-03 19:20:11.565  3320  3320 I BpBinder: onLastStrongRef automatically unlinking death recipients: 
05-03 19:20:11.569   960   982 D WindowManagerShell: setLauncherKeepClearAreaHeight: visible=false, height=292
05-03 19:20:11.574   307   421 V GrammaticalInflectionUtils: AttributionSource: AttributionSource { uid = 10218, packageName = null, attributionTag = null, token = android.os.Binder@a81f694, deviceId = 0, next = null } does not have READ_SYSTEM_GRAMMATICAL_GENDER permission.
05-03 19:20:11.575  3080 29189 I netd    : tetherGetStats() -> {[]} <4.44ms>
05-03 19:20:11.585   307   767 I AppWidgetServiceImpl: Received broadcast: android.intent.action.PACKAGE_UNSTOPPED on user 0
05-03 19:20:11.586   307   767 I AppWidgetServiceImpl: Updating package stopped masked state for uid 10218 package com.westlake.host isStopped false
05-03 19:20:11.588   307  1401 D CoreBackPreview: Window{ece0e5a u0 Splash Screen com.westlake.host}: Setting back callback OnBackInvokedCallbackInfo{mCallback=android.window.IOnBackInvokedCallback$Stub$Proxy@3306581, mPriority=0, mIsAnimationCallback=false, mOverrideBehavior=0}
05-03 19:20:11.600  1650 32677 D ForegroundUtils: Foreground UID status:
05-03 19:20:11.600  1650 32677 D ForegroundUtils: UID: 10130 is in foreground: false
05-03 19:20:11.600  1650 32677 D ForegroundUtils: UID: 10152 is in foreground: true
05-03 19:20:11.600  1650 32677 D ForegroundUtils: UID: 10159 is in foreground: true
05-03 19:20:11.600  1650 32677 D ForegroundUtils: UID: 10173 is in foreground: true
05-03 19:20:11.600  1650 32677 D ForegroundUtils: UID: 10190 is in foreground: true
05-03 19:20:11.600  1650 32677 D ForegroundUtils: UID: 10193 is in foreground: false
05-03 19:20:11.601   307   780 D BackgroundInstallControlService: Package event received: 0
05-03 19:20:11.605 32752 32752 D Zygote  : Forked child process 10178
05-03 19:20:11.606   307   526 I ActivityManager: Start proc 10178:com.westlake.host/u0a218 for next-top-activity {com.westlake.host/com.westlake.host.WestlakeActivity}
05-03 19:20:11.619   307   388 V WindowManager: Sent Transition (#4352) createdAt=05-03 19:20:11.538 via request=TransitionRequestInfo { type = OPEN, triggerTask = TaskInfo{userId=0 taskId=2243 effectiveUid=10218 displayId=0 isRunning=true baseIntent=Intent { flg=0x10000000 cmp=com.westlake.host/.WestlakeActivity } baseActivity=ComponentInfo{com.westlake.host/com.westlake.host.WestlakeActivity} topActivity=ComponentInfo{com.westlake.host/com.westlake.host.WestlakeActivity} origActivity=null realActivity=ComponentInfo{com.westlake.host/com.westlake.host.WestlakeActivity} numActivities=1 lastActiveTime=2098204125 supportsMultiWindow=true resizeMode=1 isResizeable=true minWidth=-1 minHeight=-1 defaultMinSize=220 token=WCT{RemoteToken{e3d3180 Task{c1d3649 #2243 type=standard A=10218:com.westlake.host}}} topActivityType=1 pictureInPictureParams=null shouldDockBigOverlays=false launchIntoPipHostTaskId=-1 lastParentTaskIdBeforePip=-1 displayCutoutSafeInsets=Rect(0, 80 - 0, 0) topActivityInfo=ActivityInfo{e2343b9 com.westlake.host.WestlakeActivity} launchCookies=[] positionInParent=Point(0, 0) parentTaskId=-1 isFocused=false isVisible=false isVisibleRequested=false isTopActivityNoDisplay=false isSleeping=false locusId=null displayAreaFeatureId=1 isTopActivityTransparent=false isActivityStackTransparent=false lastNonFullscreenBounds=Rect(267, 606 - 814, 1686) capturedLink=null capturedLinkTimestamp=0 requestedVisibleTypes=-9 topActivityRequestOpenInBrowserEducationTimestamp=0 appCompatTaskInfo=AppCompatTaskInfo { topActivityInSizeCompat=false eligibleForLetterboxEducation= false isLetterboxEducationEnabled= false isLetterboxDoubleTapEnabled= false eligibleForUserAspectRatioButton= false topActivityBoundsLetterboxed= false isFromLetterboxDoubleTap= false topActivityLetterboxVerticalPosition= -1 topActivityLetterboxHorizontalPosition= -1 topActivityLetterboxWidth=-1 topActivityLetterboxHeight=-1 topActivityLetterboxAppWidth=-1 topActivityLetterboxAppHeight=-1 isUserFullscreenOverrideEnabled=false isSystemFullscreenOverrideEnabled=false hasMinAspectRatioOverride=false topActivityLetterboxBounds=null cameraCompatTaskInfo=CameraCompatTaskInfo { freeformCameraCompatMode=inactive}} topActivityMainWindowFrame=null}, pipChange = null, remoteTransition = null, displayChange = null, flags = 0, debugId = 4352 }
05-03 19:20:11.619   307   388 V WindowManager:     startWCT=WindowContainerTransaction { changes= {} hops= [] errorCallbackToken=null taskFragmentOrganizer=null }
05-03 19:20:11.619 10178 10178 I Zygote  : seccomp disabled by setenforce 0
05-03 19:20:11.619   307   388 V WindowManager:     info={id=4352 t=OPEN f=0x0 trk=0 r=[0@Point(0, 0)] c=[
05-03 19:20:11.619   307   388 V WindowManager:         {WCT{RemoteToken{e3d3180 Task{c1d3649 #2243 type=standard A=10218:com.westlake.host}}} m=OPEN f=NONE leash=Surface(name=Task=2243)/@0xde00eb2 sb=Rect(0, 0 - 1080, 2280) eb=Rect(0, 0 - 1080, 2280) epz=Point(1080, 2280) d=0 taskParent=-1},
05-03 19:20:11.619   307   388 V WindowManager:         {WCT{RemoteToken{cb0a3c2 Task{a516ecc #1 type=home}}} m=TO_BACK f=SHOW_WALLPAPER leash=Surface(name=Task=1)/@0xdc03e5b sb=Rect(0, 0 - 1080, 2280) eb=Rect(0, 0 - 1080, 2280) epz=Point(1080, 2280) d=0 taskParent=-1}
05-03 19:20:11.619   307   388 V WindowManager:     ]}
05-03 19:20:11.620   960 25344 V WindowManagerShell: onTransitionReady(transaction=1318555123107)
05-03 19:20:11.621   960   982 V WindowManagerShell: onTransitionReady (#4352) android.os.BinderProxy@60c410a: {id=4352 t=OPEN f=0x0 trk=0 r=[0@Point(0, 0)] c=[
05-03 19:20:11.621   960   982 V WindowManagerShell:         {m=OPEN f=NONE leash=Surface(name=Task=2243)/@0xffe0774 sb=Rect(0, 0 - 1080, 2280) eb=Rect(0, 0 - 1080, 2280) epz=Point(1080, 2280) d=0 taskParent=-1},
05-03 19:20:11.621   960   982 V WindowManagerShell:         {m=TO_BACK f=SHOW_WALLPAPER leash=Surface(name=Task=1)/@0xd26b49d sb=Rect(0, 0 - 1080, 2280) eb=Rect(0, 0 - 1080, 2280) epz=Point(1080, 2280) d=0 taskParent=-1}
05-03 19:20:11.621   960   982 V WindowManagerShell:     ]}
05-03 19:20:11.621   960   982 V WindowManagerShell: Playing animation for (#4352) android.os.BinderProxy@60c410a@0
05-03 19:20:11.621   960   982 V ShellRecents: RecentsTransitionHandler.startAnimation: no controller found
05-03 19:20:11.621   960   982 V WindowManagerShell: Transition doesn't have explicit remote, search filters for match for {id=4352 t=OPEN f=0x0 trk=0 r=[0@Point(0, 0)] c=[{m=OPEN f=NONE leash=Surface(name=Task=2243)/@0xffe0774 sb=Rect(0, 0 - 1080, 2280) eb=Rect(0, 0 - 1080, 2280) epz=Point(1080, 2280) d=0 taskParent=-1},{m=TO_BACK f=SHOW_WALLPAPER leash=Surface(name=Task=1)/@0xd26b49d sb=Rect(0, 0 - 1080, 2280) eb=Rect(0, 0 - 1080, 2280) epz=Point(1080, 2280) d=0 taskParent=-1}]}
05-03 19:20:11.621   960   982 V WindowManagerShell:  Checking filter Pair{{types=[] flags=0x0] notFlags=0x100 checks=[{atype=home independent=true modes=[OPEN,TO_FRONT] flags=NONE mustBeTask=false order=TOP topActivity=ComponentInfo{com.android.launcher3/com.android.launcher3.uioverrides.QuickstepLauncher} launchCookie=null windowingMode=undefined},{atype=standard independent=true modes=[CLOSE,TO_BACK] flags=NONE mustBeTask=false order=ANY topActivity=null launchCookie=null windowingMode=undefined},{NOT atype=undefined independent=true modes=[] flags=NONE mustBeTask=true order=ANY topActivity=null launchCookie=null customAnim=true windowingMode=undefined}]} RemoteTransition { remoteTransition = android.window.IRemoteTransition$Stub$Proxy@ae59c67, appThread = android.app.IApplicationThread$Stub$Proxy@8152a14, debugName = QuickstepLaunchHome }}
05-03 19:20:11.621   960   982 V WindowManagerShell:  Delegate animation for (#4352) to null
05-03 19:20:11.621   960   982 V WindowManagerShell: start default transition animation, info = {id=4352 t=OPEN f=0x0 trk=0 r=[0@Point(0, 0)] c=[{m=OPEN f=NONE leash=Surface(name=Task=2243)/@0xffe0774 sb=Rect(0, 0 - 1080, 2280) eb=Rect(0, 0 - 1080, 2280) epz=Point(1080, 2280) d=0 taskParent=-1},{m=TO_BACK f=SHOW_WALLPAPER leash=Surface(name=Task=1)/@0xd26b49d sb=Rect(0, 0 - 1080, 2280) eb=Rect(0, 0 - 1080, 2280) epz=Point(1080, 2280) d=0 taskParent=-1}]}
05-03 19:20:11.622   960   982 V WindowManagerShell: loadAnimation: anim=android.view.animation.AnimationSet@b3efd99 animAttr=0x13 type=OPEN isEntrance=false
05-03 19:20:11.623   960   982 V WindowManagerShell: loadAnimation: anim=android.view.animation.AnimationSet@4f8da55 animAttr=0x12 type=OPEN isEntrance=true
05-03 19:20:11.623   307 21409 W UserManagerService: Requested status bar icon for non-badged user 0
05-03 19:20:11.624   960   982 V WindowManagerShell:  animated by com.android.wm.shell.transition.DefaultTransitionHandler@6c3a7ac
05-03 19:20:11.631 10178 10178 I m.westlake.host: Late-enabling -Xcheck:jni
05-03 19:20:11.687 10178 10178 I m.westlake.host: Using CollectorTypeCC GC.
05-03 19:20:11.695 23361 23366 I adbd    : jdwp connection from 10178
05-03 19:20:11.706 10178 10178 D nativeloader: Load libframework-connectivity-tiramisu-jni.so using APEX ns com_android_tethering for caller /apex/com.android.tethering/javalib/framework-connectivity-t.jar: ok
05-03 19:20:11.620     0     0 I binder  : 10178:10178 ioctl 40046210 7fd4a812f4 returned -22
05-03 19:20:11.724   307   780 D BackgroundInstallControlService: Package event received: 0
05-03 19:20:11.727  1650 32677 D ForegroundUtils: Foreground UID status:
05-03 19:20:11.727  1650 32677 D ForegroundUtils: UID: 10130 is in foreground: false
05-03 19:20:11.727  1650 32677 D ForegroundUtils: UID: 10152 is in foreground: true
05-03 19:20:11.727  1650 32677 D ForegroundUtils: UID: 10159 is in foreground: true
05-03 19:20:11.727  1650 32677 D ForegroundUtils: UID: 10173 is in foreground: true
05-03 19:20:11.727  1650 32677 D ForegroundUtils: UID: 10190 is in foreground: true
05-03 19:20:11.727  1650 32677 D ForegroundUtils: UID: 10193 is in foreground: false
05-03 19:20:11.727  1650 32677 D ForegroundUtils: UID: 10218 is in foreground: true
05-03 19:20:11.749 10178 10178 D nativeloader: Load libstats_jni.so using APEX ns com_android_os_statsd for caller /apex/com.android.os.statsd/javalib/framework-statsd.jar: ok
05-03 19:20:11.787 10178 10178 D ApplicationLoaders: Returning zygote-cached class loader: /system/framework/android.test.base.jar
05-03 19:20:11.789 10178 10178 W ziparchive: Unable to open '/data/app/~~OrZBy72vIXZo61ol8Z-mJg==/com.westlake.host-1a2sRaoqlyMgNAsqJLbj-w==/base.dm': No such file or directory
05-03 19:20:11.789 10178 10178 W ziparchive: Unable to open '/data/app/~~OrZBy72vIXZo61ol8Z-mJg==/com.westlake.host-1a2sRaoqlyMgNAsqJLbj-w==/base.dm': No such file or directory
05-03 19:20:11.754     0     0 E FG      : fg_psy_get_property: unsupported property 79
05-03 19:20:11.765     0     0 E FG      : fg_psy_get_property: unsupported property 79
05-03 19:20:11.868  1126  1126 D QtiCarrierConfigHelper: WARNING, no carrier configs on phone Id: 0
05-03 19:20:11.773     0     0 W healthd : battery l=100 v=3174 t=25.5 h=2 st=5 c=0 fc=2831000 chg=u
05-03 19:20:11.870   960  1373 D PowerUI : can't show warning due to - plugged: true status unknown: false
05-03 19:20:11.794     0     0 E FG      : fg_psy_get_property: unsupported property 79
05-03 19:20:11.913   960   982 V WindowManagerShell: Transition animation finished (aborted=false), notifying core (#4352) android.os.BinderProxy@60c410a@0
05-03 19:20:11.915   307   388 V WindowManager: Finish Transition (#4352): created at 05-03 19:20:11.538 collect-started=0.145ms request-sent=20.281ms started=22.297ms ready=77.773ms sent=79.936ms finished=377.23ms
05-03 19:20:11.917  1230  1230 D VRI[QuickstepLauncher]: visibilityChanged oldVisibility=true newVisibility=false
05-03 19:20:11.919   960   982 V WindowManagerShell: Track 0 became idle
05-03 19:20:11.919   960   982 V WindowManagerShell: All active transition animations finished
05-03 19:20:11.920   307 26419 W UserManagerService: Requested status bar icon for non-badged user 0
05-03 19:20:11.921   307 26419 W UserManagerService: Requested status bar icon for non-badged user 0
05-03 19:20:11.990  3704  3747 W HidlServiceManagement: Waited one second for vendor.qti.hardware.cacert@1.0::IService/default
05-03 19:20:11.990   660   660 I hwservicemanager: Since vendor.qti.hardware.cacert@1.0::IService/default is not registered, trying to start it as a lazy HAL (if it's not configured to be a lazy HAL, it may be stuck starting or still starting).
05-03 19:20:11.990  3704  3747 I HidlServiceManagement: getService: Trying again for vendor.qti.hardware.cacert@1.0::IService/default...
05-03 19:20:11.992   660 10191 W libc    : Unable to set property "ctl.interface_start" to "vendor.qti.hardware.cacert@1.0::IService/default": PROP_ERROR_HANDLE_CONTROL_MESSAGE (0x20)
05-03 19:20:11.992   660 10191 I hwservicemanager: Tried to start vendor.qti.hardware.cacert@1.0::IService/default as a lazy service, but was unable to. Usually this happens when a service is not installed, but if the service is intended to be used as a lazy service, then it may be configured incorrectly.
05-03 19:20:11.905     0     0 E init    : Control message: Could not find 'vendor.qti.hardware.cacert@1.0::IService/default' for ctl.interface_start from pid: 660 (/system/system_ext/bin/hwservicemanager)
05-03 19:20:12.359  3750  3789 E QMI_FW  : qmi_cci_get_ref: ref count increased 2
05-03 19:20:12.907 10178 10178 D nativeloader: Configuring clns-7 for other apk /data/app/~~OrZBy72vIXZo61ol8Z-mJg==/com.westlake.host-1a2sRaoqlyMgNAsqJLbj-w==/base.apk. target_sdk_version=28, uses_libraries=, library_path=/data/app/~~OrZBy72vIXZo61ol8Z-mJg==/com.westlake.host-1a2sRaoqlyMgNAsqJLbj-w==/lib/arm64:/data/app/~~OrZBy72vIXZo61ol8Z-mJg==/com.westlake.host-1a2sRaoqlyMgNAsqJLbj-w==/base.apk!/lib/arm64-v8a, permitted_path=/data:/mnt/expand:/data/user/0/com.westlake.host
05-03 19:20:12.916 10178 10178 I m.westlake.host: AssetManager2(0x7bd463b4f8) locale list changing from [] to [en-US]
05-03 19:20:12.930 10178 10178 V GraphicsEnvironment: Currently set values for:
05-03 19:20:12.930 10178 10178 V GraphicsEnvironment:   angle_gl_driver_selection_pkgs=[]
05-03 19:20:12.930 10178 10178 V GraphicsEnvironment:   angle_gl_driver_selection_values=[]
05-03 19:20:12.930 10178 10178 V GraphicsEnvironment: com.westlake.host is not listed in per-application setting
05-03 19:20:12.931 10178 10178 V GraphicsEnvironment: Neither updatable production driver nor prerelease driver is supported.
05-03 19:20:12.990   307   780 D BackgroundInstallControlService: Package event received: 0
05-03 19:20:12.990   307   780 D BackgroundInstallControlService: Package event received: 0
05-03 19:20:12.991  3704  3747 W HidlServiceManagement: Waited one second for vendor.qti.hardware.cacert@1.0::IService/default
05-03 19:20:12.991   660   660 I hwservicemanager: Since vendor.qti.hardware.cacert@1.0::IService/default is not registered, trying to start it as a lazy HAL (if it's not configured to be a lazy HAL, it may be stuck starting or still starting).
05-03 19:20:12.992  3704  3747 I HidlServiceManagement: getService: Trying again for vendor.qti.hardware.cacert@1.0::IService/default...
05-03 19:20:12.992   660 10195 W libc    : Unable to set property "ctl.interface_start" to "vendor.qti.hardware.cacert@1.0::IService/default": PROP_ERROR_HANDLE_CONTROL_MESSAGE (0x20)
05-03 19:20:12.993   660 10195 I hwservicemanager: Tried to start vendor.qti.hardware.cacert@1.0::IService/default as a lazy service, but was unable to. Usually this happens when a service is not installed, but if the service is intended to be used as a lazy service, then it may be configured incorrectly.
05-03 19:20:12.906     0     0 E init    : Control message: Could not find 'vendor.qti.hardware.cacert@1.0::IService/default' for ctl.interface_start from pid: 660 (/system/system_ext/bin/hwservicemanager)
05-03 19:20:13.002 10178 10178 I m.westlake.host: AssetManager2(0x7bd463fff8) locale list changing from [] to [en-US]
05-03 19:20:13.051 10178 10178 I Westlake: WestlakeActivity onCreate (ComponentActivity + Compose)
05-03 19:20:13.051 10178 10178 I Westlake: Auto-launching: WESTLAKE_ART_NOICE
05-03 19:20:13.060 10178 10178 E Westlake: launchCustomApp: engineClassLoader is null!
05-03 19:20:13.061 10178 10199 I Westlake: Extracting DEX files...
05-03 19:20:13.079 10178 10178 D DesktopModeFlagsUtil: Toggle override initialized to: OVERRIDE_UNSET
05-03 19:20:13.163 10178 10178 D InsetsController: Setting requestedVisibleTypes to -10 (was -9)
05-03 19:20:13.165   307 26419 W WindowManager: Failed looking up window session=Session{17cc074 10178:u0a10218} callers=com.android.server.wm.WindowManagerService.windowForClientLocked:6324 com.android.server.wm.Session.updateRequestedVisibleTypes:699 android.view.IWindowSession$Stub.onTransact:1023 
05-03 19:20:13.189   307  4369 D CoreBackPreview: Window{ddf6fe0 u0 com.westlake.host/com.westlake.host.WestlakeActivity}: Setting back callback OnBackInvokedCallbackInfo{mCallback=android.window.IOnBackInvokedCallback$Stub$Proxy@98db95e, mPriority=0, mIsAnimationCallback=false, mOverrideBehavior=0}
05-03 19:20:13.208 10178 10196 I AdrenoGLES-0: QUALCOMM build                   : 8e5405b, I57aaec3440
05-03 19:20:13.208 10178 10196 I AdrenoGLES-0: Build Date                       : 05/21/21
05-03 19:20:13.208 10178 10196 I AdrenoGLES-0: OpenGL ES Shader Compiler Version: EV031.32.02.10
05-03 19:20:13.208 10178 10196 I AdrenoGLES-0: Local Branch                     : mybranchebba1dbe-451b-f160-ac81-1458d0b52ae8
05-03 19:20:13.208 10178 10196 I AdrenoGLES-0: Remote Branch                    : quic/gfx-adreno.lnx.1.0.r135-rel
05-03 19:20:13.208 10178 10196 I AdrenoGLES-0: Remote Branch                    : NONE
05-03 19:20:13.208 10178 10196 I AdrenoGLES-0: Reconstruct Branch               : NOTHING
05-03 19:20:13.208 10178 10196 I AdrenoGLES-0: Build Config                     : S P 10.0.7 AArch64
05-03 19:20:13.208 10178 10196 I AdrenoGLES-0: Driver Path                      : /vendor/lib64/egl/libGLESv2_adreno.so
05-03 19:20:13.215 10178 10196 I AdrenoGLES-0: PFP: 0x016ee190, ME: 0x00000000
05-03 19:20:13.238  3320  3359 E HWComposer: getSupportedContentTypes: getSupportedContentTypes failed for display 4630946883826275713: UNSUPPORTED (8)
05-03 19:20:13.241   660   660 I hwservicemanager: getTransport: Cannot find entry android.hardware.graphics.mapper@4.0::IMapper/default in either framework or device VINTF manifest.
05-03 19:20:13.242 10178 10202 I Gralloc4: mapper 4.x is not supported
05-03 19:20:13.242   660   660 I hwservicemanager: getTransport: Cannot find entry android.hardware.graphics.mapper@3.0::IMapper/default in either framework or device VINTF manifest.
05-03 19:20:13.243 10178 10202 W Gralloc3: mapper 3.x is not supported
05-03 19:20:13.154     0     0 I servicemanager: Caller(pid=10178,uid=10218,sid=u:r:untrusted_app_27:s0:c218,c256,c512,c768) Could not find android.hardware.graphics.allocator.IAllocator/default in the VINTF manifest. No alternative instances declared in VINTF.
05-03 19:20:13.154     0     0 I binder  : 10178:10202 ioctl 40046210 7a85148094 returned -22
05-03 19:20:13.251 10178 10202 I Gralloc2: Adding additional valid usage bits: 0x8202000
05-03 19:20:13.255 10178 10199 E m.westlake.host: Attempt to load writable dex file: /data/user/0/com.westlake.host/cache/aosp-shim.dex
05-03 19:20:13.255 10178 10199 W m.westlake.host: Unsupported class loader
05-03 19:20:13.330   307   388 W ziparchive: Unable to open '/data/app/~~OrZBy72vIXZo61ol8Z-mJg==/com.westlake.host-1a2sRaoqlyMgNAsqJLbj-w==/base.dm': No such file or directory
05-03 19:20:13.336   307   388 I ActivityTaskManager: Displayed com.westlake.host/.WestlakeActivity for user 0: +1s803ms
05-03 19:20:13.346 10178 10199 E m.westlake.host: Attempt to load writable dex file: /data/user/0/com.westlake.host/cache/app.dex
05-03 19:20:13.347 10178 10199 W m.westlake.host: Unsupported class loader
05-03 19:20:13.357   307   656 I ImeTracker: com.westlake.host:ef3623d5: onRequestHide at ORIGIN_SERVER reason HIDE_UNSPECIFIED_WINDOW fromUser false
05-03 19:20:13.361  3220  3220 I android.hardware.power-service-qti: Power setMode: 5 to: 0
05-03 19:20:13.362 10178 10178 D InsetsController: hide(ime(), fromIme=false)
05-03 19:20:13.364 10178 10178 I ImeTracker: com.westlake.host:ef3623d5: onCancelled at PHASE_CLIENT_ALREADY_HIDDEN
05-03 19:20:13.368  1230  1230 D BaseDepthController: setSurface:
05-03 19:20:13.368  1230  1230 D BaseDepthController: 	mWaitingOnSurfaceValidity: false
05-03 19:20:13.368  1230  1230 D BaseDepthController: 	mSurface: null
05-03 19:20:13.370  1230  1230 D StateManager: goToState - fromState: Normal, toState: Normal, partial trace:
05-03 19:20:13.370  1230  1230 D StateManager: 	at com.android.launcher3.statemanager.StateManager.moveToRestState(StateManager.java:465)
05-03 19:20:13.370  1230  1230 D StateManager: 	at com.android.launcher3.statemanager.StateManager.moveToRestState(StateManager.java:456)
05-03 19:20:13.370  1230  1230 D StateManager: 	at com.android.launcher3.statemanager.StatefulActivity.onStop(StatefulActivity.java:136)
05-03 19:20:13.370  1230  1230 D StatsLog: LAUNCHER_ONSTOP
05-03 19:20:13.370   307  4369 I AppWidgetServiceImpl: setAppWidgetHidden() 0
05-03 19:20:13.377   307   780 D BackgroundInstallControlService: Package event received: 0
05-03 19:20:13.378  1650 32677 D ForegroundUtils: Foreground UID status:
05-03 19:20:13.379  1650 32677 D ForegroundUtils: UID: 10130 is in foreground: false
05-03 19:20:13.379  1650 32677 D ForegroundUtils: UID: 10152 is in foreground: false
05-03 19:20:13.379  1650 32677 D ForegroundUtils: UID: 10159 is in foreground: true
05-03 19:20:13.379  1650 32677 D ForegroundUtils: UID: 10173 is in foreground: true
05-03 19:20:13.379  1650 32677 D ForegroundUtils: UID: 10190 is in foreground: true
05-03 19:20:13.379  1650 32677 D ForegroundUtils: UID: 10193 is in foreground: false
05-03 19:20:13.379  1650 32677 D ForegroundUtils: UID: 10218 is in foreground: true
05-03 19:20:13.382  3080 29189 I netd    : tetherGetStats() -> {[]} <1.80ms>
05-03 19:20:13.460 10178 10199 W m.westlake.host: Unsupported class loader
05-03 19:20:13.563 10178 10199 E m.westlake.host: No implementation found for java.lang.String com.westlake.engine.WestlakeLauncher.nativeVmProperty(java.lang.String) (tried Java_com_westlake_engine_WestlakeLauncher_nativeVmProperty and Java_com_westlake_engine_WestlakeLauncher_nativeVmProperty__Ljava_lang_String_2) - is the library loaded, e.g. System.loadLibrary?
05-03 19:20:13.564 10178 10199 E m.westlake.host: No implementation found for byte[] com.westlake.engine.WestlakeLauncher.nativeReadFileBytes(java.lang.String) (tried Java_com_westlake_engine_WestlakeLauncher_nativeReadFileBytes and Java_com_westlake_engine_WestlakeLauncher_nativeReadFileBytes__Ljava_lang_String_2) - is the library loaded, e.g. System.loadLibrary?
05-03 19:20:13.566 10178 10199 E m.westlake.host: No implementation found for void com.westlake.engine.WestlakeLauncher.nativeLog(java.lang.String) (tried Java_com_westlake_engine_WestlakeLauncher_nativeLog and Java_com_westlake_engine_WestlakeLauncher_nativeLog__Ljava_lang_String_2) - is the library loaded, e.g. System.loadLibrary?
05-03 19:20:13.568 10178 10199 D nativeloader: Configuring clns-8 for other apk . target_sdk_version=28, uses_libraries=ALL, library_path=/data/app/~~OrZBy72vIXZo61ol8Z-mJg==/com.westlake.host-1a2sRaoqlyMgNAsqJLbj-w==/lib/arm64, permitted_path=/data:/mnt/expand
05-03 19:20:13.571 10178 10199 D nativeloader: Load /data/local/tmp/westlake/liboh_bridge.so using isolated ns clns-8 (caller=/data/user/0/com.westlake.host/cache/aosp-shim.dex): ok
05-03 19:20:13.572 10178 10199 I OHBridge: libohbridge_native loaded
05-03 19:20:13.562 10178 10178 W WestlakeEngine: type=1400 audit(0.0:56200): avc:  granted  { execute } for  path="/data/local/tmp/westlake/liboh_bridge.so" dev="sda17" ino=1973263 scontext=u:r:untrusted_app_27:s0:c218,c256,c512,c768 tcontext=u:object_r:app_data_file:s0:c218,c256,c512,c768 tclass=file app=com.westlake.host
05-03 19:20:13.573 10178 10199 E m.westlake.host: No implementation found for void com.ohos.shim.bridge.OHBridge.logInfo(java.lang.String, java.lang.String) (tried Java_com_ohos_shim_bridge_OHBridge_logInfo and Java_com_ohos_shim_bridge_OHBridge_logInfo__Ljava_lang_String_2Ljava_lang_String_2) - is the library loaded, e.g. System.loadLibrary?
05-03 19:20:13.573 10178 10199 I Westlake: HostBridge: host set to WestlakeActivity
05-03 19:20:13.573 10178 10199 I Westlake: Engine DEX loaded (child-first DexClassLoader)
05-03 19:20:13.709 10178 10207 W InteractionJankMonitor: Initializing without READ_DEVICE_CONFIG permission. enabled=true, interval=1, missedFrameThreshold=3, frameTimeThreshold=64, package=com.westlake.host
05-03 19:20:13.710   960  1004 W WindowOnBackDispatcher: sendCancelIfRunning: isInProgress=false callback=android.view.ViewRootImpl$$ExternalSyntheticLambda13@8e7ade5
05-03 19:20:13.710   307  4369 D CoreBackPreview: Window{ece0e5a u0 Splash Screen com.westlake.host EXITING}: Setting back callback null
05-03 19:20:13.715  3220  3220 I android.hardware.power-service-qti: Power setBoost: 0, duration: 0
05-03 19:20:13.760   960  1004 W FrameTracker: Missing SF jank callback for vsyncId: 93539940, CUJ=J<SPLASHSCREEN_EXIT_ANIM>
05-03 19:20:13.760   960  1004 W FrameTracker: Missing SF jank callback for vsyncId: 93539976, CUJ=J<SPLASHSCREEN_EXIT_ANIM>
05-03 19:20:13.760   960  1004 W FrameTracker: Missing SF jank callback for vsyncId: 93540015, CUJ=J<SPLASHSCREEN_EXIT_ANIM>
05-03 19:20:13.760   960  1004 W FrameTracker: Missing SF jank callback for vsyncId: 93540059, CUJ=J<SPLASHSCREEN_EXIT_ANIM>
05-03 19:20:13.760   960  1004 W FrameTracker: Missing SF jank callback for vsyncId: 93540078, CUJ=J<SPLASHSCREEN_EXIT_ANIM>
05-03 19:20:13.760   960  1004 W FrameTracker: Missing SF jank callback for vsyncId: 93540097, CUJ=J<SPLASHSCREEN_EXIT_ANIM>
05-03 19:20:13.760   960  1004 W FrameTracker: Missing SF jank callback for vsyncId: 93540116, CUJ=J<SPLASHSCREEN_EXIT_ANIM>
05-03 19:20:13.761   960  1004 W FrameTracker: Missing SF jank callback for vsyncId: 93540135, CUJ=J<SPLASHSCREEN_EXIT_ANIM>
05-03 19:20:13.761   960  1004 W FrameTracker: Missing SF jank callback for vsyncId: 93540173, CUJ=J<SPLASHSCREEN_EXIT_ANIM>
05-03 19:20:13.761   960  1004 W FrameTracker: Missing SF jank callback for vsyncId: 93540186, CUJ=J<SPLASHSCREEN_EXIT_ANIM>
05-03 19:20:13.761   960  1004 W FrameTracker: Missing SF jank callback for vsyncId: 93540199, CUJ=J<SPLASHSCREEN_EXIT_ANIM>
05-03 19:20:13.761   960  1004 W FrameTracker: Missing SF jank callback for vsyncId: 93540212, CUJ=J<SPLASHSCREEN_EXIT_ANIM>
05-03 19:20:13.762   960  1004 W FrameTracker: Missing SF jank callback for vsyncId: 93540225, CUJ=J<SPLASHSCREEN_EXIT_ANIM>
05-03 19:20:13.762   960  1004 W FrameTracker: Missing SF jank callback for vsyncId: 93540238, CUJ=J<SPLASHSCREEN_EXIT_ANIM>
05-03 19:20:13.762   960  1004 W FrameTracker: Missing SF jank callback for vsyncId: 93540251, CUJ=J<SPLASHSCREEN_EXIT_ANIM>
05-03 19:20:13.762   960  1004 W FrameTracker: Missing SF jank callback for vsyncId: 93540264, CUJ=J<SPLASHSCREEN_EXIT_ANIM>
05-03 19:20:13.762   960  1004 W FrameTracker: Missing SF jank callback for vsyncId: 93540277, CUJ=J<SPLASHSCREEN_EXIT_ANIM>
05-03 19:20:13.992  3704  3747 W HidlServiceManagement: Waited one second for vendor.qti.hardware.cacert@1.0::IService/default
05-03 19:20:13.994   660   660 I hwservicemanager: Since vendor.qti.hardware.cacert@1.0::IService/default is not registered, trying to start it as a lazy HAL (if it's not configured to be a lazy HAL, it may be stuck starting or still starting).
05-03 19:20:13.995  3704  3747 I HidlServiceManagement: getService: Trying again for vendor.qti.hardware.cacert@1.0::IService/default...
05-03 19:20:14.000   660 10212 W libc    : Unable to set property "ctl.interface_start" to "vendor.qti.hardware.cacert@1.0::IService/default": PROP_ERROR_HANDLE_CONTROL_MESSAGE (0x20)
05-03 19:20:14.000   660 10212 I hwservicemanager: Tried to start vendor.qti.hardware.cacert@1.0::IService/default as a lazy service, but was unable to. Usually this happens when a service is not installed, but if the service is intended to be used as a lazy service, then it may be configured incorrectly.
05-03 19:20:13.913     0     0 E init    : Control message: Could not find 'vendor.qti.hardware.cacert@1.0::IService/default' for ctl.interface_start from pid: 660 (/system/system_ext/bin/hwservicemanager)
05-03 19:20:14.995  3704  3747 W HidlServiceManagement: Waited one second for vendor.qti.hardware.cacert@1.0::IService/default
05-03 19:20:14.996   660   660 I hwservicemanager: Since vendor.qti.hardware.cacert@1.0::IService/default is not registered, trying to start it as a lazy HAL (if it's not configured to be a lazy HAL, it may be stuck starting or still starting).
05-03 19:20:14.998  3704  3747 I HidlServiceManagement: getService: Trying again for vendor.qti.hardware.cacert@1.0::IService/default...
05-03 19:20:14.912     0     0 E init    : Control message: Could not find 'vendor.qti.hardware.cacert@1.0::IService/default' for ctl.interface_start from pid: 660 (/system/system_ext/bin/hwservicemanager)
05-03 19:20:14.999   660 10213 W libc    : Unable to set property "ctl.interface_start" to "vendor.qti.hardware.cacert@1.0::IService/default": PROP_ERROR_HANDLE_CONTROL_MESSAGE (0x20)
05-03 19:20:14.999   660 10213 I hwservicemanager: Tried to start vendor.qti.hardware.cacert@1.0::IService/default as a lazy service, but was unable to. Usually this happens when a service is not installed, but if the service is intended to be used as a lazy service, then it may be configured incorrectly.
05-03 19:20:15.998  3704  3747 W HidlServiceManagement: Waited one second for vendor.qti.hardware.cacert@1.0::IService/default
05-03 19:20:16.000   660   660 I hwservicemanager: Since vendor.qti.hardware.cacert@1.0::IService/default is not registered, trying to start it as a lazy HAL (if it's not configured to be a lazy HAL, it may be stuck starting or still starting).
05-03 19:20:16.002  3704  3747 I HidlServiceManagement: getService: Trying again for vendor.qti.hardware.cacert@1.0::IService/default...
05-03 19:20:16.006   660 10214 W libc    : Unable to set property "ctl.interface_start" to "vendor.qti.hardware.cacert@1.0::IService/default": PROP_ERROR_HANDLE_CONTROL_MESSAGE (0x20)
05-03 19:20:16.006   660 10214 I hwservicemanager: Tried to start vendor.qti.hardware.cacert@1.0::IService/default as a lazy service, but was unable to. Usually this happens when a service is not installed, but if the service is intended to be used as a lazy service, then it may be configured incorrectly.
05-03 19:20:15.919     0     0 E init    : Control message: Could not find 'vendor.qti.hardware.cacert@1.0::IService/default' for ctl.interface_start from pid: 660 (/system/system_ext/bin/hwservicemanager)
05-03 19:20:17.002  3704  3747 W HidlServiceManagement: Waited one second for vendor.qti.hardware.cacert@1.0::IService/default
05-03 19:20:17.006   660   660 I hwservicemanager: Since vendor.qti.hardware.cacert@1.0::IService/default is not registered, trying to start it as a lazy HAL (if it's not configured to be a lazy HAL, it may be stuck starting or still starting).
05-03 19:20:17.008  3704  3747 I HidlServiceManagement: getService: Trying again for vendor.qti.hardware.cacert@1.0::IService/default...
05-03 19:20:17.011   660 10215 W libc    : Unable to set property "ctl.interface_start" to "vendor.qti.hardware.cacert@1.0::IService/default": PROP_ERROR_HANDLE_CONTROL_MESSAGE (0x20)
05-03 19:20:17.011   660 10215 I hwservicemanager: Tried to start vendor.qti.hardware.cacert@1.0::IService/default as a lazy service, but was unable to. Usually this happens when a service is not installed, but if the service is intended to be used as a lazy service, then it may be configured incorrectly.
05-03 19:20:16.924     0     0 E init    : Control message: Could not find 'vendor.qti.hardware.cacert@1.0::IService/default' for ctl.interface_start from pid: 660 (/system/system_ext/bin/hwservicemanager)
05-03 19:20:17.787     0     0 I QCOM-BATT: pl_fcc_vote_callback: total_fcc_ua=1950000
05-03 19:20:17.787     0     0 I QCOM-BATT: pl_fv_vote_callback: fv_uv=4400000
05-03 19:20:18.008  3704  3747 W HidlServiceManagement: Waited one second for vendor.qti.hardware.cacert@1.0::IService/default
05-03 19:20:18.010   660   660 I hwservicemanager: Since vendor.qti.hardware.cacert@1.0::IService/default is not registered, trying to start it as a lazy HAL (if it's not configured to be a lazy HAL, it may be stuck starting or still starting).
05-03 19:20:18.011  3704  3747 I HidlServiceManagement: getService: Trying again for vendor.qti.hardware.cacert@1.0::IService/default...
05-03 19:20:17.927     0     0 E init    : Control message: Could not find 'vendor.qti.hardware.cacert@1.0::IService/default' for ctl.interface_start from pid: 660 (/system/system_ext/bin/hwservicemanager)
05-03 19:20:18.015   660 10216 W libc    : Unable to set property "ctl.interface_start" to "vendor.qti.hardware.cacert@1.0::IService/default": PROP_ERROR_HANDLE_CONTROL_MESSAGE (0x20)
05-03 19:20:18.015   660 10216 I hwservicemanager: Tried to start vendor.qti.hardware.cacert@1.0::IService/default as a lazy service, but was unable to. Usually this happens when a service is not installed, but if the service is intended to be used as a lazy service, then it may be configured incorrectly.
05-03 19:20:18.198 10178 10217 D ProfileInstaller: Installing profile for com.westlake.host
05-03 19:20:18.145     0     0 E FG      : fg_psy_get_property: unsupported property 79
05-03 19:20:18.152     0     0 E FG      : fg_psy_get_property: unsupported property 79
05-03 19:20:18.157     0     0 W healthd : battery l=100 v=3175 t=25.4 h=2 st=5 c=0 fc=2831000 chg=u
05-03 19:20:18.251  1126  1126 D QtiCarrierConfigHelper: WARNING, no carrier configs on phone Id: 0
05-03 19:20:18.253   960  2050 D PowerUI : can't show warning due to - plugged: true status unknown: false
05-03 19:20:18.166     0     0 E FG      : fg_psy_get_property: unsupported property 79
05-03 19:20:19.005  1088  1265 E bluetooth: system/gd/os/linux_generic/files.cc:223 FileCreatedTime: unable to read '/data/misc/bluetooth/logs/btsnooz_hci.log' file metadata, error: No such file or directory
05-03 19:20:19.011  3704  3747 W HidlServiceManagement: Waited one second for vendor.qti.hardware.cacert@1.0::IService/default
05-03 19:20:19.012   660   660 I hwservicemanager: Since vendor.qti.hardware.cacert@1.0::IService/default is not registered, trying to start it as a lazy HAL (if it's not configured to be a lazy HAL, it may be stuck starting or still starting).
05-03 19:20:19.013  3704  3747 I HidlServiceManagement: getService: Trying again for vendor.qti.hardware.cacert@1.0::IService/default...
05-03 19:20:19.017   660 10219 W libc    : Unable to set property "ctl.interface_start" to "vendor.qti.hardware.cacert@1.0::IService/default": PROP_ERROR_HANDLE_CONTROL_MESSAGE (0x20)
05-03 19:20:19.017   660 10219 I hwservicemanager: Tried to start vendor.qti.hardware.cacert@1.0::IService/default as a lazy service, but was unable to. Usually this happens when a service is not installed, but if the service is intended to be used as a lazy service, then it may be configured incorrectly.
05-03 19:20:18.929     0     0 E init    : Control message: Could not find 'vendor.qti.hardware.cacert@1.0::IService/default' for ctl.interface_start from pid: 660 (/system/system_ext/bin/hwservicemanager)
05-03 19:20:20.014  3704  3747 W HidlServiceManagement: Waited one second for vendor.qti.hardware.cacert@1.0::IService/default
05-03 19:20:20.015   660   660 I hwservicemanager: Since vendor.qti.hardware.cacert@1.0::IService/default is not registered, trying to start it as a lazy HAL (if it's not configured to be a lazy HAL, it may be stuck starting or still starting).
05-03 19:20:20.016  3704  3747 I HidlServiceManagement: getService: Trying again for vendor.qti.hardware.cacert@1.0::IService/default...
05-03 19:20:20.019   660 10220 W libc    : Unable to set property "ctl.interface_start" to "vendor.qti.hardware.cacert@1.0::IService/default": PROP_ERROR_HANDLE_CONTROL_MESSAGE (0x20)
05-03 19:20:20.020   660 10220 I hwservicemanager: Tried to start vendor.qti.hardware.cacert@1.0::IService/default as a lazy service, but was unable to. Usually this happens when a service is not installed, but if the service is intended to be used as a lazy service, then it may be configured incorrectly.
05-03 19:20:19.932     0     0 E init    : Control message: Could not find 'vendor.qti.hardware.cacert@1.0::IService/default' for ctl.interface_start from pid: 660 (/system/system_ext/bin/hwservicemanager)
05-03 19:20:21.016  3704  3747 W HidlServiceManagement: Waited one second for vendor.qti.hardware.cacert@1.0::IService/default
05-03 19:20:21.018   660   660 I hwservicemanager: Since vendor.qti.hardware.cacert@1.0::IService/default is not registered, trying to start it as a lazy HAL (if it's not configured to be a lazy HAL, it may be stuck starting or still starting).
05-03 19:20:21.020  3704  3747 I HidlServiceManagement: getService: Trying again for vendor.qti.hardware.cacert@1.0::IService/default...
05-03 19:20:21.023   660 10221 W libc    : Unable to set property "ctl.interface_start" to "vendor.qti.hardware.cacert@1.0::IService/default": PROP_ERROR_HANDLE_CONTROL_MESSAGE (0x20)
05-03 19:20:21.023   660 10221 I hwservicemanager: Tried to start vendor.qti.hardware.cacert@1.0::IService/default as a lazy service, but was unable to. Usually this happens when a service is not installed, but if the service is intended to be used as a lazy service, then it may be configured incorrectly.
05-03 19:20:20.936     0     0 E init    : Control message: Could not find 'vendor.qti.hardware.cacert@1.0::IService/default' for ctl.interface_start from pid: 660 (/system/system_ext/bin/hwservicemanager)
05-03 19:20:22.021  3704  3747 W HidlServiceManagement: Waited one second for vendor.qti.hardware.cacert@1.0::IService/default
05-03 19:20:22.022   660   660 I hwservicemanager: Since vendor.qti.hardware.cacert@1.0::IService/default is not registered, trying to start it as a lazy HAL (if it's not configured to be a lazy HAL, it may be stuck starting or still starting).
05-03 19:20:22.023  3704  3747 I HidlServiceManagement: getService: Trying again for vendor.qti.hardware.cacert@1.0::IService/default...
05-03 19:20:21.938     0     0 E init    : Control message: Could not find 'vendor.qti.hardware.cacert@1.0::IService/default' for ctl.interface_start from pid: 660 (/system/system_ext/bin/hwservicemanager)
05-03 19:20:22.025   660 10222 W libc    : Unable to set property "ctl.interface_start" to "vendor.qti.hardware.cacert@1.0::IService/default": PROP_ERROR_HANDLE_CONTROL_MESSAGE (0x20)
05-03 19:20:22.026   660 10222 I hwservicemanager: Tried to start vendor.qti.hardware.cacert@1.0::IService/default as a lazy service, but was unable to. Usually this happens when a service is not installed, but if the service is intended to be used as a lazy service, then it may be configured incorrectly.
05-03 19:20:23.023  3704  3747 W HidlServiceManagement: Waited one second for vendor.qti.hardware.cacert@1.0::IService/default
05-03 19:20:23.025   660   660 I hwservicemanager: Since vendor.qti.hardware.cacert@1.0::IService/default is not registered, trying to start it as a lazy HAL (if it's not configured to be a lazy HAL, it may be stuck starting or still starting).
05-03 19:20:23.026  3704  3747 I HidlServiceManagement: getService: Trying again for vendor.qti.hardware.cacert@1.0::IService/default...
05-03 19:20:23.028   660 10223 W libc    : Unable to set property "ctl.interface_start" to "vendor.qti.hardware.cacert@1.0::IService/default": PROP_ERROR_HANDLE_CONTROL_MESSAGE (0x20)
