--------- beginning of main
05-03 19:25:58.878  3704  3747 W HidlServiceManagement: Waited one second for vendor.qti.hardware.cacert@1.0::IService/default
05-03 19:25:58.880   660   660 I hwservicemanager: Since vendor.qti.hardware.cacert@1.0::IService/default is not registered, trying to start it as a lazy HAL (if it's not configured to be a lazy HAL, it may be stuck starting or still starting).
05-03 19:25:58.882  3704  3747 I HidlServiceManagement: getService: Trying again for vendor.qti.hardware.cacert@1.0::IService/default...
--------- beginning of kernel
05-03 19:25:58.798     0     0 E init    : Control message: Could not find 'vendor.qti.hardware.cacert@1.0::IService/default' for ctl.interface_start from pid: 660 (/system/system_ext/bin/hwservicemanager)
05-03 19:25:58.886   660 10639 W libc    : Unable to set property "ctl.interface_start" to "vendor.qti.hardware.cacert@1.0::IService/default": PROP_ERROR_HANDLE_CONTROL_MESSAGE (0x20)
05-03 19:25:58.886   660 10639 I hwservicemanager: Tried to start vendor.qti.hardware.cacert@1.0::IService/default as a lazy service, but was unable to. Usually this happens when a service is not installed, but if the service is intended to be used as a lazy service, then it may be configured incorrectly.
05-03 19:25:58.980     0     0 I logd    : logdr: UID=2000 GID=2000 PID=10640 b tail=0 logMask=99 pid=0 start=0ns deadline=0ns
05-03 19:25:59.601     0     0 I binder  : 10646:10646 ioctl 40046210 7ff96cde54 returned -22
--------- beginning of system
05-03 19:25:59.695   307 21409 I ActivityManager: Force stopping com.westlake.host appid=10218 user=0: from pid 10646
05-03 19:25:59.705   307   767 I AppWidgetServiceImpl: Received broadcast: android.intent.action.PACKAGE_RESTARTED on user 0
05-03 19:25:59.705   307   767 I AppWidgetServiceImpl: Updating package stopped masked state for uid 10218 package com.westlake.host isStopped true
05-03 19:25:59.705  1166  1166 D CarrierSvcBindHelper: onHandleForceStop: [com.westlake.host]
05-03 19:25:59.708   307   658 I system_server: AssetManager2(0x7bd4656118) locale list changing from [] to [en-US]
05-03 19:25:59.711  1166  1166 D CarrierSvcBindHelper: No carrier app for: 0
05-03 19:25:59.713  1166  1166 D CarrierSvcBindHelper: No carrier app for: 1
05-03 19:25:59.882  3704  3747 W HidlServiceManagement: Waited one second for vendor.qti.hardware.cacert@1.0::IService/default
05-03 19:25:59.884   660   660 I hwservicemanager: Since vendor.qti.hardware.cacert@1.0::IService/default is not registered, trying to start it as a lazy HAL (if it's not configured to be a lazy HAL, it may be stuck starting or still starting).
05-03 19:25:59.885  3704  3747 I HidlServiceManagement: getService: Trying again for vendor.qti.hardware.cacert@1.0::IService/default...
05-03 19:25:59.889   660 10653 W libc    : Unable to set property "ctl.interface_start" to "vendor.qti.hardware.cacert@1.0::IService/default": PROP_ERROR_HANDLE_CONTROL_MESSAGE (0x20)
05-03 19:25:59.889   660 10653 I hwservicemanager: Tried to start vendor.qti.hardware.cacert@1.0::IService/default as a lazy service, but was unable to. Usually this happens when a service is not installed, but if the service is intended to be used as a lazy service, then it may be configured incorrectly.
05-03 19:25:59.802     0     0 E init    : Control message: Could not find 'vendor.qti.hardware.cacert@1.0::IService/default' for ctl.interface_start from pid: 660 (/system/system_ext/bin/hwservicemanager)
05-03 19:26:00.372   307 21409 I ActivityManager: Force stopping com.westlake.host appid=10218 user=0: from pid 10662
05-03 19:26:00.281     0     0 I binder  : 10662:10662 ioctl 40046210 7fdf911ae4 returned -22
05-03 19:26:00.381   307   767 I AppWidgetServiceImpl: Received broadcast: android.intent.action.PACKAGE_RESTARTED on user 0
05-03 19:26:00.382   307   767 I AppWidgetServiceImpl: Updating package stopped masked state for uid 10218 package com.westlake.host isStopped true
05-03 19:26:00.382  1166  1166 D CarrierSvcBindHelper: onHandleForceStop: [com.westlake.host]
05-03 19:26:00.385  1166  1166 D CarrierSvcBindHelper: No carrier app for: 0
05-03 19:26:00.385  1166  1166 D CarrierSvcBindHelper: No carrier app for: 1
05-03 19:26:00.631   307 21409 W ActivityTaskManager: callingPackage for (uid=2000, pid=10662) has no WPC
05-03 19:26:00.641   307 21409 I system_server: AssetManager2(0x7bd470bb58) locale list changing from [] to [en-US]
05-03 19:26:00.644   307 21409 V GrammaticalInflectionUtils: AttributionSource: AttributionSource { uid = 10218, packageName = null, attributionTag = null, token = android.os.Binder@a81f694, deviceId = 0, next = null } does not have READ_SYSTEM_GRAMMATICAL_GENDER permission.
05-03 19:26:00.646   307 21409 W OptProp : Cannot read opt property android.window.PROPERTY_COMPAT_ALLOW_RESIZEABLE_ACTIVITY_OVERRIDES
05-03 19:26:00.647   307 21409 W OptProp : Cannot read opt property android.window.PROPERTY_COMPAT_ALLOW_MIN_ASPECT_RATIO_OVERRIDE
05-03 19:26:00.656   307 21409 W OptProp : Cannot read opt property android.window.PROPERTY_COMPAT_ALLOW_ORIENTATION_OVERRIDE
05-03 19:26:00.657  3320  4159 I BpBinder: onLastStrongRef automatically unlinking death recipients: 
05-03 19:26:00.660  3220  3220 I android.hardware.power-service-qti: Power setMode: 5 to: 1
05-03 19:26:00.661   307 21409 V SplashScreenExceptionList: SplashScreen checking exception for package com.westlake.host (target sdk:28) -> false
05-03 19:26:00.665  3267  3300 E ANDR-PERF-UTIL: Failed to read /sys/class/mmc_host/mmc0/clk_scaling/enable
05-03 19:26:00.665  3267  3300 E ANDR-PERF-OPTSHANDLER: Failed to read /sys/class/mmc_host/mmc0/clk_scaling/enable
05-03 19:26:00.665  3267  3300 E ANDR-PERF-RESOURCEQS: Failed to apply optimization [11, 4]
05-03 19:26:00.667   307 21409 I ActivityTaskManager: START u0 {flg=0x10000000 cmp=com.westlake.host/.WestlakeActivity (has extras)} with LAUNCH_MULTIPLE from uid 2000 (BAL_ALLOW_PERMISSION) result code=0
05-03 19:26:00.667   960  1004 I ndroid.systemui: AssetManager2(0x7bd46db138) locale list changing from [] to [en-US]
05-03 19:26:00.670   960   982 V WindowManagerShell: Transition requested (#4354): android.os.BinderProxy@46f8844 TransitionRequestInfo { type = OPEN, triggerTask = TaskInfo{userId=0 taskId=2244 effectiveUid=10218 displayId=0 isRunning=true baseIntent=Intent { flg=0x10000000 cmp=com.westlake.host/.WestlakeActivity } baseActivity=ComponentInfo{com.westlake.host/com.westlake.host.WestlakeActivity} topActivity=ComponentInfo{com.westlake.host/com.westlake.host.WestlakeActivity} origActivity=null realActivity=ComponentInfo{com.westlake.host/com.westlake.host.WestlakeActivity} numActivities=1 lastActiveTime=2098553233 supportsMultiWindow=true resizeMode=1 isResizeable=true minWidth=-1 minHeight=-1 defaultMinSize=220 token=WCT{android.window.IWindowContainerToken$Stub$Proxy@799ed2d} topActivityType=1 pictureInPictureParams=null shouldDockBigOverlays=false launchIntoPipHostTaskId=-1 lastParentTaskIdBeforePip=-1 displayCutoutSafeInsets=Rect(0, 80 - 0, 0) topActivityInfo=ActivityInfo{9be262 com.westlake.host.WestlakeActivity} launchCookies=[] positionInParent=Point(0, 0) parentTaskId=-1 isFocused=false isVisible=false isVisibleRequested=false isTopActivityNoDisplay=false isSleeping=false locusId=null displayAreaFeatureId=1 isTopActivityTransparent=false isActivityStackTransparent=false lastNonFullscreenBounds=Rect(267, 606 - 814, 1686) capturedLink=null capturedLinkTimestamp=0 requestedVisibleTypes=-9 topActivityRequestOpenInBrowserEducationTimestamp=0 appCompatTaskInfo=AppCompatTaskInfo { topActivityInSizeCompat=false eligibleForLetterboxEducation= false isLetterboxEducationEnabled= false isLetterboxDoubleTapEnabled= false eligibleForUserAspectRatioButton= false topActivityBoundsLetterboxed= false isFromLetterboxDoubleTap= false topActivityLetterboxVerticalPosition= -1 topActivityLetterboxHorizontalPosition= -1 topActivityLetterboxWidth=-1 topActivityLetterboxHeight=-1 topActivityLetterboxAppWidth=-1 topActivityLetterboxAppHeight=-1 isUserFullscreenOverrideEnabled=false isSystemFullscreenOverrideEnabled=false hasMinAspectRatioOverride=false topActivityLetterboxBounds=null cameraCompatTaskInfo=CameraCompatTaskInfo { freeformCameraCompatMode=inactive}} topActivityMainWindowFrame=null}, pipChange = null, remoteTransition = null, displayChange = null, flags = 0, debugId = 4354 }
05-03 19:26:00.670   960   982 D ShellSplitScreen: logExit: no-op, mLoggerSessionId is null
05-03 19:26:00.672   307   421 V GrammaticalInflectionUtils: AttributionSource: AttributionSource { uid = 10218, packageName = null, attributionTag = null, token = android.os.Binder@a81f694, deviceId = 0, next = null } does not have READ_SYSTEM_GRAMMATICAL_GENDER permission.
05-03 19:26:00.674  1230  1230 W SplitSelectStateCtor: Missing session instanceIds
05-03 19:26:00.674  1230  1230 D StatsLog: LAUNCHER_SPLIT_SELECTION_EXIT_INTERRUPTED
05-03 19:26:00.678  3080 29189 I netd    : tetherGetStats() -> {[]} <1.36ms>
05-03 19:26:00.678   960   982 D WindowManagerShell: setLauncherKeepClearAreaHeight: visible=false, height=292
05-03 19:26:00.679   960  1005 D SplashScreenView: Build android.window.SplashScreenView{8035bba V.E...... ......ID 0,0-0,0}
05-03 19:26:00.679   960  1005 D SplashScreenView: Icon: view: android.widget.ImageView{b3cea6b V.ED..... ......I. 0,0-0,0 #1020525 android:id/splashscreen_icon_view} drawable: com.android.wm.shell.startingsurface.SplashscreenIconDrawableFactory$ImmobileIconDrawable@21e99c8 size: 450
05-03 19:26:00.679   960  1005 D SplashScreenView: Branding: view: android.view.View{2929a61 G.ED..... ......I. 0,0-0,0 #1020524 android:id/splashscreen_branding_view} drawable: null size w: 0 h: 0
05-03 19:26:00.689  3320  3320 I BpBinder: onLastStrongRef automatically unlinking death recipients: 
05-03 19:26:00.692   307   767 I AppWidgetServiceImpl: Received broadcast: android.intent.action.PACKAGE_UNSTOPPED on user 0
05-03 19:26:00.692   307   767 I AppWidgetServiceImpl: Updating package stopped masked state for uid 10218 package com.westlake.host isStopped false
05-03 19:26:00.698   307 29116 D CoreBackPreview: Window{dc6a99c u0 Splash Screen com.westlake.host}: Setting back callback OnBackInvokedCallbackInfo{mCallback=android.window.IOnBackInvokedCallback$Stub$Proxy@20e1946, mPriority=0, mIsAnimationCallback=false, mOverrideBehavior=0}
05-03 19:26:00.708 32752 32752 D Zygote  : Forked child process 10666
05-03 19:26:00.709   307   526 I ActivityManager: Start proc 10666:com.westlake.host/u0a218 for next-top-activity {com.westlake.host/com.westlake.host.WestlakeActivity}
05-03 19:26:00.712   307   780 D BackgroundInstallControlService: Package event received: 0
05-03 19:26:00.714  1650  1664 D ForegroundUtils: Foreground UID status:
05-03 19:26:00.714  1650  1664 D ForegroundUtils: UID: 10130 is in foreground: false
05-03 19:26:00.714  1650  1664 D ForegroundUtils: UID: 10152 is in foreground: true
05-03 19:26:00.714  1650  1664 D ForegroundUtils: UID: 10159 is in foreground: true
05-03 19:26:00.714  1650  1664 D ForegroundUtils: UID: 10173 is in foreground: true
05-03 19:26:00.714  1650  1664 D ForegroundUtils: UID: 10190 is in foreground: true
05-03 19:26:00.714  1650  1664 D ForegroundUtils: UID: 10193 is in foreground: false
05-03 19:26:00.723 10666 10666 I Zygote  : seccomp disabled by setenforce 0
05-03 19:26:00.731   960  1152 V WindowManagerShell: onTransitionReady(transaction=1318555123180)
05-03 19:26:00.732   960   982 V WindowManagerShell: onTransitionReady (#4354) android.os.BinderProxy@46f8844: {id=4354 t=OPEN f=0x0 trk=0 r=[0@Point(0, 0)] c=[
05-03 19:26:00.732   960   982 V WindowManagerShell:         {m=OPEN f=NONE leash=Surface(name=Task=2244)/@0xc11445b sb=Rect(0, 0 - 1080, 2280) eb=Rect(0, 0 - 1080, 2280) epz=Point(1080, 2280) d=0 taskParent=-1},
05-03 19:26:00.732   960   982 V WindowManagerShell:         {m=TO_BACK f=SHOW_WALLPAPER leash=Surface(name=Task=1)/@0xf9004f8 sb=Rect(0, 0 - 1080, 2280) eb=Rect(0, 0 - 1080, 2280) epz=Point(1080, 2280) d=0 taskParent=-1}
05-03 19:26:00.732   960   982 V WindowManagerShell:     ]}
05-03 19:26:00.732   960   982 V WindowManagerShell: Playing animation for (#4354) android.os.BinderProxy@46f8844@0
05-03 19:26:00.732   960   982 V ShellRecents: RecentsTransitionHandler.startAnimation: no controller found
05-03 19:26:00.732   307   388 V WindowManager: Sent Transition (#4354) createdAt=05-03 19:26:00.648 via request=TransitionRequestInfo { type = OPEN, triggerTask = TaskInfo{userId=0 taskId=2244 effectiveUid=10218 displayId=0 isRunning=true baseIntent=Intent { flg=0x10000000 cmp=com.westlake.host/.WestlakeActivity } baseActivity=ComponentInfo{com.westlake.host/com.westlake.host.WestlakeActivity} topActivity=ComponentInfo{com.westlake.host/com.westlake.host.WestlakeActivity} origActivity=null realActivity=ComponentInfo{com.westlake.host/com.westlake.host.WestlakeActivity} numActivities=1 lastActiveTime=2098553233 supportsMultiWindow=true resizeMode=1 isResizeable=true minWidth=-1 minHeight=-1 defaultMinSize=220 token=WCT{RemoteToken{4610b1e Task{789d0b3 #2244 type=standard A=10218:com.westlake.host}}} topActivityType=1 pictureInPictureParams=null shouldDockBigOverlays=false launchIntoPipHostTaskId=-1 lastParentTaskIdBeforePip=-1 displayCutoutSafeInsets=Rect(0, 80 - 0, 0) topActivityInfo=ActivityInfo{5e90fff com.westlake.host.WestlakeActivity} launchCookies=[] positionInParent=Point(0, 0) parentTaskId=-1 isFocused=false isVisible=false isVisibleRequested=false isTopActivityNoDisplay=false isSleeping=false locusId=null displayAreaFeatureId=1 isTopActivityTransparent=false isActivityStackTransparent=false lastNonFullscreenBounds=Rect(267, 606 - 814, 1686) capturedLink=null capturedLinkTimestamp=0 requestedVisibleTypes=-9 topActivityRequestOpenInBrowserEducationTimestamp=0 appCompatTaskInfo=AppCompatTaskInfo { topActivityInSizeCompat=false eligibleForLetterboxEducation= false isLetterboxEducationEnabled= false isLetterboxDoubleTapEnabled= false eligibleForUserAspectRatioButton= false topActivityBoundsLetterboxed= false isFromLetterboxDoubleTap= false topActivityLetterboxVerticalPosition= -1 topActivityLetterboxHorizontalPosition= -1 topActivityLetterboxWidth=-1 topActivityLetterboxHeight=-1 topActivityLetterboxAppWidth=-1 topActivityLetterboxAppHeight=-1 isUserFullscreenOverrideEnabled=false isSystemFullscreenOverrideEnabled=false hasMinAspectRatioOverride=false topActivityLetterboxBounds=null cameraCompatTaskInfo=CameraCompatTaskInfo { freeformCameraCompatMode=inactive}} topActivityMainWindowFrame=null}, pipChange = null, remoteTransition = null, displayChange = null, flags = 0, debugId = 4354 }
05-03 19:26:00.732   960   982 V WindowManagerShell: Transition doesn't have explicit remote, search filters for match for {id=4354 t=OPEN f=0x0 trk=0 r=[0@Point(0, 0)] c=[{m=OPEN f=NONE leash=Surface(name=Task=2244)/@0xc11445b sb=Rect(0, 0 - 1080, 2280) eb=Rect(0, 0 - 1080, 2280) epz=Point(1080, 2280) d=0 taskParent=-1},{m=TO_BACK f=SHOW_WALLPAPER leash=Surface(name=Task=1)/@0xf9004f8 sb=Rect(0, 0 - 1080, 2280) eb=Rect(0, 0 - 1080, 2280) epz=Point(1080, 2280) d=0 taskParent=-1}]}
05-03 19:26:00.732   307   388 V WindowManager:     startWCT=WindowContainerTransaction { changes= {} hops= [] errorCallbackToken=null taskFragmentOrganizer=null }
05-03 19:26:00.732   960   982 V WindowManagerShell:  Checking filter Pair{{types=[] flags=0x0] notFlags=0x100 checks=[{atype=home independent=true modes=[OPEN,TO_FRONT] flags=NONE mustBeTask=false order=TOP topActivity=ComponentInfo{com.android.launcher3/com.android.launcher3.uioverrides.QuickstepLauncher} launchCookie=null windowingMode=undefined},{atype=standard independent=true modes=[CLOSE,TO_BACK] flags=NONE mustBeTask=false order=ANY topActivity=null launchCookie=null windowingMode=undefined},{NOT atype=undefined independent=true modes=[] flags=NONE mustBeTask=true order=ANY topActivity=null launchCookie=null customAnim=true windowingMode=undefined}]} RemoteTransition { remoteTransition = android.window.IRemoteTransition$Stub$Proxy@ae59c67, appThread = android.app.IApplicationThread$Stub$Proxy@8152a14, debugName = QuickstepLaunchHome }}
05-03 19:26:00.732   307   388 V WindowManager:     info={id=4354 t=OPEN f=0x0 trk=0 r=[0@Point(0, 0)] c=[
05-03 19:26:00.732   307   388 V WindowManager:         {WCT{RemoteToken{4610b1e Task{789d0b3 #2244 type=standard A=10218:com.westlake.host}}} m=OPEN f=NONE leash=Surface(name=Task=2244)/@0x1249034 sb=Rect(0, 0 - 1080, 2280) eb=Rect(0, 0 - 1080, 2280) epz=Point(1080, 2280) d=0 taskParent=-1},
05-03 19:26:00.732   307   388 V WindowManager:         {WCT{RemoteToken{cb0a3c2 Task{a516ecc #1 type=home}}} m=TO_BACK f=SHOW_WALLPAPER leash=Surface(name=Task=1)/@0xdc03e5b sb=Rect(0, 0 - 1080, 2280) eb=Rect(0, 0 - 1080, 2280) epz=Point(1080, 2280) d=0 taskParent=-1}
05-03 19:26:00.732   307   388 V WindowManager:     ]}
05-03 19:26:00.732   960   982 V WindowManagerShell:  Delegate animation for (#4354) to null
05-03 19:26:00.732   960   982 V WindowManagerShell: start default transition animation, info = {id=4354 t=OPEN f=0x0 trk=0 r=[0@Point(0, 0)] c=[{m=OPEN f=NONE leash=Surface(name=Task=2244)/@0xc11445b sb=Rect(0, 0 - 1080, 2280) eb=Rect(0, 0 - 1080, 2280) epz=Point(1080, 2280) d=0 taskParent=-1},{m=TO_BACK f=SHOW_WALLPAPER leash=Surface(name=Task=1)/@0xf9004f8 sb=Rect(0, 0 - 1080, 2280) eb=Rect(0, 0 - 1080, 2280) epz=Point(1080, 2280) d=0 taskParent=-1}]}
05-03 19:26:00.733   960   982 V WindowManagerShell: loadAnimation: anim=android.view.animation.AnimationSet@ddb5036 animAttr=0x13 type=OPEN isEntrance=false
05-03 19:26:00.733   960   982 V WindowManagerShell: loadAnimation: anim=android.view.animation.AnimationSet@895cb37 animAttr=0x12 type=OPEN isEntrance=true
05-03 19:26:00.735   960   982 V WindowManagerShell:  animated by com.android.wm.shell.transition.DefaultTransitionHandler@6c3a7ac
05-03 19:26:00.735 10666 10666 I m.westlake.host: Late-enabling -Xcheck:jni
05-03 19:26:00.742   307 27670 W UserManagerService: Requested status bar icon for non-badged user 0
05-03 19:26:00.791 10666 10666 I m.westlake.host: Using CollectorTypeCC GC.
05-03 19:26:00.798 23361 23366 I adbd    : jdwp connection from 10666
05-03 19:26:00.808 10666 10666 D nativeloader: Load libframework-connectivity-tiramisu-jni.so using APEX ns com_android_tethering for caller /apex/com.android.tethering/javalib/framework-connectivity-t.jar: ok
05-03 19:26:00.722     0     0 I binder  : 10666:10666 ioctl 40046210 7fd4a812f4 returned -22
05-03 19:26:00.826   307   780 D BackgroundInstallControlService: Package event received: 0
05-03 19:26:00.830  1650  1664 D ForegroundUtils: Foreground UID status:
05-03 19:26:00.830  1650  1664 D ForegroundUtils: UID: 10130 is in foreground: false
05-03 19:26:00.830  1650  1664 D ForegroundUtils: UID: 10152 is in foreground: true
05-03 19:26:00.830  1650  1664 D ForegroundUtils: UID: 10159 is in foreground: true
05-03 19:26:00.830  1650  1664 D ForegroundUtils: UID: 10173 is in foreground: true
05-03 19:26:00.830  1650  1664 D ForegroundUtils: UID: 10190 is in foreground: true
05-03 19:26:00.830  1650  1664 D ForegroundUtils: UID: 10193 is in foreground: false
05-03 19:26:00.830  1650  1664 D ForegroundUtils: UID: 10218 is in foreground: true
05-03 19:26:00.842 10666 10666 D nativeloader: Load libstats_jni.so using APEX ns com_android_os_statsd for caller /apex/com.android.os.statsd/javalib/framework-statsd.jar: ok
05-03 19:26:00.880 10666 10666 D ApplicationLoaders: Returning zygote-cached class loader: /system/framework/android.test.base.jar
05-03 19:26:00.883 10666 10666 W ziparchive: Unable to open '/data/app/~~Gg0G5CtqAB4V4yzAnUxcxw==/com.westlake.host-3z7eVqF571ZZVn3bfdrfTg==/base.dm': No such file or directory
05-03 19:26:00.883 10666 10666 W ziparchive: Unable to open '/data/app/~~Gg0G5CtqAB4V4yzAnUxcxw==/com.westlake.host-3z7eVqF571ZZVn3bfdrfTg==/base.dm': No such file or directory
05-03 19:26:00.885  3704  3747 W HidlServiceManagement: Waited one second for vendor.qti.hardware.cacert@1.0::IService/default
05-03 19:26:00.886   660   660 I hwservicemanager: Since vendor.qti.hardware.cacert@1.0::IService/default is not registered, trying to start it as a lazy HAL (if it's not configured to be a lazy HAL, it may be stuck starting or still starting).
05-03 19:26:00.886  3704  3747 I HidlServiceManagement: getService: Trying again for vendor.qti.hardware.cacert@1.0::IService/default...
05-03 19:26:00.889   660 10680 W libc    : Unable to set property "ctl.interface_start" to "vendor.qti.hardware.cacert@1.0::IService/default": PROP_ERROR_HANDLE_CONTROL_MESSAGE (0x20)
05-03 19:26:00.889   660 10680 I hwservicemanager: Tried to start vendor.qti.hardware.cacert@1.0::IService/default as a lazy service, but was unable to. Usually this happens when a service is not installed, but if the service is intended to be used as a lazy service, then it may be configured incorrectly.
05-03 19:26:00.802     0     0 E init    : Control message: Could not find 'vendor.qti.hardware.cacert@1.0::IService/default' for ctl.interface_start from pid: 660 (/system/system_ext/bin/hwservicemanager)
05-03 19:26:00.825     0     0 I QCOM-BATT: pl_fcc_vote_callback: total_fcc_ua=1950000
05-03 19:26:00.825     0     0 I QCOM-BATT: pl_fv_vote_callback: fv_uv=4400000
05-03 19:26:01.024   960   982 V WindowManagerShell: Transition animation finished (aborted=false), notifying core (#4354) android.os.BinderProxy@46f8844@0
05-03 19:26:01.028   307   388 V WindowManager: Finish Transition (#4354): created at 05-03 19:26:00.648 collect-started=0.155ms request-sent=18.366ms started=23.084ms ready=78.349ms sent=81.447ms finished=379.275ms
05-03 19:26:01.029  1230  1230 D VRI[QuickstepLauncher]: visibilityChanged oldVisibility=true newVisibility=false
05-03 19:26:01.030   960   982 V WindowManagerShell: Track 0 became idle
05-03 19:26:01.030   960   982 V WindowManagerShell: All active transition animations finished
05-03 19:26:01.031   307  1752 W UserManagerService: Requested status bar icon for non-badged user 0
05-03 19:26:01.032   307 29116 W UserManagerService: Requested status bar icon for non-badged user 0
05-03 19:26:01.184     0     0 E FG      : fg_psy_get_property: unsupported property 79
05-03 19:26:01.193     0     0 E FG      : fg_psy_get_property: unsupported property 79
05-03 19:26:01.199     0     0 W healthd : battery l=100 v=3172 t=25.4 h=2 st=5 c=0 fc=2831000 chg=u
05-03 19:26:01.290  1126  1126 D QtiCarrierConfigHelper: WARNING, no carrier configs on phone Id: 0
05-03 19:26:01.295   960  2704 D PowerUI : can't show warning due to - plugged: true status unknown: false
05-03 19:26:01.213     0     0 E FG      : fg_psy_get_property: unsupported property 79
05-03 19:26:01.886  3704  3747 W HidlServiceManagement: Waited one second for vendor.qti.hardware.cacert@1.0::IService/default
05-03 19:26:01.887   660   660 I hwservicemanager: Since vendor.qti.hardware.cacert@1.0::IService/default is not registered, trying to start it as a lazy HAL (if it's not configured to be a lazy HAL, it may be stuck starting or still starting).
05-03 19:26:01.887  3704  3747 I HidlServiceManagement: getService: Trying again for vendor.qti.hardware.cacert@1.0::IService/default...
05-03 19:26:01.888   660 10682 W libc    : Unable to set property "ctl.interface_start" to "vendor.qti.hardware.cacert@1.0::IService/default": PROP_ERROR_HANDLE_CONTROL_MESSAGE (0x20)
05-03 19:26:01.888   660 10682 I hwservicemanager: Tried to start vendor.qti.hardware.cacert@1.0::IService/default as a lazy service, but was unable to. Usually this happens when a service is not installed, but if the service is intended to be used as a lazy service, then it may be configured incorrectly.
05-03 19:26:01.801     0     0 E init    : Control message: Could not find 'vendor.qti.hardware.cacert@1.0::IService/default' for ctl.interface_start from pid: 660 (/system/system_ext/bin/hwservicemanager)
05-03 19:26:02.000 10666 10666 D nativeloader: Configuring clns-7 for other apk /data/app/~~Gg0G5CtqAB4V4yzAnUxcxw==/com.westlake.host-3z7eVqF571ZZVn3bfdrfTg==/base.apk. target_sdk_version=28, uses_libraries=, library_path=/data/app/~~Gg0G5CtqAB4V4yzAnUxcxw==/com.westlake.host-3z7eVqF571ZZVn3bfdrfTg==/lib/arm64:/data/app/~~Gg0G5CtqAB4V4yzAnUxcxw==/com.westlake.host-3z7eVqF571ZZVn3bfdrfTg==/base.apk!/lib/arm64-v8a, permitted_path=/data:/mnt/expand:/data/user/0/com.westlake.host
05-03 19:26:02.010 10666 10666 I m.westlake.host: AssetManager2(0x7bd463b4f8) locale list changing from [] to [en-US]
05-03 19:26:02.020 10666 10666 V GraphicsEnvironment: Currently set values for:
05-03 19:26:02.020 10666 10666 V GraphicsEnvironment:   angle_gl_driver_selection_pkgs=[]
05-03 19:26:02.020 10666 10666 V GraphicsEnvironment:   angle_gl_driver_selection_values=[]
05-03 19:26:02.020 10666 10666 V GraphicsEnvironment: com.westlake.host is not listed in per-application setting
05-03 19:26:02.020 10666 10666 V GraphicsEnvironment: Neither updatable production driver nor prerelease driver is supported.
05-03 19:26:02.078   307   780 D BackgroundInstallControlService: Package event received: 0
05-03 19:26:02.079   307   780 D BackgroundInstallControlService: Package event received: 0
05-03 19:26:02.089 10666 10666 I m.westlake.host: AssetManager2(0x7bd463fff8) locale list changing from [] to [en-US]
05-03 19:26:02.140 10666 10666 I Westlake: WestlakeActivity onCreate (ComponentActivity + Compose)
05-03 19:26:02.140 10666 10666 I Westlake: Auto-launching: WESTLAKE_ART_NOICE
05-03 19:26:02.140 10666 10666 I Westlake: Launching Noice via Westlake ART VM
05-03 19:26:02.171 10666 10666 D DesktopModeFlagsUtil: Toggle override initialized to: OVERRIDE_UNSET
05-03 19:26:02.304 10666 10666 D InsetsController: Setting requestedVisibleTypes to -10 (was -9)
05-03 19:26:02.305   307  1752 W WindowManager: Failed looking up window session=Session{f6e2485 10666:u0a10218} callers=com.android.server.wm.WindowManagerService.windowForClientLocked:6324 com.android.server.wm.Session.updateRequestedVisibleTypes:699 android.view.IWindowSession$Stub.onTransact:1023 
05-03 19:26:02.681 10666 10666 W m.westlake.host: Method java.lang.Object androidx.compose.runtime.snapshots.SnapshotStateMap.mutate(kotlin.jvm.functions.Function1) failed lock verification and will run slower.
05-03 19:26:02.681 10666 10666 W m.westlake.host: Common causes for lock verification issues are non-optimized dex code
05-03 19:26:02.681 10666 10666 W m.westlake.host: and incorrect proguard optimizations.
05-03 19:26:02.681 10666 10666 W m.westlake.host: Method void androidx.compose.runtime.snapshots.SnapshotStateMap.update(kotlin.jvm.functions.Function1) failed lock verification and will run slower.
05-03 19:26:02.682 10666 10666 W m.westlake.host: Method boolean androidx.compose.runtime.snapshots.SnapshotStateMap.removeIf$runtime_release(kotlin.jvm.functions.Function1) failed lock verification and will run slower.
05-03 19:26:02.887  3704  3747 W HidlServiceManagement: Waited one second for vendor.qti.hardware.cacert@1.0::IService/default
05-03 19:26:02.888   660   660 I hwservicemanager: Since vendor.qti.hardware.cacert@1.0::IService/default is not registered, trying to start it as a lazy HAL (if it's not configured to be a lazy HAL, it may be stuck starting or still starting).
05-03 19:26:02.888  3704  3747 I HidlServiceManagement: getService: Trying again for vendor.qti.hardware.cacert@1.0::IService/default...
05-03 19:26:02.889   660 10689 W libc    : Unable to set property "ctl.interface_start" to "vendor.qti.hardware.cacert@1.0::IService/default": PROP_ERROR_HANDLE_CONTROL_MESSAGE (0x20)
05-03 19:26:02.889   660 10689 I hwservicemanager: Tried to start vendor.qti.hardware.cacert@1.0::IService/default as a lazy service, but was unable to. Usually this happens when a service is not installed, but if the service is intended to be used as a lazy service, then it may be configured incorrectly.
05-03 19:26:02.803     0     0 E init    : Control message: Could not find 'vendor.qti.hardware.cacert@1.0::IService/default' for ctl.interface_start from pid: 660 (/system/system_ext/bin/hwservicemanager)
05-03 19:26:03.009  3080 29189 I netd    : tetherGetStats() -> {[]} <1.41ms>
05-03 19:26:03.110 10666 10666 I WestlakeVM: DisplayListFrameView 480x800 for com.github.ashutoshgngwr.noice
05-03 19:26:03.129 10666 10666 I WestlakeVM: startPipeReader: pipe=false holder=true thread=null
05-03 19:26:03.182   307 29116 D CoreBackPreview: Window{1f18401 u0 com.westlake.host/com.westlake.host.WestlakeActivity}: Setting back callback OnBackInvokedCallbackInfo{mCallback=android.window.IOnBackInvokedCallback$Stub$Proxy@8343894, mPriority=0, mIsAnimationCallback=false, mOverrideBehavior=0}
05-03 19:26:03.304 10666 10685 I AdrenoGLES-0: QUALCOMM build                   : 8e5405b, I57aaec3440
05-03 19:26:03.304 10666 10685 I AdrenoGLES-0: Build Date                       : 05/21/21
05-03 19:26:03.304 10666 10685 I AdrenoGLES-0: OpenGL ES Shader Compiler Version: EV031.32.02.10
05-03 19:26:03.304 10666 10685 I AdrenoGLES-0: Local Branch                     : mybranchebba1dbe-451b-f160-ac81-1458d0b52ae8
05-03 19:26:03.304 10666 10685 I AdrenoGLES-0: Remote Branch                    : quic/gfx-adreno.lnx.1.0.r135-rel
05-03 19:26:03.304 10666 10685 I AdrenoGLES-0: Remote Branch                    : NONE
05-03 19:26:03.304 10666 10685 I AdrenoGLES-0: Reconstruct Branch               : NOTHING
05-03 19:26:03.304 10666 10685 I AdrenoGLES-0: Build Config                     : S P 10.0.7 AArch64
05-03 19:26:03.304 10666 10685 I AdrenoGLES-0: Driver Path                      : /vendor/lib64/egl/libGLESv2_adreno.so
05-03 19:26:03.312 10666 10685 I AdrenoGLES-0: PFP: 0x016ee190, ME: 0x00000000
05-03 19:26:03.329  3320  3359 E HWComposer: getSupportedContentTypes: getSupportedContentTypes failed for display 4630946883826275713: UNSUPPORTED (8)
05-03 19:26:03.332   660   660 I hwservicemanager: getTransport: Cannot find entry android.hardware.graphics.mapper@4.0::IMapper/default in either framework or device VINTF manifest.
05-03 19:26:03.332 10666 10690 I Gralloc4: mapper 4.x is not supported
05-03 19:26:03.332   660   660 I hwservicemanager: getTransport: Cannot find entry android.hardware.graphics.mapper@3.0::IMapper/default in either framework or device VINTF manifest.
05-03 19:26:03.332 10666 10690 W Gralloc3: mapper 3.x is not supported
05-03 19:26:03.245     0     0 I servicemanager: Caller(pid=10666,uid=10218,sid=u:r:untrusted_app_27:s0:c218,c256,c512,c768) Could not find android.hardware.graphics.allocator.IAllocator/default in the VINTF manifest. No alternative instances declared in VINTF.
05-03 19:26:03.245     0     0 I binder  : 10666:10690 ioctl 40046210 7a9c071094 returned -22
05-03 19:26:03.336 10666 10690 I Gralloc2: Adding additional valid usage bits: 0x8202000
05-03 19:26:03.464   307   388 W ziparchive: Unable to open '/data/app/~~Gg0G5CtqAB4V4yzAnUxcxw==/com.westlake.host-3z7eVqF571ZZVn3bfdrfTg==/base.dm': No such file or directory
05-03 19:26:03.466   307   388 I ActivityTaskManager: Displayed com.westlake.host/.WestlakeActivity for user 0: +2s832ms
05-03 19:26:03.475 10666 10678 I HWUI    : Davey! duration=1152ms; Flags=1, FrameTimelineVsyncId=93541776, IntendedVsync=2058593882110981, Vsync=2058593882110981, InputEventId=0, HandleInputStart=2058593890828351, AnimationStart=2058593890840695, PerformTraversalsStart=2058593890853976, DrawStart=2058594925055486, FrameDeadline=2058593898777647, FrameInterval=2058593890768091, FrameStartTime=16698242, SyncQueued=2058594946888716, SyncStart=2058594947072830, IssueDrawCommandsStart=2058594947913195, SwapBuffers=2058595031352205, FrameCompleted=2058595034920382, DequeueBufferDuration=31718, QueueBufferDuration=542448, GpuCompleted=2058595034920382, SwapBuffersCompleted=2058595032845747, DisplayPresentTime=0, CommandSubmissionCompleted=2058595031352205, 
05-03 19:26:03.524 10666 10666 I Choreographer: Skipped 62 frames!  The application may be doing too much work on its main thread.
05-03 19:26:03.524 10666 10696 I WestlakeVM: startWithConfig() called, config=ApkVmConfig(packageName=com.github.ashutoshgngwr.noice, activityName=com.github.ashutoshgngwr.noice.activity.MainActivity, displayName=Noice (ART), apkSourceDir=/data/app/~~R7-vSKxT523z7oA2P8Ynag==/com.github.ashutoshgngwr.noice-D3ESsKFH5h3RNFnLUIp9ig==/base.apk, allowRealFrameworkFallback=false, backendMode=null, extraVmProperties={})
05-03 19:26:03.551   307   656 I ImeTracker: com.westlake.host:2a6c21ed: onRequestHide at ORIGIN_SERVER reason HIDE_UNSPECIFIED_WINDOW fromUser false
05-03 19:26:03.559 10666 10666 D InsetsController: hide(ime(), fromIme=false)
05-03 19:26:03.559 10666 10666 I ImeTracker: com.westlake.host:2a6c21ed: onCancelled at PHASE_CLIENT_ALREADY_HIDDEN
05-03 19:26:03.564  3220  3220 I android.hardware.power-service-qti: Power setMode: 5 to: 0
05-03 19:26:03.569  1650  1664 D ForegroundUtils: Foreground UID status:
05-03 19:26:03.569  1650  1664 D ForegroundUtils: UID: 10130 is in foreground: false
05-03 19:26:03.569  1650  1664 D ForegroundUtils: UID: 10152 is in foreground: false
05-03 19:26:03.570  1650  1664 D ForegroundUtils: UID: 10159 is in foreground: true
05-03 19:26:03.570  1650  1664 D ForegroundUtils: UID: 10173 is in foreground: true
05-03 19:26:03.570  1650  1664 D ForegroundUtils: UID: 10190 is in foreground: true
05-03 19:26:03.570  1650  1664 D ForegroundUtils: UID: 10193 is in foreground: false
05-03 19:26:03.570  1650  1664 D ForegroundUtils: UID: 10218 is in foreground: true
05-03 19:26:03.571  1230  1230 D BaseDepthController: setSurface:
05-03 19:26:03.571  1230  1230 D BaseDepthController: 	mWaitingOnSurfaceValidity: false
05-03 19:26:03.571  1230  1230 D BaseDepthController: 	mSurface: null
05-03 19:26:03.573  1230  1230 D StateManager: goToState - fromState: Normal, toState: Normal, partial trace:
05-03 19:26:03.573  1230  1230 D StateManager: 	at com.android.launcher3.statemanager.StateManager.moveToRestState(StateManager.java:465)
05-03 19:26:03.573  1230  1230 D StateManager: 	at com.android.launcher3.statemanager.StateManager.moveToRestState(StateManager.java:456)
05-03 19:26:03.573  1230  1230 D StateManager: 	at com.android.launcher3.statemanager.StatefulActivity.onStop(StatefulActivity.java:136)
05-03 19:26:03.573  1230  1230 D StatsLog: LAUNCHER_ONSTOP
05-03 19:26:03.575   307 21409 I AppWidgetServiceImpl: setAppWidgetHidden() 0
05-03 19:26:03.584   307   780 D BackgroundInstallControlService: Package event received: 0
05-03 19:26:03.685   703 10626 I keystore2: system/security/keystore2/watchdog/src/lib.rs:356 - Watchdog thread idle -> terminating. Have a great day.
05-03 19:26:03.842   960  1004 W WindowOnBackDispatcher: sendCancelIfRunning: isInProgress=false callback=android.view.ViewRootImpl$$ExternalSyntheticLambda13@4acd9e0
05-03 19:26:03.842   307 21409 D CoreBackPreview: Window{dc6a99c u0 Splash Screen com.westlake.host EXITING}: Setting back callback null
05-03 19:26:03.845  3220  3220 I android.hardware.power-service-qti: Power setBoost: 0, duration: 0
05-03 19:26:03.889  3704  3747 W HidlServiceManagement: Waited one second for vendor.qti.hardware.cacert@1.0::IService/default
05-03 19:26:03.889   660   660 I hwservicemanager: Since vendor.qti.hardware.cacert@1.0::IService/default is not registered, trying to start it as a lazy HAL (if it's not configured to be a lazy HAL, it may be stuck starting or still starting).
05-03 19:26:03.890  3704  3747 I HidlServiceManagement: getService: Trying again for vendor.qti.hardware.cacert@1.0::IService/default...
05-03 19:26:03.891   660 10702 W libc    : Unable to set property "ctl.interface_start" to "vendor.qti.hardware.cacert@1.0::IService/default": PROP_ERROR_HANDLE_CONTROL_MESSAGE (0x20)
05-03 19:26:03.891   660 10702 I hwservicemanager: Tried to start vendor.qti.hardware.cacert@1.0::IService/default as a lazy service, but was unable to. Usually this happens when a service is not installed, but if the service is intended to be used as a lazy service, then it may be configured incorrectly.
05-03 19:26:03.892   960  1004 W FrameTracker: Missing SF jank callback for vsyncId: 93541904, CUJ=J<SPLASHSCREEN_EXIT_ANIM>
05-03 19:26:03.892   960  1004 W FrameTracker: Missing SF jank callback for vsyncId: 93541940, CUJ=J<SPLASHSCREEN_EXIT_ANIM>
05-03 19:26:03.892   960  1004 W FrameTracker: Missing SF jank callback for vsyncId: 93541960, CUJ=J<SPLASHSCREEN_EXIT_ANIM>
05-03 19:26:03.892   960  1004 W FrameTracker: Missing SF jank callback for vsyncId: 93541973, CUJ=J<SPLASHSCREEN_EXIT_ANIM>
05-03 19:26:03.892   960  1004 W FrameTracker: Missing SF jank callback for vsyncId: 93542007, CUJ=J<SPLASHSCREEN_EXIT_ANIM>
05-03 19:26:03.892   960  1004 W FrameTracker: Missing SF jank callback for vsyncId: 93542029, CUJ=J<SPLASHSCREEN_EXIT_ANIM>
05-03 19:26:03.892   960  1004 W FrameTracker: Missing SF jank callback for vsyncId: 93542048, CUJ=J<SPLASHSCREEN_EXIT_ANIM>
05-03 19:26:03.892   960  1004 W FrameTracker: Missing SF jank callback for vsyncId: 93542069, CUJ=J<SPLASHSCREEN_EXIT_ANIM>
05-03 19:26:03.892   960  1004 W FrameTracker: Missing SF jank callback for vsyncId: 93542092, CUJ=J<SPLASHSCREEN_EXIT_ANIM>
05-03 19:26:03.892   960  1004 W FrameTracker: Missing SF jank callback for vsyncId: 93542105, CUJ=J<SPLASHSCREEN_EXIT_ANIM>
05-03 19:26:03.892   960  1004 W FrameTracker: Missing SF jank callback for vsyncId: 93542131, CUJ=J<SPLASHSCREEN_EXIT_ANIM>
05-03 19:26:03.892   960  1004 W FrameTracker: Missing SF jank callback for vsyncId: 93542144, CUJ=J<SPLASHSCREEN_EXIT_ANIM>
05-03 19:26:03.892   960  1004 W FrameTracker: Missing SF jank callback for vsyncId: 93542157, CUJ=J<SPLASHSCREEN_EXIT_ANIM>
05-03 19:26:03.893   960  1004 W FrameTracker: Missing SF jank callback for vsyncId: 93542183, CUJ=J<SPLASHSCREEN_EXIT_ANIM>
05-03 19:26:03.893   960  1004 W FrameTracker: Missing SF jank callback for vsyncId: 93542196, CUJ=J<SPLASHSCREEN_EXIT_ANIM>
05-03 19:26:03.893   960  1004 W FrameTracker: Missing SF jank callback for vsyncId: 93542209, CUJ=J<SPLASHSCREEN_EXIT_ANIM>
05-03 19:26:03.893   960  1004 W FrameTracker: Missing SF jank callback for vsyncId: 93542235, CUJ=J<SPLASHSCREEN_EXIT_ANIM>
05-03 19:26:03.804     0     0 E init    : Control message: Could not find 'vendor.qti.hardware.cacert@1.0::IService/default' for ctl.interface_start from pid: 660 (/system/system_ext/bin/hwservicemanager)
05-03 19:26:03.903 10666 10700 W InteractionJankMonitor: Initializing without READ_DEVICE_CONFIG permission. enabled=true, interval=1, missedFrameThreshold=3, frameTimeThreshold=64, package=com.westlake.host
05-03 19:26:04.142 10666 10696 I WestlakeVM: App OAT symlinks: 0 files in /data/local/tmp/westlake/oat/arm64
05-03 19:26:04.890  3704  3747 W HidlServiceManagement: Waited one second for vendor.qti.hardware.cacert@1.0::IService/default
05-03 19:26:04.891   660   660 I hwservicemanager: Since vendor.qti.hardware.cacert@1.0::IService/default is not registered, trying to start it as a lazy HAL (if it's not configured to be a lazy HAL, it may be stuck starting or still starting).
05-03 19:26:04.894  3704  3747 I HidlServiceManagement: getService: Trying again for vendor.qti.hardware.cacert@1.0::IService/default...
05-03 19:26:04.897   660 10714 W libc    : Unable to set property "ctl.interface_start" to "vendor.qti.hardware.cacert@1.0::IService/default": PROP_ERROR_HANDLE_CONTROL_MESSAGE (0x20)
05-03 19:26:04.897   660 10714 I hwservicemanager: Tried to start vendor.qti.hardware.cacert@1.0::IService/default as a lazy service, but was unable to. Usually this happens when a service is not installed, but if the service is intended to be used as a lazy service, then it may be configured incorrectly.
05-03 19:26:04.809     0     0 E init    : Control message: Could not find 'vendor.qti.hardware.cacert@1.0::IService/default' for ctl.interface_start from pid: 660 (/system/system_ext/bin/hwservicemanager)
05-03 19:26:05.592 10666 10666 I DefaultDispatch: type=1400 audit(0.0:56203): avc:  denied  { setattr } for  name="westlake-launch.properties" dev="sda17" ino=1973264 scontext=u:r:untrusted_app_27:s0:c218,c256,c512,c768 tcontext=u:object_r:shell_data_file:s0 tclass=file permissive=1
05-03 19:26:05.602 10715 10715 W DefaultDispatch: type=1400 audit(0.0:56204): avc:  granted  { execute } for  name="dalvikvm" dev="sda17" ino=524812 scontext=u:r:untrusted_app_27:s0:c218,c256,c512,c768 tcontext=u:object_r:app_data_file:s0:c218,c256,c512,c768 tclass=file app=com.westlake.host
05-03 19:26:05.602 10715 10715 W DefaultDispatch: type=1400 audit(0.0:56205): avc:  granted  { execute_no_trans } for  path="/data/user/0/com.westlake.host/files/vm/dalvikvm" dev="sda17" ino=524812 scontext=u:r:untrusted_app_27:s0:c218,c256,c512,c768 tcontext=u:object_r:app_data_file:s0:c218,c256,c512,c768 tclass=file app=com.westlake.host
05-03 19:26:05.615 10666 10718 I WestlakeVM: VM: [dalvikvm] Injected mainThreadStackSize=256MB
05-03 19:26:05.616 10666 10718 I WestlakeVM: VM: [dalvikvm] Captured -classpath=/data/local/tmp/westlake/com_github_ashutoshgngwr_noice_classes.dex:/data/local/tmp/westlake/com_github_ashutoshgngwr_noice.apk
05-03 19:26:05.616 10666 10718 I WestlakeVM: VM: [RT-DBG] Locks::Init done, calling InitLogging
05-03 19:26:05.616 10666 10718 I WestlakeVM: VM: [RT-DBG] InitLogging done, calling ParsedOptions::Parse
05-03 19:26:05.617 10666 10717 I WestlakeVM: startPipeReader: pipe=true holder=true thread=null
05-03 19:26:05.618 10666 10716 I WestlakeVM: HTTP bridge started: /data/user/0/com.westlake.host/files/vm/http_bridge
05-03 19:26:05.619 10666 10720 I WestlakeVM: PIPE READER: started, holder=com.westlake.host.DisplayListFrameView{3f423dc V.ED..... ........ 0,0-1080,1800}
05-03 19:26:05.623 10666 10718 I WestlakeVM: VM: nullptr I 05-03 19:26:05 10715 10719 parsed_options.cc:701] setting boot class path to /data/local/tmp/westlake/core-oj.jar:/data/local/tmp/westlake/core-libart.jar:/data/local/tmp/westlake/core-icu4j.jar:/data/local/tmp/westlake/bouncycastle.jar:/data/local/tmp/westlake/aosp-shim.dex
05-03 19:26:05.624 10666 10718 I WestlakeVM: VM: nullptr I 05-03 19:26:05 10715 10719 heap.cc:440] Using CollectorType(2) GC.
05-03 19:26:05.624 10666 10718 I WestlakeVM: VM: [IMG] LoadBootImage entered, image_locations=0
05-03 19:26:05.624 10666 10718 I WestlakeVM: VM: [PFCUT] Standalone runtime forcing JIT/profiling off
05-03 19:26:05.625 10666 10718 I WestlakeVM: VM: nullptr W 05-03 19:26:05 10715 10719 fault_handler.cc:131] FaultHandler: MEMBARRIER_CMD_REGISTER_PRIVATE_EXPEDITED failed: 38 Function not implemented
05-03 19:26:05.625 10666 10696 I WestlakeVM: Pipe reader started, syncing to DLST magic...
05-03 19:26:05.627 10666 10718 I WestlakeVM: VM: nullptr W 05-03 19:26:05 10715 10719 dex_file_loader.cc:536] Can't mmap dex file /data/local/tmp/westlake/core-icu4j.jar!classes.dex directly; please zipalign to 4 bytes. Falling back to extracting file.
05-03 19:26:05.602 10715 10715 W dalvikvm: type=1400 audit(0.0:56206): avc:  granted  { execute } for  path="/data/user/0/com.westlake.host/files/vm/dalvikvm" dev="sda17" ino=524812 scontext=u:r:untrusted_app_27:s0:c218,c256,c512,c768 tcontext=u:object_r:app_data_file:s0:c218,c256,c512,c768 tclass=file app=com.westlake.host
05-03 19:26:05.634 10666 10718 I WestlakeVM: VM: nullptr W 05-03 19:26:05 10715 10719 class_linker.cc:875] CheckSystemClass: Class mismatch for Ljava/lang/String; (continuing for standalone dex2oat)
05-03 19:26:05.634 10666 10718 I WestlakeVM: VM: nullptr W 05-03 19:26:05 10715 10719 class_linker.cc:878]   c1 (pre-allocated) ptr=0x10c48780 objectSize=0 classSize=784 status=1 numVTable=81 numMethods=0 numSFields=0 numIFields=0
05-03 19:26:05.635 10666 10718 I WestlakeVM: VM: nullptr W 05-03 19:26:05 10715 10719 class_linker.cc:887]   c2 (from DEX)      ptr=0x14c53800 objectSize=0 classSize=808 status=7 numVTable=-1 numMethods=131 numSFields=7 numIFields=2
05-03 19:26:05.635 10666 10718 I WestlakeVM: VM: nullptr W 05-03 19:26:05 10715 10719 class_linker.cc:903]   String root = c2 (0x14c53800, 131 methods)
05-03 19:26:05.637 10666 10718 I WestlakeVM: VM: [RT] Runtime::Start() ENTERED
05-03 19:26:05.637 10666 10718 I WestlakeVM: VM: [RT] Standalone class path open: /data/local/tmp/westlake/com_github_ashutoshgngwr_noice_classes.dex (1 dex)
05-03 19:26:05.700 10666 10718 I WestlakeVM: VM: [RT] Standalone class path open: /data/local/tmp/westlake/com_github_ashutoshgngwr_noice.apk (1 dex)
05-03 19:26:05.700 10666 10718 I WestlakeVM: VM: [RT] Standalone class path ready: 2 dex files
05-03 19:26:05.700 10666 10718 I WestlakeVM: VM: [RT]   TRY_REGISTER(register_java_lang_Throwable) ...
05-03 19:26:05.701 10666 10718 I WestlakeVM: VM: [RT]   TRY_REGISTER(register_java_lang_Throwable) done
05-03 19:26:05.701 10666 10718 I WestlakeVM: VM: [RT]   TRY_REGISTER(register_dalvik_system_DexFile) ...
05-03 19:26:05.701 10666 10718 I WestlakeVM: VM: [RT]   TRY_REGISTER(register_dalvik_system_DexFile) done
05-03 19:26:05.701 10666 10718 I WestlakeVM: VM: [RT]   TRY_REGISTER(register_dalvik_system_BaseDexClassLoader) ...
05-03 19:26:05.701 10666 10718 I WestlakeVM: VM: [RT]   TRY_REGISTER(register_dalvik_system_BaseDexClassLoader) done
05-03 19:26:05.702 10666 10718 I WestlakeVM: VM: [RT]   TRY_REGISTER(register_dalvik_system_VMDebug) ...
05-03 19:26:05.702 10666 10718 I WestlakeVM: VM: [RT]   TRY_REGISTER(register_dalvik_system_VMDebug) done
05-03 19:26:05.702 10666 10718 I WestlakeVM: VM: [RT]   TRY_REGISTER(real_register_dalvik_system_VMRuntime) ...
05-03 19:26:05.702 10666 10718 I WestlakeVM: VM: [jni] Skipping missing native method: getFullGcCount()J
05-03 19:26:05.702 10666 10718 I WestlakeVM: VM: [jni] Skipping missing native method: getFullGcCount()J
05-03 19:26:05.702 10666 10718 I WestlakeVM: VM: nullptr W 05-03 19:26:05 10715 10719 tolerant_native_util.h:41] RegisterNatives: skipping dalvik/system/VMRuntime.getFullGcCount()J (not in JAR)
05-03 19:26:05.702 10666 10718 I WestlakeVM: VM: nullptr I 05-03 19:26:05 10715 10719 tolerant_native_util.h:47] RegisterNatives: dalvik/system/VMRuntime: 48/49 methods registered
05-03 19:26:05.702 10666 10718 I WestlakeVM: VM: [RT]   TRY_REGISTER(real_register_dalvik_system_VMRuntime) done
05-03 19:26:05.703 10666 10718 I WestlakeVM: VM: [RT]   TRY_REGISTER(register_dalvik_system_VMStack) ...
05-03 19:26:05.703 10666 10718 I WestlakeVM: VM: [RT]   TRY_REGISTER(register_dalvik_system_VMStack) done
05-03 19:26:05.703 10666 10718 I WestlakeVM: VM: [RT]   TRY_REGISTER(register_dalvik_system_ZygoteHooks) ...
05-03 19:26:05.703 10666 10718 I WestlakeVM: VM: [RT]   TRY_REGISTER(register_dalvik_system_ZygoteHooks) done
05-03 19:26:05.703 10666 10718 I WestlakeVM: VM: [RT]   TRY_REGISTER(register_java_lang_Class) ...
05-03 19:26:05.704 10666 10718 I WestlakeVM: VM: [jni] Skipping missing native method: getInnerClassName()Ljava/lang/String;
05-03 19:26:05.704 10666 10718 I WestlakeVM: VM: [jni] Skipping missing native method: getInnerClassName()Ljava/lang/String;
05-03 19:26:05.704 10666 10718 I WestlakeVM: VM: nullptr W 05-03 19:26:05 10715 10719 tolerant_native_util.h:41] RegisterNatives: skipping java/lang/Class.getInnerClassName()Ljava/lang/String; (not in JAR)
05-03 19:26:05.704 10666 10718 I WestlakeVM: VM: nullptr I 05-03 19:26:05 10715 10719 tolerant_native_util.h:47] RegisterNatives: java/lang/Class: 32/33 methods registered
05-03 19:26:05.704 10666 10718 I WestlakeVM: VM: [RT]   TRY_REGISTER(register_java_lang_Class) done
05-03 19:26:05.705 10666 10718 I WestlakeVM: VM: [RT]   TRY_REGISTER(register_java_lang_Character) ...
05-03 19:26:05.705 10666 10718 I WestlakeVM: VM: [RT]   TRY_REGISTER(register_java_lang_Character) done
05-03 19:26:05.705 10666 10718 I WestlakeVM: VM: [RT]   TRY_REGISTER(register_java_lang_Object) ...
05-03 19:26:05.705 10666 10718 I WestlakeVM: VM: [RT]   TRY_REGISTER(register_java_lang_Object) done
05-03 19:26:05.705 10666 10718 I WestlakeVM: VM: [RT]   TRY_REGISTER(register_java_lang_invoke_MethodHandle) ...
05-03 19:26:05.705 10666 10718 I WestlakeVM: VM: [RT]   TRY_REGISTER(register_java_lang_invoke_MethodHandle) done
05-03 19:26:05.706 10666 10718 I WestlakeVM: VM: [RT]   TRY_REGISTER(register_java_lang_invoke_MethodHandleImpl) ...
05-03 19:26:05.706 10666 10718 I WestlakeVM: VM: [RT]   TRY_REGISTER(register_java_lang_invoke_MethodHandleImpl) done
05-03 19:26:05.706 10666 10718 I WestlakeVM: VM: [RT]   TRY_REGISTER(register_java_lang_ref_FinalizerReference) ...
05-03 19:26:05.706 10666 10718 I WestlakeVM: VM: [RT]   TRY_REGISTER(register_java_lang_ref_FinalizerReference) done
05-03 19:26:05.706 10666 10718 I WestlakeVM: VM: [RT]   TRY_REGISTER(register_java_lang_reflect_Array) ...
05-03 19:26:05.706 10666 10718 I WestlakeVM: VM: [RT]   TRY_REGISTER(register_java_lang_reflect_Array) done
05-03 19:26:05.706 10666 10718 I WestlakeVM: VM: [RT]   TRY_REGISTER(register_java_lang_reflect_Constructor) ...
05-03 19:26:05.706 10666 10718 I WestlakeVM: VM: [RT]   TRY_REGISTER(register_java_lang_reflect_Constructor) done
05-03 19:26:05.706 10666 10718 I WestlakeVM: VM: [RT]   TRY_REGISTER(register_java_lang_reflect_Executable) ...
05-03 19:26:05.706 10666 10718 I WestlakeVM: VM: [RT]   TRY_REGISTER(register_java_lang_reflect_Executable) done
05-03 19:26:05.707 10666 10718 I WestlakeVM: VM: [RT]   TRY_REGISTER(register_java_lang_reflect_Field) ...
05-03 19:26:05.707 10666 10718 I WestlakeVM: VM: [RT]   TRY_REGISTER(register_java_lang_reflect_Field) done
05-03 19:26:05.707 10666 10718 I WestlakeVM: VM: [RT]   TRY_REGISTER(register_java_lang_reflect_Method) ...
05-03 19:26:05.707 10666 10718 I WestlakeVM: VM: [RT]   TRY_REGISTER(register_java_lang_reflect_Method) done
05-03 19:26:05.707 10666 10718 I WestlakeVM: VM: [RT]   TRY_REGISTER(register_java_lang_reflect_Parameter) ...
05-03 19:26:05.707 10666 10718 I WestlakeVM: VM: [RT]   TRY_REGISTER(register_java_lang_reflect_Parameter) done
