05-03 19:26:20.807 10666 10718 I WestlakeVM: VM: [PFCUT]   caller#3 java.lang.Object java.util.concurrent.ConcurrentHashMap.get(java.lang.Object) dex_pc=21
05-03 19:26:20.808 10666 10718 I WestlakeVM: VM: [PFCUT]   caller#4 java.lang.String java.util.Properties.getProperty(java.lang.String) dex_pc=2
05-03 19:26:20.808 10666 10718 I WestlakeVM: VM: [PFCUT]   caller#5 java.lang.String java.util.Properties.getProperty(java.lang.String) dex_pc=22
05-03 19:26:20.837 10666 10718 I WestlakeVM: VM: [PFCUT] System.arraycopy intrinsic src=[Ljava/lang/Thread; dst=[Ljava/lang/Thread; srcPos=3 dstPos=2 count=0
05-03 19:26:20.839 10666 10718 I WestlakeVM: VM: [WestlakeLauncher] Application.onCreate done: NoiceApplication
05-03 19:26:20.839 10666 10718 I WestlakeVM: VM: Post-init launch path refresh deferred on standalone guest
05-03 19:26:20.840 10666 10718 I WestlakeVM: VM: Launch props resolved on standalone guest
05-03 19:26:20.840 10666 10718 I WestlakeVM: VM: Launch snapshot ready on standalone guest
05-03 19:26:20.840 10666 10718 I WestlakeVM: VM: PF202 strict launch assignments ready
05-03 19:26:20.840 10666 10718 I WestlakeVM: VM: PF202 strict package block ready
05-03 19:26:20.840 10666 10718 I WestlakeVM: VM: PF202 strict resource block begin
05-03 19:26:20.840 10666 10718 I WestlakeVM: VM: PF202 strict pre-extracted loader enter
05-03 19:26:20.841 10666 10718 I WestlakeVM: VM: PF202 ApkLoader enter
05-03 19:26:20.843 10666 10718 I WestlakeVM: VM: PF202 ApkLoader info seeded
05-03 19:26:20.847 10666 10718 I WestlakeVM: VM: CV PF-MCD-RES_TABLE_READ_BEGIN path=/data/local/tmp/westlake/com_github_ashutoshgngwr_noice_res/resources.arsc
05-03 19:26:20.862 10666 10718 I WestlakeVM: VM: CV PF-MCD-RES_TABLE_READ_DONE bytes=2019644
05-03 19:26:20.862 10666 10718 I WestlakeVM: VM: CV PF-MCD-RES_TABLE_PARSE_BEGIN
05-03 19:26:20.945  3704  3747 W HidlServiceManagement: Waited one second for vendor.qti.hardware.cacert@1.0::IService/default
05-03 19:26:20.946   660   660 I hwservicemanager: Since vendor.qti.hardware.cacert@1.0::IService/default is not registered, trying to start it as a lazy HAL (if it's not configured to be a lazy HAL, it may be stuck starting or still starting).
05-03 19:26:20.948  3704  3747 I HidlServiceManagement: getService: Trying again for vendor.qti.hardware.cacert@1.0::IService/default...
05-03 19:26:20.951   660 10739 W libc    : Unable to set property "ctl.interface_start" to "vendor.qti.hardware.cacert@1.0::IService/default": PROP_ERROR_HANDLE_CONTROL_MESSAGE (0x20)
05-03 19:26:20.951   660 10739 I hwservicemanager: Tried to start vendor.qti.hardware.cacert@1.0::IService/default as a lazy service, but was unable to. Usually this happens when a service is not installed, but if the service is intended to be used as a lazy service, then it may be configured incorrectly.
05-03 19:26:20.864     0     0 E init    : Control message: Could not find 'vendor.qti.hardware.cacert@1.0::IService/default' for ctl.interface_start from pid: 660 (/system/system_ext/bin/hwservicemanager)
05-03 19:26:21.949  3704  3747 W HidlServiceManagement: Waited one second for vendor.qti.hardware.cacert@1.0::IService/default
05-03 19:26:21.950   660   660 I hwservicemanager: Since vendor.qti.hardware.cacert@1.0::IService/default is not registered, trying to start it as a lazy HAL (if it's not configured to be a lazy HAL, it may be stuck starting or still starting).
05-03 19:26:21.951  3704  3747 I HidlServiceManagement: getService: Trying again for vendor.qti.hardware.cacert@1.0::IService/default...
05-03 19:26:21.953   660 10740 W libc    : Unable to set property "ctl.interface_start" to "vendor.qti.hardware.cacert@1.0::IService/default": PROP_ERROR_HANDLE_CONTROL_MESSAGE (0x20)
05-03 19:26:21.953   660 10740 I hwservicemanager: Tried to start vendor.qti.hardware.cacert@1.0::IService/default as a lazy service, but was unable to. Usually this happens when a service is not installed, but if the service is intended to be used as a lazy service, then it may be configured incorrectly.
05-03 19:26:21.866     0     0 E init    : Control message: Could not find 'vendor.qti.hardware.cacert@1.0::IService/default' for ctl.interface_start from pid: 660 (/system/system_ext/bin/hwservicemanager)
05-03 19:26:21.946     0     0 I QCOM-BATT: pl_fcc_vote_callback: total_fcc_ua=1950000
05-03 19:26:21.946     0     0 I QCOM-BATT: pl_fv_vote_callback: fv_uv=4400000
05-03 19:26:22.305     0     0 E FG      : fg_psy_get_property: unsupported property 79
05-03 19:26:22.313     0     0 E FG      : fg_psy_get_property: unsupported property 79
05-03 19:26:22.412  1126  1126 D QtiCarrierConfigHelper: WARNING, no carrier configs on phone Id: 0
05-03 19:26:22.319     0     0 W healthd : battery l=100 v=3173 t=25.4 h=2 st=5 c=0 fc=2831000 chg=u
05-03 19:26:22.419   960  2657 D PowerUI : can't show warning due to - plugged: true status unknown: false
05-03 19:26:22.332     0     0 E FG      : fg_psy_get_property: unsupported property 79
05-03 19:26:22.951  3704  3747 W HidlServiceManagement: Waited one second for vendor.qti.hardware.cacert@1.0::IService/default
05-03 19:26:22.955   660   660 I hwservicemanager: Since vendor.qti.hardware.cacert@1.0::IService/default is not registered, trying to start it as a lazy HAL (if it's not configured to be a lazy HAL, it may be stuck starting or still starting).
05-03 19:26:22.956  3704  3747 I HidlServiceManagement: getService: Trying again for vendor.qti.hardware.cacert@1.0::IService/default...
05-03 19:26:22.958   660 10741 W libc    : Unable to set property "ctl.interface_start" to "vendor.qti.hardware.cacert@1.0::IService/default": PROP_ERROR_HANDLE_CONTROL_MESSAGE (0x20)
05-03 19:26:22.958   660 10741 I hwservicemanager: Tried to start vendor.qti.hardware.cacert@1.0::IService/default as a lazy service, but was unable to. Usually this happens when a service is not installed, but if the service is intended to be used as a lazy service, then it may be configured incorrectly.
05-03 19:26:22.871     0     0 E init    : Control message: Could not find 'vendor.qti.hardware.cacert@1.0::IService/default' for ctl.interface_start from pid: 660 (/system/system_ext/bin/hwservicemanager)
05-03 19:26:23.521   307   717 E WifiStaIfaceAidlImpl: getCachedScanData failed with service-specific exception: android.os.ServiceSpecificException:  (code 4)
05-03 19:26:23.526  3080 29189 I netd    : tetherGetStats() -> {[]} <1.98ms>
05-03 19:26:23.532  3199  3199 D vendor.qti.bluetooth@1.0-ibs_handler: SerialClockVote: vote for UART CLK ON
05-03 19:26:23.533  3199  3199 D vendor.qti.bluetooth@1.0-wake_lock: Acquire wakelock is acquired 
05-03 19:26:23.533  3199  3199 I vendor.qti.bluetooth@1.0-ibs_handler: DeviceWakeUp: Writing IBS_WAKE_IND
05-03 19:26:23.537  3199  1483 I vendor.qti.bluetooth@1.0-ibs_handler: ProcessIbsCmd: Received IBS_WAKE_ACK: 0xFC
05-03 19:26:23.537  3199  1483 I vendor.qti.bluetooth@1.0-ibs_handler: ProcessIbsCmd: Signal wack_cond_
05-03 19:26:23.537  3199  3199 D vendor.qti.bluetooth@1.0-ibs_handler: DeviceWakeUp: Unblocked from waiting for FC
05-03 19:26:23.538  3199  1483 I vendor.qti.bluetooth@1.0-ibs_handler: ProcessIbsCmd: Received IBS_WAKE_IND: 0xFD
05-03 19:26:23.538  3199  1483 I vendor.qti.bluetooth@1.0-ibs_handler: ProcessIbsCmd: Writing IBS_WAKE_ACK
05-03 19:26:23.579  3199  1483 I vendor.qti.bluetooth@1.0-ibs_handler: ProcessIbsCmd: Received IBS_SLEEP_IND: 0xFE
05-03 19:26:23.956  3704  3747 W HidlServiceManagement: Waited one second for vendor.qti.hardware.cacert@1.0::IService/default
05-03 19:26:23.958   660   660 I hwservicemanager: Since vendor.qti.hardware.cacert@1.0::IService/default is not registered, trying to start it as a lazy HAL (if it's not configured to be a lazy HAL, it may be stuck starting or still starting).
05-03 19:26:23.960  3704  3747 I HidlServiceManagement: getService: Trying again for vendor.qti.hardware.cacert@1.0::IService/default...
05-03 19:26:23.963   660 10742 W libc    : Unable to set property "ctl.interface_start" to "vendor.qti.hardware.cacert@1.0::IService/default": PROP_ERROR_HANDLE_CONTROL_MESSAGE (0x20)
05-03 19:26:23.963   660 10742 I hwservicemanager: Tried to start vendor.qti.hardware.cacert@1.0::IService/default as a lazy service, but was unable to. Usually this happens when a service is not installed, but if the service is intended to be used as a lazy service, then it may be configured incorrectly.
05-03 19:26:23.876     0     0 E init    : Control message: Could not find 'vendor.qti.hardware.cacert@1.0::IService/default' for ctl.interface_start from pid: 660 (/system/system_ext/bin/hwservicemanager)
05-03 19:26:24.537  3199  1487 I vendor.qti.bluetooth@1.0-ibs_handler: DeviceSleep: TX Awake, Sending SLEEP_IND
05-03 19:26:24.538  3199  1487 D vendor.qti.bluetooth@1.0-ibs_handler: SerialClockVote: vote for UART CLK OFF
05-03 19:26:24.698  3199  1283 D vendor.qti.bluetooth@1.0-wake_lock: Release wakelock is released 
05-03 19:26:24.960  3704  3747 W HidlServiceManagement: Waited one second for vendor.qti.hardware.cacert@1.0::IService/default
05-03 19:26:24.961   660   660 I hwservicemanager: Since vendor.qti.hardware.cacert@1.0::IService/default is not registered, trying to start it as a lazy HAL (if it's not configured to be a lazy HAL, it may be stuck starting or still starting).
05-03 19:26:24.962  3704  3747 I HidlServiceManagement: getService: Trying again for vendor.qti.hardware.cacert@1.0::IService/default...
05-03 19:26:24.877     0     0 E init    : Control message: Could not find 'vendor.qti.hardware.cacert@1.0::IService/default' for ctl.interface_start from pid: 660 (/system/system_ext/bin/hwservicemanager)
05-03 19:26:24.965   660 10743 W libc    : Unable to set property "ctl.interface_start" to "vendor.qti.hardware.cacert@1.0::IService/default": PROP_ERROR_HANDLE_CONTROL_MESSAGE (0x20)
05-03 19:26:24.965   660 10743 I hwservicemanager: Tried to start vendor.qti.hardware.cacert@1.0::IService/default as a lazy service, but was unable to. Usually this happens when a service is not installed, but if the service is intended to be used as a lazy service, then it may be configured incorrectly.
05-03 19:26:25.962  3704  3747 W HidlServiceManagement: Waited one second for vendor.qti.hardware.cacert@1.0::IService/default
05-03 19:26:25.964   660   660 I hwservicemanager: Since vendor.qti.hardware.cacert@1.0::IService/default is not registered, trying to start it as a lazy HAL (if it's not configured to be a lazy HAL, it may be stuck starting or still starting).
05-03 19:26:25.966  3704  3747 I HidlServiceManagement: getService: Trying again for vendor.qti.hardware.cacert@1.0::IService/default...
05-03 19:26:25.969   660 10744 W libc    : Unable to set property "ctl.interface_start" to "vendor.qti.hardware.cacert@1.0::IService/default": PROP_ERROR_HANDLE_CONTROL_MESSAGE (0x20)
05-03 19:26:25.969   660 10744 I hwservicemanager: Tried to start vendor.qti.hardware.cacert@1.0::IService/default as a lazy service, but was unable to. Usually this happens when a service is not installed, but if the service is intended to be used as a lazy service, then it may be configured incorrectly.
05-03 19:26:25.881     0     0 E init    : Control message: Could not find 'vendor.qti.hardware.cacert@1.0::IService/default' for ctl.interface_start from pid: 660 (/system/system_ext/bin/hwservicemanager)
05-03 19:26:26.967  3704  3747 W HidlServiceManagement: Waited one second for vendor.qti.hardware.cacert@1.0::IService/default
05-03 19:26:26.967   660   660 I hwservicemanager: Since vendor.qti.hardware.cacert@1.0::IService/default is not registered, trying to start it as a lazy HAL (if it's not configured to be a lazy HAL, it may be stuck starting or still starting).
05-03 19:26:26.969  3704  3747 I HidlServiceManagement: getService: Trying again for vendor.qti.hardware.cacert@1.0::IService/default...
05-03 19:26:26.971   660 10745 W libc    : Unable to set property "ctl.interface_start" to "vendor.qti.hardware.cacert@1.0::IService/default": PROP_ERROR_HANDLE_CONTROL_MESSAGE (0x20)
05-03 19:26:26.971   660 10745 I hwservicemanager: Tried to start vendor.qti.hardware.cacert@1.0::IService/default as a lazy service, but was unable to. Usually this happens when a service is not installed, but if the service is intended to be used as a lazy service, then it may be configured incorrectly.
05-03 19:26:26.884     0     0 E init    : Control message: Could not find 'vendor.qti.hardware.cacert@1.0::IService/default' for ctl.interface_start from pid: 660 (/system/system_ext/bin/hwservicemanager)
05-03 19:26:27.970  3704  3747 W HidlServiceManagement: Waited one second for vendor.qti.hardware.cacert@1.0::IService/default
05-03 19:26:27.972   660   660 I hwservicemanager: Since vendor.qti.hardware.cacert@1.0::IService/default is not registered, trying to start it as a lazy HAL (if it's not configured to be a lazy HAL, it may be stuck starting or still starting).
05-03 19:26:27.972  3704  3747 I HidlServiceManagement: getService: Trying again for vendor.qti.hardware.cacert@1.0::IService/default...
05-03 19:26:27.888     0     0 E init    : Control message: Could not find 'vendor.qti.hardware.cacert@1.0::IService/default' for ctl.interface_start from pid: 660 (/system/system_ext/bin/hwservicemanager)
05-03 19:26:27.975   660 10746 W libc    : Unable to set property "ctl.interface_start" to "vendor.qti.hardware.cacert@1.0::IService/default": PROP_ERROR_HANDLE_CONTROL_MESSAGE (0x20)
05-03 19:26:27.975   660 10746 I hwservicemanager: Tried to start vendor.qti.hardware.cacert@1.0::IService/default as a lazy service, but was unable to. Usually this happens when a service is not installed, but if the service is intended to be used as a lazy service, then it may be configured incorrectly.
05-03 19:26:28.973  3704  3747 W HidlServiceManagement: Waited one second for vendor.qti.hardware.cacert@1.0::IService/default
05-03 19:26:28.974   660   660 I hwservicemanager: Since vendor.qti.hardware.cacert@1.0::IService/default is not registered, trying to start it as a lazy HAL (if it's not configured to be a lazy HAL, it may be stuck starting or still starting).
05-03 19:26:28.975  3704  3747 I HidlServiceManagement: getService: Trying again for vendor.qti.hardware.cacert@1.0::IService/default...
05-03 19:26:28.889     0     0 E init    : Control message: Could not find 'vendor.qti.hardware.cacert@1.0::IService/default' for ctl.interface_start from pid: 660 (/system/system_ext/bin/hwservicemanager)
05-03 19:26:28.977   660 10747 W libc    : Unable to set property "ctl.interface_start" to "vendor.qti.hardware.cacert@1.0::IService/default": PROP_ERROR_HANDLE_CONTROL_MESSAGE (0x20)
05-03 19:26:28.977   660 10747 I hwservicemanager: Tried to start vendor.qti.hardware.cacert@1.0::IService/default as a lazy service, but was unable to. Usually this happens when a service is not installed, but if the service is intended to be used as a lazy service, then it may be configured incorrectly.
05-03 19:26:28.986     0     0 I QCOM-BATT: pl_fcc_vote_callback: total_fcc_ua=1950000
05-03 19:26:28.986     0     0 I QCOM-BATT: pl_fv_vote_callback: fv_uv=4400000
05-03 19:26:29.345     0     0 E FG      : fg_psy_get_property: unsupported property 79
05-03 19:26:29.360     0     0 E FG      : fg_psy_get_property: unsupported property 79
05-03 19:26:29.366     0     0 W healthd : battery l=100 v=3174 t=25.4 h=2 st=5 c=0 fc=2831000 chg=u
05-03 19:26:29.459  1126  1126 D QtiCarrierConfigHelper: WARNING, no carrier configs on phone Id: 0
05-03 19:26:29.374     0     0 E FG      : fg_psy_get_property: unsupported property 79
05-03 19:26:29.466   960  2676 D PowerUI : can't show warning due to - plugged: true status unknown: false
05-03 19:26:29.976  3704  3747 W HidlServiceManagement: Waited one second for vendor.qti.hardware.cacert@1.0::IService/default
05-03 19:26:29.977   660   660 I hwservicemanager: Since vendor.qti.hardware.cacert@1.0::IService/default is not registered, trying to start it as a lazy HAL (if it's not configured to be a lazy HAL, it may be stuck starting or still starting).
05-03 19:26:29.979  3704  3747 I HidlServiceManagement: getService: Trying again for vendor.qti.hardware.cacert@1.0::IService/default...
05-03 19:26:29.982   660 10748 W libc    : Unable to set property "ctl.interface_start" to "vendor.qti.hardware.cacert@1.0::IService/default": PROP_ERROR_HANDLE_CONTROL_MESSAGE (0x20)
05-03 19:26:29.982   660 10748 I hwservicemanager: Tried to start vendor.qti.hardware.cacert@1.0::IService/default as a lazy service, but was unable to. Usually this happens when a service is not installed, but if the service is intended to be used as a lazy service, then it may be configured incorrectly.
05-03 19:26:29.894     0     0 E init    : Control message: Could not find 'vendor.qti.hardware.cacert@1.0::IService/default' for ctl.interface_start from pid: 660 (/system/system_ext/bin/hwservicemanager)
05-03 19:26:30.980  3704  3747 W HidlServiceManagement: Waited one second for vendor.qti.hardware.cacert@1.0::IService/default
05-03 19:26:30.981   660   660 I hwservicemanager: Since vendor.qti.hardware.cacert@1.0::IService/default is not registered, trying to start it as a lazy HAL (if it's not configured to be a lazy HAL, it may be stuck starting or still starting).
05-03 19:26:30.983  3704  3747 I HidlServiceManagement: getService: Trying again for vendor.qti.hardware.cacert@1.0::IService/default...
05-03 19:26:30.985   660 10749 W libc    : Unable to set property "ctl.interface_start" to "vendor.qti.hardware.cacert@1.0::IService/default": PROP_ERROR_HANDLE_CONTROL_MESSAGE (0x20)
05-03 19:26:30.985   660 10749 I hwservicemanager: Tried to start vendor.qti.hardware.cacert@1.0::IService/default as a lazy service, but was unable to. Usually this happens when a service is not installed, but if the service is intended to be used as a lazy service, then it may be configured incorrectly.
05-03 19:26:30.897     0     0 E init    : Control message: Could not find 'vendor.qti.hardware.cacert@1.0::IService/default' for ctl.interface_start from pid: 660 (/system/system_ext/bin/hwservicemanager)
05-03 19:26:31.983  3704  3747 W HidlServiceManagement: Waited one second for vendor.qti.hardware.cacert@1.0::IService/default
05-03 19:26:31.985   660   660 I hwservicemanager: Since vendor.qti.hardware.cacert@1.0::IService/default is not registered, trying to start it as a lazy HAL (if it's not configured to be a lazy HAL, it may be stuck starting or still starting).
05-03 19:26:31.987  3704  3747 I HidlServiceManagement: getService: Trying again for vendor.qti.hardware.cacert@1.0::IService/default...
05-03 19:26:31.988   660 10750 W libc    : Unable to set property "ctl.interface_start" to "vendor.qti.hardware.cacert@1.0::IService/default": PROP_ERROR_HANDLE_CONTROL_MESSAGE (0x20)
05-03 19:26:31.988   660 10750 I hwservicemanager: Tried to start vendor.qti.hardware.cacert@1.0::IService/default as a lazy service, but was unable to. Usually this happens when a service is not installed, but if the service is intended to be used as a lazy service, then it may be configured incorrectly.
05-03 19:26:31.901     0     0 E init    : Control message: Could not find 'vendor.qti.hardware.cacert@1.0::IService/default' for ctl.interface_start from pid: 660 (/system/system_ext/bin/hwservicemanager)
05-03 19:26:32.405 10666 10718 I WestlakeVM: VM: CV PF-MCD-RES_TABLE_PARSE_DONE
05-03 19:26:32.408 10666 10718 I WestlakeVM: VM: CV PF-MCD-RES_TABLE_LOADED bytes=2019644 strings=586 integers=0
05-03 19:26:32.411 10666 10718 I WestlakeVM: VM: PF202 ApkLoader res dirs ready
05-03 19:26:32.413 10666 10718 I WestlakeVM: VM: PF202 ApkLoader activity seeded
05-03 19:26:32.414 10666 10718 I WestlakeVM: VM: PF202 ApkLoader return
05-03 19:26:32.414 10666 10718 I WestlakeVM: VM: PF202 strict post-loader return
05-03 19:26:32.414 10666 10718 I WestlakeVM: VM: PF202 strict post-loader info seeded
05-03 19:26:32.415 10666 10718 I WestlakeVM: VM: PF202 strict split work skipped
05-03 19:26:32.415 10666 10718 I WestlakeVM: VM: PF202 strict setApkInfo skipped
05-03 19:26:32.415 10666 10718 I WestlakeVM: VM: PF202 strict pre-extracted resources loaded
05-03 19:26:32.415 10666 10718 I WestlakeVM: VM: PF202 strict resource wiring skipped
05-03 19:26:32.416 10666 10718 I WestlakeVM: VM: PF202 strict package reconciliation skipped
05-03 19:26:32.416 10666 10718 I WestlakeVM: VM: PF202 strict APK summary skipped
05-03 19:26:32.417 10666 10718 I WestlakeVM: VM: PF202 strict launch target reconciliation skipped
05-03 19:26:32.418 10666 10718 I WestlakeVM: VM: PF202 strict launch banner skipped
05-03 19:26:32.419 10666 10718 I WestlakeVM: VM: PF202 strict activity resolve skipped
05-03 19:26:32.419 10666 10718 I WestlakeVM: VM: [PFCUT] Class.getDeclaredField intrinsic hit class=java.lang.ClassLoader name=packages
05-03 19:26:32.420 10666 10718 I WestlakeVM: VM: [PFCUT] Class.getDeclaredField intrinsic hit class=java.lang.ClassLoader name=packages
05-03 19:26:32.420 10666 10718 I WestlakeVM: VM: [PFCUT] Class.classForName name=com.newrelic.agent.android.tracing.TraceMachine initialize=0 loader=0x748938023d lifecycle_adapter=0 mcd_analytics=0 callers=java.lang.Class java.lang.Class.classForName(java.lang.String, boolean, java.lang.ClassLoader) | java.lang.Class java.lang.Class.forName(java.lang.String, boolean, java.lang.ClassLoader) | boolean com.westlake.engine.WestlakeLauncher.nativePatchClassNoop(java.lang.String, java.lang.ClassLoader) | boolean com.westlake.engine.WestlakeLauncher.nativePatchClassNoop(java.lang.String, java.lang.ClassLoader) | void com.westlake.engine.WestlakeLauncher.patchProblematicAppClasses(java.lang.ClassLoader) | void com.westlake.engine.WestlakeLauncher.mainImpl(java.lang.String[]) | void com.westlake.engine.WestlakeLauncher.main(java.lang.String[])
05-03 19:26:32.421 10666 10718 I WestlakeVM: VM: [PFCUT] Class.classForName name=com.newrelic.agent.android.tracing.Trace initialize=0 loader=0x748938023d lifecycle_adapter=0 mcd_analytics=0 callers=java.lang.Class java.lang.Class.classForName(java.lang.String, boolean, java.lang.ClassLoader) | java.lang.Class java.lang.Class.forName(java.lang.String, boolean, java.lang.ClassLoader) | boolean com.westlake.engine.WestlakeLauncher.nativePatchClassNoop(java.lang.String, java.lang.ClassLoader) | boolean com.westlake.engine.WestlakeLauncher.nativePatchClassNoop(java.lang.String, java.lang.ClassLoader) | void com.westlake.engine.WestlakeLauncher.patchProblematicAppClasses(java.lang.ClassLoader) | void com.westlake.engine.WestlakeLauncher.mainImpl(java.lang.String[]) | void com.westlake.engine.WestlakeLauncher.main(java.lang.String[])
05-03 19:26:32.422 10666 10718 I WestlakeVM: VM: [PFCUT] Class.classForName name=com.newrelic.agent.android.NewRelic initialize=0 loader=0x748938023d lifecycle_adapter=0 mcd_analytics=0 callers=java.lang.Class java.lang.Class.classForName(java.lang.String, boolean, java.lang.ClassLoader) | java.lang.Class java.lang.Class.forName(java.lang.String, boolean, java.lang.ClassLoader) | boolean com.westlake.engine.WestlakeLauncher.nativePatchClassNoop(java.lang.String, java.lang.ClassLoader) | boolean com.westlake.engine.WestlakeLauncher.nativePatchClassNoop(java.lang.String, java.lang.ClassLoader) | void com.westlake.engine.WestlakeLauncher.patchProblematicAppClasses(java.lang.ClassLoader) | void com.westlake.engine.WestlakeLauncher.mainImpl(java.lang.String[]) | void com.westlake.engine.WestlakeLauncher.main(java.lang.String[])
05-03 19:26:32.426 10666 10718 I WestlakeVM: VM: [WestlakeLauncher] AM direct launch: pkg=com.github.ashutoshgngwr.noice cls=com.github.ashutoshgngwr.noice.activity.MainActivity
05-03 19:26:32.437 10666 10718 I WestlakeVM: VM: [shim-log] D/MiniActivityManager: startActivity: com.github.ashutoshgngwr.noice.activity.MainActivity action=android.intent.action.MAIN pkg=com.github.ashutoshgngwr.noice
05-03 19:26:32.494 10666 10718 I WestlakeVM: VM: [PFCUT] MethodHandles.lookup intrinsic caller=void java.util.concurrent.atomic.AtomicReference.<clinit>()
05-03 19:26:32.495 10666 10718 I WestlakeVM: VM: [PFCUT] Class.getDeclaredField intrinsic hit class=java.util.concurrent.atomic.AtomicReference name=value
05-03 19:26:32.539 10666 10718 I WestlakeVM: VM: [PFCUT] Class.getDeclaredField intrinsic hit class=android.app.Activity name=mIntent
05-03 19:26:32.539 10666 10718 I WestlakeVM: VM: [PFCUT] Class.getDeclaredField intrinsic hit class=android.app.Activity name=mComponent
05-03 19:26:32.539 10666 10718 I WestlakeVM: VM: [PFCUT] Class.getDeclaredField intrinsic hit class=android.app.Activity name=mApplication
05-03 19:26:32.540 10666 10718 I WestlakeVM: VM: [PFCUT] Class.getDeclaredField intrinsic hit class=android.app.Activity name=mFinished
05-03 19:26:32.540 10666 10718 I WestlakeVM: VM: [PFCUT] Class.getDeclaredField intrinsic hit class=android.app.Activity name=mDestroyed
05-03 19:26:32.545 10666 10718 I WestlakeVM: VM: [PFCUT] Class.getDeclaredField intrinsic hit class=android.app.ActivityThread name=sCurrentActivityThread
05-03 19:26:32.546 10666 10718 I WestlakeVM: VM: [PFCUT] Class.getDeclaredField intrinsic hit class=android.app.Activity name=mIntent
05-03 19:26:32.546 10666 10718 I WestlakeVM: VM: [PFCUT] Class.getDeclaredField intrinsic hit class=android.app.Activity name=mComponent
05-03 19:26:32.547 10666 10718 I WestlakeVM: VM: [PFCUT] Class.getDeclaredField intrinsic hit class=android.app.Activity name=mApplication
05-03 19:26:32.547 10666 10718 I WestlakeVM: VM: [PFCUT] Class.getDeclaredField intrinsic hit class=android.app.Activity name=mFinished
05-03 19:26:32.548 10666 10718 I WestlakeVM: VM: [PFCUT] Class.getDeclaredField intrinsic hit class=android.app.Activity name=mDestroyed
05-03 19:26:32.554 10666 10718 I WestlakeVM: VM: [shim-log] D/MiniActivityManager:   performCreate: com.github.ashutoshgngwr.noice.activity.MainActivity
05-03 19:26:32.561 10666 10718 I WestlakeVM: VM: [PFCUT] StringFactory Charset fallback bytes=7 offset=0 utf16=7 shorty=LLIIL
05-03 19:26:32.566 10666 10718 I WestlakeVM: VM: [shim-log] D/MiniActivityManager:   performCreate app cl=dalvik.system.PathClassLoader@fcbcb55
05-03 19:26:32.566 10666 10718 I WestlakeVM: VM: [PFCUT] VMClassLoader.getResources(String) fallback -> Collections.emptyList
05-03 19:26:32.573 10666 10718 I WestlakeVM: VM: [shim-log] D/MiniActivityManager:   performCreate app service not found
05-03 19:26:32.581 10666 10718 I WestlakeVM: VM: [shim-log] D/MiniActivityManager:   performCreate app factoryClass failed: ClassNotFoundException: kotlinx.coroutines.android.AndroidDispatcherFactory
05-03 19:26:32.584 10666 10718 I WestlakeVM: VM: [PFCUT] System.arraycopy intrinsic src=[B dst=[B srcPos=0 dstPos=0 count=16
05-03 19:26:32.585 10666 10718 I WestlakeVM: VM: [PFCUT] System.arraycopy intrinsic src=[B dst=[B srcPos=0 dstPos=0 count=16
05-03 19:26:32.586 10666 10718 I WestlakeVM: VM: [PFCUT] StringFactory Charset fallback bytes=7 offset=0 utf16=7 shorty=LLIIL
05-03 19:26:32.586 10666 10718 I WestlakeVM: VM: [PFCUT] System.arraycopy intrinsic src=[B dst=[B srcPos=0 dstPos=0 count=34
05-03 19:26:32.587 10666 10718 I WestlakeVM: VM: [PFCUT] System.arraycopy intrinsic src=[B dst=[B srcPos=0 dstPos=0 count=34
05-03 19:26:32.588 10666 10718 I WestlakeVM: VM: [PFCUT] System.arraycopy intrinsic src=[B dst=[B srcPos=0 dstPos=0 count=16
05-03 19:26:32.589 10666 10718 I WestlakeVM: VM: [PFCUT] System.arraycopy intrinsic src=[B dst=[B srcPos=0 dstPos=0 count=34
05-03 19:26:32.592 10666 10718 I WestlakeVM: VM: [PFCUT] System.arraycopy intrinsic src=[B dst=[B srcPos=0 dstPos=0 count=16
05-03 19:26:32.592 10666 10718 I WestlakeVM: VM: [shim-log] D/MiniActivityManager:   performCreate thread cl=dalvik.system.PathClassLoader@fcbcb55
05-03 19:26:32.592 10666 10718 I WestlakeVM: VM: [PFCUT] VMClassLoader.getResources(String) fallback -> Collections.emptyList
05-03 19:26:32.593 10666 10718 I WestlakeVM: VM: [PFCUT] System.arraycopy intrinsic src=[B dst=[B srcPos=0 dstPos=0 count=16
05-03 19:26:32.594 10666 10718 I WestlakeVM: VM: [PFCUT] System.arraycopy intrinsic src=[B dst=[B srcPos=0 dstPos=0 count=34
05-03 19:26:32.595 10666 10718 I WestlakeVM: VM: [PFCUT] System.arraycopy intrinsic src=[B dst=[B srcPos=0 dstPos=0 count=16
05-03 19:26:32.596 10666 10718 I WestlakeVM: VM: [PFCUT] System.arraycopy intrinsic src=[B dst=[B srcPos=0 dstPos=0 count=34
05-03 19:26:32.598 10666 10718 I WestlakeVM: VM: [PFCUT] System.arraycopy intrinsic src=[B dst=[B srcPos=0 dstPos=0 count=16
05-03 19:26:32.599 10666 10718 I WestlakeVM: VM: [shim-log] D/MiniActivityManager:   performCreate thread service not found
05-03 19:26:32.599 10666 10718 I WestlakeVM: VM: [PFCUT] forced interpreter JNI reason=Class.classForName method=java.lang.Class java.lang.Class.classForName(java.lang.String, boolean, java.lang.ClassLoader) quick=0xd586c0 jni=0x78b770
05-03 19:26:32.600 10666 10718 I WestlakeVM: VM: [PFCUT] System.arraycopy intrinsic src=[B dst=[B srcPos=0 dstPos=0 count=16
05-03 19:26:32.601 10666 10718 I WestlakeVM: VM: [PFCUT] System.arraycopy intrinsic src=[B dst=[B srcPos=0 dstPos=0 count=34
05-03 19:26:32.602 10666 10718 I WestlakeVM: VM: [PFCUT] System.arraycopy intrinsic src=[B dst=[B srcPos=0 dstPos=0 count=70
05-03 19:26:32.603 10666 10718 I WestlakeVM: VM: [PFCUT] System.arraycopy intrinsic src=[B dst=[B srcPos=0 dstPos=0 count=16
05-03 19:26:32.604 10666 10718 I WestlakeVM: VM: [PFCUT] System.arraycopy intrinsic src=[B dst=[B srcPos=0 dstPos=0 count=34
05-03 19:26:32.606 10666 10718 I WestlakeVM: VM: [PFCUT] System.arraycopy intrinsic src=[B dst=[B srcPos=0 dstPos=0 count=16
05-03 19:26:32.607 10666 10718 I WestlakeVM: VM: [shim-log] D/MiniActivityManager:   performCreate thread factoryClass failed: ClassNotFoundException: kotlinx.coroutines.android.AndroidDispatcherFactory
05-03 19:26:32.613 10666 10718 I WestlakeVM: VM: [PFCUT] System.arraycopy intrinsic src=[Ljava/lang/Object; dst=[Ljava/lang/Object; srcPos=0 dstPos=0 count=0
05-03 19:26:32.617 10666 10718 I WestlakeVM: VM: [PFCUT] System.arraycopy intrinsic src=[Ljava/lang/Object; dst=[Ljava/lang/Object; srcPos=0 dstPos=0 count=0
05-03 19:26:32.627 10666 10718 I WestlakeVM: VM: [PFCUT] System.arraycopy intrinsic src=[B dst=[B srcPos=0 dstPos=0 count=16
05-03 19:26:32.628 10666 10718 I WestlakeVM: VM: [PFCUT] forced interpreter JNI reason=Class.classForName method=java.lang.Class java.lang.Class.classForName(java.lang.String, boolean, java.lang.ClassLoader) quick=0xd586c0 jni=0x78b770
05-03 19:26:32.630 10666 10718 I WestlakeVM: VM: [PFCUT] MethodHandles.lookup intrinsic caller=void java.util.concurrent.atomic.AtomicLong.<clinit>()
05-03 19:26:32.630 10666 10718 I WestlakeVM: VM: [PFCUT] Class.getDeclaredField intrinsic hit class=java.util.concurrent.atomic.AtomicLong name=value
05-03 19:26:32.632 10666 10718 I WestlakeVM: VM: [PFCUT] Class.getDeclaredField intrinsic hit class=java.util.Random name=seed
05-03 19:26:32.632 10666 10718 I WestlakeVM: VM: [PFCUT] AtomicLong.get intrinsic current=8682522807148012
05-03 19:26:32.632 10666 10718 I WestlakeVM: VM: [PFCUT] AtomicLong.compareAndSet intrinsic current=8682522807148012
05-03 19:26:32.633 10666 10718 I WestlakeVM: VM: [PFCUT] AtomicLong.get intrinsic current=226051664090990
05-03 19:26:32.633 10666 10718 I WestlakeVM: VM: [PFCUT] AtomicLong.compareAndSet intrinsic current=226051664090990
05-03 19:26:32.635 10666 10718 I WestlakeVM: VM: [PFCUT] System.arraycopy intrinsic src=[B dst=[B srcPos=0 dstPos=0 count=16
05-03 19:26:32.636 10666 10718 I WestlakeVM: VM: [PFCUT] AtomicLong.get intrinsic current=211562364947937
05-03 19:26:32.637 10666 10718 I WestlakeVM: VM: [PFCUT] AtomicLong.compareAndSet intrinsic current=211562364947937
05-03 19:26:32.638 10666 10718 I WestlakeVM: VM: [PFCUT] System.arraycopy intrinsic src=[B dst=[B srcPos=0 dstPos=0 count=16
05-03 19:26:32.639 10666 10718 I WestlakeVM: VM: [PFCUT] AtomicLong.get intrinsic current=277748303089368
05-03 19:26:32.639 10666 10718 I WestlakeVM: VM: [PFCUT] AtomicLong.compareAndSet intrinsic current=277748303089368
05-03 19:26:32.640 10666 10718 I WestlakeVM: VM: [PFCUT] System.arraycopy intrinsic src=[Ljava/lang/Object; dst=[Ljava/lang/Object; srcPos=0 dstPos=0 count=1
05-03 19:26:32.640 10666 10718 I WestlakeVM: VM: [PFCUT] System.arraycopy intrinsic src=[Ljava/lang/Object; dst=[Ljava/lang/Object; srcPos=0 dstPos=0 count=0
05-03 19:26:32.641 10666 10718 I WestlakeVM: VM: [PFCUT] System.arraycopy intrinsic src=[Ljava/lang/Object; dst=[Ljava/lang/Object; srcPos=0 dstPos=0 count=0
05-03 19:26:32.641 10666 10718 I WestlakeVM: VM: [PFCUT] System.arraycopy intrinsic src=[Ljava/lang/Object; dst=[Ljava/lang/Object; srcPos=0 dstPos=0 count=0
05-03 19:26:32.641 10666 10718 I WestlakeVM: VM: [PFCUT] System.arraycopy intrinsic src=[Ljava/lang/Object; dst=[Ljava/lang/Object; srcPos=0 dstPos=0 count=0
05-03 19:26:32.669 10666 10718 I WestlakeVM: VM: [PFCUT] System.arraycopy intrinsic src=[Ljava/util/Locale; dst=[Ljava/util/Locale; srcPos=0 dstPos=0 count=0
05-03 19:26:32.670 10666 10718 I WestlakeVM: VM: [PFCUT] System.arraycopy intrinsic src=[Ljava/util/Locale; dst=[Ljava/util/Locale; srcPos=0 dstPos=0 count=1
05-03 19:26:32.691 10666 10718 I WestlakeVM: VM: [PFCUT] System.arraycopy intrinsic src=[Ljava/util/Locale; dst=[Ljava/util/Locale; srcPos=0 dstPos=0 count=0
05-03 19:26:32.692 10666 10718 I WestlakeVM: VM: [PFCUT] String.split intrinsic delimiter=44 limit=-1 pieces=1
05-03 19:26:32.700 10666 10718 I WestlakeVM: VM: [PFCUT] forced interpreter JNI reason=Unsafe method=boolean jdk.internal.misc.Unsafe.compareAndSetInt(java.lang.Object, long, int, int) quick=0xd58800 jni=0x788ed4
05-03 19:26:32.700 10666 10718 I WestlakeVM: VM: [PFCUT] InterpreterJni jdk.Unsafe CAS int target=0x14eba680 offset=52 current=32 expected=32 new=-1 success=1
05-03 19:26:32.700 10666 10718 I WestlakeVM: VM: [PFCUT]   caller#0 boolean jdk.internal.misc.Unsafe.compareAndSetInt(java.lang.Object, long, int, int) dex_pc=0
05-03 19:26:32.700 10666 10718 I WestlakeVM: VM: [PFCUT]   caller#1 java.util.concurrent.ConcurrentHashMap$Node[] java.util.concurrent.ConcurrentHashMap.initTable() dex_pc=25
05-03 19:26:32.700 10666 10718 I WestlakeVM: VM: [PFCUT]   caller#2 java.lang.Object java.util.concurrent.ConcurrentHashMap.putVal(java.lang.Object, java.lang.Object, boolean) dex_pc=196
05-03 19:26:32.700 10666 10718 I WestlakeVM: VM: [PFCUT]   caller#3 java.lang.Object java.util.concurrent.ConcurrentHashMap.putIfAbsent(java.lang.Object, java.lang.Object) dex_pc=1
05-03 19:26:32.701 10666 10718 I WestlakeVM: VM: [PFCUT]   caller#4 java.lang.Object sun.util.locale.LocaleObjectCache.get(java.lang.Object) dex_pc=42
05-03 19:26:32.701 10666 10718 I WestlakeVM: VM: [PFCUT]   caller#5 sun.util.locale.BaseLocale sun.util.locale.BaseLocale.getInstance(java.lang.String, java.lang.String, java.lang.String, java.lang.String) dex_pc=92
05-03 19:26:32.701 10666 10718 I WestlakeVM: VM: [PFCUT] forced interpreter JNI reason=Unsafe method=java.lang.Object jdk.internal.misc.Unsafe.getReferenceVolatile(java.lang.Object, long) quick=0xd58800 jni=0x789ca4
05-03 19:26:32.701 10666 10718 I WestlakeVM: VM: [PFCUT] InterpreterJni jdk.Unsafe getReferenceVolatile target=0x14ec2550 offset=128 value=0x0 array_index=29
05-03 19:26:32.701 10666 10718 I WestlakeVM: VM: [PFCUT]   caller#0 java.lang.Object jdk.internal.misc.Unsafe.getReferenceVolatile(java.lang.Object, long) dex_pc=0
05-03 19:26:32.701 10666 10718 I WestlakeVM: VM: [PFCUT]   caller#1 java.lang.Object jdk.internal.misc.Unsafe.getReferenceAcquire(java.lang.Object, long) dex_pc=0
05-03 19:26:32.701 10666 10718 I WestlakeVM: VM: [PFCUT]   caller#2 java.util.concurrent.ConcurrentHashMap$Node java.util.concurrent.ConcurrentHashMap.tabAt(java.util.concurrent.ConcurrentHashMap$Node[], int) dex_pc=10
05-03 19:26:32.702 10666 10718 I WestlakeVM: VM: [PFCUT]   caller#3 java.lang.Object java.util.concurrent.ConcurrentHashMap.putVal(java.lang.Object, java.lang.Object, boolean) dex_pc=27
05-03 19:26:32.702 10666 10718 I WestlakeVM: VM: [PFCUT]   caller#4 java.lang.Object java.util.concurrent.ConcurrentHashMap.putIfAbsent(java.lang.Object, java.lang.Object) dex_pc=1
05-03 19:26:32.702 10666 10718 I WestlakeVM: VM: [PFCUT]   caller#5 java.lang.Object sun.util.locale.LocaleObjectCache.get(java.lang.Object) dex_pc=42
05-03 19:26:32.702 10666 10718 I WestlakeVM: VM: [PFCUT] forced interpreter JNI reason=Unsafe method=boolean jdk.internal.misc.Unsafe.compareAndSetReference(java.lang.Object, long, java.lang.Object, java.lang.Object) quick=0xd58800 jni=0x789288
05-03 19:26:32.702 10666 10718 I WestlakeVM: VM: [PFCUT] InterpreterJni jdk.Unsafe CAS ref target=0x14ec2550 offset=128 current=0x0 expected=0x0 new=0x14ec3d18 success=1 array_index=29
05-03 19:26:32.702 10666 10718 I WestlakeVM: VM: [PFCUT]   caller#0 boolean jdk.internal.misc.Unsafe.compareAndSetReference(java.lang.Object, long, java.lang.Object, java.lang.Object) dex_pc=0
05-03 19:26:32.702 10666 10718 I WestlakeVM: VM: [PFCUT]   caller#1 boolean java.util.concurrent.ConcurrentHashMap.casTabAt(java.util.concurrent.ConcurrentHashMap$Node[], int, java.util.concurrent.ConcurrentHashMap$Node, java.util.concurrent.ConcurrentHashMap$Node) dex_pc=14
05-03 19:26:32.702 10666 10718 I WestlakeVM: VM: [PFCUT]   caller#2 java.lang.Object java.util.concurrent.ConcurrentHashMap.putVal(java.lang.Object, java.lang.Object, boolean) dex_pc=40
05-03 19:26:32.702 10666 10718 I WestlakeVM: VM: [PFCUT]   caller#3 java.lang.Object java.util.concurrent.ConcurrentHashMap.putIfAbsent(java.lang.Object, java.lang.Object) dex_pc=1
05-03 19:26:32.703 10666 10718 I WestlakeVM: VM: [PFCUT]   caller#4 java.lang.Object sun.util.locale.LocaleObjectCache.get(java.lang.Object) dex_pc=42
05-03 19:26:32.703 10666 10718 I WestlakeVM: VM: [PFCUT]   caller#5 sun.util.locale.BaseLocale sun.util.locale.BaseLocale.getInstance(java.lang.String, java.lang.String, java.lang.String, java.lang.String) dex_pc=92
05-03 19:26:32.703 10666 10718 I WestlakeVM: VM: [PFCUT] forced interpreter JNI reason=Unsafe method=boolean jdk.internal.misc.Unsafe.compareAndSetLong(java.lang.Object, long, long, long) quick=0xd58800 jni=0x7890f4
05-03 19:26:32.703 10666 10718 I WestlakeVM: VM: [PFCUT] InterpreterJni jdk.Unsafe CAS long target=0x14eba680 offset=40 current=0 expected=0 new=1 success=1
05-03 19:26:32.703 10666 10718 I WestlakeVM: VM: [PFCUT]   caller#0 boolean jdk.internal.misc.Unsafe.compareAndSetLong(java.lang.Object, long, long, long) dex_pc=0
05-03 19:26:32.703 10666 10718 I WestlakeVM: VM: [PFCUT]   caller#1 void java.util.concurrent.ConcurrentHashMap.addCount(long, int) dex_pc=23
05-03 19:26:32.703 10666 10718 I WestlakeVM: VM: [PFCUT]   caller#2 java.lang.Object java.util.concurrent.ConcurrentHashMap.putVal(java.lang.Object, java.lang.Object, boolean) dex_pc=189
05-03 19:26:32.703 10666 10718 I WestlakeVM: VM: [PFCUT]   caller#3 java.lang.Object java.util.concurrent.ConcurrentHashMap.putIfAbsent(java.lang.Object, java.lang.Object) dex_pc=1
05-03 19:26:32.704 10666 10718 I WestlakeVM: VM: [PFCUT]   caller#4 java.lang.Object sun.util.locale.LocaleObjectCache.get(java.lang.Object) dex_pc=42
05-03 19:26:32.704 10666 10718 I WestlakeVM: VM: [PFCUT]   caller#5 sun.util.locale.BaseLocale sun.util.locale.BaseLocale.getInstance(java.lang.String, java.lang.String, java.lang.String, java.lang.String) dex_pc=92
05-03 19:26:32.705 10666 10718 I WestlakeVM: VM: [PFCUT] forced interpreter JNI reason=Unsafe method=java.lang.Object jdk.internal.misc.Unsafe.getReferenceVolatile(java.lang.Object, long) quick=0xd58800 jni=0x789ca4
05-03 19:26:32.705 10666 10718 I WestlakeVM: VM: [PFCUT] InterpreterJni jdk.Unsafe getReferenceVolatile target=0x14ec2550 offset=100 value=0x0 array_index=22
05-03 19:26:32.705 10666 10718 I WestlakeVM: VM: [PFCUT]   caller#0 java.lang.Object jdk.internal.misc.Unsafe.getReferenceVolatile(java.lang.Object, long) dex_pc=0
05-03 19:26:32.706 10666 10718 I WestlakeVM: VM: [PFCUT]   caller#1 java.lang.Object jdk.internal.misc.Unsafe.getReferenceAcquire(java.lang.Object, long) dex_pc=0
05-03 19:26:32.706 10666 10718 I WestlakeVM: VM: [PFCUT]   caller#2 java.util.concurrent.ConcurrentHashMap$Node java.util.concurrent.ConcurrentHashMap.tabAt(java.util.concurrent.ConcurrentHashMap$Node[], int) dex_pc=10
05-03 19:26:32.706 10666 10718 I WestlakeVM: VM: [PFCUT]   caller#3 java.lang.Object java.util.concurrent.ConcurrentHashMap.get(java.lang.Object) dex_pc=21
05-03 19:26:32.706 10666 10718 I WestlakeVM: VM: [PFCUT]   caller#4 java.lang.Object sun.util.locale.LocaleObjectCache.get(java.lang.Object) dex_pc=6
05-03 19:26:32.706 10666 10718 I WestlakeVM: VM: [PFCUT]   caller#5 sun.util.locale.BaseLocale sun.util.locale.BaseLocale.getInstance(java.lang.String, java.lang.String, java.lang.String, java.lang.String) dex_pc=92
05-03 19:26:32.707 10666 10718 I WestlakeVM: VM: [PFCUT] forced interpreter JNI reason=Unsafe method=java.lang.Object jdk.internal.misc.Unsafe.getReferenceVolatile(java.lang.Object, long) quick=0xd58800 jni=0x789ca4
05-03 19:26:32.708 10666 10718 I WestlakeVM: VM: [PFCUT] InterpreterJni jdk.Unsafe getReferenceVolatile target=0x14ec2550 offset=100 value=0x0 array_index=22
05-03 19:26:32.708 10666 10718 I WestlakeVM: VM: [PFCUT]   caller#0 java.lang.Object jdk.internal.misc.Unsafe.getReferenceVolatile(java.lang.Object, long) dex_pc=0
05-03 19:26:32.708 10666 10718 I WestlakeVM: VM: [PFCUT]   caller#1 java.lang.Object jdk.internal.misc.Unsafe.getReferenceAcquire(java.lang.Object, long) dex_pc=0
05-03 19:26:32.708 10666 10718 I WestlakeVM: VM: [PFCUT]   caller#2 java.util.concurrent.ConcurrentHashMap$Node java.util.concurrent.ConcurrentHashMap.tabAt(java.util.concurrent.ConcurrentHashMap$Node[], int) dex_pc=10
05-03 19:26:32.708 10666 10718 I WestlakeVM: VM: [PFCUT]   caller#3 java.lang.Object java.util.concurrent.ConcurrentHashMap.putVal(java.lang.Object, java.lang.Object, boolean) dex_pc=27
05-03 19:26:32.708 10666 10718 I WestlakeVM: VM: [PFCUT]   caller#4 java.lang.Object java.util.concurrent.ConcurrentHashMap.putIfAbsent(java.lang.Object, java.lang.Object) dex_pc=1
05-03 19:26:32.708 10666 10718 I WestlakeVM: VM: [PFCUT]   caller#5 java.lang.Object sun.util.locale.LocaleObjectCache.get(java.lang.Object) dex_pc=42
05-03 19:26:32.708 10666 10718 I WestlakeVM: VM: [PFCUT] forced interpreter JNI reason=Unsafe method=boolean jdk.internal.misc.Unsafe.compareAndSetReference(java.lang.Object, long, java.lang.Object, java.lang.Object) quick=0xd58800 jni=0x789288
05-03 19:26:32.709 10666 10718 I WestlakeVM: VM: [PFCUT] InterpreterJni jdk.Unsafe CAS ref target=0x14ec2550 offset=100 current=0x0 expected=0x0 new=0x14ec3da8 success=1 array_index=22
05-03 19:26:32.709 10666 10718 I WestlakeVM: VM: [PFCUT]   caller#0 boolean jdk.internal.misc.Unsafe.compareAndSetReference(java.lang.Object, long, java.lang.Object, java.lang.Object) dex_pc=0
05-03 19:26:32.709 10666 10718 I WestlakeVM: VM: [PFCUT]   caller#1 boolean java.util.concurrent.ConcurrentHashMap.casTabAt(java.util.concurrent.ConcurrentHashMap$Node[], int, java.util.concurrent.ConcurrentHashMap$Node, java.util.concurrent.ConcurrentHashMap$Node) dex_pc=14
05-03 19:26:32.709 10666 10718 I WestlakeVM: VM: [PFCUT]   caller#2 java.lang.Object java.util.concurrent.ConcurrentHashMap.putVal(java.lang.Object, java.lang.Object, boolean) dex_pc=40
05-03 19:26:32.709 10666 10718 I WestlakeVM: VM: [PFCUT]   caller#3 java.lang.Object java.util.concurrent.ConcurrentHashMap.putIfAbsent(java.lang.Object, java.lang.Object) dex_pc=1
05-03 19:26:32.709 10666 10718 I WestlakeVM: VM: [PFCUT]   caller#4 java.lang.Object sun.util.locale.LocaleObjectCache.get(java.lang.Object) dex_pc=42
05-03 19:26:32.709 10666 10718 I WestlakeVM: VM: [PFCUT]   caller#5 sun.util.locale.BaseLocale sun.util.locale.BaseLocale.getInstance(java.lang.String, java.lang.String, java.lang.String, java.lang.String) dex_pc=92
05-03 19:26:32.709 10666 10718 I WestlakeVM: VM: [PFCUT] forced interpreter JNI reason=Unsafe method=boolean jdk.internal.misc.Unsafe.compareAndSetLong(java.lang.Object, long, long, long) quick=0xd58800 jni=0x7890f4
05-03 19:26:32.710 10666 10718 I WestlakeVM: VM: [PFCUT] InterpreterJni jdk.Unsafe CAS long target=0x14eba680 offset=40 current=1 expected=1 new=2 success=1
05-03 19:26:32.710 10666 10718 I WestlakeVM: VM: [PFCUT]   caller#0 boolean jdk.internal.misc.Unsafe.compareAndSetLong(java.lang.Object, long, long, long) dex_pc=0
05-03 19:26:32.710 10666 10718 I WestlakeVM: VM: [PFCUT]   caller#1 void java.util.concurrent.ConcurrentHashMap.addCount(long, int) dex_pc=23
05-03 19:26:32.710 10666 10718 I WestlakeVM: VM: [PFCUT]   caller#2 java.lang.Object java.util.concurrent.ConcurrentHashMap.putVal(java.lang.Object, java.lang.Object, boolean) dex_pc=189
05-03 19:26:32.710 10666 10718 I WestlakeVM: VM: [PFCUT]   caller#3 java.lang.Object java.util.concurrent.ConcurrentHashMap.putIfAbsent(java.lang.Object, java.lang.Object) dex_pc=1
05-03 19:26:32.710 10666 10718 I WestlakeVM: VM: [PFCUT]   caller#4 java.lang.Object sun.util.locale.LocaleObjectCache.get(java.lang.Object) dex_pc=42
05-03 19:26:32.710 10666 10718 I WestlakeVM: VM: [PFCUT]   caller#5 sun.util.locale.BaseLocale sun.util.locale.BaseLocale.getInstance(java.lang.String, java.lang.String, java.lang.String, java.lang.String) dex_pc=92
05-03 19:26:32.713 10666 10718 I WestlakeVM: VM: [PFCUT] System.arraycopy intrinsic src=[Ljava/util/Locale; dst=[Ljava/util/Locale; srcPos=0 dstPos=0 count=1
05-03 19:26:32.717 10666 10718 I WestlakeVM: VM: [PFCUT] System.arraycopy intrinsic src=[I dst=[I srcPos=0 dstPos=0 count=0
05-03 19:26:32.717 10666 10718 I WestlakeVM: VM: [PFCUT] System.arraycopy intrinsic src=[Ljava/lang/Object; dst=[Ljava/lang/Object; srcPos=0 dstPos=0 count=0
05-03 19:26:32.733 10666 10718 I WestlakeVM: VM: [PFCUT] Charset.name fallback receiver=0x14cc62c8 result=0x14cc62e0
05-03 19:26:32.735 10666 10718 I WestlakeVM: VM: [PFCUT] Charset.name fallback receiver=0x14cc62c8 result=0x14cc62e0
05-03 19:26:32.737 10666 10718 I WestlakeVM: VM: [PFCUT] Charset.name fallback receiver=0x14cc62c8 result=0x14cc62e0
05-03 19:26:32.741 10666 10718 I WestlakeVM: VM: [PFCUT] Charset.name fallback receiver=0x14cc62c8 result=0x14cc62e0
05-03 19:26:32.743 10666 10718 I WestlakeVM: VM: [PFCUT] Charset.name fallback receiver=0x14cc62c8 result=0x14cc62e0
05-03 19:26:32.747 10666 10718 I WestlakeVM: VM: [PFCUT] Charset.name fallback receiver=0x14cc62c8 result=0x14cc62e0
05-03 19:26:32.748 10666 10718 I WestlakeVM: VM: [PFCUT] System.arraycopy intrinsic src=[B dst=[B srcPos=0 dstPos=0 count=51
05-03 19:26:32.749 10666 10718 I WestlakeVM: VM: [PFCUT] Charset.name fallback receiver=0x14cc62c8 result=0x14cc62e0
05-03 19:26:32.753 10666 10718 I WestlakeVM: VM: [PFCUT] System.arraycopy intrinsic src=[B dst=[B srcPos=0 dstPos=0 count=50
05-03 19:26:32.755 10666 10718 I WestlakeVM: VM: [PFCUT] Charset.name fallback receiver=0x14cc62c8 result=0x14cc62e0
05-03 19:26:32.756 10666 10718 I WestlakeVM: VM: [PFCUT] Charset.name fallback receiver=0x14cc62c8 result=0x14cc62e0
05-03 19:26:32.758 10666 10718 I WestlakeVM: VM: [PFCUT] Charset.name fallback receiver=0x14cc62c8 result=0x14cc62e0
05-03 19:26:32.762 10666 10718 I WestlakeVM: VM: [PFCUT] Charset.name fallback receiver=0x14cc62c8 result=0x14cc62e0
05-03 19:26:32.765 10666 10718 I WestlakeVM: VM: [PFCUT] Charset.name fallback receiver=0x14cc62c8 result=0x14cc62e0
05-03 19:26:32.768 10666 10718 I WestlakeVM: VM: [PFCUT] Charset.name fallback receiver=0x14cc62c8 result=0x14cc62e0
05-03 19:26:32.771 10666 10718 I WestlakeVM: VM: [PFCUT] Charset.name fallback receiver=0x14cc62c8 result=0x14cc62e0
05-03 19:26:32.774 10666 10718 I WestlakeVM: VM: [PFCUT] Charset.name fallback receiver=0x14cc62c8 result=0x14cc62e0
05-03 19:26:32.778 10666 10718 I WestlakeVM: VM: [PFCUT] Charset.name fallback receiver=0x14cc62c8 result=0x14cc62e0
05-03 19:26:32.779 10666 10718 I WestlakeVM: VM: [PFCUT] System.arraycopy intrinsic src=[B dst=[B srcPos=0 dstPos=0 count=84
05-03 19:26:32.780 10666 10718 I WestlakeVM: VM: [PFCUT] Charset.name fallback receiver=0x14cc62c8 result=0x14cc62e0
05-03 19:26:32.784 10666 10718 I WestlakeVM: VM: [PFCUT] Charset.name fallback receiver=0x14cc62c8 result=0x14cc62e0
05-03 19:26:32.786 10666 10718 I WestlakeVM: VM: [PFCUT] System.arraycopy intrinsic src=[B dst=[B srcPos=0 dstPos=0 count=50
05-03 19:26:32.793 10666 10718 I WestlakeVM: VM: [PFCUT] System.arraycopy intrinsic src=[Ljava/lang/Object; dst=[Ljava/lang/Object; srcPos=0 dstPos=0 count=0
05-03 19:26:32.793 10666 10718 I WestlakeVM: VM: [PFCUT] System.arraycopy intrinsic src=[Ljava/lang/Object; dst=[Ljava/lang/Object; srcPos=0 dstPos=0 count=0
05-03 19:26:32.793 10666 10718 I WestlakeVM: VM: [PFCUT] System.arraycopy intrinsic src=[Ljava/lang/Object; dst=[Ljava/lang/Object; srcPos=0 dstPos=0 count=0
05-03 19:26:32.794 10666 10718 I WestlakeVM: VM: [PFCUT] forced interpreter JNI reason=Class.classForName method=java.lang.Class java.lang.Class.classForName(java.lang.String, boolean, java.lang.ClassLoader) quick=0xd586c0 jni=0x78b770
05-03 19:26:32.801 10666 10718 I WestlakeVM: VM: [PFCUT] System.arraycopy intrinsic src=[Ljava/lang/Object; dst=[Ljava/lang/Object; srcPos=0 dstPos=0 count=0
05-03 19:26:32.801 10666 10718 I WestlakeVM: VM: [PFCUT] System.arraycopy intrinsic src=[Ljava/lang/Object; dst=[Ljava/lang/Object; srcPos=0 dstPos=0 count=0
05-03 19:26:32.810 10666 10718 I WestlakeVM: VM: [PFCUT] System.arraycopy intrinsic src=[Ljava/lang/Object; dst=[Ljava/lang/Object; srcPos=0 dstPos=0 count=0
05-03 19:26:32.811 10666 10718 I WestlakeVM: VM: [PFCUT] System.arraycopy intrinsic src=[Ljava/lang/Object; dst=[Ljava/lang/Object; srcPos=0 dstPos=0 count=10
05-03 19:26:32.812 10666 10718 I WestlakeVM: VM: [PFCUT] System.arraycopy intrinsic src=[Ljava/lang/Object; dst=[Ljava/lang/Object; srcPos=0 dstPos=0 count=15
05-03 19:26:32.813 10666 10718 I WestlakeVM: VM: [PFCUT] System.arraycopy intrinsic src=[Ljava/lang/Object; dst=[Ljava/lang/Object; srcPos=0 dstPos=0 count=22
