05-03 19:26:06.267 10666 10718 I WestlakeVM: VM: [PFCUT] StringFactory Charset fallback bytes=48 offset=775 utf16=48 shorty=LLIIL
05-03 19:26:06.268 10666 10718 I WestlakeVM: VM: [PFCUT] StringFactory Charset fallback bytes=48 offset=869 utf16=48 shorty=LLIIL
05-03 19:26:06.269 10666 10718 I WestlakeVM: VM: [PFCUT] StringFactory Charset fallback bytes=48 offset=963 utf16=48 shorty=LLIIL
05-03 19:26:06.270 10666 10718 I WestlakeVM: VM: [PFCUT] StringFactory Charset fallback bytes=48 offset=1057 utf16=48 shorty=LLIIL
05-03 19:26:06.271 10666 10718 I WestlakeVM: VM: [PFCUT] StringFactory Charset fallback bytes=48 offset=1151 utf16=48 shorty=LLIIL
05-03 19:26:06.272 10666 10718 I WestlakeVM: VM: [PFCUT] StringFactory Charset fallback bytes=51 offset=1245 utf16=51 shorty=LLIIL
05-03 19:26:06.273 10666 10718 I WestlakeVM: VM: [PFCUT] StringFactory Charset fallback bytes=48 offset=1342 utf16=48 shorty=LLIIL
05-03 19:26:06.274 10666 10718 I WestlakeVM: VM: [PFCUT] StringFactory Charset fallback bytes=51 offset=1436 utf16=51 shorty=LLIIL
05-03 19:26:06.275 10666 10718 I WestlakeVM: VM: [PFCUT] StringFactory Charset fallback bytes=51 offset=1533 utf16=51 shorty=LLIIL
05-03 19:26:06.280 10666 10718 I WestlakeVM: VM: [PFCUT] UnixFileSystem.getBooleanAttributes intrinsic path=/data/local/tmp/westlake/core-oj.jar attrs=0x3
05-03 19:26:06.289 10666 10718 I WestlakeVM: VM: [PFCUT] System.arraycopy intrinsic src=[B dst=[B srcPos=0 dstPos=0 count=16
05-03 19:26:06.301 10666 10718 I WestlakeVM: VM: [PFCUT] FileSystems.getDefault fallback -> LinuxFileSystem(/data/local/tmp/westlake)
05-03 19:26:06.306 10666 10718 I WestlakeVM: VM: [PFCUT] System.arraycopy intrinsic src=[B dst=[B srcPos=0 dstPos=0 count=40
05-03 19:26:06.307 10666 10718 I WestlakeVM: VM: [PFCUT] UnixNativeDispatcher.stat intrinsic path=/data/local/tmp/westlake/core-libart.jar shorty=VLL
05-03 19:26:06.309 10666 10718 I WestlakeVM: VM: [PFCUT] Linux.open intrinsic path=/data/local/tmp/westlake/core-libart.jar flags=0x80000 mode=0666 fd=4 errno=0
05-03 19:26:06.310 10666 10718 I WestlakeVM: VM: [PFCUT] System.arraycopy intrinsic src=[B dst=[B srcPos=0 dstPos=0 count=16
05-03 19:26:06.311 10666 10718 I WestlakeVM: VM: [PFCUT] System.arraycopy intrinsic src=[B dst=[B srcPos=0 dstPos=0 count=34
05-03 19:26:06.312 10666 10718 I WestlakeVM: VM: [PFCUT] Throwable.nativeFillInStackTrace noop
05-03 19:26:06.314 10666 10718 I WestlakeVM: VM: [PFCUT] System.arraycopy intrinsic src=[B dst=[B srcPos=106 dstPos=0 count=22
05-03 19:26:06.317 10666 10718 I WestlakeVM: VM: [PFCUT] StringFactory Charset fallback bytes=20 offset=46 utf16=20 shorty=LLIIL
05-03 19:26:06.318 10666 10718 I WestlakeVM: VM: [PFCUT] StringFactory Charset fallback bytes=11 offset=112 utf16=11 shorty=LLIIL
05-03 19:26:06.322 10666 10718 I WestlakeVM: VM: [PFCUT] UnixFileSystem.getBooleanAttributes intrinsic path=/data/local/tmp/westlake/core-libart.jar attrs=0x3
05-03 19:26:06.325 10666 10718 I WestlakeVM: VM: [PFCUT] System.arraycopy intrinsic src=[B dst=[B srcPos=0 dstPos=0 count=16
05-03 19:26:06.338 10666 10718 I WestlakeVM: VM: [PFCUT] FileSystems.getDefault fallback -> LinuxFileSystem(/data/local/tmp/westlake)
05-03 19:26:06.342 10666 10718 I WestlakeVM: VM: [PFCUT] System.arraycopy intrinsic src=[B dst=[B srcPos=0 dstPos=0 count=39
05-03 19:26:06.343 10666 10718 I WestlakeVM: VM: [PFCUT] UnixNativeDispatcher.stat intrinsic path=/data/local/tmp/westlake/core-icu4j.jar shorty=VLL
05-03 19:26:06.345 10666 10718 I WestlakeVM: VM: [PFCUT] Linux.open intrinsic path=/data/local/tmp/westlake/core-icu4j.jar flags=0x80000 mode=0666 fd=5 errno=0
05-03 19:26:06.347 10666 10718 I WestlakeVM: VM: [PFCUT] System.arraycopy intrinsic src=[B dst=[B srcPos=0 dstPos=0 count=16
05-03 19:26:06.347 10666 10718 I WestlakeVM: VM: [PFCUT] System.arraycopy intrinsic src=[B dst=[B srcPos=0 dstPos=0 count=34
05-03 19:26:06.348 10666 10718 I WestlakeVM: VM: [PFCUT] Throwable.nativeFillInStackTrace noop
05-03 19:26:06.350 10666 10718 I WestlakeVM: VM: [PFCUT] System.arraycopy intrinsic src=[B dst=[B srcPos=106 dstPos=0 count=22
05-03 19:26:06.353 10666 10718 I WestlakeVM: VM: [PFCUT] StringFactory Charset fallback bytes=20 offset=46 utf16=20 shorty=LLIIL
05-03 19:26:06.354 10666 10718 I WestlakeVM: VM: [PFCUT] StringFactory Charset fallback bytes=32 offset=112 utf16=32 shorty=LLIIL
05-03 19:26:06.355 10666 10718 I WestlakeVM: VM: [PFCUT] StringFactory Charset fallback bytes=45 offset=255 utf16=45 shorty=LLIIL
05-03 19:26:06.356 10666 10718 I WestlakeVM: VM: [PFCUT] StringFactory Charset fallback bytes=49 offset=346 utf16=49 shorty=LLIIL
05-03 19:26:06.357 10666 10718 I WestlakeVM: VM: [PFCUT] StringFactory Charset fallback bytes=57 offset=441 utf16=57 shorty=LLIIL
05-03 19:26:06.358 10666 10718 I WestlakeVM: VM: [PFCUT] StringFactory Charset fallback bytes=46 offset=544 utf16=46 shorty=LLIIL
05-03 19:26:06.359 10666 10718 I WestlakeVM: VM: [PFCUT] StringFactory Charset fallback bytes=46 offset=636 utf16=46 shorty=LLIIL
05-03 19:26:06.360 10666 10718 I WestlakeVM: VM: [PFCUT] StringFactory Charset fallback bytes=46 offset=728 utf16=46 shorty=LLIIL
05-03 19:26:06.361 10666 10718 I WestlakeVM: VM: [PFCUT] StringFactory Charset fallback bytes=49 offset=820 utf16=49 shorty=LLIIL
05-03 19:26:06.362 10666 10718 I WestlakeVM: VM: [PFCUT] StringFactory Charset fallback bytes=46 offset=915 utf16=46 shorty=LLIIL
05-03 19:26:06.363 10666 10718 I WestlakeVM: VM: [PFCUT] StringFactory Charset fallback bytes=46 offset=1007 utf16=46 shorty=LLIIL
05-03 19:26:06.364 10666 10718 I WestlakeVM: VM: [PFCUT] StringFactory Charset fallback bytes=46 offset=1099 utf16=46 shorty=LLIIL
05-03 19:26:06.365 10666 10718 I WestlakeVM: VM: [PFCUT] StringFactory Charset fallback bytes=46 offset=1191 utf16=46 shorty=LLIIL
05-03 19:26:06.366 10666 10718 I WestlakeVM: VM: [PFCUT] StringFactory Charset fallback bytes=46 offset=1283 utf16=46 shorty=LLIIL
05-03 19:26:06.367 10666 10718 I WestlakeVM: VM: [PFCUT] StringFactory Charset fallback bytes=46 offset=1375 utf16=46 shorty=LLIIL
05-03 19:26:06.368 10666 10718 I WestlakeVM: VM: [PFCUT] StringFactory Charset fallback bytes=51 offset=1467 utf16=51 shorty=LLIIL
05-03 19:26:06.369 10666 10718 I WestlakeVM: VM: [PFCUT] StringFactory Charset fallback bytes=54 offset=1564 utf16=54 shorty=LLIIL
05-03 19:26:06.370 10666 10718 I WestlakeVM: VM: [PFCUT] StringFactory Charset fallback bytes=51 offset=1664 utf16=51 shorty=LLIIL
05-03 19:26:06.371 10666 10718 I WestlakeVM: VM: [PFCUT] StringFactory Charset fallback bytes=54 offset=1761 utf16=54 shorty=LLIIL
05-03 19:26:06.372 10666 10718 I WestlakeVM: VM: [PFCUT] StringFactory Charset fallback bytes=11 offset=1861 utf16=11 shorty=LLIIL
05-03 19:26:06.373 10666 10718 I WestlakeVM: VM: [PFCUT] StringFactory Charset fallback bytes=53 offset=1918 utf16=53 shorty=LLIIL
05-03 19:26:06.377 10666 10718 I WestlakeVM: VM: [PFCUT] UnixFileSystem.getBooleanAttributes intrinsic path=/data/local/tmp/westlake/core-icu4j.jar attrs=0x3
05-03 19:26:06.381 10666 10718 I WestlakeVM: VM: [PFCUT] System.arraycopy intrinsic src=[B dst=[B srcPos=0 dstPos=0 count=16
05-03 19:26:06.394 10666 10718 I WestlakeVM: VM: [PFCUT] FileSystems.getDefault fallback -> LinuxFileSystem(/data/local/tmp/westlake)
05-03 19:26:06.399 10666 10718 I WestlakeVM: VM: [PFCUT] System.arraycopy intrinsic src=[B dst=[B srcPos=0 dstPos=0 count=41
05-03 19:26:06.399 10666 10718 I WestlakeVM: VM: [PFCUT] UnixNativeDispatcher.stat intrinsic path=/data/local/tmp/westlake/bouncycastle.jar shorty=VLL
05-03 19:26:06.401 10666 10718 I WestlakeVM: VM: [PFCUT] Linux.open intrinsic path=/data/local/tmp/westlake/bouncycastle.jar flags=0x80000 mode=0666 fd=6 errno=0
05-03 19:26:06.409 10666 10718 I WestlakeVM: VM: [PFCUT] StringFactory Charset fallback bytes=20 offset=46 utf16=20 shorty=LLIIL
05-03 19:26:06.411 10666 10718 I WestlakeVM: VM: [PFCUT] StringFactory Charset fallback bytes=11 offset=112 utf16=11 shorty=LLIIL
05-03 19:26:06.414 10666 10718 I WestlakeVM: VM: [PFCUT] UnixFileSystem.getBooleanAttributes intrinsic path=/data/local/tmp/westlake/bouncycastle.jar attrs=0x3
05-03 19:26:06.430 10666 10718 I WestlakeVM: VM: [PFCUT] FileSystems.getDefault fallback -> LinuxFileSystem(/data/local/tmp/westlake)
05-03 19:26:06.436 10666 10718 I WestlakeVM: VM: [PFCUT] UnixNativeDispatcher.stat intrinsic path=/data/local/tmp/westlake/aosp-shim.dex shorty=VLL
05-03 19:26:06.438 10666 10718 I WestlakeVM: VM: [PFCUT] Linux.open intrinsic path=/data/local/tmp/westlake/aosp-shim.dex flags=0x80000 mode=0666 fd=7 errno=0
05-03 19:26:06.897  3704  3747 W HidlServiceManagement: Waited one second for vendor.qti.hardware.cacert@1.0::IService/default
05-03 19:26:06.898   660   660 I hwservicemanager: Since vendor.qti.hardware.cacert@1.0::IService/default is not registered, trying to start it as a lazy HAL (if it's not configured to be a lazy HAL, it may be stuck starting or still starting).
05-03 19:26:06.899  3704  3747 I HidlServiceManagement: getService: Trying again for vendor.qti.hardware.cacert@1.0::IService/default...
05-03 19:26:06.902   660 10723 W libc    : Unable to set property "ctl.interface_start" to "vendor.qti.hardware.cacert@1.0::IService/default": PROP_ERROR_HANDLE_CONTROL_MESSAGE (0x20)
05-03 19:26:06.902   660 10723 I hwservicemanager: Tried to start vendor.qti.hardware.cacert@1.0::IService/default as a lazy service, but was unable to. Usually this happens when a service is not installed, but if the service is intended to be used as a lazy service, then it may be configured incorrectly.
05-03 19:26:06.815     0     0 E init    : Control message: Could not find 'vendor.qti.hardware.cacert@1.0::IService/default' for ctl.interface_start from pid: 660 (/system/system_ext/bin/hwservicemanager)
05-03 19:26:07.194 10666 10718 I WestlakeVM: VM: System.log(E): Unable to open boot classpath entry: /data/local/tmp/westlake/aosp-shim.dex
05-03 19:26:07.196 10666 10718 I WestlakeVM: VM: [PFCUT] InterpreterJni jdk.Unsafe CAS int target=0x14cc1fc0 offset=52 current=16 expected=16 new=-1 success=1
05-03 19:26:07.197 10666 10718 I WestlakeVM: VM: [PFCUT] InterpreterJni jdk.Unsafe CAS ref target=0x14cc8a10 offset=60 current=0x0 expected=0x0 new=0x14cdbaa8 success=1 array_index=12
05-03 19:26:07.197 10666 10718 I WestlakeVM: VM: [PFCUT] InterpreterJni jdk.Unsafe CAS long target=0x14cc1fc0 offset=40 current=0 expected=0 new=1 success=1
05-03 19:26:07.199 10666 10718 I WestlakeVM: VM: [PFCUT] InterpreterJni jdk.Unsafe CAS ref target=0x14cc8a10 offset=28 current=0x0 expected=0x0 new=0x14cdbad8 success=1 array_index=4
05-03 19:26:07.199 10666 10718 I WestlakeVM: VM: [PFCUT] InterpreterJni jdk.Unsafe CAS long target=0x14cc1fc0 offset=40 current=1 expected=1 new=2 success=1
05-03 19:26:07.199 10666 10718 I WestlakeVM: VM: [PFCUT] InterpreterJni jdk.Unsafe CAS ref target=0x14cc8a10 offset=56 current=0x0 expected=0x0 new=0x14cdbaf0 success=1 array_index=11
05-03 19:26:07.199 10666 10718 I WestlakeVM: VM: [PFCUT] InterpreterJni jdk.Unsafe CAS long target=0x14cc1fc0 offset=40 current=2 expected=2 new=3 success=1
05-03 19:26:07.200 10666 10718 I WestlakeVM: VM: [PFCUT] InterpreterJni jdk.Unsafe CAS ref target=0x14cc8a10 offset=36 current=0x0 expected=0x0 new=0x14cdbb08 success=1 array_index=6
05-03 19:26:07.200 10666 10718 I WestlakeVM: VM: [PFCUT] InterpreterJni jdk.Unsafe CAS long target=0x14cc1fc0 offset=40 current=3 expected=3 new=4 success=1
05-03 19:26:07.202 10666 10718 I WestlakeVM: VM: [PFCUT] InterpreterJni jdk.Unsafe CAS ref target=0x14cc8a10 offset=16 current=0x0 expected=0x0 new=0x14cdbb38 success=1 array_index=1
05-03 19:26:07.202 10666 10718 I WestlakeVM: VM: [PFCUT] InterpreterJni jdk.Unsafe CAS long target=0x14cc1fc0 offset=40 current=4 expected=4 new=5 success=1
05-03 19:26:07.204 10666 10718 I WestlakeVM: VM: [PFCUT] InterpreterJni jdk.Unsafe CAS long target=0x14cc1fc0 offset=40 current=5 expected=5 new=6 success=1
05-03 19:26:07.206 10666 10718 I WestlakeVM: VM: [PFCUT] InterpreterJni jdk.Unsafe CAS long target=0x14cc1fc0 offset=40 current=6 expected=6 new=7 success=1
05-03 19:26:07.208 10666 10718 I WestlakeVM: VM: [PFCUT] InterpreterJni jdk.Unsafe CAS ref target=0x14cc8a10 offset=40 current=0x0 expected=0x0 new=0x14cdbbe0 success=1 array_index=7
05-03 19:26:07.208 10666 10718 I WestlakeVM: VM: [PFCUT] InterpreterJni jdk.Unsafe CAS long target=0x14cc1fc0 offset=40 current=7 expected=7 new=8 success=1
05-03 19:26:07.210 10666 10718 I WestlakeVM: VM: [PFCUT] InterpreterJni jdk.Unsafe CAS ref target=0x14cc8a10 offset=72 current=0x0 expected=0x0 new=0x14cdbc10 success=1 array_index=15
05-03 19:26:07.211 10666 10718 I WestlakeVM: VM: [PFCUT] InterpreterJni jdk.Unsafe CAS long target=0x14cc1fc0 offset=40 current=8 expected=8 new=9 success=1
05-03 19:26:07.212 10666 10718 I WestlakeVM: VM: [PFCUT] InterpreterJni jdk.Unsafe CAS long target=0x14cc1fc0 offset=40 current=9 expected=9 new=10 success=1
05-03 19:26:07.214 10666 10718 I WestlakeVM: VM: [PFCUT] InterpreterJni jdk.Unsafe CAS long target=0x14cc1fc0 offset=40 current=10 expected=10 new=11 success=1
05-03 19:26:07.217 10666 10718 I WestlakeVM: VM: [PFCUT] InterpreterJni jdk.Unsafe CAS ref target=0x14cc8a10 offset=64 current=0x0 expected=0x0 new=0x14cdbca0 success=1 array_index=13
05-03 19:26:07.217 10666 10718 I WestlakeVM: VM: [PFCUT] InterpreterJni jdk.Unsafe CAS long target=0x14cc1fc0 offset=40 current=11 expected=11 new=12 success=1
05-03 19:26:07.217 10666 10718 I WestlakeVM: VM: [PFCUT] InterpreterJni jdk.Unsafe CAS int target=0x14cc1fc0 offset=52 current=12 expected=12 new=-2145714174 success=1
05-03 19:26:07.217 10666 10718 I WestlakeVM: VM: [PFCUT] InterpreterJni jdk.Unsafe CAS int target=0x14cc1fc0 offset=56 current=16 expected=16 new=0 success=1
05-03 19:26:07.217 10666 10718 I WestlakeVM: VM: [PFCUT] InterpreterJni jdk.Unsafe CAS ref target=0x14cc8a10 offset=68 current=0x0 expected=0x0 new=0x14cdf540 success=1 array_index=14
05-03 19:26:07.219 10666 10718 I WestlakeVM: VM: [PFCUT] InterpreterJni jdk.Unsafe CAS ref target=0x14cc8a10 offset=52 current=0x0 expected=0x0 new=0x14cdf540 success=1 array_index=10
05-03 19:26:07.219 10666 10718 I WestlakeVM: VM: [PFCUT] InterpreterJni jdk.Unsafe CAS ref target=0x14cc8a10 offset=48 current=0x0 expected=0x0 new=0x14cdf540 success=1 array_index=9
05-03 19:26:07.219 10666 10718 I WestlakeVM: VM: [PFCUT] InterpreterJni jdk.Unsafe CAS ref target=0x14cc8a10 offset=44 current=0x0 expected=0x0 new=0x14cdf540 success=1 array_index=8
05-03 19:26:07.220 10666 10718 I WestlakeVM: VM: [PFCUT] InterpreterJni jdk.Unsafe CAS ref target=0x14cc8a10 offset=32 current=0x0 expected=0x0 new=0x14cdf540 success=1 array_index=5
05-03 19:26:07.221 10666 10718 I WestlakeVM: VM: [PFCUT] InterpreterJni jdk.Unsafe CAS ref target=0x14cc8a10 offset=24 current=0x0 expected=0x0 new=0x14cdf540 success=1 array_index=3
05-03 19:26:07.221 10666 10718 I WestlakeVM: VM: [PFCUT] InterpreterJni jdk.Unsafe CAS ref target=0x14cc8a10 offset=20 current=0x0 expected=0x0 new=0x14cdf540 success=1 array_index=2
05-03 19:26:07.222 10666 10718 I WestlakeVM: VM: [PFCUT] InterpreterJni jdk.Unsafe CAS ref target=0x14cc8a10 offset=12 current=0x0 expected=0x0 new=0x14cdf540 success=1 array_index=0
05-03 19:26:07.222 10666 10718 I WestlakeVM: VM: [PFCUT] InterpreterJni jdk.Unsafe CAS int target=0x14cc1fc0 offset=52 current=-2145714174 expected=-2145714174 new=-2145714175 success=1
05-03 19:26:07.226 10666 10718 I WestlakeVM: VM: [PFCUT] InterpreterJni jdk.Unsafe CAS ref target=0x14cd4790 offset=136 current=0x0 expected=0x0 new=0x14cdbd00 success=1 array_index=31
05-03 19:26:07.226 10666 10718 I WestlakeVM: VM: [PFCUT] InterpreterJni jdk.Unsafe CAS long target=0x14cc1fc0 offset=40 current=12 expected=12 new=13 success=1
05-03 19:26:07.226 10666 10718 I WestlakeVM: VM: [PFCUT] Class.newInstance intrinsic class=java.lang.Class<com.android.org.conscrypt.OpenSSLProvider> ctor=void com.android.org.conscrypt.OpenSSLProvider.<init>()
05-03 19:26:07.228 10666 10718 I WestlakeVM: VM: [PFCUT] InterpreterJni jdk.Unsafe CAS int target=0x14ce1180 offset=52 current=16 expected=16 new=-1 success=1
05-03 19:26:07.228 10666 10718 I WestlakeVM: VM: [PFCUT] InterpreterJni jdk.Unsafe CAS ref target=0x14cc8b50 offset=60 current=0x0 expected=0x0 new=0x14cdbd18 success=1 array_index=12
05-03 19:26:07.228 10666 10718 I WestlakeVM: VM: [PFCUT] InterpreterJni jdk.Unsafe CAS long target=0x14ce1180 offset=40 current=0 expected=0 new=1 success=1
05-03 19:26:07.230 10666 10718 I WestlakeVM: VM: [PFCUT] InterpreterJni jdk.Unsafe CAS ref target=0x14cc8b50 offset=28 current=0x0 expected=0x0 new=0x14cdbd48 success=1 array_index=4
05-03 19:26:07.230 10666 10718 I WestlakeVM: VM: [PFCUT] InterpreterJni jdk.Unsafe CAS long target=0x14ce1180 offset=40 current=1 expected=1 new=2 success=1
05-03 19:26:07.230 10666 10718 I WestlakeVM: VM: [PFCUT] InterpreterJni jdk.Unsafe CAS ref target=0x14cc8b50 offset=56 current=0x0 expected=0x0 new=0x14cdbd60 success=1 array_index=11
05-03 19:26:07.230 10666 10718 I WestlakeVM: VM: [PFCUT] InterpreterJni jdk.Unsafe CAS long target=0x14ce1180 offset=40 current=2 expected=2 new=3 success=1
05-03 19:26:07.231 10666 10718 I WestlakeVM: VM: [PFCUT] InterpreterJni jdk.Unsafe CAS ref target=0x14cc8b50 offset=36 current=0x0 expected=0x0 new=0x14cdbd78 success=1 array_index=6
05-03 19:26:07.231 10666 10718 I WestlakeVM: VM: [PFCUT] InterpreterJni jdk.Unsafe CAS long target=0x14ce1180 offset=40 current=3 expected=3 new=4 success=1
05-03 19:26:07.234 10666 10718 I WestlakeVM: VM: [PFCUT] InterpreterJni jdk.Unsafe CAS ref target=0x14cc8b50 offset=16 current=0x0 expected=0x0 new=0x14cdbda8 success=1 array_index=1
05-03 19:26:07.234 10666 10718 I WestlakeVM: VM: [PFCUT] InterpreterJni jdk.Unsafe CAS long target=0x14ce1180 offset=40 current=4 expected=4 new=5 success=1
05-03 19:26:07.236 10666 10718 I WestlakeVM: VM: [PFCUT] InterpreterJni jdk.Unsafe CAS ref target=0x14cc8b50 offset=44 current=0x0 expected=0x0 new=0x14cdbdf0 success=1 array_index=8
05-03 19:26:07.236 10666 10718 I WestlakeVM: VM: [PFCUT] InterpreterJni jdk.Unsafe CAS long target=0x14ce1180 offset=40 current=5 expected=5 new=6 success=1
05-03 19:26:07.238 10666 10718 I WestlakeVM: VM: [PFCUT] InterpreterJni jdk.Unsafe CAS long target=0x14ce1180 offset=40 current=6 expected=6 new=7 success=1
05-03 19:26:07.240 10666 10718 I WestlakeVM: VM: [PFCUT] InterpreterJni jdk.Unsafe CAS long target=0x14ce1180 offset=40 current=7 expected=7 new=8 success=1
05-03 19:26:07.241 10666 10724 D ProfileInstaller: Installing profile for com.westlake.host
05-03 19:26:07.242 10666 10718 I WestlakeVM: VM: [PFCUT] InterpreterJni jdk.Unsafe CAS ref target=0x14cc8b50 offset=48 current=0x0 expected=0x0 new=0x14cdbe98 success=1 array_index=9
05-03 19:26:07.243 10666 10718 I WestlakeVM: VM: [PFCUT] InterpreterJni jdk.Unsafe CAS long target=0x14ce1180 offset=40 current=8 expected=8 new=9 success=1
05-03 19:26:07.245 10666 10718 I WestlakeVM: VM: [PFCUT] InterpreterJni jdk.Unsafe CAS ref target=0x14cc8b50 offset=12 current=0x0 expected=0x0 new=0x14cdbec8 success=1 array_index=0
05-03 19:26:07.245 10666 10718 I WestlakeVM: VM: [PFCUT] InterpreterJni jdk.Unsafe CAS long target=0x14ce1180 offset=40 current=9 expected=9 new=10 success=1
05-03 19:26:07.245 10666 10718 I WestlakeVM: VM: [PFCUT] Class.newInstance intrinsic class=java.lang.Class<sun.security.provider.CertPathProvider> ctor=void sun.security.provider.CertPathProvider.<init>()
05-03 19:26:07.251 10666 10718 I WestlakeVM: VM: [PFCUT] AtomicInteger.incrementAndGet intrinsic current=0
05-03 19:26:07.254 10666 10718 I WestlakeVM: VM: [PFCUT] InterpreterJni jdk.Unsafe CAS int target=0x14cc1680 offset=52 current=0 expected=0 new=-1 success=1
05-03 19:26:07.254 10666 10718 I WestlakeVM: VM: [PFCUT] InterpreterJni jdk.Unsafe CAS ref target=0x14cc8c90 offset=60 current=0x0 expected=0x0 new=0x14cdbfe8 success=1 array_index=12
05-03 19:26:07.255 10666 10718 I WestlakeVM: VM: [PFCUT] InterpreterJni jdk.Unsafe CAS long target=0x14cc1680 offset=40 current=0 expected=0 new=1 success=1
05-03 19:26:07.311 10666 10718 I WestlakeVM: VM: WESTLAKE_SECURITY_SHA256_READY provider=WestlakeDigest len=32 first=186
05-03 19:26:07.312 10666 10718 I WestlakeVM: VM: Hidden API exemption step skipped on standalone guest
05-03 19:26:07.312 10666 10718 I WestlakeVM: VM: Real runtime probe skipped on standalone guest
05-03 19:26:07.312 10666 10718 I WestlakeVM: VM: Framework stubs pre-registered by runtime
05-03 19:26:07.314 10666 10718 I WestlakeVM: VM: [dalvikvm] prime cutoff canary launch
05-03 19:26:07.333 10666 10718 I WestlakeVM: VM: System.log(E): Ignoring attempt to set property "westlake.apk.path" to value "/data/local/tmp/westlake/com_github_ashutoshgngwr_noice.apk".
05-03 19:26:07.339 10666 10718 I WestlakeVM: VM: System.log(E): Ignoring attempt to set property "westlake.apk.resdir" to value "/data/local/tmp/westlake/com_github_ashutoshgngwr_noice_res".
05-03 19:26:07.342 10666 10718 I WestlakeVM: VM: [PFCUT] Class.getDeclaredField intrinsic hit class=java.lang.ClassLoader name=packages
05-03 19:26:07.344 10666 10718 I WestlakeVM: VM: [WestlakeLauncher] Repaired ClassLoader packages for dalvik.system.PathClassLoader
05-03 19:26:07.344 10666 10718 I WestlakeVM: VM: [PFCUT] Class.getDeclaredField intrinsic hit class=java.lang.ClassLoader name=packages
05-03 19:26:07.345 10666 10718 I WestlakeVM: VM: [WestlakeLauncher] Repaired ClassLoader packages for java.lang.BootClassLoader
05-03 19:26:07.347 10666 10718 I WestlakeVM: VM: Starting on OHOS + ART ...
05-03 19:26:07.348 10666 10718 I WestlakeVM: VM: APK:
05-03 19:26:07.348 10666 10718 I WestlakeVM: VM: /data/local/tmp/westlake/com_github_ashutoshgngwr_noice.apk
05-03 19:26:07.348 10666 10718 I WestlakeVM: VM: Activity:
05-03 19:26:07.348 10666 10718 I WestlakeVM: VM: com.github.ashutoshgngwr.noice.activity.MainActivity
05-03 19:26:07.348 10666 10718 I WestlakeVM: VM: Package:
05-03 19:26:07.348 10666 10718 I WestlakeVM: VM: com.github.ashutoshgngwr.noice
05-03 19:26:07.349 10666 10718 I WestlakeVM: VM: Backend mode:
05-03 19:26:07.349 10666 10718 I WestlakeVM: VM: target_ohos_backend
05-03 19:26:07.349 10666 10718 I WestlakeVM: VM: Framework policy:
05-03 19:26:07.349 10666 10718 I WestlakeVM: VM: westlake_only
05-03 19:26:07.349 10666 10718 I WestlakeVM: VM: Real context bootstrap skipped on standalone guest
05-03 19:26:07.625 10666 10718 I WestlakeVM: VM: Manifest: com.github.ashutoshgngwr.noice.NoiceApplication (8 activities, 1 providers)
05-03 19:26:07.625 10666 10718 I WestlakeVM: VM: OHBridge bootstrap deferred on standalone guest
05-03 19:26:07.625 10666 10718 I WestlakeVM: VM: Aux native loads deferred on standalone guest
05-03 19:26:07.626 10666 10718 I WestlakeVM: VM: Bootstrap prop refresh deferred on standalone guest
05-03 19:26:07.626 10666 10718 I WestlakeVM: VM: MiniServer init begin
05-03 19:26:07.630 10666 10718 I WestlakeVM: VM: MiniServer init returned
05-03 19:26:07.630 10666 10718 I WestlakeVM: VM: MiniServer activityManager ready
05-03 19:26:07.631 10666 10718 I WestlakeVM: VM: MiniServer initialized
05-03 19:26:07.632 10666 10718 I WestlakeVM: VM: [WestlakeLauncher] Application from manifest: com.github.ashutoshgngwr.noice.NoiceApplication
05-03 19:26:07.635 10666 10718 I WestlakeVM: VM: [PFCUT] Class.getDeclaredField intrinsic hit class=java.lang.ClassLoader name=packages
05-03 19:26:07.635 10666 10718 I WestlakeVM: VM: [PFCUT] Class.getDeclaredField intrinsic hit class=java.lang.ClassLoader name=packages
05-03 19:26:07.639 10666 10718 I WestlakeVM: VM: [PFCUT] InterpreterJni jdk.Unsafe CAS ref target=0x14c9d380 offset=32 current=0x0 expected=0x0 new=0x14ce4d48 success=1 array_index=5
05-03 19:26:07.639 10666 10718 I WestlakeVM: VM: [PFCUT] InterpreterJni jdk.Unsafe CAS long target=0x14c9c2c0 offset=40 current=2 expected=2 new=3 success=1
05-03 19:26:07.640 10666 10718 I WestlakeVM: VM: [PFCUT] InterpreterJni jdk.Unsafe CAS long target=0x14c9c2c0 offset=40 current=3 expected=3 new=4 success=1
05-03 19:26:07.641 10666 10718 I WestlakeVM: VM: [PFCUT] InterpreterJni jdk.Unsafe CAS ref target=0x14c9d380 offset=12 current=0x0 expected=0x0 new=0x14ce4d90 success=1 array_index=0
05-03 19:26:07.642 10666 10718 I WestlakeVM: VM: [PFCUT] InterpreterJni jdk.Unsafe CAS long target=0x14c9c2c0 offset=40 current=4 expected=4 new=5 success=1
05-03 19:26:07.649 10666 10718 I WestlakeVM: VM: [PFCUT] InterpreterJni jdk.Unsafe CAS ref target=0x14c9d380 offset=16 current=0x0 expected=0x0 new=0x14ce4e50 success=1 array_index=1
05-03 19:26:07.649 10666 10718 I WestlakeVM: VM: [PFCUT] InterpreterJni jdk.Unsafe CAS long target=0x14c9c2c0 offset=40 current=5 expected=5 new=6 success=1
05-03 19:26:07.652 10666 10718 I WestlakeVM: VM: [WestlakeLauncher] Coroutine runtime seeded before Application.onCreate
05-03 19:26:07.675 10666 10718 I WestlakeVM: VM: PF202 ApkLoader enter
05-03 19:26:07.677 10666 10718 I WestlakeVM: VM: PF202 ApkLoader info seeded
05-03 19:26:07.683 10666 10718 I WestlakeVM: VM: CV PF-MCD-RES_TABLE_READ_BEGIN path=/data/local/tmp/westlake/com_github_ashutoshgngwr_noice_res/resources.arsc
05-03 19:26:07.700 10666 10718 I WestlakeVM: VM: CV PF-MCD-RES_TABLE_READ_DONE bytes=2019644
05-03 19:26:07.701 10666 10718 I WestlakeVM: VM: CV PF-MCD-RES_TABLE_PARSE_BEGIN
05-03 19:26:07.900  3704  3747 W HidlServiceManagement: Waited one second for vendor.qti.hardware.cacert@1.0::IService/default
05-03 19:26:07.902   660   660 I hwservicemanager: Since vendor.qti.hardware.cacert@1.0::IService/default is not registered, trying to start it as a lazy HAL (if it's not configured to be a lazy HAL, it may be stuck starting or still starting).
05-03 19:26:07.903  3704  3747 I HidlServiceManagement: getService: Trying again for vendor.qti.hardware.cacert@1.0::IService/default...
05-03 19:26:07.906   660 10725 W libc    : Unable to set property "ctl.interface_start" to "vendor.qti.hardware.cacert@1.0::IService/default": PROP_ERROR_HANDLE_CONTROL_MESSAGE (0x20)
05-03 19:26:07.906   660 10725 I hwservicemanager: Tried to start vendor.qti.hardware.cacert@1.0::IService/default as a lazy service, but was unable to. Usually this happens when a service is not installed, but if the service is intended to be used as a lazy service, then it may be configured incorrectly.
05-03 19:26:07.820     0     0 E init    : Control message: Could not find 'vendor.qti.hardware.cacert@1.0::IService/default' for ctl.interface_start from pid: 660 (/system/system_ext/bin/hwservicemanager)
05-03 19:26:07.866     0     0 I QCOM-BATT: pl_fcc_vote_callback: total_fcc_ua=1950000
05-03 19:26:07.866     0     0 I QCOM-BATT: pl_fv_vote_callback: fv_uv=4400000
05-03 19:26:08.225     0     0 E FG      : fg_psy_get_property: unsupported property 79
05-03 19:26:08.233     0     0 E FG      : fg_psy_get_property: unsupported property 79
05-03 19:26:08.331  1126  1126 D QtiCarrierConfigHelper: WARNING, no carrier configs on phone Id: 0
05-03 19:26:08.239     0     0 W healthd : battery l=100 v=3173 t=25.4 h=2 st=5 c=0 fc=2831000 chg=u
05-03 19:26:08.339   960  1373 D PowerUI : can't show warning due to - plugged: true status unknown: false
05-03 19:26:08.258     0     0 E FG      : fg_psy_get_property: unsupported property 79
05-03 19:26:08.903  3704  3747 W HidlServiceManagement: Waited one second for vendor.qti.hardware.cacert@1.0::IService/default
05-03 19:26:08.905   660   660 I hwservicemanager: Since vendor.qti.hardware.cacert@1.0::IService/default is not registered, trying to start it as a lazy HAL (if it's not configured to be a lazy HAL, it may be stuck starting or still starting).
05-03 19:26:08.907  3704  3747 I HidlServiceManagement: getService: Trying again for vendor.qti.hardware.cacert@1.0::IService/default...
05-03 19:26:08.909   660 10726 W libc    : Unable to set property "ctl.interface_start" to "vendor.qti.hardware.cacert@1.0::IService/default": PROP_ERROR_HANDLE_CONTROL_MESSAGE (0x20)
05-03 19:26:08.909   660 10726 I hwservicemanager: Tried to start vendor.qti.hardware.cacert@1.0::IService/default as a lazy service, but was unable to. Usually this happens when a service is not installed, but if the service is intended to be used as a lazy service, then it may be configured incorrectly.
05-03 19:26:08.821     0     0 E init    : Control message: Could not find 'vendor.qti.hardware.cacert@1.0::IService/default' for ctl.interface_start from pid: 660 (/system/system_ext/bin/hwservicemanager)
05-03 19:26:09.908  3704  3747 W HidlServiceManagement: Waited one second for vendor.qti.hardware.cacert@1.0::IService/default
05-03 19:26:09.909   660   660 I hwservicemanager: Since vendor.qti.hardware.cacert@1.0::IService/default is not registered, trying to start it as a lazy HAL (if it's not configured to be a lazy HAL, it may be stuck starting or still starting).
05-03 19:26:09.912  3704  3747 I HidlServiceManagement: getService: Trying again for vendor.qti.hardware.cacert@1.0::IService/default...
05-03 19:26:09.826     0     0 E init    : Control message: Could not find 'vendor.qti.hardware.cacert@1.0::IService/default' for ctl.interface_start from pid: 660 (/system/system_ext/bin/hwservicemanager)
05-03 19:26:09.914   660 10727 W libc    : Unable to set property "ctl.interface_start" to "vendor.qti.hardware.cacert@1.0::IService/default": PROP_ERROR_HANDLE_CONTROL_MESSAGE (0x20)
05-03 19:26:09.914   660 10727 I hwservicemanager: Tried to start vendor.qti.hardware.cacert@1.0::IService/default as a lazy service, but was unable to. Usually this happens when a service is not installed, but if the service is intended to be used as a lazy service, then it may be configured incorrectly.
05-03 19:26:10.913  3704  3747 W HidlServiceManagement: Waited one second for vendor.qti.hardware.cacert@1.0::IService/default
05-03 19:26:10.914   660   660 I hwservicemanager: Since vendor.qti.hardware.cacert@1.0::IService/default is not registered, trying to start it as a lazy HAL (if it's not configured to be a lazy HAL, it may be stuck starting or still starting).
05-03 19:26:10.915  3704  3747 I HidlServiceManagement: getService: Trying again for vendor.qti.hardware.cacert@1.0::IService/default...
05-03 19:26:10.917   660 10728 W libc    : Unable to set property "ctl.interface_start" to "vendor.qti.hardware.cacert@1.0::IService/default": PROP_ERROR_HANDLE_CONTROL_MESSAGE (0x20)
05-03 19:26:10.830     0     0 E init    : Control message: Could not find 'vendor.qti.hardware.cacert@1.0::IService/default' for ctl.interface_start from pid: 660 (/system/system_ext/bin/hwservicemanager)
05-03 19:26:10.917   660 10728 I hwservicemanager: Tried to start vendor.qti.hardware.cacert@1.0::IService/default as a lazy service, but was unable to. Usually this happens when a service is not installed, but if the service is intended to be used as a lazy service, then it may be configured incorrectly.
05-03 19:26:11.915  3704  3747 W HidlServiceManagement: Waited one second for vendor.qti.hardware.cacert@1.0::IService/default
05-03 19:26:11.917   660   660 I hwservicemanager: Since vendor.qti.hardware.cacert@1.0::IService/default is not registered, trying to start it as a lazy HAL (if it's not configured to be a lazy HAL, it may be stuck starting or still starting).
05-03 19:26:11.919  3704  3747 I HidlServiceManagement: getService: Trying again for vendor.qti.hardware.cacert@1.0::IService/default...
05-03 19:26:11.923   660 10729 W libc    : Unable to set property "ctl.interface_start" to "vendor.qti.hardware.cacert@1.0::IService/default": PROP_ERROR_HANDLE_CONTROL_MESSAGE (0x20)
05-03 19:26:11.923   660 10729 I hwservicemanager: Tried to start vendor.qti.hardware.cacert@1.0::IService/default as a lazy service, but was unable to. Usually this happens when a service is not installed, but if the service is intended to be used as a lazy service, then it may be configured incorrectly.
05-03 19:26:11.835     0     0 E init    : Control message: Could not find 'vendor.qti.hardware.cacert@1.0::IService/default' for ctl.interface_start from pid: 660 (/system/system_ext/bin/hwservicemanager)
05-03 19:26:11.958 10666 10673 I m.westlake.host: Background concurrent copying GC freed 15MB AllocSpace bytes, 9(460KB) LOS objects, 86% free, 3810KB/27MB, paused 149us,87us total 137.318ms
05-03 19:26:12.919  3704  3747 W HidlServiceManagement: Waited one second for vendor.qti.hardware.cacert@1.0::IService/default
05-03 19:26:12.921   660   660 I hwservicemanager: Since vendor.qti.hardware.cacert@1.0::IService/default is not registered, trying to start it as a lazy HAL (if it's not configured to be a lazy HAL, it may be stuck starting or still starting).
05-03 19:26:12.922  3704  3747 I HidlServiceManagement: getService: Trying again for vendor.qti.hardware.cacert@1.0::IService/default...
05-03 19:26:12.839     0     0 E init    : Control message: Could not find 'vendor.qti.hardware.cacert@1.0::IService/default' for ctl.interface_start from pid: 660 (/system/system_ext/bin/hwservicemanager)
05-03 19:26:12.927   660 10730 W libc    : Unable to set property "ctl.interface_start" to "vendor.qti.hardware.cacert@1.0::IService/default": PROP_ERROR_HANDLE_CONTROL_MESSAGE (0x20)
05-03 19:26:12.927   660 10730 I hwservicemanager: Tried to start vendor.qti.hardware.cacert@1.0::IService/default as a lazy service, but was unable to. Usually this happens when a service is not installed, but if the service is intended to be used as a lazy service, then it may be configured incorrectly.
05-03 19:26:13.923  3704  3747 W HidlServiceManagement: Waited one second for vendor.qti.hardware.cacert@1.0::IService/default
05-03 19:26:13.923   660   660 I hwservicemanager: Since vendor.qti.hardware.cacert@1.0::IService/default is not registered, trying to start it as a lazy HAL (if it's not configured to be a lazy HAL, it may be stuck starting or still starting).
05-03 19:26:13.924  3704  3747 I HidlServiceManagement: getService: Trying again for vendor.qti.hardware.cacert@1.0::IService/default...
05-03 19:26:13.840     0     0 E init    : Control message: Could not find 'vendor.qti.hardware.cacert@1.0::IService/default' for ctl.interface_start from pid: 660 (/system/system_ext/bin/hwservicemanager)
05-03 19:26:13.926   660 10731 W libc    : Unable to set property "ctl.interface_start" to "vendor.qti.hardware.cacert@1.0::IService/default": PROP_ERROR_HANDLE_CONTROL_MESSAGE (0x20)
05-03 19:26:13.927   660 10731 I hwservicemanager: Tried to start vendor.qti.hardware.cacert@1.0::IService/default as a lazy service, but was unable to. Usually this happens when a service is not installed, but if the service is intended to be used as a lazy service, then it may be configured incorrectly.
05-03 19:26:14.925  3704  3747 W HidlServiceManagement: Waited one second for vendor.qti.hardware.cacert@1.0::IService/default
05-03 19:26:14.926   660   660 I hwservicemanager: Since vendor.qti.hardware.cacert@1.0::IService/default is not registered, trying to start it as a lazy HAL (if it's not configured to be a lazy HAL, it may be stuck starting or still starting).
05-03 19:26:14.928  3704  3747 I HidlServiceManagement: getService: Trying again for vendor.qti.hardware.cacert@1.0::IService/default...
05-03 19:26:14.930   660 10732 W libc    : Unable to set property "ctl.interface_start" to "vendor.qti.hardware.cacert@1.0::IService/default": PROP_ERROR_HANDLE_CONTROL_MESSAGE (0x20)
05-03 19:26:14.930   660 10732 I hwservicemanager: Tried to start vendor.qti.hardware.cacert@1.0::IService/default as a lazy service, but was unable to. Usually this happens when a service is not installed, but if the service is intended to be used as a lazy service, then it may be configured incorrectly.
05-03 19:26:14.842     0     0 E init    : Control message: Could not find 'vendor.qti.hardware.cacert@1.0::IService/default' for ctl.interface_start from pid: 660 (/system/system_ext/bin/hwservicemanager)
05-03 19:26:14.906     0     0 I QCOM-BATT: pl_fcc_vote_callback: total_fcc_ua=1950000
05-03 19:26:14.906     0     0 I QCOM-BATT: pl_fv_vote_callback: fv_uv=4400000
05-03 19:26:15.265     0     0 E FG      : fg_psy_get_property: unsupported property 79
05-03 19:26:15.274     0     0 E FG      : fg_psy_get_property: unsupported property 79
05-03 19:26:15.373  1126  1126 D QtiCarrierConfigHelper: WARNING, no carrier configs on phone Id: 0
05-03 19:26:15.279     0     0 W healthd : battery l=100 v=3173 t=25.4 h=2 st=5 c=0 fc=2831000 chg=u
05-03 19:26:15.378   960  2050 D PowerUI : can't show warning due to - plugged: true status unknown: false
05-03 19:26:15.294     0     0 E FG      : fg_psy_get_property: unsupported property 79
05-03 19:26:15.929  3704  3747 W HidlServiceManagement: Waited one second for vendor.qti.hardware.cacert@1.0::IService/default
05-03 19:26:15.930   660   660 I hwservicemanager: Since vendor.qti.hardware.cacert@1.0::IService/default is not registered, trying to start it as a lazy HAL (if it's not configured to be a lazy HAL, it may be stuck starting or still starting).
05-03 19:26:15.931  3704  3747 I HidlServiceManagement: getService: Trying again for vendor.qti.hardware.cacert@1.0::IService/default...
05-03 19:26:15.847     0     0 E init    : Control message: Could not find 'vendor.qti.hardware.cacert@1.0::IService/default' for ctl.interface_start from pid: 660 (/system/system_ext/bin/hwservicemanager)
05-03 19:26:15.935   660 10733 W libc    : Unable to set property "ctl.interface_start" to "vendor.qti.hardware.cacert@1.0::IService/default": PROP_ERROR_HANDLE_CONTROL_MESSAGE (0x20)
05-03 19:26:15.935   660 10733 I hwservicemanager: Tried to start vendor.qti.hardware.cacert@1.0::IService/default as a lazy service, but was unable to. Usually this happens when a service is not installed, but if the service is intended to be used as a lazy service, then it may be configured incorrectly.
05-03 19:26:16.932  3704  3747 W HidlServiceManagement: Waited one second for vendor.qti.hardware.cacert@1.0::IService/default
05-03 19:26:16.933   660   660 I hwservicemanager: Since vendor.qti.hardware.cacert@1.0::IService/default is not registered, trying to start it as a lazy HAL (if it's not configured to be a lazy HAL, it may be stuck starting or still starting).
05-03 19:26:16.934  3704  3747 I HidlServiceManagement: getService: Trying again for vendor.qti.hardware.cacert@1.0::IService/default...
05-03 19:26:16.937   660 10734 W libc    : Unable to set property "ctl.interface_start" to "vendor.qti.hardware.cacert@1.0::IService/default": PROP_ERROR_HANDLE_CONTROL_MESSAGE (0x20)
05-03 19:26:16.937   660 10734 I hwservicemanager: Tried to start vendor.qti.hardware.cacert@1.0::IService/default as a lazy service, but was unable to. Usually this happens when a service is not installed, but if the service is intended to be used as a lazy service, then it may be configured incorrectly.
05-03 19:26:16.849     0     0 E init    : Control message: Could not find 'vendor.qti.hardware.cacert@1.0::IService/default' for ctl.interface_start from pid: 660 (/system/system_ext/bin/hwservicemanager)
05-03 19:26:17.935  3704  3747 W HidlServiceManagement: Waited one second for vendor.qti.hardware.cacert@1.0::IService/default
05-03 19:26:17.937   660   660 I hwservicemanager: Since vendor.qti.hardware.cacert@1.0::IService/default is not registered, trying to start it as a lazy HAL (if it's not configured to be a lazy HAL, it may be stuck starting or still starting).
05-03 19:26:17.939  3704  3747 I HidlServiceManagement: getService: Trying again for vendor.qti.hardware.cacert@1.0::IService/default...
05-03 19:26:17.941   660 10735 W libc    : Unable to set property "ctl.interface_start" to "vendor.qti.hardware.cacert@1.0::IService/default": PROP_ERROR_HANDLE_CONTROL_MESSAGE (0x20)
05-03 19:26:17.941   660 10735 I hwservicemanager: Tried to start vendor.qti.hardware.cacert@1.0::IService/default as a lazy service, but was unable to. Usually this happens when a service is not installed, but if the service is intended to be used as a lazy service, then it may be configured incorrectly.
05-03 19:26:17.854     0     0 E init    : Control message: Could not find 'vendor.qti.hardware.cacert@1.0::IService/default' for ctl.interface_start from pid: 660 (/system/system_ext/bin/hwservicemanager)
05-03 19:26:18.939  3704  3747 W HidlServiceManagement: Waited one second for vendor.qti.hardware.cacert@1.0::IService/default
05-03 19:26:18.941   660   660 I hwservicemanager: Since vendor.qti.hardware.cacert@1.0::IService/default is not registered, trying to start it as a lazy HAL (if it's not configured to be a lazy HAL, it may be stuck starting or still starting).
05-03 19:26:18.942  3704  3747 I HidlServiceManagement: getService: Trying again for vendor.qti.hardware.cacert@1.0::IService/default...
05-03 19:26:18.946   660 10736 W libc    : Unable to set property "ctl.interface_start" to "vendor.qti.hardware.cacert@1.0::IService/default": PROP_ERROR_HANDLE_CONTROL_MESSAGE (0x20)
05-03 19:26:18.946   660 10736 I hwservicemanager: Tried to start vendor.qti.hardware.cacert@1.0::IService/default as a lazy service, but was unable to. Usually this happens when a service is not installed, but if the service is intended to be used as a lazy service, then it may be configured incorrectly.
05-03 19:26:18.859     0     0 E init    : Control message: Could not find 'vendor.qti.hardware.cacert@1.0::IService/default' for ctl.interface_start from pid: 660 (/system/system_ext/bin/hwservicemanager)
05-03 19:26:19.943  3704  3747 W HidlServiceManagement: Waited one second for vendor.qti.hardware.cacert@1.0::IService/default
05-03 19:26:19.943   660   660 I hwservicemanager: Since vendor.qti.hardware.cacert@1.0::IService/default is not registered, trying to start it as a lazy HAL (if it's not configured to be a lazy HAL, it may be stuck starting or still starting).
05-03 19:26:19.944  3704  3747 I HidlServiceManagement: getService: Trying again for vendor.qti.hardware.cacert@1.0::IService/default...
05-03 19:26:19.859     0     0 E init    : Control message: Could not find 'vendor.qti.hardware.cacert@1.0::IService/default' for ctl.interface_start from pid: 660 (/system/system_ext/bin/hwservicemanager)
05-03 19:26:19.946   660 10737 W libc    : Unable to set property "ctl.interface_start" to "vendor.qti.hardware.cacert@1.0::IService/default": PROP_ERROR_HANDLE_CONTROL_MESSAGE (0x20)
05-03 19:26:19.946   660 10737 I hwservicemanager: Tried to start vendor.qti.hardware.cacert@1.0::IService/default as a lazy service, but was unable to. Usually this happens when a service is not installed, but if the service is intended to be used as a lazy service, then it may be configured incorrectly.
05-03 19:26:20.058  3731  3790 E QMI_FW  : qmi_cci_get_ref: ref count increased 2
05-03 19:26:20.061  3731  3790 E QMI_FW  : qmi_cci_get_ref: ref count increased 2
05-03 19:26:20.062  3731  3790 E QMI_FW  : qmi_cci_get_ref: ref count increased 2
05-03 19:26:20.063  3731  3790 E QMI_FW  : qmi_cci_get_ref: ref count increased 2
05-03 19:26:20.065  3731  3790 E QMI_FW  : qmi_cci_get_ref: ref count increased 2
05-03 19:26:20.066  3731  3790 E QMI_FW  : qmi_cci_get_ref: ref count increased 2
05-03 19:26:20.067  3731  3790 E QMI_FW  : qmi_cci_get_ref: ref count increased 2
05-03 19:26:20.069  3731  3790 E QMI_FW  : qmi_cci_get_ref: ref count increased 2
05-03 19:26:20.752 10666 10718 I WestlakeVM: VM: CV PF-MCD-RES_TABLE_PARSE_DONE
05-03 19:26:20.755 10666 10718 I WestlakeVM: VM: CV PF-MCD-RES_TABLE_LOADED bytes=2019644 strings=586 integers=0
05-03 19:26:20.758 10666 10718 I WestlakeVM: VM: PF202 ApkLoader res dirs ready
05-03 19:26:20.760 10666 10718 I WestlakeVM: VM: PF202 ApkLoader activity seeded
05-03 19:26:20.760 10666 10718 I WestlakeVM: VM: PF202 ApkLoader return
05-03 19:26:20.761 10666 10718 I WestlakeVM: VM: [PFCUT] Class.getDeclaredField intrinsic hit class=android.app.MiniServer name=mApkInfo
05-03 19:26:20.773 10666 10718 I WestlakeVM: VM: [AssetManager] setApkPath path=/data/local/tmp/westlake/com_github_ashutoshgngwr_noice.apk local=/data/local/tmp/westlake/com_github_ashutoshgngwr_noice.apk global=/data/local/tmp/westlake/com_github_ashutoshgngwr_noice.apk
05-03 19:26:20.777 10666 10718 I WestlakeVM: VM: [AssetManager] setAssetDir path=/data/local/tmp/westlake/com_github_ashutoshgngwr_noice_res/assets local=/data/local/tmp/westlake/com_github_ashutoshgngwr_noice_res/assets global=/data/local/tmp/westlake/com_github_ashutoshgngwr_noice_res/assets
05-03 19:26:20.779 10666 10718 I WestlakeVM: VM: [WestlakeLauncher] Early resource/asset setup done (resDir=/data/local/tmp/westlake/com_github_ashutoshgngwr_noice_res)
05-03 19:26:20.792 10666 10718 I WestlakeVM: VM: [PFCUT] System.arraycopy intrinsic src=[B dst=[B srcPos=0 dstPos=0 count=16
05-03 19:26:20.792 10666 10718 I WestlakeVM: VM: [PFCUT] System.arraycopy intrinsic src=[B dst=[B srcPos=0 dstPos=0 count=34
05-03 19:26:20.803 10666 10718 I WestlakeVM: VM: [PFCUT] forced interpreter JNI reason=Unsafe method=java.lang.Object jdk.internal.misc.Unsafe.getReferenceVolatile(java.lang.Object, long) quick=0xd58800 jni=0x789ca4
05-03 19:26:20.803 10666 10718 I WestlakeVM: VM: [PFCUT] InterpreterJni jdk.Unsafe getReferenceVolatile target=0x14c9d380 offset=28 value=0x0 array_index=4
05-03 19:26:20.803 10666 10718 I WestlakeVM: VM: [PFCUT]   caller#0 java.lang.Object jdk.internal.misc.Unsafe.getReferenceVolatile(java.lang.Object, long) dex_pc=0
05-03 19:26:20.803 10666 10718 I WestlakeVM: VM: [PFCUT]   caller#1 java.lang.Object jdk.internal.misc.Unsafe.getReferenceAcquire(java.lang.Object, long) dex_pc=0
05-03 19:26:20.803 10666 10718 I WestlakeVM: VM: [PFCUT]   caller#2 java.util.concurrent.ConcurrentHashMap$Node java.util.concurrent.ConcurrentHashMap.tabAt(java.util.concurrent.ConcurrentHashMap$Node[], int) dex_pc=10
05-03 19:26:20.803 10666 10718 I WestlakeVM: VM: [PFCUT]   caller#3 java.lang.Object java.util.concurrent.ConcurrentHashMap.get(java.lang.Object) dex_pc=21
05-03 19:26:20.804 10666 10718 I WestlakeVM: VM: [PFCUT]   caller#4 java.lang.String java.util.Properties.getProperty(java.lang.String) dex_pc=2
05-03 19:26:20.804 10666 10718 I WestlakeVM: VM: [PFCUT]   caller#5 java.lang.String java.util.Properties.getProperty(java.lang.String, java.lang.String) dex_pc=0
05-03 19:26:20.804 10666 10718 I WestlakeVM: VM: [PFCUT] forced interpreter JNI reason=Unsafe method=java.lang.Object jdk.internal.misc.Unsafe.getReferenceVolatile(java.lang.Object, long) quick=0xd58800 jni=0x789ca4
05-03 19:26:20.804 10666 10718 I WestlakeVM: VM: [PFCUT] InterpreterJni jdk.Unsafe getReferenceVolatile target=0x14ca0450 offset=220 value=0x14c9f7f0 array_index=52
05-03 19:26:20.805 10666 10718 I WestlakeVM: VM: [PFCUT]   caller#0 java.lang.Object jdk.internal.misc.Unsafe.getReferenceVolatile(java.lang.Object, long) dex_pc=0
05-03 19:26:20.805 10666 10718 I WestlakeVM: VM: [PFCUT]   caller#1 java.lang.Object jdk.internal.misc.Unsafe.getReferenceAcquire(java.lang.Object, long) dex_pc=0
05-03 19:26:20.805 10666 10718 I WestlakeVM: VM: [PFCUT]   caller#2 java.util.concurrent.ConcurrentHashMap$Node java.util.concurrent.ConcurrentHashMap.tabAt(java.util.concurrent.ConcurrentHashMap$Node[], int) dex_pc=10
05-03 19:26:20.805 10666 10718 I WestlakeVM: VM: [PFCUT]   caller#3 java.lang.Object java.util.concurrent.ConcurrentHashMap.get(java.lang.Object) dex_pc=21
05-03 19:26:20.805 10666 10718 I WestlakeVM: VM: [PFCUT]   caller#4 java.lang.String java.util.Properties.getProperty(java.lang.String) dex_pc=2
05-03 19:26:20.806 10666 10718 I WestlakeVM: VM: [PFCUT]   caller#5 java.lang.String java.util.Properties.getProperty(java.lang.String) dex_pc=22
05-03 19:26:20.806 10666 10718 I WestlakeVM: VM: [PFCUT] forced interpreter JNI reason=Unsafe method=java.lang.Object jdk.internal.misc.Unsafe.getReferenceVolatile(java.lang.Object, long) quick=0xd58800 jni=0x789ca4
05-03 19:26:20.806 10666 10718 I WestlakeVM: VM: [PFCUT] InterpreterJni jdk.Unsafe getReferenceVolatile target=0x14c9d380 offset=68 value=0x0 array_index=14
05-03 19:26:20.806 10666 10718 I WestlakeVM: VM: [PFCUT]   caller#0 java.lang.Object jdk.internal.misc.Unsafe.getReferenceVolatile(java.lang.Object, long) dex_pc=0
05-03 19:26:20.806 10666 10718 I WestlakeVM: VM: [PFCUT]   caller#1 java.lang.Object jdk.internal.misc.Unsafe.getReferenceAcquire(java.lang.Object, long) dex_pc=0
05-03 19:26:20.806 10666 10718 I WestlakeVM: VM: [PFCUT]   caller#2 java.util.concurrent.ConcurrentHashMap$Node java.util.concurrent.ConcurrentHashMap.tabAt(java.util.concurrent.ConcurrentHashMap$Node[], int) dex_pc=10
05-03 19:26:20.806 10666 10718 I WestlakeVM: VM: [PFCUT]   caller#3 java.lang.Object java.util.concurrent.ConcurrentHashMap.get(java.lang.Object) dex_pc=21
05-03 19:26:20.807 10666 10718 I WestlakeVM: VM: [PFCUT]   caller#4 java.lang.String java.util.Properties.getProperty(java.lang.String) dex_pc=2
05-03 19:26:20.807 10666 10718 I WestlakeVM: VM: [PFCUT]   caller#5 java.lang.String java.util.Properties.getProperty(java.lang.String, java.lang.String) dex_pc=0
05-03 19:26:20.807 10666 10718 I WestlakeVM: VM: [PFCUT] forced interpreter JNI reason=Unsafe method=java.lang.Object jdk.internal.misc.Unsafe.getReferenceVolatile(java.lang.Object, long) quick=0xd58800 jni=0x789ca4
05-03 19:26:20.807 10666 10718 I WestlakeVM: VM: [PFCUT] InterpreterJni jdk.Unsafe getReferenceVolatile target=0x14ca0450 offset=260 value=0x14c9f7d8 array_index=62
05-03 19:26:20.807 10666 10718 I WestlakeVM: VM: [PFCUT]   caller#0 java.lang.Object jdk.internal.misc.Unsafe.getReferenceVolatile(java.lang.Object, long) dex_pc=0
05-03 19:26:20.807 10666 10718 I WestlakeVM: VM: [PFCUT]   caller#1 java.lang.Object jdk.internal.misc.Unsafe.getReferenceAcquire(java.lang.Object, long) dex_pc=0
05-03 19:26:20.807 10666 10718 I WestlakeVM: VM: [PFCUT]   caller#2 java.util.concurrent.ConcurrentHashMap$Node java.util.concurrent.ConcurrentHashMap.tabAt(java.util.concurrent.ConcurrentHashMap$Node[], int) dex_pc=10
