05-05 10:16:58.084  8598  8652 I WestlakeVM: VM: [PFCUT] InterpreterJni jdk.Unsafe CAS ref target=0x14080a10 offset=40 current=0 expected=0 new=0x14093be0 success=1 array_index=7
05-05 10:16:58.084  8598  8652 I WestlakeVM: VM: [PFCUT] InterpreterJni jdk.Unsafe CAS long target=0x14079fc0 offset=40 current=7 expected=7 new=8 success=1
05-05 10:16:58.086  8598  8652 I WestlakeVM: VM: [PFCUT] InterpreterJni jdk.Unsafe CAS ref target=0x14080a10 offset=72 current=0 expected=0 new=0x14093c10 success=1 array_index=15
05-05 10:16:58.086  8598  8652 I WestlakeVM: VM: [PFCUT] InterpreterJni jdk.Unsafe CAS long target=0x14079fc0 offset=40 current=8 expected=8 new=9 success=1
05-05 10:16:58.088  8598  8652 I WestlakeVM: VM: [PFCUT] InterpreterJni jdk.Unsafe CAS long target=0x14079fc0 offset=40 current=9 expected=9 new=10 success=1
05-05 10:16:58.090  8598  8652 I WestlakeVM: VM: [PFCUT] InterpreterJni jdk.Unsafe CAS long target=0x14079fc0 offset=40 current=10 expected=10 new=11 success=1
05-05 10:16:58.091  8598  8652 I WestlakeVM: VM: [PFCUT] InterpreterJni jdk.Unsafe CAS ref target=0x14080a10 offset=64 current=0 expected=0 new=0x14093ca0 success=1 array_index=13
05-05 10:16:58.091  8598  8652 I WestlakeVM: VM: [PFCUT] InterpreterJni jdk.Unsafe CAS long target=0x14079fc0 offset=40 current=11 expected=11 new=12 success=1
05-05 10:16:58.092  8598  8652 I WestlakeVM: VM: [PFCUT] InterpreterJni jdk.Unsafe CAS int target=0x14079fc0 offset=52 current=12 expected=12 new=-2145714174 success=1
05-05 10:16:58.092  8598  8652 I WestlakeVM: VM: [PFCUT] InterpreterJni jdk.Unsafe CAS int target=0x14079fc0 offset=56 current=16 expected=16 new=0 success=1
05-05 10:16:58.092  8598  8652 I WestlakeVM: VM: [PFCUT-TRACE] thread=main-256mb ts_us=2198449667656 kind=setSlot.jdk caller="void jdk.internal.misc.Unsafe.putReferenceVolatile(java.lang.Object, long, java.lang.Object)" array.class=java.util.concurrent.ConcurrentHashMap$Node[] array.componentType=java.util.concurrent.ConcurrentHashMap$Node array.length=32 index=15 value.ptr=0x14093c10 value.class=java.util.concurrent.ConcurrentHashMap$Node assignable=1
05-05 10:16:58.092  8598  8652 I WestlakeVM: VM: [PFCUT-TRACE] thread=main-256mb ts_us=2198449667793 kind=setSlot.jdk caller="void jdk.internal.misc.Unsafe.putReferenceVolatile(java.lang.Object, long, java.lang.Object)" array.class=java.util.concurrent.ConcurrentHashMap$Node[] array.componentType=java.util.concurrent.ConcurrentHashMap$Node array.length=32 index=31 value.ptr=0 value.class=<null> assignable=1
05-05 10:16:58.092  8598  8652 I WestlakeVM: VM: [PFCUT-TRACE] thread=main-256mb ts_us=2198449667890 kind=setSlot.jdk caller="void jdk.internal.misc.Unsafe.putReferenceVolatile(java.lang.Object, long, java.lang.Object)" array.class=java.util.concurrent.ConcurrentHashMap$Node[] array.componentType=java.util.concurrent.ConcurrentHashMap$Node array.length=16 index=15 value.ptr=0x14097540 value.class=java.util.concurrent.ConcurrentHashMap$ForwardingNode assignable=1
05-05 10:16:58.093  8598  8652 I WestlakeVM: VM: [PFCUT] InterpreterJni jdk.Unsafe CAS ref target=0x14080a10 offset=68 current=0 expected=0 new=0x14097540 success=1 array_index=14
05-05 10:16:58.093  8598  8652 I WestlakeVM: VM: [PFCUT-TRACE] thread=main-256mb ts_us=2198449668277 kind=setSlot.jdk caller="void jdk.internal.misc.Unsafe.putReferenceVolatile(java.lang.Object, long, java.lang.Object)" array.class=java.util.concurrent.ConcurrentHashMap$Node[] array.componentType=java.util.concurrent.ConcurrentHashMap$Node array.length=32 index=13 value.ptr=0 value.class=<null> assignable=1
05-05 10:16:58.093  8598  8652 I WestlakeVM: VM: [PFCUT-TRACE] thread=main-256mb ts_us=2198449668402 kind=setSlot.jdk caller="void jdk.internal.misc.Unsafe.putReferenceVolatile(java.lang.Object, long, java.lang.Object)" array.class=java.util.concurrent.ConcurrentHashMap$Node[] array.componentType=java.util.concurrent.ConcurrentHashMap$Node array.length=32 index=29 value.ptr=0x14093ca0 value.class=java.util.concurrent.ConcurrentHashMap$Node assignable=1
05-05 10:16:58.093  8598  8652 I WestlakeVM: VM: [PFCUT-TRACE] thread=main-256mb ts_us=2198449668501 kind=setSlot.jdk caller="void jdk.internal.misc.Unsafe.putReferenceVolatile(java.lang.Object, long, java.lang.Object)" array.class=java.util.concurrent.ConcurrentHashMap$Node[] array.componentType=java.util.concurrent.ConcurrentHashMap$Node array.length=16 index=13 value.ptr=0x14097540 value.class=java.util.concurrent.ConcurrentHashMap$ForwardingNode assignable=1
05-05 10:16:58.093  8598  8652 I WestlakeVM: VM: [PFCUT-TRACE] thread=main-256mb ts_us=2198449668747 kind=setSlot.jdk caller="void jdk.internal.misc.Unsafe.putReferenceVolatile(java.lang.Object, long, java.lang.Object)" array.class=java.util.concurrent.ConcurrentHashMap$Node[] array.componentType=java.util.concurrent.ConcurrentHashMap$Node array.length=32 index=12 value.ptr=0x14093aa8 value.class=java.util.concurrent.ConcurrentHashMap$Node assignable=1
05-05 10:16:58.093  8598  8652 I WestlakeVM: VM: [PFCUT-TRACE] thread=main-256mb ts_us=2198449668847 kind=setSlot.jdk caller="void jdk.internal.misc.Unsafe.putReferenceVolatile(java.lang.Object, long, java.lang.Object)" array.class=java.util.concurrent.ConcurrentHashMap$Node[] array.componentType=java.util.concurrent.ConcurrentHashMap$Node array.length=32 index=28 value.ptr=0 value.class=<null> assignable=1
05-05 10:16:58.094  8598  8652 I WestlakeVM: VM: [PFCUT-TRACE] thread=main-256mb ts_us=2198449668942 kind=setSlot.jdk caller="void jdk.internal.misc.Unsafe.putReferenceVolatile(java.lang.Object, long, java.lang.Object)" array.class=java.util.concurrent.ConcurrentHashMap$Node[] array.componentType=java.util.concurrent.ConcurrentHashMap$Node array.length=16 index=12 value.ptr=0x14097540 value.class=java.util.concurrent.ConcurrentHashMap$ForwardingNode assignable=1
05-05 10:16:58.094  8598  8652 I WestlakeVM: VM: [PFCUT-TRACE] thread=main-256mb ts_us=2198449669304 kind=setSlot.jdk caller="void jdk.internal.misc.Unsafe.putReferenceVolatile(java.lang.Object, long, java.lang.Object)" array.class=java.util.concurrent.ConcurrentHashMap$Node[] array.componentType=java.util.concurrent.ConcurrentHashMap$Node array.length=32 index=11 value.ptr=0x14093cb8 value.class=java.util.concurrent.ConcurrentHashMap$Node assignable=1
05-05 10:16:58.094  8598  8652 I WestlakeVM: VM: [PFCUT-TRACE] thread=main-256mb ts_us=2198449669406 kind=setSlot.jdk caller="void jdk.internal.misc.Unsafe.putReferenceVolatile(java.lang.Object, long, java.lang.Object)" array.class=java.util.concurrent.ConcurrentHashMap$Node[] array.componentType=java.util.concurrent.ConcurrentHashMap$Node array.length=32 index=27 value.ptr=0x14093bb0 value.class=java.util.concurrent.ConcurrentHashMap$Node assignable=1
05-05 10:16:58.094  8598  8652 I WestlakeVM: VM: [PFCUT-TRACE] thread=main-256mb ts_us=2198449669503 kind=setSlot.jdk caller="void jdk.internal.misc.Unsafe.putReferenceVolatile(java.lang.Object, long, java.lang.Object)" array.class=java.util.concurrent.ConcurrentHashMap$Node[] array.componentType=java.util.concurrent.ConcurrentHashMap$Node array.length=16 index=11 value.ptr=0x14097540 value.class=java.util.concurrent.ConcurrentHashMap$ForwardingNode assignable=1
05-05 10:16:58.095  8598  8652 I WestlakeVM: VM: [PFCUT] InterpreterJni jdk.Unsafe CAS ref target=0x14080a10 offset=52 current=0 expected=0 new=0x14097540 success=1 array_index=10
05-05 10:16:58.095  8598  8652 I WestlakeVM: VM: [PFCUT] InterpreterJni jdk.Unsafe CAS ref target=0x14080a10 offset=48 current=0 expected=0 new=0x14097540 success=1 array_index=9
05-05 10:16:58.095  8598  8652 I WestlakeVM: VM: [PFCUT] InterpreterJni jdk.Unsafe CAS ref target=0x14080a10 offset=44 current=0 expected=0 new=0x14097540 success=1 array_index=8
05-05 10:16:58.095  8598  8652 I WestlakeVM: VM: [PFCUT-TRACE] thread=main-256mb ts_us=2198449670299 kind=setSlot.jdk caller="void jdk.internal.misc.Unsafe.putReferenceVolatile(java.lang.Object, long, java.lang.Object)" array.class=java.util.concurrent.ConcurrentHashMap$Node[] array.componentType=java.util.concurrent.ConcurrentHashMap$Node array.length=32 index=7 value.ptr=0x14093be0 value.class=java.util.concurrent.ConcurrentHashMap$Node assignable=1
05-05 10:16:58.095  8598  8652 I WestlakeVM: VM: [PFCUT-TRACE] thread=main-256mb ts_us=2198449670404 kind=setSlot.jdk caller="void jdk.internal.misc.Unsafe.putReferenceVolatile(java.lang.Object, long, java.lang.Object)" array.class=java.util.concurrent.ConcurrentHashMap$Node[] array.componentType=java.util.concurrent.ConcurrentHashMap$Node array.length=32 index=23 value.ptr=0 value.class=<null> assignable=1
05-05 10:16:58.095  8598  8652 I WestlakeVM: VM: [PFCUT-TRACE] thread=main-256mb ts_us=2198449670499 kind=setSlot.jdk caller="void jdk.internal.misc.Unsafe.putReferenceVolatile(java.lang.Object, long, java.lang.Object)" array.class=java.util.concurrent.ConcurrentHashMap$Node[] array.componentType=java.util.concurrent.ConcurrentHashMap$Node array.length=16 index=7 value.ptr=0x14097540 value.class=java.util.concurrent.ConcurrentHashMap$ForwardingNode assignable=1
05-05 10:16:58.096  8598  8652 I WestlakeVM: VM: [PFCUT-TRACE] thread=main-256mb ts_us=2198449670826 kind=setSlot.jdk caller="void jdk.internal.misc.Unsafe.putReferenceVolatile(java.lang.Object, long, java.lang.Object)" array.class=java.util.concurrent.ConcurrentHashMap$Node[] array.componentType=java.util.concurrent.ConcurrentHashMap$Node array.length=32 index=6 value.ptr=0 value.class=<null> assignable=1
05-05 10:16:58.096  8598  8652 I WestlakeVM: VM: [PFCUT-TRACE] thread=main-256mb ts_us=2198449670925 kind=setSlot.jdk caller="void jdk.internal.misc.Unsafe.putReferenceVolatile(java.lang.Object, long, java.lang.Object)" array.class=java.util.concurrent.ConcurrentHashMap$Node[] array.componentType=java.util.concurrent.ConcurrentHashMap$Node array.length=32 index=22 value.ptr=0x14093b08 value.class=java.util.concurrent.ConcurrentHashMap$Node assignable=1
05-05 10:16:58.096  8598  8652 I WestlakeVM: VM: [PFCUT-TRACE] thread=main-256mb ts_us=2198449671022 kind=setSlot.jdk caller="void jdk.internal.misc.Unsafe.putReferenceVolatile(java.lang.Object, long, java.lang.Object)" array.class=java.util.concurrent.ConcurrentHashMap$Node[] array.componentType=java.util.concurrent.ConcurrentHashMap$Node array.length=16 index=6 value.ptr=0x14097540 value.class=java.util.concurrent.ConcurrentHashMap$ForwardingNode assignable=1
05-05 10:16:58.096  8598  8652 I WestlakeVM: VM: [PFCUT] InterpreterJni jdk.Unsafe CAS ref target=0x14080a10 offset=32 current=0 expected=0 new=0x14097540 success=1 array_index=5
05-05 10:16:58.096  8598  8652 I WestlakeVM: VM: [PFCUT-TRACE] thread=main-256mb ts_us=2198449671496 kind=setSlot.jdk caller="void jdk.internal.misc.Unsafe.putReferenceVolatile(java.lang.Object, long, java.lang.Object)" array.class=java.util.concurrent.ConcurrentHashMap$Node[] array.componentType=java.util.concurrent.ConcurrentHashMap$Node array.length=32 index=4 value.ptr=0x14093ad8 value.class=java.util.concurrent.ConcurrentHashMap$Node assignable=1
05-05 10:16:58.097  8598  8652 I WestlakeVM: VM: [PFCUT-TRACE] thread=main-256mb ts_us=2198449671596 kind=setSlot.jdk caller="void jdk.internal.misc.Unsafe.putReferenceVolatile(java.lang.Object, long, java.lang.Object)" array.class=java.util.concurrent.ConcurrentHashMap$Node[] array.componentType=java.util.concurrent.ConcurrentHashMap$Node array.length=32 index=20 value.ptr=0 value.class=<null> assignable=1
05-05 10:16:58.097  8598  8652 I WestlakeVM: VM: [PFCUT-TRACE] thread=main-256mb ts_us=2198449671741 kind=setSlot.jdk caller="void jdk.internal.misc.Unsafe.putReferenceVolatile(java.lang.Object, long, java.lang.Object)" array.class=java.util.concurrent.ConcurrentHashMap$Node[] array.componentType=java.util.concurrent.ConcurrentHashMap$Node array.length=16 index=4 value.ptr=0x14097540 value.class=java.util.concurrent.ConcurrentHashMap$ForwardingNode assignable=1
05-05 10:16:58.097  8598  8652 I WestlakeVM: VM: [PFCUT] InterpreterJni jdk.Unsafe CAS ref target=0x14080a10 offset=24 current=0 expected=0 new=0x14097540 success=1 array_index=3
05-05 10:16:58.097  8598  8652 I WestlakeVM: VM: [PFCUT] InterpreterJni jdk.Unsafe CAS ref target=0x14080a10 offset=20 current=0 expected=0 new=0x14097540 success=1 array_index=2
05-05 10:16:58.097  8598  8652 I WestlakeVM: VM: [PFCUT-TRACE] thread=main-256mb ts_us=2198449672449 kind=setSlot.jdk caller="void jdk.internal.misc.Unsafe.putReferenceVolatile(java.lang.Object, long, java.lang.Object)" array.class=java.util.concurrent.ConcurrentHashMap$Node[] array.componentType=java.util.concurrent.ConcurrentHashMap$Node array.length=32 index=1 value.ptr=0x14093cd0 value.class=java.util.concurrent.ConcurrentHashMap$Node assignable=1
05-05 10:16:58.097  8598  8652 I WestlakeVM: VM: [PFCUT-TRACE] thread=main-256mb ts_us=2198449672594 kind=setSlot.jdk caller="void jdk.internal.misc.Unsafe.putReferenceVolatile(java.lang.Object, long, java.lang.Object)" array.class=java.util.concurrent.ConcurrentHashMap$Node[] array.componentType=java.util.concurrent.ConcurrentHashMap$Node array.length=32 index=17 value.ptr=0x14093c40 value.class=java.util.concurrent.ConcurrentHashMap$Node assignable=1
05-05 10:16:58.098  8598  8652 I WestlakeVM: VM: [PFCUT-TRACE] thread=main-256mb ts_us=2198449672733 kind=setSlot.jdk caller="void jdk.internal.misc.Unsafe.putReferenceVolatile(java.lang.Object, long, java.lang.Object)" array.class=java.util.concurrent.ConcurrentHashMap$Node[] array.componentType=java.util.concurrent.ConcurrentHashMap$Node array.length=16 index=1 value.ptr=0x14097540 value.class=java.util.concurrent.ConcurrentHashMap$ForwardingNode assignable=1
05-05 10:16:58.098  8598  8652 I WestlakeVM: VM: [PFCUT] InterpreterJni jdk.Unsafe CAS ref target=0x14080a10 offset=12 current=0 expected=0 new=0x14097540 success=1 array_index=0
05-05 10:16:58.098  8598  8652 I WestlakeVM: VM: [PFCUT] InterpreterJni jdk.Unsafe CAS int target=0x14079fc0 offset=52 current=-2145714174 expected=-2145714174 new=-2145714175 success=1
05-05 10:16:58.101  8598  8652 I WestlakeVM: VM: [PFCUT] InterpreterJni jdk.Unsafe CAS ref target=0x1408c790 offset=136 current=0 expected=0 new=0x14093d00 success=1 array_index=31
05-05 10:16:58.101  8598  8652 I WestlakeVM: VM: [PFCUT] InterpreterJni jdk.Unsafe CAS long target=0x14079fc0 offset=40 current=12 expected=12 new=13 success=1
05-05 10:16:58.101  8598  8652 I WestlakeVM: VM: [PFCUT] Class.newInstance intrinsic class=java.lang.Class<com.android.org.conscrypt.OpenSSLProvider> ctor=void com.android.org.conscrypt.OpenSSLProvider.<init>()
05-05 10:16:58.102  8598  8652 I WestlakeVM: VM: [PFCUT] InterpreterJni jdk.Unsafe CAS int target=0x14099180 offset=52 current=16 expected=16 new=-1 success=1
05-05 10:16:58.103  8598  8652 I WestlakeVM: VM: [PFCUT] InterpreterJni jdk.Unsafe CAS ref target=0x14080b50 offset=60 current=0 expected=0 new=0x14093d18 success=1 array_index=12
05-05 10:16:58.103  8598  8652 I WestlakeVM: VM: [PFCUT] InterpreterJni jdk.Unsafe CAS long target=0x14099180 offset=40 current=0 expected=0 new=1 success=1
05-05 10:16:58.104  8598  8652 I WestlakeVM: VM: [PFCUT] InterpreterJni jdk.Unsafe CAS ref target=0x14080b50 offset=28 current=0 expected=0 new=0x14093d48 success=1 array_index=4
05-05 10:16:58.104  8598  8652 I WestlakeVM: VM: [PFCUT] InterpreterJni jdk.Unsafe CAS long target=0x14099180 offset=40 current=1 expected=1 new=2 success=1
05-05 10:16:58.104  8598  8652 I WestlakeVM: VM: [PFCUT] InterpreterJni jdk.Unsafe CAS ref target=0x14080b50 offset=56 current=0 expected=0 new=0x14093d60 success=1 array_index=11
05-05 10:16:58.105  8598  8652 I WestlakeVM: VM: [PFCUT] InterpreterJni jdk.Unsafe CAS long target=0x14099180 offset=40 current=2 expected=2 new=3 success=1
05-05 10:16:58.105  8598  8652 I WestlakeVM: VM: [PFCUT] InterpreterJni jdk.Unsafe CAS ref target=0x14080b50 offset=36 current=0 expected=0 new=0x14093d78 success=1 array_index=6
05-05 10:16:58.105  8598  8652 I WestlakeVM: VM: [PFCUT] InterpreterJni jdk.Unsafe CAS long target=0x14099180 offset=40 current=3 expected=3 new=4 success=1
05-05 10:16:58.107  8598  8652 I WestlakeVM: VM: [PFCUT] InterpreterJni jdk.Unsafe CAS ref target=0x14080b50 offset=16 current=0 expected=0 new=0x14093da8 success=1 array_index=1
05-05 10:16:58.107  8598  8652 I WestlakeVM: VM: [PFCUT] InterpreterJni jdk.Unsafe CAS long target=0x14099180 offset=40 current=4 expected=4 new=5 success=1
05-05 10:16:58.109  8598  8652 I WestlakeVM: VM: [PFCUT] InterpreterJni jdk.Unsafe CAS ref target=0x14080b50 offset=44 current=0 expected=0 new=0x14093df0 success=1 array_index=8
05-05 10:16:58.109  8598  8652 I WestlakeVM: VM: [PFCUT] InterpreterJni jdk.Unsafe CAS long target=0x14099180 offset=40 current=5 expected=5 new=6 success=1
05-05 10:16:58.111  8598  8652 I WestlakeVM: VM: [PFCUT] InterpreterJni jdk.Unsafe CAS long target=0x14099180 offset=40 current=6 expected=6 new=7 success=1
05-05 10:16:58.113  8598  8652 I WestlakeVM: VM: [PFCUT] InterpreterJni jdk.Unsafe CAS long target=0x14099180 offset=40 current=7 expected=7 new=8 success=1
05-05 10:16:58.115  8598  8652 I WestlakeVM: VM: [PFCUT] InterpreterJni jdk.Unsafe CAS ref target=0x14080b50 offset=48 current=0 expected=0 new=0x14093e98 success=1 array_index=9
05-05 10:16:58.115  8598  8652 I WestlakeVM: VM: [PFCUT] InterpreterJni jdk.Unsafe CAS long target=0x14099180 offset=40 current=8 expected=8 new=9 success=1
05-05 10:16:58.117  8598  8652 I WestlakeVM: VM: [PFCUT] InterpreterJni jdk.Unsafe CAS ref target=0x14080b50 offset=12 current=0 expected=0 new=0x14093ec8 success=1 array_index=0
05-05 10:16:58.117  8598  8652 I WestlakeVM: VM: [PFCUT] InterpreterJni jdk.Unsafe CAS long target=0x14099180 offset=40 current=9 expected=9 new=10 success=1
05-05 10:16:58.117  8598  8652 I WestlakeVM: VM: [PFCUT] Class.newInstance intrinsic class=java.lang.Class<sun.security.provider.CertPathProvider> ctor=void sun.security.provider.CertPathProvider.<init>()
05-05 10:16:58.121  8598  8652 I WestlakeVM: VM: [PFCUT] AtomicInteger.incrementAndGet intrinsic current=0
05-05 10:16:58.267  8598  8652 I WestlakeVM: VM: [PFCUT] InterpreterJni jdk.Unsafe CAS int target=0x14099300 offset=52 current=16 expected=16 new=-1 success=1
05-05 10:16:58.268  8598  8652 I WestlakeVM: VM: [PFCUT] InterpreterJni jdk.Unsafe CAS ref target=0x14080e20 offset=60 current=0 expected=0 new=0x1409c778 success=1 array_index=12
05-05 10:16:58.268  8598  8652 I WestlakeVM: VM: [PFCUT] InterpreterJni jdk.Unsafe CAS long target=0x14099300 offset=40 current=0 expected=0 new=1 success=1
05-05 10:16:58.269  8598  8652 I WestlakeVM: VM: [PFCUT] InterpreterJni jdk.Unsafe CAS ref target=0x14080e20 offset=28 current=0 expected=0 new=0x1409c7a8 success=1 array_index=4
05-05 10:16:58.270  8598  8652 I WestlakeVM: VM: [PFCUT] InterpreterJni jdk.Unsafe CAS long target=0x14099300 offset=40 current=1 expected=1 new=2 success=1
05-05 10:16:58.270  8598  8652 I WestlakeVM: VM: [PFCUT] InterpreterJni jdk.Unsafe CAS ref target=0x14080e20 offset=56 current=0 expected=0 new=0x1409c7c0 success=1 array_index=11
05-05 10:16:58.270  8598  8652 I WestlakeVM: VM: [PFCUT] InterpreterJni jdk.Unsafe CAS long target=0x14099300 offset=40 current=2 expected=2 new=3 success=1
05-05 10:16:58.270  8598  8652 I WestlakeVM: VM: [PFCUT] InterpreterJni jdk.Unsafe CAS ref target=0x14080e20 offset=36 current=0 expected=0 new=0x1409c7d8 success=1 array_index=6
05-05 10:16:58.271  8598  8652 I WestlakeVM: VM: [PFCUT] InterpreterJni jdk.Unsafe CAS long target=0x14099300 offset=40 current=3 expected=3 new=4 success=1
05-05 10:16:58.272  8598  8652 I WestlakeVM: VM: [PFCUT] InterpreterJni jdk.Unsafe CAS long target=0x14099300 offset=40 current=4 expected=4 new=5 success=1
05-05 10:16:58.274  8598  8652 I WestlakeVM: VM: [PFCUT] InterpreterJni jdk.Unsafe CAS ref target=0x14080e20 offset=20 current=0 expected=0 new=0x1409c838 success=1 array_index=2
05-05 10:16:58.274  8598  8652 I WestlakeVM: VM: [PFCUT] InterpreterJni jdk.Unsafe CAS long target=0x14099300 offset=40 current=5 expected=5 new=6 success=1
05-05 10:16:58.276  8598  8652 I WestlakeVM: VM: [PFCUT] InterpreterJni jdk.Unsafe CAS long target=0x14099300 offset=40 current=6 expected=6 new=7 success=1
05-05 10:16:58.278  8598  8652 I WestlakeVM: VM: [PFCUT] InterpreterJni jdk.Unsafe CAS ref target=0x14080e20 offset=64 current=0 expected=0 new=0x1409c898 success=1 array_index=13
05-05 10:16:58.278  8598  8652 I WestlakeVM: VM: [PFCUT] InterpreterJni jdk.Unsafe CAS long target=0x14099300 offset=40 current=7 expected=7 new=8 success=1
05-05 10:16:58.280  8598  8652 I WestlakeVM: VM: [PFCUT] InterpreterJni jdk.Unsafe CAS long target=0x14099300 offset=40 current=8 expected=8 new=9 success=1
05-05 10:16:58.281  8598  8652 I WestlakeVM: VM: [PFCUT] InterpreterJni jdk.Unsafe CAS ref target=0x14080e20 offset=32 current=0 expected=0 new=0x1409c8f8 success=1 array_index=5
05-05 10:16:58.281  8598  8652 I WestlakeVM: VM: [PFCUT] InterpreterJni jdk.Unsafe CAS long target=0x14099300 offset=40 current=9 expected=9 new=10 success=1
05-05 10:16:58.283  8598  8652 I WestlakeVM: VM: [PFCUT] InterpreterJni jdk.Unsafe CAS ref target=0x14080e20 offset=40 current=0 expected=0 new=0x1409c928 success=1 array_index=7
05-05 10:16:58.283  8598  8652 I WestlakeVM: VM: [PFCUT] InterpreterJni jdk.Unsafe CAS long target=0x14099300 offset=40 current=10 expected=10 new=11 success=1
05-05 10:16:58.285  8598  8652 I WestlakeVM: VM: [PFCUT] InterpreterJni jdk.Unsafe CAS long target=0x14099300 offset=40 current=11 expected=11 new=12 success=1
05-05 10:16:58.285  8598  8652 I WestlakeVM: VM: [PFCUT] InterpreterJni jdk.Unsafe CAS int target=0x14099300 offset=52 current=12 expected=12 new=-2145714174 success=1
05-05 10:16:58.285  8598  8652 I WestlakeVM: VM: [PFCUT] InterpreterJni jdk.Unsafe CAS int target=0x14099300 offset=56 current=16 expected=16 new=0 success=1
05-05 10:16:58.286  8598  8652 I WestlakeVM: VM: [PFCUT-TRACE] thread=main-256mb ts_us=2198449861376 kind=setSlot.jdk caller="void jdk.internal.misc.Unsafe.putReferenceVolatile(java.lang.Object, long, java.lang.Object)" array.class=java.util.concurrent.ConcurrentHashMap$Node[] array.componentType=java.util.concurrent.ConcurrentHashMap$Node array.length=32 index=14 value.ptr=0x1409c958 value.class=java.util.concurrent.ConcurrentHashMap$Node assignable=1
05-05 10:16:58.286  8598  8652 I WestlakeVM: VM: [PFCUT-TRACE] thread=main-256mb ts_us=2198449861515 kind=setSlot.jdk caller="void jdk.internal.misc.Unsafe.putReferenceVolatile(java.lang.Object, long, java.lang.Object)" array.class=java.util.concurrent.ConcurrentHashMap$Node[] array.componentType=java.util.concurrent.ConcurrentHashMap$Node array.length=32 index=30 value.ptr=0 value.class=<null> assignable=1
05-05 10:16:58.286  8598  8652 I WestlakeVM: VM: [PFCUT-TRACE] thread=main-256mb ts_us=2198449861613 kind=setSlot.jdk caller="void jdk.internal.misc.Unsafe.putReferenceVolatile(java.lang.Object, long, java.lang.Object)" array.class=java.util.concurrent.ConcurrentHashMap$Node[] array.componentType=java.util.concurrent.ConcurrentHashMap$Node array.length=16 index=14 value.ptr=0x14097fc0 value.class=java.util.concurrent.ConcurrentHashMap$ForwardingNode assignable=1
05-05 10:16:58.287  8598  8652 I WestlakeVM: VM: [PFCUT-TRACE] thread=main-256mb ts_us=2198449861945 kind=setSlot.jdk caller="void jdk.internal.misc.Unsafe.putReferenceVolatile(java.lang.Object, long, java.lang.Object)" array.class=java.util.concurrent.ConcurrentHashMap$Node[] array.componentType=java.util.concurrent.ConcurrentHashMap$Node array.length=32 index=13 value.ptr=0x1409c8c8 value.class=java.util.concurrent.ConcurrentHashMap$Node assignable=1
05-05 10:16:58.287  8598  8652 I WestlakeVM: VM: [PFCUT-TRACE] thread=main-256mb ts_us=2198449862044 kind=setSlot.jdk caller="void jdk.internal.misc.Unsafe.putReferenceVolatile(java.lang.Object, long, java.lang.Object)" array.class=java.util.concurrent.ConcurrentHashMap$Node[] array.componentType=java.util.concurrent.ConcurrentHashMap$Node array.length=32 index=29 value.ptr=0x1409c970 value.class=java.util.concurrent.ConcurrentHashMap$Node assignable=1
05-05 10:16:58.287  8598  8652 I WestlakeVM: VM: [PFCUT-TRACE] thread=main-256mb ts_us=2198449862141 kind=setSlot.jdk caller="void jdk.internal.misc.Unsafe.putReferenceVolatile(java.lang.Object, long, java.lang.Object)" array.class=java.util.concurrent.ConcurrentHashMap$Node[] array.componentType=java.util.concurrent.ConcurrentHashMap$Node array.length=16 index=13 value.ptr=0x14097fc0 value.class=java.util.concurrent.ConcurrentHashMap$ForwardingNode assignable=1
05-05 10:16:58.287  8598  8652 I WestlakeVM: VM: [PFCUT-TRACE] thread=main-256mb ts_us=2198449862384 kind=setSlot.jdk caller="void jdk.internal.misc.Unsafe.putReferenceVolatile(java.lang.Object, long, java.lang.Object)" array.class=java.util.concurrent.ConcurrentHashMap$Node[] array.componentType=java.util.concurrent.ConcurrentHashMap$Node array.length=32 index=12 value.ptr=0x1409c778 value.class=java.util.concurrent.ConcurrentHashMap$Node assignable=1
05-05 10:16:58.287  8598  8652 I WestlakeVM: VM: [PFCUT-TRACE] thread=main-256mb ts_us=2198449862482 kind=setSlot.jdk caller="void jdk.internal.misc.Unsafe.putReferenceVolatile(java.lang.Object, long, java.lang.Object)" array.class=java.util.concurrent.ConcurrentHashMap$Node[] array.componentType=java.util.concurrent.ConcurrentHashMap$Node array.length=32 index=28 value.ptr=0 value.class=<null> assignable=1
05-05 10:16:58.288  8598  8652 I WestlakeVM: VM: [PFCUT-TRACE] thread=main-256mb ts_us=2198449862576 kind=setSlot.jdk caller="void jdk.internal.misc.Unsafe.putReferenceVolatile(java.lang.Object, long, java.lang.Object)" array.class=java.util.concurrent.ConcurrentHashMap$Node[] array.componentType=java.util.concurrent.ConcurrentHashMap$Node array.length=16 index=12 value.ptr=0x14097fc0 value.class=java.util.concurrent.ConcurrentHashMap$ForwardingNode assignable=1
05-05 10:16:58.288  8598  8652 I WestlakeVM: VM: [PFCUT-TRACE] thread=main-256mb ts_us=2198449862902 kind=setSlot.jdk caller="void jdk.internal.misc.Unsafe.putReferenceVolatile(java.lang.Object, long, java.lang.Object)" array.class=java.util.concurrent.ConcurrentHashMap$Node[] array.componentType=java.util.concurrent.ConcurrentHashMap$Node array.length=32 index=11 value.ptr=0x1409c988 value.class=java.util.concurrent.ConcurrentHashMap$Node assignable=1
05-05 10:16:58.288  8598  8652 I WestlakeVM: VM: [PFCUT-TRACE] thread=main-256mb ts_us=2198449863001 kind=setSlot.jdk caller="void jdk.internal.misc.Unsafe.putReferenceVolatile(java.lang.Object, long, java.lang.Object)" array.class=java.util.concurrent.ConcurrentHashMap$Node[] array.componentType=java.util.concurrent.ConcurrentHashMap$Node array.length=32 index=27 value.ptr=0x1409c868 value.class=java.util.concurrent.ConcurrentHashMap$Node assignable=1
05-05 10:16:58.288  8598  8652 I WestlakeVM: VM: [PFCUT-TRACE] thread=main-256mb ts_us=2198449863098 kind=setSlot.jdk caller="void jdk.internal.misc.Unsafe.putReferenceVolatile(java.lang.Object, long, java.lang.Object)" array.class=java.util.concurrent.ConcurrentHashMap$Node[] array.componentType=java.util.concurrent.ConcurrentHashMap$Node array.length=16 index=11 value.ptr=0x14097fc0 value.class=java.util.concurrent.ConcurrentHashMap$ForwardingNode assignable=1
05-05 10:16:58.288  8598  8652 I WestlakeVM: VM: [PFCUT-TRACE] thread=main-256mb ts_us=2198449863716 kind=setSlot.jdk caller="void jdk.internal.misc.Unsafe.putReferenceVolatile(java.lang.Object, long, java.lang.Object)" array.class=java.util.concurrent.ConcurrentHashMap$Node[] array.componentType=java.util.concurrent.ConcurrentHashMap$Node array.length=32 index=7 value.ptr=0x1409c928 value.class=java.util.concurrent.ConcurrentHashMap$Node assignable=1
05-05 10:16:58.288  8598  8652 I WestlakeVM: VM: [PFCUT-TRACE] thread=main-256mb ts_us=2198449863817 kind=setSlot.jdk caller="void jdk.internal.misc.Unsafe.putReferenceVolatile(java.lang.Object, long, java.lang.Object)" array.class=java.util.concurrent.ConcurrentHashMap$Node[] array.componentType=java.util.concurrent.ConcurrentHashMap$Node array.length=32 index=23 value.ptr=0 value.class=<null> assignable=1
05-05 10:16:58.289  8598  8652 I WestlakeVM: VM: [PFCUT-TRACE] thread=main-256mb ts_us=2198449863910 kind=setSlot.jdk caller="void jdk.internal.misc.Unsafe.putReferenceVolatile(java.lang.Object, long, java.lang.Object)" array.class=java.util.concurrent.ConcurrentHashMap$Node[] array.componentType=java.util.concurrent.ConcurrentHashMap$Node array.length=16 index=7 value.ptr=0x14097fc0 value.class=java.util.concurrent.ConcurrentHashMap$ForwardingNode assignable=1
05-05 10:16:58.289  8598  8652 I WestlakeVM: VM: [PFCUT-TRACE] thread=main-256mb ts_us=2198449864151 kind=setSlot.jdk caller="void jdk.internal.misc.Unsafe.putReferenceVolatile(java.lang.Object, long, java.lang.Object)" array.class=java.util.concurrent.ConcurrentHashMap$Node[] array.componentType=java.util.concurrent.ConcurrentHashMap$Node array.length=32 index=6 value.ptr=0 value.class=<null> assignable=1
05-05 10:16:58.289  8598  8652 I WestlakeVM: VM: [PFCUT-TRACE] thread=main-256mb ts_us=2198449864247 kind=setSlot.jdk caller="void jdk.internal.misc.Unsafe.putReferenceVolatile(java.lang.Object, long, java.lang.Object)" array.class=java.util.concurrent.ConcurrentHashMap$Node[] array.componentType=java.util.concurrent.ConcurrentHashMap$Node array.length=32 index=22 value.ptr=0x1409c7d8 value.class=java.util.concurrent.ConcurrentHashMap$Node assignable=1
05-05 10:16:58.289  8598  8652 I WestlakeVM: VM: [PFCUT-TRACE] thread=main-256mb ts_us=2198449864343 kind=setSlot.jdk caller="void jdk.internal.misc.Unsafe.putReferenceVolatile(java.lang.Object, long, java.lang.Object)" array.class=java.util.concurrent.ConcurrentHashMap$Node[] array.componentType=java.util.concurrent.ConcurrentHashMap$Node array.length=16 index=6 value.ptr=0x14097fc0 value.class=java.util.concurrent.ConcurrentHashMap$ForwardingNode assignable=1
05-05 10:16:58.289  8598  8652 I WestlakeVM: VM: [PFCUT-TRACE] thread=main-256mb ts_us=2198449864585 kind=setSlot.jdk caller="void jdk.internal.misc.Unsafe.putReferenceVolatile(java.lang.Object, long, java.lang.Object)" array.class=java.util.concurrent.ConcurrentHashMap$Node[] array.componentType=java.util.concurrent.ConcurrentHashMap$Node array.length=32 index=5 value.ptr=0x1409c8f8 value.class=java.util.concurrent.ConcurrentHashMap$Node assignable=1
05-05 10:16:58.289  8598  8652 I WestlakeVM: VM: [PFCUT-TRACE] thread=main-256mb ts_us=2198449864684 kind=setSlot.jdk caller="void jdk.internal.misc.Unsafe.putReferenceVolatile(java.lang.Object, long, java.lang.Object)" array.class=java.util.concurrent.ConcurrentHashMap$Node[] array.componentType=java.util.concurrent.ConcurrentHashMap$Node array.length=32 index=21 value.ptr=0 value.class=<null> assignable=1
05-05 10:16:58.290  8598  8652 I WestlakeVM: VM: [PFCUT-TRACE] thread=main-256mb ts_us=2198449864778 kind=setSlot.jdk caller="void jdk.internal.misc.Unsafe.putReferenceVolatile(java.lang.Object, long, java.lang.Object)" array.class=java.util.concurrent.ConcurrentHashMap$Node[] array.componentType=java.util.concurrent.ConcurrentHashMap$Node array.length=16 index=5 value.ptr=0x14097fc0 value.class=java.util.concurrent.ConcurrentHashMap$ForwardingNode assignable=1
05-05 10:16:58.290  8598  8652 I WestlakeVM: VM: [PFCUT-TRACE] thread=main-256mb ts_us=2198449865020 kind=setSlot.jdk caller="void jdk.internal.misc.Unsafe.putReferenceVolatile(java.lang.Object, long, java.lang.Object)" array.class=java.util.concurrent.ConcurrentHashMap$Node[] array.componentType=java.util.concurrent.ConcurrentHashMap$Node array.length=32 index=4 value.ptr=0x1409c7a8 value.class=java.util.concurrent.ConcurrentHashMap$Node assignable=1
05-05 10:16:58.290  8598  8652 I WestlakeVM: VM: [PFCUT-TRACE] thread=main-256mb ts_us=2198449865117 kind=setSlot.jdk caller="void jdk.internal.misc.Unsafe.putReferenceVolatile(java.lang.Object, long, java.lang.Object)" array.class=java.util.concurrent.ConcurrentHashMap$Node[] array.componentType=java.util.concurrent.ConcurrentHashMap$Node array.length=32 index=20 value.ptr=0 value.class=<null> assignable=1
05-05 10:16:58.290  8598  8652 I WestlakeVM: VM: [PFCUT-TRACE] thread=main-256mb ts_us=2198449865212 kind=setSlot.jdk caller="void jdk.internal.misc.Unsafe.putReferenceVolatile(java.lang.Object, long, java.lang.Object)" array.class=java.util.concurrent.ConcurrentHashMap$Node[] array.componentType=java.util.concurrent.ConcurrentHashMap$Node array.length=16 index=4 value.ptr=0x14097fc0 value.class=java.util.concurrent.ConcurrentHashMap$ForwardingNode assignable=1
05-05 10:16:58.290  8598  8652 I WestlakeVM: VM: [PFCUT-TRACE] thread=main-256mb ts_us=2198449865580 kind=setSlot.jdk caller="void jdk.internal.misc.Unsafe.putReferenceVolatile(java.lang.Object, long, java.lang.Object)" array.class=java.util.concurrent.ConcurrentHashMap$Node[] array.componentType=java.util.concurrent.ConcurrentHashMap$Node array.length=32 index=2 value.ptr=0x1409c838 value.class=java.util.concurrent.ConcurrentHashMap$Node assignable=1
05-05 10:16:58.290  8598  8652 I WestlakeVM: VM: [PFCUT-TRACE] thread=main-256mb ts_us=2198449865679 kind=setSlot.jdk caller="void jdk.internal.misc.Unsafe.putReferenceVolatile(java.lang.Object, long, java.lang.Object)" array.class=java.util.concurrent.ConcurrentHashMap$Node[] array.componentType=java.util.concurrent.ConcurrentHashMap$Node array.length=32 index=18 value.ptr=0 value.class=<null> assignable=1
05-05 10:16:58.291  8598  8652 I WestlakeVM: VM: [PFCUT-TRACE] thread=main-256mb ts_us=2198449865773 kind=setSlot.jdk caller="void jdk.internal.misc.Unsafe.putReferenceVolatile(java.lang.Object, long, java.lang.Object)" array.class=java.util.concurrent.ConcurrentHashMap$Node[] array.componentType=java.util.concurrent.ConcurrentHashMap$Node array.length=16 index=2 value.ptr=0x14097fc0 value.class=java.util.concurrent.ConcurrentHashMap$ForwardingNode assignable=1
05-05 10:16:58.291  8598  8652 I WestlakeVM: VM: [PFCUT] InterpreterJni jdk.Unsafe CAS int target=0x14099300 offset=52 current=-2145714174 expected=-2145714174 new=-2145714175 success=1
05-05 10:16:58.293  8598  8652 I WestlakeVM: VM: [PFCUT] InterpreterJni jdk.Unsafe CAS long target=0x14099300 offset=40 current=12 expected=12 new=13 success=1
05-05 10:16:58.304  8598  8652 I WestlakeVM: VM: [PFCUT] AtomicInteger.incrementAndGet intrinsic current=1
05-05 10:16:58.305  8598  8652 I WestlakeVM: VM: WESTLAKE_SECURITY_SUNX509_ALIAS_READY tmfSpi=com.westlake.engine.WestlakeTrustManagerFactorySpi sslSpi=com.westlake.engine.WestlakeSslContextSpi
05-05 10:16:58.307  8598  8652 I WestlakeVM: VM: [PFCUT] InterpreterJni jdk.Unsafe CAS int target=0x14079680 offset=52 current=0 expected=0 new=-1 success=1
05-05 10:16:58.415  8598  8652 I WestlakeVM: VM: WESTLAKE_SECURITY_SHA256_READY provider=WestlakeDigest len=32 first=186
05-05 10:16:58.415  8598  8652 I WestlakeVM: VM: Hidden API exemption step skipped on standalone guest
05-05 10:16:58.416  8598  8652 I WestlakeVM: VM: Real runtime probe skipped on standalone guest
05-05 10:16:58.416  8598  8652 I WestlakeVM: VM: Framework stubs pre-registered by runtime
05-05 10:16:58.416  8598  8652 I WestlakeVM: VM: [dalvikvm] prime cutoff canary launch
05-05 10:16:58.423  8598  8658 D ProfileInstaller: Installing profile for com.westlake.host
05-05 10:16:58.434  8598  8652 I WestlakeVM: VM: System.log(E): Ignoring attempt to set property "westlake.apk.path" to value "/data/local/tmp/westlake/com_github_ashutoshgngwr_noice.apk".
05-05 10:16:58.437  8598  8652 I WestlakeVM: VM: System.log(E): Ignoring attempt to set property "westlake.apk.resdir" to value "/data/local/tmp/westlake/com_github_ashutoshgngwr_noice_res".
05-05 10:16:58.439  8598  8652 I WestlakeVM: VM: [PFCUT] Class.getDeclaredField intrinsic hit class=java.lang.ClassLoader name=packages
05-05 10:16:58.441  8598  8652 I WestlakeVM: VM: [WestlakeLauncher] Repaired ClassLoader packages for dalvik.system.PathClassLoader
05-05 10:16:58.441  8598  8652 I WestlakeVM: VM: [PFCUT] Class.getDeclaredField intrinsic hit class=java.lang.ClassLoader name=packages
05-05 10:16:58.442  8598  8652 I WestlakeVM: VM: [WestlakeLauncher] Repaired ClassLoader packages for java.lang.BootClassLoader
05-05 10:16:58.444  8598  8652 I WestlakeVM: VM: Starting on OHOS + ART ...
05-05 10:16:58.444  8598  8652 I WestlakeVM: VM: APK:
05-05 10:16:58.444  8598  8652 I WestlakeVM: VM: /data/local/tmp/westlake/com_github_ashutoshgngwr_noice.apk
05-05 10:16:58.444  8598  8652 I WestlakeVM: VM: Activity:
05-05 10:16:58.444  8598  8652 I WestlakeVM: VM: com.github.ashutoshgngwr.noice.activity.MainActivity
05-05 10:16:58.445  8598  8652 I WestlakeVM: VM: Package:
05-05 10:16:58.445  8598  8652 I WestlakeVM: VM: com.github.ashutoshgngwr.noice
05-05 10:16:58.445  8598  8652 I WestlakeVM: VM: Backend mode:
05-05 10:16:58.445  8598  8652 I WestlakeVM: VM: target_ohos_backend
05-05 10:16:58.445  8598  8652 I WestlakeVM: VM: Framework policy:
05-05 10:16:58.445  8598  8652 I WestlakeVM: VM: westlake_only
05-05 10:16:58.446  8598  8652 I WestlakeVM: VM: Real context bootstrap skipped on standalone guest
05-05 10:16:58.673  8598  8652 I WestlakeVM: VM: Manifest: com.github.ashutoshgngwr.noice.NoiceApplication (8 activities, 1 providers)
05-05 10:16:58.674  8598  8652 I WestlakeVM: VM: OHBridge bootstrap deferred on standalone guest
05-05 10:16:58.674  8598  8652 I WestlakeVM: VM: Aux native loads deferred on standalone guest
05-05 10:16:58.674  8598  8652 I WestlakeVM: VM: Bootstrap prop refresh deferred on standalone guest
05-05 10:16:58.675  8598  8652 I WestlakeVM: VM: MiniServer init begin
05-05 10:16:58.677  8598  8652 I WestlakeVM: VM: MiniServer init returned
05-05 10:16:58.678  8598  8652 I WestlakeVM: VM: MiniServer activityManager ready
05-05 10:16:58.678  8598  8652 I WestlakeVM: VM: MiniServer initialized
05-05 10:16:58.679  8598  8652 I WestlakeVM: VM: [WestlakeLauncher] Application from manifest: com.github.ashutoshgngwr.noice.NoiceApplication
05-05 10:16:58.681  8598  8652 I WestlakeVM: VM: [PFCUT] Class.getDeclaredField intrinsic hit class=java.lang.ClassLoader name=packages
05-05 10:16:58.681  8598  8652 I WestlakeVM: VM: [PFCUT] Class.getDeclaredField intrinsic hit class=java.lang.ClassLoader name=packages
05-05 10:16:58.695  8598  8652 I WestlakeVM: VM: [WestlakeLauncher] Coroutine runtime seeded before Application.onCreate
05-05 10:16:58.713  8598  8652 I WestlakeVM: VM: PF202 ApkLoader enter
05-05 10:16:58.715  8598  8652 I WestlakeVM: VM: PF202 ApkLoader info seeded
05-05 10:16:58.719  8598  8652 I WestlakeVM: VM: CV PF-MCD-RES_TABLE_READ_BEGIN path=/data/local/tmp/westlake/com_github_ashutoshgngwr_noice_res/resources.arsc
05-05 10:16:58.730  8598  8652 I WestlakeVM: VM: CV PF-MCD-RES_TABLE_READ_DONE bytes=2019644
05-05 10:16:58.731  8598  8652 I WestlakeVM: VM: CV PF-MCD-RES_TABLE_PARSE_BEGIN
05-05 10:16:58.859  3704  3747 W HidlServiceManagement: Waited one second for vendor.qti.hardware.cacert@1.0::IService/default
05-05 10:16:58.859   660   660 I hwservicemanager: Since vendor.qti.hardware.cacert@1.0::IService/default is not registered, trying to start it as a lazy HAL (if it's not configured to be a lazy HAL, it may be stuck starting or still starting).
05-05 10:16:58.860  3704  3747 I HidlServiceManagement: getService: Trying again for vendor.qti.hardware.cacert@1.0::IService/default...
05-05 10:16:58.862   660  8659 W libc    : Unable to set property "ctl.interface_start" to "vendor.qti.hardware.cacert@1.0::IService/default": PROP_ERROR_HANDLE_CONTROL_MESSAGE (0x20)
05-05 10:16:58.863   660  8659 I hwservicemanager: Tried to start vendor.qti.hardware.cacert@1.0::IService/default as a lazy service, but was unable to. Usually this happens when a service is not installed, but if the service is intended to be used as a lazy service, then it may be configured incorrectly.
05-05 10:16:58.776     0     0 E init    : Control message: Could not find 'vendor.qti.hardware.cacert@1.0::IService/default' for ctl.interface_start from pid: 660 (/system/system_ext/bin/hwservicemanager)
05-05 10:16:59.386     0     0 I QCOM-BATT: pl_fcc_vote_callback: total_fcc_ua=1950000
05-05 10:16:59.386     0     0 I QCOM-BATT: pl_fv_vote_callback: fv_uv=4400000
05-05 10:16:59.641   703  8555 I keystore2: system/security/keystore2/watchdog/src/lib.rs:356 - Watchdog thread idle -> terminating. Have a great day.
05-05 10:16:59.745     0     0 E FG      : fg_psy_get_property: unsupported property 79
05-05 10:16:59.839   713  1834 I NxpNciR : len =   4 > 600701A1
05-05 10:16:59.753     0     0 E FG      : fg_psy_get_property: unsupported property 79
05-05 10:16:59.850  1126  1126 D QtiCarrierConfigHelper: WARNING, no carrier configs on phone Id: 0
05-05 10:16:59.759     0     0 W healthd : battery l=100 v=2910 t=21.3 h=2 st=5 c=6000 fc=2831000 chg=u
05-05 10:16:59.766     0     0 E FG      : fg_psy_get_property: unsupported property 79
05-05 10:16:59.857   960  2050 D PowerUI : can't show warning due to - plugged: true status unknown: false
05-05 10:16:59.860  3704  3747 W HidlServiceManagement: Waited one second for vendor.qti.hardware.cacert@1.0::IService/default
05-05 10:16:59.861   660   660 I hwservicemanager: Since vendor.qti.hardware.cacert@1.0::IService/default is not registered, trying to start it as a lazy HAL (if it's not configured to be a lazy HAL, it may be stuck starting or still starting).
05-05 10:16:59.861  3704  3747 I HidlServiceManagement: getService: Trying again for vendor.qti.hardware.cacert@1.0::IService/default...
05-05 10:16:59.776     0     0 E init    : Control message: Could not find 'vendor.qti.hardware.cacert@1.0::IService/default' for ctl.interface_start from pid: 660 (/system/system_ext/bin/hwservicemanager)
05-05 10:16:59.868   660  8660 W libc    : Unable to set property "ctl.interface_start" to "vendor.qti.hardware.cacert@1.0::IService/default": PROP_ERROR_HANDLE_CONTROL_MESSAGE (0x20)
05-05 10:16:59.868   660  8660 I hwservicemanager: Tried to start vendor.qti.hardware.cacert@1.0::IService/default as a lazy service, but was unable to. Usually this happens when a service is not installed, but if the service is intended to be used as a lazy service, then it may be configured incorrectly.
05-05 10:17:00.738  3703 21079 D LOWI-9.0.0.79: [LOWI-Scan] wait_event:Wait done with Cmd 34
05-05 10:17:00.738  3703 21079 D LOWI-9.0.0.79: [LOWI-Scan] do_listen_events: Rcvd valid Netlink Cmd 34 Err 0
05-05 10:17:00.739   307 26097 D WifiNl80211Manager: Scan result ready event
05-05 10:17:00.739   307 26097 D WifiNative: Scan result ready event
05-05 10:17:00.739  3703 21079 D LOWI-9.0.0.79: [LOWI-Scan] 
05-05 10:17:00.739  3703 21079 D LOWI-9.0.0.79: [LOWI-Scan] print_bss_handler: Report Probe TSF 2238411274402 as it greater than Beacon TSF 2237931208064
05-05 10:17:00.739  3703 21079 I LOWI-9.0.0.79: [LOWI-Scan] RSN_IE
05-05 10:17:00.739  3703 21079 D LOWI-9.0.0.79: [LOWI-Scan] decode_rsn_wpa_ie: Entered
05-05 10:17:00.739  3703 21079 D LOWI-9.0.0.79: [LOWIUtils] hexDump: msg(30 18 01 00 00 0f ac 04 01 00 00 0f ac 04 02 00 00 0f ac 01 00 0f ac 03 )
05-05 10:17:00.739  3703 21079 D LOWI-9.0.0.79: [LOWI-Scan] decode_rsn_wpa_ie: LOWI_ENCRYPTION_TYPE_WPA_EAP
05-05 10:17:00.740  3703 21079 D LOWI-9.0.0.79: [LOWI-Scan] is_qcom_ie, bss_age: 0
05-05 10:17:00.740  3703 21079 D LOWI-9.0.0.79: [LOWI-Scan] BSS a2:05:d6:4d:32:c6 LOWI_PHY_MODE_11AC_VHT40(9), Beacon Interval: 100, LOWI_ENCRYPTION_TYPE_WPA_EAP 11mcRanging: No, ANQP: No, LCI: No, Civic: No, capability(0x1111): ESS Privacy SpectrumMgmt
05-05 10:17:00.740  3703 21079 D LOWI-9.0.0.79: [LOWI-Scan] BSS a2:05:d6:4d:32:c6 FREQ: 5765, cFreq1[40:80:160] = [5755:0:0] cFreq2 = 0 Country Code = US 
05-05 10:17:00.740  3703 21079 D LOWI-9.0.0.79: [LOWI-Scan] BSS a2:05:d6:4d:32:c6 (wlan0) ASSO: NO AddInfo: 0x0, TSF 25, 21:46:51.274, RSSI: -130, CPL: 127, AGE: 2030,  SSID fw-corp, TSFDelta: 0xe55c7db8, TXRate: 0
05-05 10:17:00.740  3703 21079 D LOWI-9.0.0.79: [LOWI-Scan] 
05-05 10:17:00.740  3703 21079 D LOWI-9.0.0.79: [LOWI-Scan] print_bss_handler: Report Probe TSF 2238411275245 as it greater than Beacon TSF 2237931209688
05-05 10:17:00.740  3703 21079 I LOWI-9.0.0.79: [LOWI-Scan] RSN_IE
05-05 10:17:00.740  3703 21079 D LOWI-9.0.0.79: [LOWI-Scan] decode_rsn_wpa_ie: Entered
05-05 10:17:00.740  3703 21079 D LOWI-9.0.0.79: [LOWIUtils] hexDump: msg(30 18 01 00 00 0f ac 04 01 00 00 0f ac 04 02 00 00 0f ac 01 00 0f ac 03 )
05-05 10:17:00.740  3703 21079 D LOWI-9.0.0.79: [LOWI-Scan] decode_rsn_wpa_ie: LOWI_ENCRYPTION_TYPE_WPA_EAP
05-05 10:17:00.740  3703 21079 D LOWI-9.0.0.79: [LOWI-Scan] is_qcom_ie, bss_age: 0
05-05 10:17:00.740  3703 21079 D LOWI-9.0.0.79: [LOWI-Scan] BSS aa:05:d6:4d:32:c6 LOWI_PHY_MODE_11AC_VHT40(9), Beacon Interval: 100, LOWI_ENCRYPTION_TYPE_WPA_EAP 11mcRanging: No, ANQP: No, LCI: No, Civic: No, capability(0x1111): ESS Privacy SpectrumMgmt
05-05 10:17:00.740  3703 21079 D LOWI-9.0.0.79: [LOWI-Scan] BSS aa:05:d6:4d:32:c6 FREQ: 5765, cFreq1[40:80:160] = [5755:0:0] cFreq2 = 0 Country Code = US 
05-05 10:17:00.740  3703 21079 D LOWI-9.0.0.79: [LOWI-Scan] BSS aa:05:d6:4d:32:c6 (wlan0) ASSO: NO AddInfo: 0x0, TSF 25, 21:46:51.275, RSSI: -128, CPL: 127, AGE: 2030,  SSID fw-guest, TSFDelta: 0xe55c7db6, TXRate: 0
05-05 10:17:00.740  3703 21079 D LOWI-9.0.0.79: [LOWI-Scan] 
05-05 10:17:00.740  3703 21079 D LOWI-9.0.0.79: [LOWI-Scan] print_bss_handler: Report Probe TSF 2238412060661 as it greater than Beacon TSF 2238412045612
05-05 10:17:00.740  3703 21079 I LOWI-9.0.0.79: [LOWI-Scan] RSN_IE
05-05 10:17:00.740  3703 21079 D LOWI-9.0.0.79: [LOWI-Scan] decode_rsn_wpa_ie: Entered
05-05 10:17:00.740  3703 21079 D LOWI-9.0.0.79: [LOWIUtils] hexDump: msg(30 18 01 00 00 0f ac 04 01 00 00 0f ac 04 02 00 00 0f ac 01 00 0f ac 03 )
05-05 10:17:00.740  3703 21079 D LOWI-9.0.0.79: [LOWI-Scan] decode_rsn_wpa_ie: LOWI_ENCRYPTION_TYPE_WPA_EAP
05-05 10:17:00.740  3703 21079 D LOWI-9.0.0.79: [LOWI-Scan] is_qcom_ie, bss_age: 0
05-05 10:17:00.740  3703 21079 D LOWI-9.0.0.79: [LOWI-Scan] BSS a2:05:d6:4d:37:94 LOWI_PHY_MODE_11AC_VHT40(9), Beacon Interval: 100, LOWI_ENCRYPTION_TYPE_WPA_EAP 11mcRanging: No, ANQP: No, LCI: No, Civic: No, capability(0x1111): ESS Privacy SpectrumMgmt
05-05 10:17:00.740  3703 21079 D LOWI-9.0.0.79: [LOWI-Scan] BSS a2:05:d6:4d:37:94 FREQ: 5500, cFreq1[40:80:160] = [5510:0:0] cFreq2 = 0 Country Code = US 
05-05 10:17:00.740  3703 21079 D LOWI-9.0.0.79: [LOWI-Scan] BSS a2:05:d6:4d:37:94 (wlan0) ASSO: NO AddInfo: 0x0, TSF 25, 21:46:52.060, RSSI: -68, CPL: 127, AGE: 1250,  SSID fw-corp, TSFDelta: 0xe20f468a, TXRate: 0
05-05 10:17:00.740  3703 21079 D LOWI-9.0.0.79: [LOWI-Scan] 
05-05 10:17:00.740  3703 21079 D LOWI-9.0.0.79: [LOWI-Scan] print_bss_handler: Report Probe TSF 2238412061704 as it greater than Beacon TSF 2238412046715
05-05 10:17:00.741  3703 21079 I LOWI-9.0.0.79: [LOWI-Scan] RSN_IE
05-05 10:17:00.741  3703 21079 D LOWI-9.0.0.79: [LOWI-Scan] decode_rsn_wpa_ie: Entered
05-05 10:17:00.741  3703 21079 D LOWI-9.0.0.79: [LOWIUtils] hexDump: msg(30 18 01 00 00 0f ac 04 01 00 00 0f ac 04 02 00 00 0f ac 01 00 0f ac 03 )
05-05 10:17:00.741  3703 21079 D LOWI-9.0.0.79: [LOWI-Scan] decode_rsn_wpa_ie: LOWI_ENCRYPTION_TYPE_WPA_EAP
05-05 10:17:00.741  3703 21079 D LOWI-9.0.0.79: [LOWI-Scan] is_qcom_ie, bss_age: 0
05-05 10:17:00.741  3703 21079 D LOWI-9.0.0.79: [LOWI-Scan] BSS aa:05:d6:4d:37:94 LOWI_PHY_MODE_11AC_VHT40(9), Beacon Interval: 100, LOWI_ENCRYPTION_TYPE_WPA_EAP 11mcRanging: No, ANQP: No, LCI: No, Civic: No, capability(0x1111): ESS Privacy SpectrumMgmt
05-05 10:17:00.741  3703 21079 D LOWI-9.0.0.79: [LOWI-Scan] BSS aa:05:d6:4d:37:94 FREQ: 5500, cFreq1[40:80:160] = [5510:0:0] cFreq2 = 0 Country Code = US 
05-05 10:17:00.741  3703 21079 D LOWI-9.0.0.79: [LOWI-Scan] BSS aa:05:d6:4d:37:94 (wlan0) ASSO: NO AddInfo: 0x0, TSF 25, 21:46:52.061, RSSI: -68, CPL: 127, AGE: 1250,  SSID fw-guest, TSFDelta: 0xe20f4688, TXRate: 0
05-05 10:17:00.741  3703 21079 D LOWI-9.0.0.79: [LOWI-Scan] 
05-05 10:17:00.741  3703 21079 D LOWI-9.0.0.79: [LOWI-Scan] print_bss_handler: Report Probe TSF 2238411355758 as it greater than Beacon TSF 2238251323083
05-05 10:17:00.741  3703 21079 I LOWI-9.0.0.79: [LOWI-Scan] RSN_IE
05-05 10:17:00.741  3703 21079 D LOWI-9.0.0.79: [LOWI-Scan] decode_rsn_wpa_ie: Entered
05-05 10:17:00.741  3703 21079 D LOWI-9.0.0.79: [LOWIUtils] hexDump: msg(30 18 01 00 00 0f ac 04 01 00 00 0f ac 04 02 00 00 0f ac 01 00 0f ac 03 )
05-05 10:17:00.741  3703 21079 D LOWI-9.0.0.79: [LOWI-Scan] decode_rsn_wpa_ie: LOWI_ENCRYPTION_TYPE_WPA_EAP
05-05 10:17:00.741  3703 21079 D LOWI-9.0.0.79: [LOWI-Scan] is_qcom_ie, bss_age: 0
05-05 10:17:00.741  3703 21079 D LOWI-9.0.0.79: [LOWI-Scan] BSS a2:05:d6:4d:32:b7 LOWI_PHY_MODE_11AC_VHT40(9), Beacon Interval: 100, LOWI_ENCRYPTION_TYPE_WPA_EAP 11mcRanging: No, ANQP: No, LCI: No, Civic: No, capability(0x1111): ESS Privacy SpectrumMgmt
05-05 10:17:00.741  3703 21079 D LOWI-9.0.0.79: [LOWI-Scan] BSS a2:05:d6:4d:32:b7 FREQ: 5785, cFreq1[40:80:160] = [5795:0:0] cFreq2 = 0 Country Code = US 
05-05 10:17:00.741  3703 21079 D LOWI-9.0.0.79: [LOWI-Scan] BSS a2:05:d6:4d:32:b7 (wlan0) ASSO: NO AddInfo: 0x0, TSF 25, 21:46:51.355, RSSI: -126, CPL: 127, AGE: 1950,  SSID fw-corp, TSFDelta: 0xec208a08, TXRate: 0
05-05 10:17:00.741  3703 21079 D LOWI-9.0.0.79: [LOWI-Scan] 
05-05 10:17:00.741  3703 21079 D LOWI-9.0.0.79: [LOWI-Scan] print_bss_handler: Report Probe TSF 2238411357524 as it greater than Beacon TSF 2238251324150
05-05 10:17:00.741  3703 21079 I LOWI-9.0.0.79: [LOWI-Scan] RSN_IE
05-05 10:17:00.741  3703 21079 D LOWI-9.0.0.79: [LOWI-Scan] decode_rsn_wpa_ie: Entered
05-05 10:17:00.741  3703 21079 D LOWI-9.0.0.79: [LOWIUtils] hexDump: msg(30 18 01 00 00 0f ac 04 01 00 00 0f ac 04 02 00 00 0f ac 01 00 0f ac 03 )
05-05 10:17:00.741  3703 21079 D LOWI-9.0.0.79: [LOWI-Scan] decode_rsn_wpa_ie: LOWI_ENCRYPTION_TYPE_WPA_EAP
