05-05 10:17:00.763  3703 21079 D LOWI-9.0.0.79: [LOWI-Scan] is_qcom_ie, bss_age: 0
05-05 10:17:00.763  3703 21079 D LOWI-9.0.0.79: [LOWI-Scan] BSS 8a:78:48:18:e7:00 LOWI_PHY_MODE_11AC_VHT80(10), Beacon Interval: 100, LOWI_ENCRYPTION_TYPE_WPA_EAP 11mcRanging: No, ANQP: No, LCI: No, Civic: No, capability(0x1111): ESS Privacy SpectrumMgmt
05-05 10:17:00.763  3703 21079 D LOWI-9.0.0.79: [LOWI-Scan] BSS 8a:78:48:18:e7:00 FREQ: 5540, cFreq1[40:80:160] = [5550:5530:0] cFreq2 = 0 Country Code = US
05-05 10:17:00.763  3703 21079 D LOWI-9.0.0.79: [LOWI-Scan] BSS 8a:78:48:18:e7:00 (wlan0) ASSO: NO AddInfo: 0x0, TSF 25, 21:46:52.224, RSSI: -172, CPL: 127, AGE: 1090,  SSID fw-corp, TSFDelta: 0x2e96006, TXRate: 0
05-05 10:17:00.763  3703 21079 D LOWI-9.0.0.79: [LOWI-Scan] 
05-05 10:17:00.763  3703 21079 D LOWI-9.0.0.79: [LOWI-Scan] print_bss_handler: Report beacon TSF 2238412192530 as it greater than probe TSF 2238412192530
05-05 10:17:00.763  3703 21079 I LOWI-9.0.0.79: [LOWI-Scan] RSN_IE
05-05 10:17:00.763  3703 21079 D LOWI-9.0.0.79: [LOWI-Scan] decode_rsn_wpa_ie: Entered
05-05 10:17:00.763  3703 21079 D LOWI-9.0.0.79: [LOWIUtils] hexDump: msg(30 18 01 00 00 0f ac 04 01 00 00 0f ac 04 02 00 00 0f ac 02 00 0f ac 08 )
05-05 10:17:00.763  3703 21079 D LOWI-9.0.0.79: [LOWI-Scan] decode_rsn_wpa_ie: LOWI_ENCRYPTION_TYPE_WPA_PSK
05-05 10:17:00.763  3703 21079 D LOWI-9.0.0.79: [LOWI-Scan] is_qcom_ie, bss_age: 0
05-05 10:17:00.763  3703 21079 D LOWI-9.0.0.79: [LOWI-Scan] BSS 8e:78:48:18:e7:00 LOWI_PHY_MODE_11AC_VHT80(10), Beacon Interval: 100, LOWI_ENCRYPTION_TYPE_WPA_PSK 11mcRanging: No, ANQP: No, LCI: No, Civic: No, capability(0x1111): ESS Privacy SpectrumMgmt
05-05 10:17:00.763  3703 21079 D LOWI-9.0.0.79: [LOWI-Scan] BSS 8e:78:48:18:e7:00 FREQ: 5540, cFreq1[40:80:160] = [5550:5530:0] cFreq2 = 0 Country Code = US
05-05 10:17:00.764  3703 21079 D LOWI-9.0.0.79: [LOWI-Scan] BSS 8e:78:48:18:e7:00 (wlan0) ASSO: NO AddInfo: 0x1, TSF 25, 21:46:52.192, RSSI: -172, CPL: 127, AGE: 1120,  SSID , TSFDelta: 0x2e96004, TXRate: 0
05-05 10:17:00.764  3703 21079 D LOWI-9.0.0.79: [LOWI-Scan] 
05-05 10:17:00.764  3703 21079 D LOWI-9.0.0.79: [LOWI-Scan] print_bss_handler: Report Probe TSF 2238412224941 as it greater than Beacon TSF 2238412193264
05-05 10:17:00.764  3703 21079 I LOWI-9.0.0.79: [LOWI-Scan] RSN_IE
05-05 10:17:00.764  3703 21079 D LOWI-9.0.0.79: [LOWI-Scan] decode_rsn_wpa_ie: Entered
05-05 10:17:00.764  3703 21079 D LOWI-9.0.0.79: [LOWIUtils] hexDump: msg(30 18 01 00 00 0f ac 04 01 00 00 0f ac 04 02 00 00 0f ac 01 00 0f ac 03 )
05-05 10:17:00.764  3703 21079 D LOWI-9.0.0.79: [LOWI-Scan] decode_rsn_wpa_ie: LOWI_ENCRYPTION_TYPE_WPA_EAP
05-05 10:17:00.764  3703 21079 D LOWI-9.0.0.79: [LOWI-Scan] is_qcom_ie, bss_age: 0
05-05 10:17:00.764  3703 21079 D LOWI-9.0.0.79: [LOWI-Scan] BSS 92:78:48:18:e7:00 LOWI_PHY_MODE_11AC_VHT80(10), Beacon Interval: 100, LOWI_ENCRYPTION_TYPE_WPA_EAP 11mcRanging: No, ANQP: No, LCI: No, Civic: No, capability(0x1111): ESS Privacy SpectrumMgmt
05-05 10:17:00.764  3703 21079 D LOWI-9.0.0.79: [LOWI-Scan] BSS 92:78:48:18:e7:00 FREQ: 5540, cFreq1[40:80:160] = [5550:5530:0] cFreq2 = 0 Country Code = US
05-05 10:17:00.764  3703 21079 D LOWI-9.0.0.79: [LOWI-Scan] BSS 92:78:48:18:e7:00 (wlan0) ASSO: NO AddInfo: 0x0, TSF 25, 21:46:52.224, RSSI: -172, CPL: 127, AGE: 1090,  SSID fw-guest, TSFDelta: 0x2e96004, TXRate: 0
05-05 10:17:00.764  3703 21079 D LOWI-9.0.0.79: [LOWI-Scan] 
05-05 10:17:00.764  3703 21079 D LOWI-9.0.0.79: [LOWI-Scan] print_bss_handler: Report beacon TSF 2238412193594 as it greater than probe TSF 2238412193594
05-05 10:17:00.764  3703 21079 I LOWI-9.0.0.79: [LOWI-Scan] RSN_IE
05-05 10:17:00.764  3703 21079 D LOWI-9.0.0.79: [LOWI-Scan] decode_rsn_wpa_ie: Entered
05-05 10:17:00.764  3703 21079 D LOWI-9.0.0.79: [LOWIUtils] hexDump: msg(30 14 01 00 00 0f ac 04 01 00 00 0f ac 04 01 00 00 0f ac 02 )
05-05 10:17:00.764  3703 21079 D LOWI-9.0.0.79: [LOWI-Scan] decode_rsn_wpa_ie: LOWI_ENCRYPTION_TYPE_WPA_PSK
05-05 10:17:00.764  3703 21079 D LOWI-9.0.0.79: [LOWI-Scan] is_qcom_ie, bss_age: 0
05-05 10:17:00.764  3703 21079 D LOWI-9.0.0.79: [LOWI-Scan] BSS 96:78:48:18:e7:00 LOWI_PHY_MODE_11AC_VHT80(10), Beacon Interval: 100, LOWI_ENCRYPTION_TYPE_WPA_PSK 11mcRanging: No, ANQP: No, LCI: No, Civic: No, capability(0x1111): ESS Privacy SpectrumMgmt
05-05 10:17:00.764  3703 21079 D LOWI-9.0.0.79: [LOWI-Scan] BSS 96:78:48:18:e7:00 FREQ: 5540, cFreq1[40:80:160] = [5550:5530:0] cFreq2 = 0 Country Code = US
05-05 10:17:00.764  3703 21079 D LOWI-9.0.0.79: [LOWI-Scan] BSS 96:78:48:18:e7:00 (wlan0) ASSO: NO AddInfo: 0x1, TSF 25, 21:46:52.193, RSSI: -174, CPL: 127, AGE: 1120,  SSID , TSFDelta: 0x2e96006, TXRate: 0
05-05 10:17:00.764  3703 21079 D LOWI-9.0.0.79: [LOWI-Scan] 
05-05 10:17:00.764  3703 21079 D LOWI-9.0.0.79: [LOWI-Scan] print_bss_handler: Report beacon TSF 2238410303628 as it greater than probe TSF 2238410303628
05-05 10:17:00.764  3703 21079 I LOWI-9.0.0.79: [LOWI-Scan] RSN_IE
05-05 10:17:00.764  3703 21079 D LOWI-9.0.0.79: [LOWI-Scan] decode_rsn_wpa_ie: Entered
05-05 10:17:00.764  3703 21079 D LOWI-9.0.0.79: [LOWIUtils] hexDump: msg(30 18 01 00 00 0f ac 04 01 00 00 0f ac 04 02 00 00 0f ac 01 00 0f ac 03 )
05-05 10:17:00.764  3703 21079 D LOWI-9.0.0.79: [LOWI-Scan] decode_rsn_wpa_ie: LOWI_ENCRYPTION_TYPE_WPA_EAP
05-05 10:17:00.764  3703 21079 D LOWI-9.0.0.79: [LOWI-Scan] is_qcom_ie, bss_age: 0
05-05 10:17:00.764  3703 21079 D LOWI-9.0.0.79: [LOWI-Scan] BSS 9c:05:d6:4d:37:93 LOWI_PHY_MODE_11AC_VHT20_2G(11), Beacon Interval: 100, LOWI_ENCRYPTION_TYPE_WPA_EAP 11mcRanging: No, ANQP: No, LCI: No, Civic: No, capability(0x1431): ESS Privacy ShortPreamble ShortSlotTime
05-05 10:17:00.765  3703 21079 D LOWI-9.0.0.79: [LOWI-Scan] BSS 9c:05:d6:4d:37:93 FREQ: 2412, cFreq1[40:80:160] = [0:0:0] cFreq2 = 0 Country Code = US 
05-05 10:17:00.765  3703 21079 D LOWI-9.0.0.79: [LOWI-Scan] BSS 9c:05:d6:4d:37:93 (wlan0) ASSO: NO AddInfo: 0x1, TSF 25, 21:46:50.303, RSSI: -60, CPL: 127, AGE: 3010,  SSID fw-internet, TSFDelta: 0x7f6b7720, TXRate: 0
05-05 10:17:00.765  3703 21079 D LOWI-9.0.0.79: [LOWI-Scan] 
05-05 10:17:00.765  3703 21079 D LOWI-9.0.0.79: [LOWI-Scan] print_bss_handler: Report beacon TSF 2238410309456 as it greater than probe TSF 2238410309456
05-05 10:17:00.765  3703 21079 I LOWI-9.0.0.79: [LOWI-Scan] RSN_IE
05-05 10:17:00.765  3703 21079 D LOWI-9.0.0.79: [LOWI-Scan] decode_rsn_wpa_ie: Entered
05-05 10:17:00.765  3703 21079 D LOWI-9.0.0.79: [LOWIUtils] hexDump: msg(30 18 01 00 00 0f ac 04 01 00 00 0f ac 04 02 00 00 0f ac 01 00 0f ac 03 )
05-05 10:17:00.765  3703 21079 D LOWI-9.0.0.79: [LOWI-Scan] decode_rsn_wpa_ie: LOWI_ENCRYPTION_TYPE_WPA_EAP
05-05 10:17:00.765  3703 21079 D LOWI-9.0.0.79: [LOWI-Scan] is_qcom_ie, bss_age: 0
05-05 10:17:00.765  3703 21079 D LOWI-9.0.0.79: [LOWI-Scan] BSS a2:05:d6:4d:37:93 LOWI_PHY_MODE_11AC_VHT20_2G(11), Beacon Interval: 100, LOWI_ENCRYPTION_TYPE_WPA_EAP 11mcRanging: No, ANQP: No, LCI: No, Civic: No, capability(0x1431): ESS Privacy ShortPreamble ShortSlotTime
05-05 10:17:00.765  3703 21079 D LOWI-9.0.0.79: [LOWI-Scan] BSS a2:05:d6:4d:37:93 FREQ: 2412, cFreq1[40:80:160] = [0:0:0] cFreq2 = 0 Country Code = US 
05-05 10:17:00.765  3703 21079 D LOWI-9.0.0.79: [LOWI-Scan] BSS a2:05:d6:4d:37:93 (wlan0) ASSO: NO AddInfo: 0x1, TSF 25, 21:46:50.309, RSSI: -58, CPL: 127, AGE: 3020,  SSID fw-corp, TSFDelta: 0x7f6b7720, TXRate: 0
05-05 10:17:00.765  3703 21079 D LOWI-9.0.0.79: [LOWI-Scan] 
05-05 10:17:00.765  3703 21079 D LOWI-9.0.0.79: [LOWI-Scan] print_bss_handler: Report beacon TSF 2238410986934 as it greater than probe TSF 2238410986934
05-05 10:17:00.765  3703 21079 I LOWI-9.0.0.79: [LOWI-Scan] RSN_IE
05-05 10:17:00.765  3703 21079 D LOWI-9.0.0.79: [LOWI-Scan] decode_rsn_wpa_ie: Entered
05-05 10:17:00.765  3703 21079 D LOWI-9.0.0.79: [LOWIUtils] hexDump: msg(30 1c 01 00 00 0f ac 04 02 00 00 0f ac 0a 00 0f ac 04 02 00 00 0f ac 02 00 0f ac 06 )
05-05 10:17:00.765  3703 21079 D LOWI-9.0.0.79: [LOWI-Scan] decode_rsn_wpa_ie: LOWI_ENCRYPTION_TYPE_WPA_PSK
05-05 10:17:00.765  3703 21079 D LOWI-9.0.0.79: [LOWI-Scan] is_qcom_ie, bss_age: 0
05-05 10:17:00.765  3703 21079 D LOWI-9.0.0.79: [LOWI-Scan] BSS da:55:b8:20:d4:10 LOWI_PHY_MODE_11AC_VHT80(10), Beacon Interval: 100, LOWI_ENCRYPTION_TYPE_WPA_PSK 11mcRanging: No, ANQP: No, LCI: No, Civic: No, capability(0x0511): ESS Privacy SpectrumMgmt ShortSlotTime
05-05 10:17:00.765  3703 21079 D LOWI-9.0.0.79: [LOWI-Scan] BSS da:55:b8:20:d4:10 FREQ: 5180, cFreq1[40:80:160] = [5190:5210:0] cFreq2 = 0 Country Code = US
05-05 10:17:00.765  3703 21079 D LOWI-9.0.0.79: [LOWI-Scan] BSS da:55:b8:20:d4:10 (wlan0) ASSO: NO AddInfo: 0x1, TSF 25, 21:46:50.986, RSSI: -166, CPL: 127, AGE: 2340,  SSID , TSFDelta: 0x2011fa77, TXRate: 0
05-05 10:17:00.765  3703 21079 D LOWI-9.0.0.79: [LOWI-Scan] 
05-05 10:17:00.765  3703 21079 D LOWI-9.0.0.79: [LOWI-Scan] print_bss_handler: Report Probe TSF 2238411314378 as it greater than Beacon TSF 2238251267675
05-05 10:17:00.765  3703 21079 I LOWI-9.0.0.79: [LOWI-Scan] RSN_IE
05-05 10:17:00.765  3703 21079 D LOWI-9.0.0.79: [LOWI-Scan] decode_rsn_wpa_ie: Entered
05-05 10:17:00.765  3703 21079 D LOWI-9.0.0.79: [LOWIUtils] hexDump: msg(30 18 01 00 00 0f ac 04 01 00 00 0f ac 04 02 00 00 0f ac 02 00 0f ac 08 )
05-05 10:17:00.765  3703 21079 D LOWI-9.0.0.79: [LOWI-Scan] decode_rsn_wpa_ie: LOWI_ENCRYPTION_TYPE_WPA_PSK
05-05 10:17:00.765  3703 21079 D LOWI-9.0.0.79: [LOWI-Scan] is_qcom_ie, bss_age: 0
05-05 10:17:00.765  3703 21079 D LOWI-9.0.0.79: [LOWI-Scan] BSS a8:9c:6c:72:d9:7e LOWI_PHY_MODE_11AC_VHT40(9), Beacon Interval: 100, LOWI_ENCRYPTION_TYPE_WPA_PSK 11mcRanging: No, ANQP: No, LCI: No, Civic: No, capability(0x1111): ESS Privacy SpectrumMgmt
05-05 10:17:00.765  3703 21079 D LOWI-9.0.0.79: [LOWI-Scan] BSS a8:9c:6c:72:d9:7e FREQ: 5765, cFreq1[40:80:160] = [5755:0:0] cFreq2 = 0 Country Code = US
05-05 10:17:00.766  3703 21079 D LOWI-9.0.0.79: [LOWI-Scan] BSS a8:9c:6c:72:d9:7e (wlan0) ASSO: NO AddInfo: 0x0, TSF 25, 21:46:51.314, RSSI: -174, CPL: 127, AGE: 2010,  SSID R-IoT, TSFDelta: 0x2ceea7cf, TXRate: 0
05-05 10:17:00.766  3703 21079 D LOWI-9.0.0.79: [LOWI-Scan] 
05-05 10:17:00.766  3703 21079 D LOWI-9.0.0.79: [LOWI-Scan] print_bss_handler: Report Probe TSF 2238411290831 as it greater than Beacon TSF 2238091215766
05-05 10:17:00.766  3703 21079 I LOWI-9.0.0.79: [LOWI-Scan] RSN_IE
05-05 10:17:00.766  3703 21079 D LOWI-9.0.0.79: [LOWI-Scan] decode_rsn_wpa_ie: Entered
05-05 10:17:00.766  3703 21079 D LOWI-9.0.0.79: [LOWIUtils] hexDump: msg(30 18 01 00 00 0f ac 04 01 00 00 0f ac 04 02 00 00 0f ac 02 00 0f ac 08 )
05-05 10:17:00.766  3703 21079 D LOWI-9.0.0.79: [LOWI-Scan] decode_rsn_wpa_ie: LOWI_ENCRYPTION_TYPE_WPA_PSK
05-05 10:17:00.766  3703 21079 D LOWI-9.0.0.79: [LOWI-Scan] is_qcom_ie, bss_age: 0
05-05 10:17:00.766  3703 21079 D LOWI-9.0.0.79: [LOWI-Scan] BSS ae:9c:6c:72:d9:7e LOWI_PHY_MODE_11AC_VHT40(9), Beacon Interval: 100, LOWI_ENCRYPTION_TYPE_WPA_PSK 11mcRanging: No, ANQP: No, LCI: No, Civic: No, capability(0x1111): ESS Privacy SpectrumMgmt
05-05 10:17:00.766  3703 21079 D LOWI-9.0.0.79: [LOWI-Scan] BSS ae:9c:6c:72:d9:7e FREQ: 5765, cFreq1[40:80:160] = [5755:0:0] cFreq2 = 0 Country Code = US
05-05 10:17:00.766  3703 21079 D LOWI-9.0.0.79: [LOWI-Scan] BSS ae:9c:6c:72:d9:7e (wlan0) ASSO: NO AddInfo: 0x0, TSF 25, 21:46:51.290, RSSI: -172, CPL: 127, AGE: 2040,  SSID Rivet, TSFDelta: 0x2ceea7cf, TXRate: 0
05-05 10:17:00.766  3703 21079 D LOWI-9.0.0.79: [LOWI-Scan] 
05-05 10:17:00.766  3703 21079 D LOWI-9.0.0.79: [LOWI-Scan] print_bss_handler: Report Probe TSF 2238411294859 as it greater than Beacon TSF 2238091216330
05-05 10:17:00.766  3703 21079 I LOWI-9.0.0.79: [LOWI-Scan] RSN_IE
05-05 10:17:00.766  3703 21079 D LOWI-9.0.0.79: [LOWI-Scan] decode_rsn_wpa_ie: Entered
05-05 10:17:00.766  3703 21079 D LOWI-9.0.0.79: [LOWIUtils] hexDump: msg(30 18 01 00 00 0f ac 04 01 00 00 0f ac 04 02 00 00 0f ac 02 00 0f ac 08 )
05-05 10:17:00.766  3703 21079 D LOWI-9.0.0.79: [LOWI-Scan] decode_rsn_wpa_ie: LOWI_ENCRYPTION_TYPE_WPA_PSK
05-05 10:17:00.766  3703 21079 D LOWI-9.0.0.79: [LOWI-Scan] is_qcom_ie, bss_age: 0
05-05 10:17:00.766  3703 21079 D LOWI-9.0.0.79: [LOWI-Scan] BSS b2:9c:6c:72:d9:7e LOWI_PHY_MODE_11AC_VHT40(9), Beacon Interval: 100, LOWI_ENCRYPTION_TYPE_WPA_PSK 11mcRanging: No, ANQP: No, LCI: No, Civic: No, capability(0x1111): ESS Privacy SpectrumMgmt
05-05 10:17:00.766  3703 21079 D LOWI-9.0.0.79: [LOWI-Scan] BSS b2:9c:6c:72:d9:7e FREQ: 5765, cFreq1[40:80:160] = [5755:0:0] cFreq2 = 0 Country Code = US
05-05 10:17:00.766  3703 21079 D LOWI-9.0.0.79: [LOWI-Scan] BSS b2:9c:6c:72:d9:7e (wlan0) ASSO: NO AddInfo: 0x0, TSF 25, 21:46:51.294, RSSI: -170, CPL: 127, AGE: 2030,  SSID R-Guest, TSFDelta: 0x2ceea7cc, TXRate: 0
05-05 10:17:00.766  3703 21079 D LOWI-9.0.0.79: [LOWI-Scan] 
05-05 10:17:00.766  3703 21079 D LOWI-9.0.0.79: [LOWI-Scan] print_bss_handler: Report beacon TSF 2238410270880 as it greater than probe TSF 2238250268789
05-05 10:17:00.766  3703 21079 I LOWI-9.0.0.79: [LOWI-Scan] RSN_IE
05-05 10:17:00.766  3703 21079 D LOWI-9.0.0.79: [LOWI-Scan] decode_rsn_wpa_ie: Entered
05-05 10:17:00.766  3703 21079 D LOWI-9.0.0.79: [LOWIUtils] hexDump: msg(30 14 01 00 00 0f ac 04 01 00 00 0f ac 04 01 00 00 0f ac 02 )
05-05 10:17:00.766  3703 21079 D LOWI-9.0.0.79: [LOWI-Scan] decode_rsn_wpa_ie: LOWI_ENCRYPTION_TYPE_WPA_PSK
05-05 10:17:00.766  3703 21079 D LOWI-9.0.0.79: [LOWI-Scan] is_qcom_ie, bss_age: 0
05-05 10:17:00.766  3703 21079 D LOWI-9.0.0.79: [LOWI-Scan] BSS c8:a6:08:74:27:60 LOWI_PHY_MODE_11NG_HT20(5), Beacon Interval: 100, LOWI_ENCRYPTION_TYPE_WPA_PSK 11mcRanging: No, ANQP: No, LCI: No, Civic: No, capability(0x0531): ESS Privacy ShortPreamble SpectrumMgmt ShortSlotTime
05-05 10:17:00.766  3703 21079 D LOWI-9.0.0.79: [LOWI-Scan] BSS c8:a6:08:74:27:60 FREQ: 2412, cFreq1[40:80:160] = [0:0:0] cFreq2 = 0 Country Code = US 
05-05 10:17:00.766  3703 21079 D LOWI-9.0.0.79: [LOWI-Scan] BSS c8:a6:08:74:27:60 (wlan0) ASSO: NO AddInfo: 0x1, TSF 25, 21:46:50.270, RSSI: -146, CPL: 127, AGE: 3060,  SSID tpi, TSFDelta: 0x8b594d27, TXRate: 0
05-05 10:17:00.766  3703 21079 D LOWI-9.0.0.79: [LOWI-Scan] 
05-05 10:17:00.766  3703 21079 D LOWI-9.0.0.79: [LOWI-Scan] print_bss_handler: Report beacon TSF 2238410272448 as it greater than probe TSF 2238250279087
05-05 10:17:00.767  3703 21079 I LOWI-9.0.0.79: [LOWI-Scan] RSN_IE
05-05 10:17:00.767  3703 21079 D LOWI-9.0.0.79: [LOWI-Scan] decode_rsn_wpa_ie: Entered
05-05 10:17:00.767  3703 21079 D LOWI-9.0.0.79: [LOWIUtils] hexDump: msg(30 14 01 00 00 0f ac 04 01 00 00 0f ac 04 01 00 00 0f ac 02 )
05-05 10:17:00.767  3703 21079 D LOWI-9.0.0.79: [LOWI-Scan] decode_rsn_wpa_ie: LOWI_ENCRYPTION_TYPE_WPA_PSK
05-05 10:17:00.767  3703 21079 D LOWI-9.0.0.79: [LOWI-Scan] is_qcom_ie, bss_age: 0
05-05 10:17:00.767  3703 21079 D LOWI-9.0.0.79: [LOWI-Scan] BSS c8:a6:08:74:27:61 LOWI_PHY_MODE_11NG_HT20(5), Beacon Interval: 100, LOWI_ENCRYPTION_TYPE_WPA_PSK 11mcRanging: No, ANQP: No, LCI: No, Civic: No, capability(0x0531): ESS Privacy ShortPreamble SpectrumMgmt ShortSlotTime
05-05 10:17:00.767  3703 21079 D LOWI-9.0.0.79: [LOWI-Scan] BSS c8:a6:08:74:27:61 FREQ: 2412, cFreq1[40:80:160] = [0:0:0] cFreq2 = 0 Country Code = US 
05-05 10:17:00.767  3703 21079 D LOWI-9.0.0.79: [LOWI-Scan] BSS c8:a6:08:74:27:61 (wlan0) ASSO: NO AddInfo: 0x1, TSF 25, 21:46:50.272, RSSI: -146, CPL: 127, AGE: 3050,  SSID tpi-g, TSFDelta: 0x8b594d27, TXRate: 0
05-05 10:17:00.767  3703 21079 D LOWI-9.0.0.79: [LOWI-Scan] 
05-05 10:17:00.767  3703 21079 D LOWI-9.0.0.79: [LOWI-Scan] print_bss_handler: Report beacon TSF 2238412024775 as it greater than probe TSF 2238412024775
05-05 10:17:00.767  3703 21079 I LOWI-9.0.0.79: [LOWI-Scan] RSN_IE
05-05 10:17:00.767  3703 21079 D LOWI-9.0.0.79: [LOWI-Scan] decode_rsn_wpa_ie: Entered
05-05 10:17:00.767  3703 21079 D LOWI-9.0.0.79: [LOWIUtils] hexDump: msg(30 14 01 00 00 0f ac 04 01 00 00 0f ac 04 01 00 00 0f ac 02 )
05-05 10:17:00.767  3703 21079 D LOWI-9.0.0.79: [LOWI-Scan] decode_rsn_wpa_ie: LOWI_ENCRYPTION_TYPE_WPA_PSK
05-05 10:17:00.767  3703 21079 D LOWI-9.0.0.79: [LOWI-Scan] is_qcom_ie, bss_age: 0
05-05 10:17:00.767  3703 21079 D LOWI-9.0.0.79: [LOWI-Scan] BSS 92:17:d8:c8:6d:73 LOWI_PHY_MODE_11AC_VHT80(10), Beacon Interval: 100, LOWI_ENCRYPTION_TYPE_WPA_PSK 11mcRanging: No, ANQP: No, LCI: No, Civic: No, capability(0x0511): ESS Privacy SpectrumMgmt ShortSlotTime
05-05 10:17:00.767  3703 21079 D LOWI-9.0.0.79: [LOWI-Scan] BSS 92:17:d8:c8:6d:73 FREQ: 5500, cFreq1[40:80:160] = [5510:5530:0] cFreq2 = 0 Country Code = US 
05-05 10:17:00.767  3703 21079 D LOWI-9.0.0.79: [LOWI-Scan] BSS 92:17:d8:c8:6d:73 (wlan0) ASSO: NO AddInfo: 0x1, TSF 25, 21:46:52.024, RSSI: -178, CPL: 127, AGE: 1300,  SSID , TSFDelta: 0xfa6ab034, TXRate: 0
05-05 10:17:00.767  3703 21079 D LOWI-9.0.0.79: [LOWI-Scan] 
05-05 10:17:00.767  3703 21079 D LOWI-9.0.0.79: [LOWI-Scan] print_bss_handler: Report Probe TSF 2238410250245 as it greater than Beacon TSF 0
05-05 10:17:00.767  3703 21079 I LOWI-9.0.0.79: [LOWI-Scan] RSN_IE
05-05 10:17:00.767  3703 21079 D LOWI-9.0.0.79: [LOWI-Scan] decode_rsn_wpa_ie: Entered
05-05 10:17:00.767  3703 21079 D LOWI-9.0.0.79: [LOWIUtils] hexDump: msg(30 14 01 00 00 0f ac 04 01 00 00 0f ac 04 01 00 00 0f ac 02 )
05-05 10:17:00.767  3703 21079 D LOWI-9.0.0.79: [LOWI-Scan] decode_rsn_wpa_ie: LOWI_ENCRYPTION_TYPE_WPA_PSK
05-05 10:17:00.767  3703 21079 D LOWI-9.0.0.79: [LOWI-Scan] is_qcom_ie, bss_age: 0
05-05 10:17:00.767  3703 21079 D LOWI-9.0.0.79: [LOWI-Scan] BSS e2:bb:9e:68:a0:9a LOWI_PHY_MODE_11NG_HT20(5), Beacon Interval: 100, LOWI_ENCRYPTION_TYPE_WPA_PSK 11mcRanging: No, ANQP: No, LCI: No, Civic: No, capability(0x0411): ESS Privacy ShortSlotTime
05-05 10:17:00.767  3703 21079 D LOWI-9.0.0.79: [LOWI-Scan] BSS e2:bb:9e:68:a0:9a FREQ: 2412, cFreq1[40:80:160] = [0:0:0] cFreq2 = 0 Country Code =    
05-05 10:17:00.780  3703 21079 D LOWI-9.0.0.79: [LOWI-Scan] 
05-05 10:17:00.780  3703 21079 D LOWI-9.0.0.79: [LOWI-Scan] print_bss_handler: Report beacon TSF 2238411203252 as it greater than probe TSF 2238411203252
05-05 10:17:00.781  3703 21079 D LOWI-9.0.0.79: [LOWI-Scan] print_bss_handler: Report beacon TSF 2238411232885 as it greater than probe TSF 2238411232885
05-05 10:17:00.781  3703 21079 I LOWI-9.0.0.79: [LOWI-Scan] RSN_IE
05-05 10:17:00.781  3703 21079 D LOWI-9.0.0.79: [LOWI-Scan] decode_rsn_wpa_ie: Entered
05-05 10:17:00.781  3703 21079 D LOWI-9.0.0.79: [LOWIUtils] hexDump: msg(30 14 01 00 00 0f ac 04 01 00 00 0f ac 04 01 00 00 0f ac 02 )
05-05 10:17:00.781  3703 21079 D LOWI-9.0.0.79: [LOWI-Scan] decode_rsn_wpa_ie: LOWI_ENCRYPTION_TYPE_WPA_PSK
05-05 10:17:00.782  3703 21079 D LOWI-9.0.0.79: [LOWI-Scan] is_qcom_ie, bss_age: 0
05-05 10:17:00.782  3703 21079 D LOWI-9.0.0.79: [LOWI-Scan] BSS d8:8e:d4:89:c9:68 LOWI_PHY_MODE_11AC_VHT80(10), Beacon Interval: 100, LOWI_ENCRYPTION_TYPE_WPA_PSK 11mcRanging: No, ANQP: No, LCI: No, Civic: No, capability(0x1111): ESS Privacy SpectrumMgmt
05-05 10:17:00.782  3703 21079 D LOWI-9.0.0.79: [LOWI-Scan] BSS d8:8e:d4:89:c9:68 FREQ: 5745, cFreq1[40:80:160] = [5755:5775:0] cFreq2 = 0 Country Code = USI
05-05 10:17:00.782  3703 21079 D LOWI-9.0.0.79: [LOWI-Scan] BSS d8:8e:d4:89:c9:68 (wlan0) ASSO: NO AddInfo: 0x1, TSF 25, 21:46:51.232, RSSI: -172, CPL: 127, AGE: 2100,  SSID oodle, TSFDelta: 0x558bee6e, TXRate: 0
05-05 10:17:00.782  3703 21079 D LOWI-9.0.0.79: [LOWIDiagLog] Log: lowiMeasResult->request: invalid null argument
05-05 10:17:00.782  3703 21079 I LOWI-9.0.0.79: [LOWI-Scan] lowi_close_record:Scan done in 2238395803ms, 75 APs in scan results
05-05 10:17:00.782  3703 21079 D LOWI-9.0.0.79: [LOWI-Scan] WipsScanUsingNL: passive scan cached 0, took 160011 ms, err 0
05-05 10:17:00.782  3703 21079 D LOWI-9.0.0.79: [LOWI-Scan] lowi_proc_req_passive_scan_with_live_meas - No WLAN Frames to be parsed
05-05 10:17:00.782  3703 21079 D LOWI-9.0.0.79: [LOWIScanResultReceiver] Send scan meas to listener
05-05 10:17:00.782  3703 21079 D LOWI-9.0.0.79: [LOWIScanResultReceiver] Enter passive listening mode
05-05 10:17:00.782  3703 21079 D LOWI-9.0.0.79: [LOWIWifiDriverInterface] getMeasurements - Passive listening mode
05-05 10:17:00.782  3703  3736 D LOWI-9.0.0.79: [LOWIEventReceiver] handleEvent:FROM:NA, TO:NA, REQ:NA, IREQ:NA, REQ_ID:0, RESP:NA, INFO:NA
05-05 10:17:00.782  3703  3736 D LOWI-9.0.0.79: [LOWIBackgroundScanMgr] isRspForBgScanMgr: evt(LOWI_NO_EVT) - not handled
05-05 10:17:00.783  3703  3736 D LOWI-9.0.0.79: [LOWIScheduler] manageMsg: NULL results or NULL request in results
05-05 10:17:00.783  3703  3736 D LOWI-9.0.0.79: [LOWIController] Measurements received
05-05 10:17:00.783  3703 21079 D LOWI-9.0.0.79: [LOWI-Scan] WipsScanUsingNL:wait -1 sec for netlink message
05-05 10:17:00.783  3703  3736 D LOWI-9.0.0.79: [LOWICacheManager] putInCache:Num of Meas to add: 75
05-05 10:17:00.788  3703  3736 D LOWI-9.0.0.79: [LOWICacheManager] addToCache: Cache Full, Cache Limit: 100, Purging: 50
05-05 10:17:00.792  3703  3736 D LOWI-9.0.0.79: [LOWIController] processMeasurementResults: No current Request. Cache measurements
05-05 10:17:00.792  3703  3736 D LOWI-9.0.0.79: [LOWIControllerExtn] sendLOWILpDiscoveryScanResponse: Not a discovery scan response
05-05 10:17:00.792   307   717 D PasspointManager: ANQP entry not found for: 0e:fe:7b:3f:f4:54:<>
05-05 10:17:00.793   307   717 D PasspointManager: ANQP entry not found for: 0e:fe:7b:3f:f4:56:<>
05-05 10:17:00.793   307   717 D PasspointManager: ANQP entry not found for: 0e:fe:7b:3f:f4:50:<>
05-05 10:17:00.793   307   717 D PasspointManager: ANQP entry not found for: 0e:fe:7b:3f:f4:57:<>
05-05 10:17:00.794   307   717 D PasspointManager: ANQP entry not found for: 58:96:71:c9:fc:08:<why-phi>
05-05 10:17:00.803   307   717 E WifiStaIfaceAidlImpl: getCachedScanData failed with service-specific exception: android.os.ServiceSpecificException:  (code 4)
05-05 10:17:00.813   307   717 I HalDevMgr: bestIfaceCreationProposal is null, requestIface=STA, existingIface=[name=wlan0 type=STA]
05-05 10:17:00.861  3704  3747 W HidlServiceManagement: Waited one second for vendor.qti.hardware.cacert@1.0::IService/default
05-05 10:17:00.862   660   660 I hwservicemanager: Since vendor.qti.hardware.cacert@1.0::IService/default is not registered, trying to start it as a lazy HAL (if it's not configured to be a lazy HAL, it may be stuck starting or still starting).
05-05 10:17:00.863  3704  3747 I HidlServiceManagement: getService: Trying again for vendor.qti.hardware.cacert@1.0::IService/default...
05-05 10:17:00.778     0     0 E init    : Control message: Could not find 'vendor.qti.hardware.cacert@1.0::IService/default' for ctl.interface_start from pid: 660 (/system/system_ext/bin/hwservicemanager)
05-05 10:17:00.864   660  8661 W libc    : Unable to set property "ctl.interface_start" to "vendor.qti.hardware.cacert@1.0::IService/default": PROP_ERROR_HANDLE_CONTROL_MESSAGE (0x20)
05-05 10:17:00.864   660  8661 I hwservicemanager: Tried to start vendor.qti.hardware.cacert@1.0::IService/default as a lazy service, but was unable to. Usually this happens when a service is not installed, but if the service is intended to be used as a lazy service, then it may be configured incorrectly.
05-05 10:17:01.863  3704  3747 W HidlServiceManagement: Waited one second for vendor.qti.hardware.cacert@1.0::IService/default
05-05 10:17:01.865   660   660 I hwservicemanager: Since vendor.qti.hardware.cacert@1.0::IService/default is not registered, trying to start it as a lazy HAL (if it's not configured to be a lazy HAL, it may be stuck starting or still starting).
05-05 10:17:01.865  3704  3747 I HidlServiceManagement: getService: Trying again for vendor.qti.hardware.cacert@1.0::IService/default...
05-05 10:17:01.868   660  8662 W libc    : Unable to set property "ctl.interface_start" to "vendor.qti.hardware.cacert@1.0::IService/default": PROP_ERROR_HANDLE_CONTROL_MESSAGE (0x20)
05-05 10:17:01.868   660  8662 I hwservicemanager: Tried to start vendor.qti.hardware.cacert@1.0::IService/default as a lazy service, but was unable to. Usually this happens when a service is not installed, but if the service is intended to be used as a lazy service, then it may be configured incorrectly.
05-05 10:17:01.781     0     0 E init    : Control message: Could not find 'vendor.qti.hardware.cacert@1.0::IService/default' for ctl.interface_start from pid: 660 (/system/system_ext/bin/hwservicemanager)
05-05 10:17:02.020   713  1834 I NxpNciR : len =   4 > 600701A1
05-05 10:17:02.866  3704  3747 W HidlServiceManagement: Waited one second for vendor.qti.hardware.cacert@1.0::IService/default
05-05 10:17:02.867   660   660 I hwservicemanager: Since vendor.qti.hardware.cacert@1.0::IService/default is not registered, trying to start it as a lazy HAL (if it's not configured to be a lazy HAL, it may be stuck starting or still starting).
05-05 10:17:02.868  3704  3747 I HidlServiceManagement: getService: Trying again for vendor.qti.hardware.cacert@1.0::IService/default...
05-05 10:17:02.871   660  8663 W libc    : Unable to set property "ctl.interface_start" to "vendor.qti.hardware.cacert@1.0::IService/default": PROP_ERROR_HANDLE_CONTROL_MESSAGE (0x20)
05-05 10:17:02.872   660  8663 I hwservicemanager: Tried to start vendor.qti.hardware.cacert@1.0::IService/default as a lazy service, but was unable to. Usually this happens when a service is not installed, but if the service is intended to be used as a lazy service, then it may be configured incorrectly.
05-05 10:17:02.785     0     0 E init    : Control message: Could not find 'vendor.qti.hardware.cacert@1.0::IService/default' for ctl.interface_start from pid: 660 (/system/system_ext/bin/hwservicemanager)
05-05 10:17:03.002  8598  8605 I m.westlake.host: Background concurrent copying GC freed 15MB AllocSpace bytes, 9(460KB) LOS objects, 86% free, 3811KB/27MB, paused 137us,124us total 127.450ms
05-05 10:17:03.868  3704  3747 W HidlServiceManagement: Waited one second for vendor.qti.hardware.cacert@1.0::IService/default
05-05 10:17:03.870   660   660 I hwservicemanager: Since vendor.qti.hardware.cacert@1.0::IService/default is not registered, trying to start it as a lazy HAL (if it's not configured to be a lazy HAL, it may be stuck starting or still starting).
05-05 10:17:03.871  3704  3747 I HidlServiceManagement: getService: Trying again for vendor.qti.hardware.cacert@1.0::IService/default...
05-05 10:17:03.788     0     0 E init    : Control message: Could not find 'vendor.qti.hardware.cacert@1.0::IService/default' for ctl.interface_start from pid: 660 (/system/system_ext/bin/hwservicemanager)
05-05 10:17:03.874   660  8664 W libc    : Unable to set property "ctl.interface_start" to "vendor.qti.hardware.cacert@1.0::IService/default": PROP_ERROR_HANDLE_CONTROL_MESSAGE (0x20)
05-05 10:17:03.875   660  8664 I hwservicemanager: Tried to start vendor.qti.hardware.cacert@1.0::IService/default as a lazy service, but was unable to. Usually this happens when a service is not installed, but if the service is intended to be used as a lazy service, then it may be configured incorrectly.
05-05 10:17:04.195   713  1834 I NxpNciR : len =   4 > 600701A1
05-05 10:17:04.872  3704  3747 W HidlServiceManagement: Waited one second for vendor.qti.hardware.cacert@1.0::IService/default
05-05 10:17:04.873   660   660 I hwservicemanager: Since vendor.qti.hardware.cacert@1.0::IService/default is not registered, trying to start it as a lazy HAL (if it's not configured to be a lazy HAL, it may be stuck starting or still starting).
05-05 10:17:04.874  3704  3747 I HidlServiceManagement: getService: Trying again for vendor.qti.hardware.cacert@1.0::IService/default...
05-05 10:17:04.876   660  8665 W libc    : Unable to set property "ctl.interface_start" to "vendor.qti.hardware.cacert@1.0::IService/default": PROP_ERROR_HANDLE_CONTROL_MESSAGE (0x20)
05-05 10:17:04.877   660  8665 I hwservicemanager: Tried to start vendor.qti.hardware.cacert@1.0::IService/default as a lazy service, but was unable to. Usually this happens when a service is not installed, but if the service is intended to be used as a lazy service, then it may be configured incorrectly.
05-05 10:17:04.789     0     0 E init    : Control message: Could not find 'vendor.qti.hardware.cacert@1.0::IService/default' for ctl.interface_start from pid: 660 (/system/system_ext/bin/hwservicemanager)
05-05 10:17:05.787     0     0 I QCOM-BATT: pl_fcc_vote_callback: total_fcc_ua=1950000
05-05 10:17:05.787     0     0 I QCOM-BATT: pl_fv_vote_callback: fv_uv=4400000
05-05 10:17:05.875  3704  3747 W HidlServiceManagement: Waited one second for vendor.qti.hardware.cacert@1.0::IService/default
05-05 10:17:05.876   660   660 I hwservicemanager: Since vendor.qti.hardware.cacert@1.0::IService/default is not registered, trying to start it as a lazy HAL (if it's not configured to be a lazy HAL, it may be stuck starting or still starting).
05-05 10:17:05.876  3704  3747 I HidlServiceManagement: getService: Trying again for vendor.qti.hardware.cacert@1.0::IService/default...
05-05 10:17:05.879   660  8666 W libc    : Unable to set property "ctl.interface_start" to "vendor.qti.hardware.cacert@1.0::IService/default": PROP_ERROR_HANDLE_CONTROL_MESSAGE (0x20)
05-05 10:17:05.879   660  8666 I hwservicemanager: Tried to start vendor.qti.hardware.cacert@1.0::IService/default as a lazy service, but was unable to. Usually this happens when a service is not installed, but if the service is intended to be used as a lazy service, then it may be configured incorrectly.
05-05 10:17:05.793     0     0 E init    : Control message: Could not find 'vendor.qti.hardware.cacert@1.0::IService/default' for ctl.interface_start from pid: 660 (/system/system_ext/bin/hwservicemanager)
05-05 10:17:06.146     0     0 E FG      : fg_psy_get_property: unsupported property 79
05-05 10:17:06.154     0     0 E FG      : fg_psy_get_property: unsupported property 79
05-05 10:17:06.160     0     0 W healthd : battery l=100 v=2913 t=21.3 h=2 st=5 c=0 fc=2831000 chg=u
05-05 10:17:06.257  1126  1126 D QtiCarrierConfigHelper: WARNING, no carrier configs on phone Id: 0
05-05 10:17:06.258   960  2657 D PowerUI : can't show warning due to - plugged: true status unknown: false
05-05 10:17:06.173     0     0 E FG      : fg_psy_get_property: unsupported property 79
05-05 10:17:06.359   713  1834 I NxpNciR : len =   4 > 600701A1
05-05 10:17:06.877  3704  3747 W HidlServiceManagement: Waited one second for vendor.qti.hardware.cacert@1.0::IService/default
05-05 10:17:06.878   660   660 I hwservicemanager: Since vendor.qti.hardware.cacert@1.0::IService/default is not registered, trying to start it as a lazy HAL (if it's not configured to be a lazy HAL, it may be stuck starting or still starting).
05-05 10:17:06.881  3704  3747 I HidlServiceManagement: getService: Trying again for vendor.qti.hardware.cacert@1.0::IService/default...
05-05 10:17:06.883   660  8667 W libc    : Unable to set property "ctl.interface_start" to "vendor.qti.hardware.cacert@1.0::IService/default": PROP_ERROR_HANDLE_CONTROL_MESSAGE (0x20)
05-05 10:17:06.883   660  8667 I hwservicemanager: Tried to start vendor.qti.hardware.cacert@1.0::IService/default as a lazy service, but was unable to. Usually this happens when a service is not installed, but if the service is intended to be used as a lazy service, then it may be configured incorrectly.
05-05 10:17:06.796     0     0 E init    : Control message: Could not find 'vendor.qti.hardware.cacert@1.0::IService/default' for ctl.interface_start from pid: 660 (/system/system_ext/bin/hwservicemanager)
05-05 10:17:07.881  3704  3747 W HidlServiceManagement: Waited one second for vendor.qti.hardware.cacert@1.0::IService/default
05-05 10:17:07.882   660   660 I hwservicemanager: Since vendor.qti.hardware.cacert@1.0::IService/default is not registered, trying to start it as a lazy HAL (if it's not configured to be a lazy HAL, it may be stuck starting or still starting).
05-05 10:17:07.884  3704  3747 I HidlServiceManagement: getService: Trying again for vendor.qti.hardware.cacert@1.0::IService/default...
05-05 10:17:07.887   660  8668 W libc    : Unable to set property "ctl.interface_start" to "vendor.qti.hardware.cacert@1.0::IService/default": PROP_ERROR_HANDLE_CONTROL_MESSAGE (0x20)
05-05 10:17:07.887   660  8668 I hwservicemanager: Tried to start vendor.qti.hardware.cacert@1.0::IService/default as a lazy service, but was unable to. Usually this happens when a service is not installed, but if the service is intended to be used as a lazy service, then it may be configured incorrectly.
05-05 10:17:07.800     0     0 E init    : Control message: Could not find 'vendor.qti.hardware.cacert@1.0::IService/default' for ctl.interface_start from pid: 660 (/system/system_ext/bin/hwservicemanager)
05-05 10:17:08.531   713  1834 I NxpNciR : len =   4 > 600701A1
05-05 10:17:08.884  3704  3747 W HidlServiceManagement: Waited one second for vendor.qti.hardware.cacert@1.0::IService/default
05-05 10:17:08.885   660   660 I hwservicemanager: Since vendor.qti.hardware.cacert@1.0::IService/default is not registered, trying to start it as a lazy HAL (if it's not configured to be a lazy HAL, it may be stuck starting or still starting).
05-05 10:17:08.887  3704  3747 I HidlServiceManagement: getService: Trying again for vendor.qti.hardware.cacert@1.0::IService/default...
05-05 10:17:08.889   660  8669 W libc    : Unable to set property "ctl.interface_start" to "vendor.qti.hardware.cacert@1.0::IService/default": PROP_ERROR_HANDLE_CONTROL_MESSAGE (0x20)
05-05 10:17:08.889   660  8669 I hwservicemanager: Tried to start vendor.qti.hardware.cacert@1.0::IService/default as a lazy service, but was unable to. Usually this happens when a service is not installed, but if the service is intended to be used as a lazy service, then it may be configured incorrectly.
05-05 10:17:08.802     0     0 E init    : Control message: Could not find 'vendor.qti.hardware.cacert@1.0::IService/default' for ctl.interface_start from pid: 660 (/system/system_ext/bin/hwservicemanager)
05-05 10:17:09.712  8598  8652 I WestlakeVM: VM: CV PF-MCD-RES_TABLE_PARSE_DONE
05-05 10:17:09.715  8598  8652 I WestlakeVM: VM: CV PF-MCD-RES_TABLE_LOADED bytes=2019644 strings=586 integers=0
05-05 10:17:09.717  8598  8652 I WestlakeVM: VM: PF202 ApkLoader res dirs ready
05-05 10:17:09.718  8598  8652 I WestlakeVM: VM: PF202 ApkLoader activity seeded
05-05 10:17:09.719  8598  8652 I WestlakeVM: VM: PF202 ApkLoader return
05-05 10:17:09.720  8598  8652 I WestlakeVM: VM: [PFCUT] Class.getDeclaredField intrinsic hit class=android.app.MiniServer name=mApkInfo
05-05 10:17:09.730  8598  8652 I WestlakeVM: VM: [AssetManager] setApkPath path=/data/local/tmp/westlake/com_github_ashutoshgngwr_noice.apk local=/data/local/tmp/westlake/com_github_ashutoshgngwr_noice.apk global=/data/local/tmp/westlake/com_github_ashutoshgngwr_noice.apk
05-05 10:17:09.733  8598  8652 I WestlakeVM: VM: [AssetManager] setAssetDir path=/data/local/tmp/westlake/com_github_ashutoshgngwr_noice_res/assets local=/data/local/tmp/westlake/com_github_ashutoshgngwr_noice_res/assets global=/data/local/tmp/westlake/com_github_ashutoshgngwr_noice_res/assets
05-05 10:17:09.734  8598  8652 I WestlakeVM: VM: [WestlakeLauncher] Early resource/asset setup done (resDir=/data/local/tmp/westlake/com_github_ashutoshgngwr_noice_res)
05-05 10:17:09.747  8598  8652 I WestlakeVM: VM: [PFCUT] System.arraycopy intrinsic src=[B dst=[B srcPos=0 dstPos=0 count=16
05-05 10:17:09.747  8598  8652 I WestlakeVM: VM: [PFCUT] System.arraycopy intrinsic src=[B dst=[B srcPos=0 dstPos=0 count=34
05-05 10:17:09.757  8598  8652 I WestlakeVM: VM: [PFCUT] forced interpreter JNI reason=Unsafe method=java.lang.Object jdk.internal.misc.Unsafe.getReferenceVolatile(java.lang.Object, long) quick=0xd23e00 jni=0x74e2c0
05-05 10:17:09.758  8598  8652 I WestlakeVM: VM: [PFCUT] InterpreterJni jdk.Unsafe getReferenceVolatile target=0x14055380 offset=28 value=0 array_index=4
05-05 10:17:09.758  8598  8652 I WestlakeVM: VM: [PFCUT]   caller#0 java.lang.Object jdk.internal.misc.Unsafe.getReferenceVolatile(java.lang.Object, long) dex_pc=0
05-05 10:17:09.758  8598  8652 I WestlakeVM: VM: [PFCUT]   caller#1 java.lang.Object jdk.internal.misc.Unsafe.getReferenceAcquire(java.lang.Object, long) dex_pc=0
05-05 10:17:09.758  8598  8652 I WestlakeVM: VM: [PFCUT]   caller#2 java.util.concurrent.ConcurrentHashMap$Node java.util.concurrent.ConcurrentHashMap.tabAt(java.util.concurrent.ConcurrentHashMap$Node[], int) dex_pc=10
05-05 10:17:09.758  8598  8652 I WestlakeVM: VM: [PFCUT]   caller#3 java.lang.Object java.util.concurrent.ConcurrentHashMap.get(java.lang.Object) dex_pc=21
05-05 10:17:09.758  8598  8652 I WestlakeVM: VM: [PFCUT]   caller#4 java.lang.String java.util.Properties.getProperty(java.lang.String) dex_pc=2
05-05 10:17:09.758  8598  8652 I WestlakeVM: VM: [PFCUT]   caller#5 java.lang.String java.util.Properties.getProperty(java.lang.String, java.lang.String) dex_pc=0
05-05 10:17:09.759  8598  8652 I WestlakeVM: VM: [PFCUT] forced interpreter JNI reason=Unsafe method=java.lang.Object jdk.internal.misc.Unsafe.getReferenceVolatile(java.lang.Object, long) quick=0xd23e00 jni=0x74e2c0
05-05 10:17:09.759  8598  8652 I WestlakeVM: VM: [PFCUT] InterpreterJni jdk.Unsafe getReferenceVolatile target=0x14058450 offset=220 value=0x140577f0 array_index=52
05-05 10:17:09.759  8598  8652 I WestlakeVM: VM: [PFCUT]   caller#0 java.lang.Object jdk.internal.misc.Unsafe.getReferenceVolatile(java.lang.Object, long) dex_pc=0
05-05 10:17:09.759  8598  8652 I WestlakeVM: VM: [PFCUT]   caller#1 java.lang.Object jdk.internal.misc.Unsafe.getReferenceAcquire(java.lang.Object, long) dex_pc=0
05-05 10:17:09.760  8598  8652 I WestlakeVM: VM: [PFCUT]   caller#2 java.util.concurrent.ConcurrentHashMap$Node java.util.concurrent.ConcurrentHashMap.tabAt(java.util.concurrent.ConcurrentHashMap$Node[], int) dex_pc=10
05-05 10:17:09.760  8598  8652 I WestlakeVM: VM: [PFCUT]   caller#3 java.lang.Object java.util.concurrent.ConcurrentHashMap.get(java.lang.Object) dex_pc=21
05-05 10:17:09.760  8598  8652 I WestlakeVM: VM: [PFCUT]   caller#4 java.lang.String java.util.Properties.getProperty(java.lang.String) dex_pc=2
05-05 10:17:09.760  8598  8652 I WestlakeVM: VM: [PFCUT]   caller#5 java.lang.String java.util.Properties.getProperty(java.lang.String) dex_pc=22
05-05 10:17:09.761  8598  8652 I WestlakeVM: VM: [PFCUT] forced interpreter JNI reason=Unsafe method=java.lang.Object jdk.internal.misc.Unsafe.getReferenceVolatile(java.lang.Object, long) quick=0xd23e00 jni=0x74e2c0
05-05 10:17:09.761  8598  8652 I WestlakeVM: VM: [PFCUT] InterpreterJni jdk.Unsafe getReferenceVolatile target=0x14055380 offset=68 value=0 array_index=14
05-05 10:17:09.761  8598  8652 I WestlakeVM: VM: [PFCUT]   caller#0 java.lang.Object jdk.internal.misc.Unsafe.getReferenceVolatile(java.lang.Object, long) dex_pc=0
05-05 10:17:09.762  8598  8652 I WestlakeVM: VM: [PFCUT]   caller#1 java.lang.Object jdk.internal.misc.Unsafe.getReferenceAcquire(java.lang.Object, long) dex_pc=0
05-05 10:17:09.762  8598  8652 I WestlakeVM: VM: [PFCUT]   caller#2 java.util.concurrent.ConcurrentHashMap$Node java.util.concurrent.ConcurrentHashMap.tabAt(java.util.concurrent.ConcurrentHashMap$Node[], int) dex_pc=10
05-05 10:17:09.762  8598  8652 I WestlakeVM: VM: [PFCUT]   caller#3 java.lang.Object java.util.concurrent.ConcurrentHashMap.get(java.lang.Object) dex_pc=21
05-05 10:17:09.762  8598  8652 I WestlakeVM: VM: [PFCUT]   caller#4 java.lang.String java.util.Properties.getProperty(java.lang.String) dex_pc=2
05-05 10:17:09.762  8598  8652 I WestlakeVM: VM: [PFCUT]   caller#5 java.lang.String java.util.Properties.getProperty(java.lang.String, java.lang.String) dex_pc=0
05-05 10:17:09.762  8598  8652 I WestlakeVM: VM: [PFCUT] forced interpreter JNI reason=Unsafe method=java.lang.Object jdk.internal.misc.Unsafe.getReferenceVolatile(java.lang.Object, long) quick=0xd23e00 jni=0x74e2c0
05-05 10:17:09.763  8598  8652 I WestlakeVM: VM: [PFCUT] InterpreterJni jdk.Unsafe getReferenceVolatile target=0x14058450 offset=260 value=0x140577d8 array_index=62
05-05 10:17:09.763  8598  8652 I WestlakeVM: VM: [PFCUT]   caller#0 java.lang.Object jdk.internal.misc.Unsafe.getReferenceVolatile(java.lang.Object, long) dex_pc=0
05-05 10:17:09.763  8598  8652 I WestlakeVM: VM: [PFCUT]   caller#1 java.lang.Object jdk.internal.misc.Unsafe.getReferenceAcquire(java.lang.Object, long) dex_pc=0
05-05 10:17:09.763  8598  8652 I WestlakeVM: VM: [PFCUT]   caller#2 java.util.concurrent.ConcurrentHashMap$Node java.util.concurrent.ConcurrentHashMap.tabAt(java.util.concurrent.ConcurrentHashMap$Node[], int) dex_pc=10
05-05 10:17:09.763  8598  8652 I WestlakeVM: VM: [PFCUT]   caller#3 java.lang.Object java.util.concurrent.ConcurrentHashMap.get(java.lang.Object) dex_pc=21
05-05 10:17:09.764  8598  8652 I WestlakeVM: VM: [PFCUT]   caller#4 java.lang.String java.util.Properties.getProperty(java.lang.String) dex_pc=2
05-05 10:17:09.764  8598  8652 I WestlakeVM: VM: [PFCUT]   caller#5 java.lang.String java.util.Properties.getProperty(java.lang.String) dex_pc=22
05-05 10:17:09.786  8598  8652 I WestlakeVM: VM: [PFCUT] System.arraycopy intrinsic src=[Ljava/lang/Thread; dst=[Ljava/lang/Thread; srcPos=3 dstPos=2 count=0
05-05 10:17:09.788  8598  8652 I WestlakeVM: VM: [WestlakeLauncher] Application.onCreate done: NoiceApplication
05-05 10:17:09.788  8598  8652 I WestlakeVM: VM: Post-init launch path refresh deferred on standalone guest
05-05 10:17:09.788  8598  8652 I WestlakeVM: VM: Launch props resolved on standalone guest
05-05 10:17:09.788  8598  8652 I WestlakeVM: VM: Launch snapshot ready on standalone guest
05-05 10:17:09.789  8598  8652 I WestlakeVM: VM: PF202 strict launch assignments ready
05-05 10:17:09.789  8598  8652 I WestlakeVM: VM: PF202 strict package block ready
05-05 10:17:09.789  8598  8652 I WestlakeVM: VM: PF202 strict resource block begin
05-05 10:17:09.789  8598  8652 I WestlakeVM: VM: PF202 strict pre-extracted loader enter
05-05 10:17:09.790  8598  8652 I WestlakeVM: VM: PF202 ApkLoader enter
05-05 10:17:09.791  8598  8652 I WestlakeVM: VM: PF202 ApkLoader info seeded
05-05 10:17:09.795  8598  8652 I WestlakeVM: VM: CV PF-MCD-RES_TABLE_READ_BEGIN path=/data/local/tmp/westlake/com_github_ashutoshgngwr_noice_res/resources.arsc
05-05 10:17:09.810  8598  8652 I WestlakeVM: VM: CV PF-MCD-RES_TABLE_READ_DONE bytes=2019644
05-05 10:17:09.811  8598  8652 I WestlakeVM: VM: CV PF-MCD-RES_TABLE_PARSE_BEGIN
05-05 10:17:09.888  3704  3747 W HidlServiceManagement: Waited one second for vendor.qti.hardware.cacert@1.0::IService/default
05-05 10:17:09.889   660   660 I hwservicemanager: Since vendor.qti.hardware.cacert@1.0::IService/default is not registered, trying to start it as a lazy HAL (if it's not configured to be a lazy HAL, it may be stuck starting or still starting).
05-05 10:17:09.890  3704  3747 I HidlServiceManagement: getService: Trying again for vendor.qti.hardware.cacert@1.0::IService/default...
05-05 10:17:09.894   660  8671 W libc    : Unable to set property "ctl.interface_start" to "vendor.qti.hardware.cacert@1.0::IService/default": PROP_ERROR_HANDLE_CONTROL_MESSAGE (0x20)
05-05 10:17:09.894   660  8671 I hwservicemanager: Tried to start vendor.qti.hardware.cacert@1.0::IService/default as a lazy service, but was unable to. Usually this happens when a service is not installed, but if the service is intended to be used as a lazy service, then it may be configured incorrectly.
05-05 10:17:09.807     0     0 E init    : Control message: Could not find 'vendor.qti.hardware.cacert@1.0::IService/default' for ctl.interface_start from pid: 660 (/system/system_ext/bin/hwservicemanager)
05-05 10:17:10.697   713  1834 I NxpNciR : len =   4 > 600701A1
05-05 10:17:10.891  3704  3747 W HidlServiceManagement: Waited one second for vendor.qti.hardware.cacert@1.0::IService/default
05-05 10:17:10.892   660   660 I hwservicemanager: Since vendor.qti.hardware.cacert@1.0::IService/default is not registered, trying to start it as a lazy HAL (if it's not configured to be a lazy HAL, it may be stuck starting or still starting).
05-05 10:17:10.893  3704  3747 I HidlServiceManagement: getService: Trying again for vendor.qti.hardware.cacert@1.0::IService/default...
05-05 10:17:10.896   660  8672 W libc    : Unable to set property "ctl.interface_start" to "vendor.qti.hardware.cacert@1.0::IService/default": PROP_ERROR_HANDLE_CONTROL_MESSAGE (0x20)
05-05 10:17:10.896   660  8672 I hwservicemanager: Tried to start vendor.qti.hardware.cacert@1.0::IService/default as a lazy service, but was unable to. Usually this happens when a service is not installed, but if the service is intended to be used as a lazy service, then it may be configured incorrectly.
05-05 10:17:10.809     0     0 E init    : Control message: Could not find 'vendor.qti.hardware.cacert@1.0::IService/default' for ctl.interface_start from pid: 660 (/system/system_ext/bin/hwservicemanager)
05-05 10:17:11.893  3704  3747 W HidlServiceManagement: Waited one second for vendor.qti.hardware.cacert@1.0::IService/default
05-05 10:17:11.894   660   660 I hwservicemanager: Since vendor.qti.hardware.cacert@1.0::IService/default is not registered, trying to start it as a lazy HAL (if it's not configured to be a lazy HAL, it may be stuck starting or still starting).
05-05 10:17:11.896  3704  3747 I HidlServiceManagement: getService: Trying again for vendor.qti.hardware.cacert@1.0::IService/default...
05-05 10:17:11.899   660  8673 W libc    : Unable to set property "ctl.interface_start" to "vendor.qti.hardware.cacert@1.0::IService/default": PROP_ERROR_HANDLE_CONTROL_MESSAGE (0x20)
05-05 10:17:11.899   660  8673 I hwservicemanager: Tried to start vendor.qti.hardware.cacert@1.0::IService/default as a lazy service, but was unable to. Usually this happens when a service is not installed, but if the service is intended to be used as a lazy service, then it may be configured incorrectly.
05-05 10:17:11.813     0     0 E init    : Control message: Could not find 'vendor.qti.hardware.cacert@1.0::IService/default' for ctl.interface_start from pid: 660 (/system/system_ext/bin/hwservicemanager)
05-05 10:17:12.860   713  1834 I NxpNciR : len =   4 > 600701A1
05-05 10:17:12.897  3704  3747 W HidlServiceManagement: Waited one second for vendor.qti.hardware.cacert@1.0::IService/default
05-05 10:17:12.898   660   660 I hwservicemanager: Since vendor.qti.hardware.cacert@1.0::IService/default is not registered, trying to start it as a lazy HAL (if it's not configured to be a lazy HAL, it may be stuck starting or still starting).
05-05 10:17:12.899  3704  3747 I HidlServiceManagement: getService: Trying again for vendor.qti.hardware.cacert@1.0::IService/default...
05-05 10:17:12.902   660  8674 W libc    : Unable to set property "ctl.interface_start" to "vendor.qti.hardware.cacert@1.0::IService/default": PROP_ERROR_HANDLE_CONTROL_MESSAGE (0x20)
05-05 10:17:12.902   660  8674 I hwservicemanager: Tried to start vendor.qti.hardware.cacert@1.0::IService/default as a lazy service, but was unable to. Usually this happens when a service is not installed, but if the service is intended to be used as a lazy service, then it may be configured incorrectly.
05-05 10:17:12.815     0     0 E init    : Control message: Could not find 'vendor.qti.hardware.cacert@1.0::IService/default' for ctl.interface_start from pid: 660 (/system/system_ext/bin/hwservicemanager)
05-05 10:17:12.826     0     0 I QCOM-BATT: pl_fcc_vote_callback: total_fcc_ua=1950000
05-05 10:17:12.826     0     0 I QCOM-BATT: pl_fv_vote_callback: fv_uv=4400000
05-05 10:17:13.125     0     0 E FG      : fg_psy_get_property: unsupported property 79
05-05 10:17:13.135     0     0 E FG      : fg_psy_get_property: unsupported property 79
05-05 10:17:13.141     0     0 W healthd : battery l=100 v=2913 t=21.3 h=2 st=5 c=0 fc=2831000 chg=u
05-05 10:17:13.147     0     0 E FG      : fg_psy_get_property: unsupported property 79
05-05 10:17:13.899  3704  3747 W HidlServiceManagement: Waited one second for vendor.qti.hardware.cacert@1.0::IService/default
05-05 10:17:13.901   660   660 I hwservicemanager: Since vendor.qti.hardware.cacert@1.0::IService/default is not registered, trying to start it as a lazy HAL (if it's not configured to be a lazy HAL, it may be stuck starting or still starting).
05-05 10:17:13.902  3704  3747 I HidlServiceManagement: getService: Trying again for vendor.qti.hardware.cacert@1.0::IService/default...
05-05 10:17:13.905   660  8675 W libc    : Unable to set property "ctl.interface_start" to "vendor.qti.hardware.cacert@1.0::IService/default": PROP_ERROR_HANDLE_CONTROL_MESSAGE (0x20)
05-05 10:17:13.905   660  8675 I hwservicemanager: Tried to start vendor.qti.hardware.cacert@1.0::IService/default as a lazy service, but was unable to. Usually this happens when a service is not installed, but if the service is intended to be used as a lazy service, then it may be configured incorrectly.
05-05 10:17:13.819     0     0 E init    : Control message: Could not find 'vendor.qti.hardware.cacert@1.0::IService/default' for ctl.interface_start from pid: 660 (/system/system_ext/bin/hwservicemanager)
05-05 10:17:14.902  3704  3747 W HidlServiceManagement: Waited one second for vendor.qti.hardware.cacert@1.0::IService/default
05-05 10:17:14.903   660   660 I hwservicemanager: Since vendor.qti.hardware.cacert@1.0::IService/default is not registered, trying to start it as a lazy HAL (if it's not configured to be a lazy HAL, it may be stuck starting or still starting).
05-05 10:17:14.905  3704  3747 I HidlServiceManagement: getService: Trying again for vendor.qti.hardware.cacert@1.0::IService/default...
05-05 10:17:14.906   660  8676 W libc    : Unable to set property "ctl.interface_start" to "vendor.qti.hardware.cacert@1.0::IService/default": PROP_ERROR_HANDLE_CONTROL_MESSAGE (0x20)
