05-05 10:17:14.906   660  8676 I hwservicemanager: Tried to start vendor.qti.hardware.cacert@1.0::IService/default as a lazy service, but was unable to. Usually this happens when a service is not installed, but if the service is intended to be used as a lazy service, then it may be configured incorrectly.
05-05 10:17:14.819     0     0 E init    : Control message: Could not find 'vendor.qti.hardware.cacert@1.0::IService/default' for ctl.interface_start from pid: 660 (/system/system_ext/bin/hwservicemanager)
05-05 10:17:15.905  3704  3747 W HidlServiceManagement: Waited one second for vendor.qti.hardware.cacert@1.0::IService/default
05-05 10:17:15.906   660   660 I hwservicemanager: Since vendor.qti.hardware.cacert@1.0::IService/default is not registered, trying to start it as a lazy HAL (if it's not configured to be a lazy HAL, it may be stuck starting or still starting).
05-05 10:17:15.907  3704  3747 I HidlServiceManagement: getService: Trying again for vendor.qti.hardware.cacert@1.0::IService/default...
05-05 10:17:15.909   660  8677 W libc    : Unable to set property "ctl.interface_start" to "vendor.qti.hardware.cacert@1.0::IService/default": PROP_ERROR_HANDLE_CONTROL_MESSAGE (0x20)
05-05 10:17:15.909   660  8677 I hwservicemanager: Tried to start vendor.qti.hardware.cacert@1.0::IService/default as a lazy service, but was unable to. Usually this happens when a service is not installed, but if the service is intended to be used as a lazy service, then it may be configured incorrectly.
05-05 10:17:15.823     0     0 E init    : Control message: Could not find 'vendor.qti.hardware.cacert@1.0::IService/default' for ctl.interface_start from pid: 660 (/system/system_ext/bin/hwservicemanager)
05-05 10:17:16.907  3704  3747 W HidlServiceManagement: Waited one second for vendor.qti.hardware.cacert@1.0::IService/default
05-05 10:17:16.908   660   660 I hwservicemanager: Since vendor.qti.hardware.cacert@1.0::IService/default is not registered, trying to start it as a lazy HAL (if it's not configured to be a lazy HAL, it may be stuck starting or still starting).
05-05 10:17:16.909  3704  3747 I HidlServiceManagement: getService: Trying again for vendor.qti.hardware.cacert@1.0::IService/default...
05-05 10:17:16.912   660  8678 W libc    : Unable to set property "ctl.interface_start" to "vendor.qti.hardware.cacert@1.0::IService/default": PROP_ERROR_HANDLE_CONTROL_MESSAGE (0x20)
05-05 10:17:16.912   660  8678 I hwservicemanager: Tried to start vendor.qti.hardware.cacert@1.0::IService/default as a lazy service, but was unable to. Usually this happens when a service is not installed, but if the service is intended to be used as a lazy service, then it may be configured incorrectly.
05-05 10:17:16.824     0     0 E init    : Control message: Could not find 'vendor.qti.hardware.cacert@1.0::IService/default' for ctl.interface_start from pid: 660 (/system/system_ext/bin/hwservicemanager)
05-05 10:17:17.910  3704  3747 W HidlServiceManagement: Waited one second for vendor.qti.hardware.cacert@1.0::IService/default
05-05 10:17:17.911   660   660 I hwservicemanager: Since vendor.qti.hardware.cacert@1.0::IService/default is not registered, trying to start it as a lazy HAL (if it's not configured to be a lazy HAL, it may be stuck starting or still starting).
05-05 10:17:17.912  3704  3747 I HidlServiceManagement: getService: Trying again for vendor.qti.hardware.cacert@1.0::IService/default...
05-05 10:17:17.828     0     0 E init    : Control message: Could not find 'vendor.qti.hardware.cacert@1.0::IService/default' for ctl.interface_start from pid: 660 (/system/system_ext/bin/hwservicemanager)
05-05 10:17:17.914   660  8679 W libc    : Unable to set property "ctl.interface_start" to "vendor.qti.hardware.cacert@1.0::IService/default": PROP_ERROR_HANDLE_CONTROL_MESSAGE (0x20)
05-05 10:17:17.915   660  8679 I hwservicemanager: Tried to start vendor.qti.hardware.cacert@1.0::IService/default as a lazy service, but was unable to. Usually this happens when a service is not installed, but if the service is intended to be used as a lazy service, then it may be configured incorrectly.
05-05 10:17:18.913  3704  3747 W HidlServiceManagement: Waited one second for vendor.qti.hardware.cacert@1.0::IService/default
05-05 10:17:18.914   660   660 I hwservicemanager: Since vendor.qti.hardware.cacert@1.0::IService/default is not registered, trying to start it as a lazy HAL (if it's not configured to be a lazy HAL, it may be stuck starting or still starting).
05-05 10:17:18.915  3704  3747 I HidlServiceManagement: getService: Trying again for vendor.qti.hardware.cacert@1.0::IService/default...
05-05 10:17:18.830     0     0 E init    : Control message: Could not find 'vendor.qti.hardware.cacert@1.0::IService/default' for ctl.interface_start from pid: 660 (/system/system_ext/bin/hwservicemanager)
05-05 10:17:18.917   660  8680 W libc    : Unable to set property "ctl.interface_start" to "vendor.qti.hardware.cacert@1.0::IService/default": PROP_ERROR_HANDLE_CONTROL_MESSAGE (0x20)
05-05 10:17:18.917   660  8680 I hwservicemanager: Tried to start vendor.qti.hardware.cacert@1.0::IService/default as a lazy service, but was unable to. Usually this happens when a service is not installed, but if the service is intended to be used as a lazy service, then it may be configured incorrectly.
05-05 10:17:19.341  8598  8652 I WestlakeVM: VM: CV PF-MCD-RES_TABLE_PARSE_DONE
05-05 10:17:19.343  8598  8652 I WestlakeVM: VM: CV PF-MCD-RES_TABLE_LOADED bytes=2019644 strings=586 integers=0
05-05 10:17:19.345  8598  8652 I WestlakeVM: VM: PF202 ApkLoader res dirs ready
05-05 10:17:19.347  8598  8652 I WestlakeVM: VM: PF202 ApkLoader activity seeded
05-05 10:17:19.348  8598  8652 I WestlakeVM: VM: PF202 ApkLoader return
05-05 10:17:19.348  8598  8652 I WestlakeVM: VM: PF202 strict post-loader return
05-05 10:17:19.348  8598  8652 I WestlakeVM: VM: PF202 strict post-loader info seeded
05-05 10:17:19.348  8598  8652 I WestlakeVM: VM: PF202 strict split work skipped
05-05 10:17:19.349  8598  8652 I WestlakeVM: VM: PF202 strict setApkInfo skipped
05-05 10:17:19.349  8598  8652 I WestlakeVM: VM: PF202 strict pre-extracted resources loaded
05-05 10:17:19.349  8598  8652 I WestlakeVM: VM: PF202 strict resource wiring skipped
05-05 10:17:19.349  8598  8652 I WestlakeVM: VM: PF202 strict package reconciliation skipped
05-05 10:17:19.350  8598  8652 I WestlakeVM: VM: PF202 strict APK summary skipped
05-05 10:17:19.350  8598  8652 I WestlakeVM: VM: PF202 strict launch target reconciliation skipped
05-05 10:17:19.351  8598  8652 I WestlakeVM: VM: PF202 strict launch banner skipped
05-05 10:17:19.352  8598  8652 I WestlakeVM: VM: PF202 strict activity resolve skipped
05-05 10:17:19.352  8598  8652 I WestlakeVM: VM: [PFCUT] Class.getDeclaredField intrinsic hit class=java.lang.ClassLoader name=packages
05-05 10:17:19.352  8598  8652 I WestlakeVM: VM: [PFCUT] Class.getDeclaredField intrinsic hit class=java.lang.ClassLoader name=packages
05-05 10:17:19.353  8598  8652 I WestlakeVM: VM: [PFCUT] Class.classForName name=com.newrelic.agent.android.tracing.TraceMachine initialize=0 loader=0x71acab823d lifecycle_adapter=0 mcd_analytics=0 callers=java.lang.Class java.lang.Class.classForName(java.lang.String, boolean, java.lang.ClassLoader) | java.lang.Class java.lang.Class.forName(java.lang.String, boolean, java.lang.ClassLoader) | boolean com.westlake.engine.WestlakeLauncher.nativePatchClassNoop(java.lang.String, java.lang.ClassLoader) | boolean com.westlake.engine.WestlakeLauncher.nativePatchClassNoop(java.lang.String, java.lang.ClassLoader) | void com.westlake.engine.WestlakeLauncher.patchProblematicAppClasses(java.lang.ClassLoader) | void com.westlake.engine.WestlakeLauncher.mainImpl(java.lang.String[]) | void com.westlake.engine.WestlakeLauncher.main(java.lang.String[])
05-05 10:17:19.354  8598  8652 I WestlakeVM: VM: [PFCUT] Class.classForName name=com.newrelic.agent.android.tracing.Trace initialize=0 loader=0x71acab823d lifecycle_adapter=0 mcd_analytics=0 callers=java.lang.Class java.lang.Class.classForName(java.lang.String, boolean, java.lang.ClassLoader) | java.lang.Class java.lang.Class.forName(java.lang.String, boolean, java.lang.ClassLoader) | boolean com.westlake.engine.WestlakeLauncher.nativePatchClassNoop(java.lang.String, java.lang.ClassLoader) | boolean com.westlake.engine.WestlakeLauncher.nativePatchClassNoop(java.lang.String, java.lang.ClassLoader) | void com.westlake.engine.WestlakeLauncher.patchProblematicAppClasses(java.lang.ClassLoader) | void com.westlake.engine.WestlakeLauncher.mainImpl(java.lang.String[]) | void com.westlake.engine.WestlakeLauncher.main(java.lang.String[])
05-05 10:17:19.355  8598  8652 I WestlakeVM: VM: [PFCUT] Class.classForName name=com.newrelic.agent.android.NewRelic initialize=0 loader=0x71acab823d lifecycle_adapter=0 mcd_analytics=0 callers=java.lang.Class java.lang.Class.classForName(java.lang.String, boolean, java.lang.ClassLoader) | java.lang.Class java.lang.Class.forName(java.lang.String, boolean, java.lang.ClassLoader) | boolean com.westlake.engine.WestlakeLauncher.nativePatchClassNoop(java.lang.String, java.lang.ClassLoader) | boolean com.westlake.engine.WestlakeLauncher.nativePatchClassNoop(java.lang.String, java.lang.ClassLoader) | void com.westlake.engine.WestlakeLauncher.patchProblematicAppClasses(java.lang.ClassLoader) | void com.westlake.engine.WestlakeLauncher.mainImpl(java.lang.String[]) | void com.westlake.engine.WestlakeLauncher.main(java.lang.String[])
05-05 10:17:19.359  8598  8652 I WestlakeVM: VM: [WestlakeLauncher] AM direct launch: pkg=com.github.ashutoshgngwr.noice cls=com.github.ashutoshgngwr.noice.activity.MainActivity
05-05 10:17:19.369  8598  8652 I WestlakeVM: VM: [shim-log] D/MiniActivityManager: startActivity: com.github.ashutoshgngwr.noice.activity.MainActivity action=android.intent.action.MAIN pkg=com.github.ashutoshgngwr.noice
05-05 10:17:19.420  8598  8652 I WestlakeVM: VM: [PFCUT] MethodHandles.lookup intrinsic caller=void java.util.concurrent.atomic.AtomicReference.<clinit>()
05-05 10:17:19.420  8598  8652 I WestlakeVM: VM: [PFCUT] Class.getDeclaredField intrinsic hit class=java.util.concurrent.atomic.AtomicReference name=value
05-05 10:17:19.425   713  1834 I NxpNciR : len =   4 > 600701A1
05-05 10:17:19.461  8598  8652 I WestlakeVM: VM: [PFCUT] Class.getDeclaredField intrinsic hit class=android.app.Activity name=mIntent
05-05 10:17:19.462  8598  8652 I WestlakeVM: VM: [PFCUT] Class.getDeclaredField intrinsic hit class=android.app.Activity name=mComponent
05-05 10:17:19.462  8598  8652 I WestlakeVM: VM: [PFCUT] Class.getDeclaredField intrinsic hit class=android.app.Activity name=mApplication
05-05 10:17:19.462  8598  8652 I WestlakeVM: VM: [PFCUT] Class.getDeclaredField intrinsic hit class=android.app.Activity name=mFinished
05-05 10:17:19.462  8598  8652 I WestlakeVM: VM: [PFCUT] Class.getDeclaredField intrinsic hit class=android.app.Activity name=mDestroyed
05-05 10:17:19.467  8598  8652 I WestlakeVM: VM: [PFCUT] Class.getDeclaredField intrinsic hit class=android.app.ActivityThread name=sCurrentActivityThread
05-05 10:17:19.467  8598  8652 I WestlakeVM: VM: [PFCUT] Class.getDeclaredField intrinsic hit class=android.app.Activity name=mIntent
05-05 10:17:19.467  8598  8652 I WestlakeVM: VM: [PFCUT] Class.getDeclaredField intrinsic hit class=android.app.Activity name=mComponent
05-05 10:17:19.468  8598  8652 I WestlakeVM: VM: [PFCUT] Class.getDeclaredField intrinsic hit class=android.app.Activity name=mApplication
05-05 10:17:19.468  8598  8652 I WestlakeVM: VM: [PFCUT] Class.getDeclaredField intrinsic hit class=android.app.Activity name=mFinished
05-05 10:17:19.468  8598  8652 I WestlakeVM: VM: [PFCUT] Class.getDeclaredField intrinsic hit class=android.app.Activity name=mDestroyed
05-05 10:17:19.474  8598  8652 I WestlakeVM: VM: [shim-log] D/MiniActivityManager:   performCreate: com.github.ashutoshgngwr.noice.activity.MainActivity
05-05 10:17:19.480  8598  8652 I WestlakeVM: VM: [PFCUT] StringFactory Charset fallback bytes=7 offset=0 utf16=7 shorty=LLIIL
05-05 10:17:19.484  8598  8652 I WestlakeVM: VM: [shim-log] D/MiniActivityManager:   performCreate app cl=dalvik.system.PathClassLoader@7866e1c
05-05 10:17:19.484  8598  8652 I WestlakeVM: VM: [PFCUT] VMClassLoader.getResources(String) fallback -> Collections.emptyList
05-05 10:17:19.490  8598  8652 I WestlakeVM: VM: [shim-log] D/MiniActivityManager:   performCreate app service not found
05-05 10:17:19.497  8598  8652 I WestlakeVM: VM: [shim-log] D/MiniActivityManager:   performCreate app factoryClass failed: ClassNotFoundException: kotlinx.coroutines.android.AndroidDispatcherFactory
05-05 10:17:19.499  8598  8652 I WestlakeVM: VM: [PFCUT] System.arraycopy intrinsic src=[B dst=[B srcPos=0 dstPos=0 count=16
05-05 10:17:19.500  8598  8652 I WestlakeVM: VM: [PFCUT] System.arraycopy intrinsic src=[B dst=[B srcPos=0 dstPos=0 count=16
05-05 10:17:19.501  8598  8652 I WestlakeVM: VM: [PFCUT] StringFactory Charset fallback bytes=7 offset=0 utf16=7 shorty=LLIIL
05-05 10:17:19.501  8598  8652 I WestlakeVM: VM: [PFCUT] System.arraycopy intrinsic src=[B dst=[B srcPos=0 dstPos=0 count=34
05-05 10:17:19.502  8598  8652 I WestlakeVM: VM: [PFCUT] System.arraycopy intrinsic src=[B dst=[B srcPos=0 dstPos=0 count=34
05-05 10:17:19.503  8598  8652 I WestlakeVM: VM: [PFCUT] System.arraycopy intrinsic src=[B dst=[B srcPos=0 dstPos=0 count=16
05-05 10:17:19.504  8598  8652 I WestlakeVM: VM: [PFCUT] System.arraycopy intrinsic src=[B dst=[B srcPos=0 dstPos=0 count=34
05-05 10:17:19.506  8598  8652 I WestlakeVM: VM: [PFCUT] System.arraycopy intrinsic src=[B dst=[B srcPos=0 dstPos=0 count=16
05-05 10:17:19.507  8598  8652 I WestlakeVM: VM: [shim-log] D/MiniActivityManager:   performCreate thread cl=dalvik.system.PathClassLoader@7866e1c
05-05 10:17:19.507  8598  8652 I WestlakeVM: VM: [PFCUT] VMClassLoader.getResources(String) fallback -> Collections.emptyList
05-05 10:17:19.508  8598  8652 I WestlakeVM: VM: [PFCUT] System.arraycopy intrinsic src=[B dst=[B srcPos=0 dstPos=0 count=16
05-05 10:17:19.509  8598  8652 I WestlakeVM: VM: [PFCUT] System.arraycopy intrinsic src=[B dst=[B srcPos=0 dstPos=0 count=34
05-05 10:17:19.510  8598  8652 I WestlakeVM: VM: [PFCUT] System.arraycopy intrinsic src=[B dst=[B srcPos=0 dstPos=0 count=16
05-05 10:17:19.511  8598  8652 I WestlakeVM: VM: [PFCUT] System.arraycopy intrinsic src=[B dst=[B srcPos=0 dstPos=0 count=34
05-05 10:17:19.513  8598  8652 I WestlakeVM: VM: [PFCUT] System.arraycopy intrinsic src=[B dst=[B srcPos=0 dstPos=0 count=16
05-05 10:17:19.514  8598  8652 I WestlakeVM: VM: [shim-log] D/MiniActivityManager:   performCreate thread service not found
05-05 10:17:19.514  8598  8652 I WestlakeVM: VM: [PFCUT] forced interpreter JNI reason=Class.classForName method=java.lang.Class java.lang.Class.classForName(java.lang.String, boolean, java.lang.ClassLoader) quick=0xd23cc0 jni=0x750018
05-05 10:17:19.515  8598  8652 I WestlakeVM: VM: [PFCUT] System.arraycopy intrinsic src=[B dst=[B srcPos=0 dstPos=0 count=16
05-05 10:17:19.515  8598  8652 I WestlakeVM: VM: [PFCUT] System.arraycopy intrinsic src=[B dst=[B srcPos=0 dstPos=0 count=34
05-05 10:17:19.516  8598  8652 I WestlakeVM: VM: [PFCUT] System.arraycopy intrinsic src=[B dst=[B srcPos=0 dstPos=0 count=70
05-05 10:17:19.517  8598  8652 I WestlakeVM: VM: [PFCUT] System.arraycopy intrinsic src=[B dst=[B srcPos=0 dstPos=0 count=16
05-05 10:17:19.518  8598  8652 I WestlakeVM: VM: [PFCUT] System.arraycopy intrinsic src=[B dst=[B srcPos=0 dstPos=0 count=34
05-05 10:17:19.520  8598  8652 I WestlakeVM: VM: [PFCUT] System.arraycopy intrinsic src=[B dst=[B srcPos=0 dstPos=0 count=16
05-05 10:17:19.521  8598  8652 I WestlakeVM: VM: [shim-log] D/MiniActivityManager:   performCreate thread factoryClass failed: ClassNotFoundException: kotlinx.coroutines.android.AndroidDispatcherFactory
05-05 10:17:19.527  8598  8652 I WestlakeVM: VM: [PFCUT] System.arraycopy intrinsic src=[Ljava/lang/Object; dst=[Ljava/lang/Object; srcPos=0 dstPos=0 count=0
05-05 10:17:19.530  8598  8652 I WestlakeVM: VM: [PFCUT] System.arraycopy intrinsic src=[Ljava/lang/Object; dst=[Ljava/lang/Object; srcPos=0 dstPos=0 count=0
05-05 10:17:19.539  8598  8652 I WestlakeVM: VM: [PFCUT] System.arraycopy intrinsic src=[B dst=[B srcPos=0 dstPos=0 count=16
05-05 10:17:19.540  8598  8652 I WestlakeVM: VM: [PFCUT] forced interpreter JNI reason=Class.classForName method=java.lang.Class java.lang.Class.classForName(java.lang.String, boolean, java.lang.ClassLoader) quick=0xd23cc0 jni=0x750018
05-05 10:17:19.541  8598  8652 I WestlakeVM: VM: [PFCUT] MethodHandles.lookup intrinsic caller=void java.util.concurrent.atomic.AtomicLong.<clinit>()
05-05 10:17:19.542  8598  8652 I WestlakeVM: VM: [PFCUT] Class.getDeclaredField intrinsic hit class=java.util.concurrent.atomic.AtomicLong name=value
05-05 10:17:19.543  8598  8652 I WestlakeVM: VM: [PFCUT] Class.getDeclaredField intrinsic hit class=java.util.Random name=seed
05-05 10:17:19.543  8598  8652 I WestlakeVM: VM: [PFCUT] AtomicLong.get intrinsic current=8682522807148012
05-05 10:17:19.543  8598  8652 I WestlakeVM: VM: [PFCUT] AtomicLong.compareAndSet intrinsic current=8682522807148012
05-05 10:17:19.544  8598  8652 I WestlakeVM: VM: [PFCUT] AtomicLong.get intrinsic current=90875059729260
05-05 10:17:19.544  8598  8652 I WestlakeVM: VM: [PFCUT] AtomicLong.compareAndSet intrinsic current=90875059729260
05-05 10:17:19.546  8598  8652 I WestlakeVM: VM: [PFCUT] System.arraycopy intrinsic src=[B dst=[B srcPos=0 dstPos=0 count=16
05-05 10:17:19.547  8598  8652 I WestlakeVM: VM: [PFCUT] AtomicLong.get intrinsic current=260751148133639
05-05 10:17:19.547  8598  8652 I WestlakeVM: VM: [PFCUT] AtomicLong.compareAndSet intrinsic current=260751148133639
05-05 10:17:19.549  8598  8652 I WestlakeVM: VM: [PFCUT] System.arraycopy intrinsic src=[B dst=[B srcPos=0 dstPos=0 count=16
05-05 10:17:19.550  8598  8652 I WestlakeVM: VM: [PFCUT] AtomicLong.get intrinsic current=93435719480838
05-05 10:17:19.550  8598  8652 I WestlakeVM: VM: [PFCUT] AtomicLong.compareAndSet intrinsic current=93435719480838
05-05 10:17:19.551  8598  8652 I WestlakeVM: VM: [PFCUT] System.arraycopy intrinsic src=[Ljava/lang/Object; dst=[Ljava/lang/Object; srcPos=0 dstPos=0 count=1
05-05 10:17:19.551  8598  8652 I WestlakeVM: VM: [PFCUT] System.arraycopy intrinsic src=[Ljava/lang/Object; dst=[Ljava/lang/Object; srcPos=0 dstPos=0 count=0
05-05 10:17:19.551  8598  8652 I WestlakeVM: VM: [PFCUT] System.arraycopy intrinsic src=[Ljava/lang/Object; dst=[Ljava/lang/Object; srcPos=0 dstPos=0 count=0
05-05 10:17:19.551  8598  8652 I WestlakeVM: VM: [PFCUT] System.arraycopy intrinsic src=[Ljava/lang/Object; dst=[Ljava/lang/Object; srcPos=0 dstPos=0 count=0
05-05 10:17:19.551  8598  8652 I WestlakeVM: VM: [PFCUT] System.arraycopy intrinsic src=[Ljava/lang/Object; dst=[Ljava/lang/Object; srcPos=0 dstPos=0 count=0
05-05 10:17:19.576  8598  8652 I WestlakeVM: VM: [PFCUT] System.arraycopy intrinsic src=[Ljava/util/Locale; dst=[Ljava/util/Locale; srcPos=0 dstPos=0 count=0
05-05 10:17:19.576  8598  8652 I WestlakeVM: VM: [PFCUT] System.arraycopy intrinsic src=[Ljava/util/Locale; dst=[Ljava/util/Locale; srcPos=0 dstPos=0 count=1
05-05 10:17:19.592  8598  8652 I WestlakeVM: VM: [PFCUT] System.arraycopy intrinsic src=[Ljava/util/Locale; dst=[Ljava/util/Locale; srcPos=0 dstPos=0 count=0
05-05 10:17:19.593  8598  8652 I WestlakeVM: VM: [PFCUT] String.split intrinsic delimiter=44 limit=-1 pieces=1
05-05 10:17:19.599  8598  8652 I WestlakeVM: VM: [PFCUT] forced interpreter JNI reason=Unsafe method=boolean jdk.internal.misc.Unsafe.compareAndSetInt(java.lang.Object, long, int, int) quick=0xd23e00 jni=0x74d440
05-05 10:17:19.599  8598  8652 I WestlakeVM: VM: [PFCUT] InterpreterJni jdk.Unsafe CAS int target=0x14279680 offset=52 current=32 expected=32 new=-1 success=1
05-05 10:17:19.599  8598  8652 I WestlakeVM: VM: [PFCUT]   caller#0 boolean jdk.internal.misc.Unsafe.compareAndSetInt(java.lang.Object, long, int, int) dex_pc=0
05-05 10:17:19.600  8598  8652 I WestlakeVM: VM: [PFCUT]   caller#1 java.util.concurrent.ConcurrentHashMap$Node[] java.util.concurrent.ConcurrentHashMap.initTable() dex_pc=25
05-05 10:17:19.600  8598  8652 I WestlakeVM: VM: [PFCUT]   caller#2 java.lang.Object java.util.concurrent.ConcurrentHashMap.putVal(java.lang.Object, java.lang.Object, boolean) dex_pc=196
05-05 10:17:19.600  8598  8652 I WestlakeVM: VM: [PFCUT]   caller#3 java.lang.Object java.util.concurrent.ConcurrentHashMap.putIfAbsent(java.lang.Object, java.lang.Object) dex_pc=1
05-05 10:17:19.600  8598  8652 I WestlakeVM: VM: [PFCUT]   caller#4 java.lang.Object sun.util.locale.LocaleObjectCache.get(java.lang.Object) dex_pc=42
05-05 10:17:19.600  8598  8652 I WestlakeVM: VM: [PFCUT]   caller#5 sun.util.locale.BaseLocale sun.util.locale.BaseLocale.getInstance(java.lang.String, java.lang.String, java.lang.String, java.lang.String) dex_pc=92
05-05 10:17:19.600  8598  8652 I WestlakeVM: VM: [PFCUT] forced interpreter JNI reason=Unsafe method=java.lang.Object jdk.internal.misc.Unsafe.getReferenceVolatile(java.lang.Object, long) quick=0xd23e00 jni=0x74e2c0
05-05 10:17:19.601  8598  8652 I WestlakeVM: VM: [PFCUT] InterpreterJni jdk.Unsafe getReferenceVolatile target=0x1427e790 offset=128 value=0 array_index=29
05-05 10:17:19.601  8598  8652 I WestlakeVM: VM: [PFCUT]   caller#0 java.lang.Object jdk.internal.misc.Unsafe.getReferenceVolatile(java.lang.Object, long) dex_pc=0
05-05 10:17:19.601  8598  8652 I WestlakeVM: VM: [PFCUT]   caller#1 java.lang.Object jdk.internal.misc.Unsafe.getReferenceAcquire(java.lang.Object, long) dex_pc=0
05-05 10:17:19.601  8598  8652 I WestlakeVM: VM: [PFCUT]   caller#2 java.util.concurrent.ConcurrentHashMap$Node java.util.concurrent.ConcurrentHashMap.tabAt(java.util.concurrent.ConcurrentHashMap$Node[], int) dex_pc=10
05-05 10:17:19.601  8598  8652 I WestlakeVM: VM: [PFCUT]   caller#3 java.lang.Object java.util.concurrent.ConcurrentHashMap.putVal(java.lang.Object, java.lang.Object, boolean) dex_pc=27
05-05 10:17:19.601  8598  8652 I WestlakeVM: VM: [PFCUT]   caller#4 java.lang.Object java.util.concurrent.ConcurrentHashMap.putIfAbsent(java.lang.Object, java.lang.Object) dex_pc=1
05-05 10:17:19.601  8598  8652 I WestlakeVM: VM: [PFCUT]   caller#5 java.lang.Object sun.util.locale.LocaleObjectCache.get(java.lang.Object) dex_pc=42
05-05 10:17:19.601  8598  8652 I WestlakeVM: VM: [PFCUT] forced interpreter JNI reason=Unsafe method=boolean jdk.internal.misc.Unsafe.compareAndSetReference(java.lang.Object, long, java.lang.Object, java.lang.Object) quick=0xd23e00 jni=0x74d810
05-05 10:17:19.602  8598  8652 I WestlakeVM: VM: [PFCUT] InterpreterJni jdk.Unsafe CAS ref target=0x1427e790 offset=128 current=0 expected=0 new=0x14280d18 success=1 array_index=29
05-05 10:17:19.602  8598  8652 I WestlakeVM: VM: [PFCUT]   caller#0 boolean jdk.internal.misc.Unsafe.compareAndSetReference(java.lang.Object, long, java.lang.Object, java.lang.Object) dex_pc=0
05-05 10:17:19.602  8598  8652 I WestlakeVM: VM: [PFCUT]   caller#1 boolean java.util.concurrent.ConcurrentHashMap.casTabAt(java.util.concurrent.ConcurrentHashMap$Node[], int, java.util.concurrent.ConcurrentHashMap$Node, java.util.concurrent.ConcurrentHashMap$Node) dex_pc=14
05-05 10:17:19.602  8598  8652 I WestlakeVM: VM: [PFCUT]   caller#2 java.lang.Object java.util.concurrent.ConcurrentHashMap.putVal(java.lang.Object, java.lang.Object, boolean) dex_pc=40
05-05 10:17:19.602  8598  8652 I WestlakeVM: VM: [PFCUT]   caller#3 java.lang.Object java.util.concurrent.ConcurrentHashMap.putIfAbsent(java.lang.Object, java.lang.Object) dex_pc=1
05-05 10:17:19.602  8598  8652 I WestlakeVM: VM: [PFCUT]   caller#4 java.lang.Object sun.util.locale.LocaleObjectCache.get(java.lang.Object) dex_pc=42
05-05 10:17:19.602  8598  8652 I WestlakeVM: VM: [PFCUT]   caller#5 sun.util.locale.BaseLocale sun.util.locale.BaseLocale.getInstance(java.lang.String, java.lang.String, java.lang.String, java.lang.String) dex_pc=92
05-05 10:17:19.602  8598  8652 I WestlakeVM: VM: [PFCUT] forced interpreter JNI reason=Unsafe method=boolean jdk.internal.misc.Unsafe.compareAndSetLong(java.lang.Object, long, long, long) quick=0xd23e00 jni=0x74d66c
05-05 10:17:19.603  8598  8652 I WestlakeVM: VM: [PFCUT] InterpreterJni jdk.Unsafe CAS long target=0x14279680 offset=40 current=0 expected=0 new=1 success=1
05-05 10:17:19.603  8598  8652 I WestlakeVM: VM: [PFCUT]   caller#0 boolean jdk.internal.misc.Unsafe.compareAndSetLong(java.lang.Object, long, long, long) dex_pc=0
05-05 10:17:19.603  8598  8652 I WestlakeVM: VM: [PFCUT]   caller#1 void java.util.concurrent.ConcurrentHashMap.addCount(long, int) dex_pc=23
05-05 10:17:19.603  8598  8652 I WestlakeVM: VM: [PFCUT]   caller#2 java.lang.Object java.util.concurrent.ConcurrentHashMap.putVal(java.lang.Object, java.lang.Object, boolean) dex_pc=189
05-05 10:17:19.603  8598  8652 I WestlakeVM: VM: [PFCUT]   caller#3 java.lang.Object java.util.concurrent.ConcurrentHashMap.putIfAbsent(java.lang.Object, java.lang.Object) dex_pc=1
05-05 10:17:19.603  8598  8652 I WestlakeVM: VM: [PFCUT]   caller#4 java.lang.Object sun.util.locale.LocaleObjectCache.get(java.lang.Object) dex_pc=42
05-05 10:17:19.603  8598  8652 I WestlakeVM: VM: [PFCUT]   caller#5 sun.util.locale.BaseLocale sun.util.locale.BaseLocale.getInstance(java.lang.String, java.lang.String, java.lang.String, java.lang.String) dex_pc=92
05-05 10:17:19.604  8598  8652 I WestlakeVM: VM: [PFCUT] forced interpreter JNI reason=Unsafe method=java.lang.Object jdk.internal.misc.Unsafe.getReferenceVolatile(java.lang.Object, long) quick=0xd23e00 jni=0x74e2c0
05-05 10:17:19.604  8598  8652 I WestlakeVM: VM: [PFCUT] InterpreterJni jdk.Unsafe getReferenceVolatile target=0x1427e790 offset=100 value=0 array_index=22
05-05 10:17:19.604  8598  8652 I WestlakeVM: VM: [PFCUT]   caller#0 java.lang.Object jdk.internal.misc.Unsafe.getReferenceVolatile(java.lang.Object, long) dex_pc=0
05-05 10:17:19.604  8598  8652 I WestlakeVM: VM: [PFCUT]   caller#1 java.lang.Object jdk.internal.misc.Unsafe.getReferenceAcquire(java.lang.Object, long) dex_pc=0
05-05 10:17:19.604  8598  8652 I WestlakeVM: VM: [PFCUT]   caller#2 java.util.concurrent.ConcurrentHashMap$Node java.util.concurrent.ConcurrentHashMap.tabAt(java.util.concurrent.ConcurrentHashMap$Node[], int) dex_pc=10
05-05 10:17:19.605  8598  8652 I WestlakeVM: VM: [PFCUT]   caller#3 java.lang.Object java.util.concurrent.ConcurrentHashMap.get(java.lang.Object) dex_pc=21
05-05 10:17:19.605  8598  8652 I WestlakeVM: VM: [PFCUT]   caller#4 java.lang.Object sun.util.locale.LocaleObjectCache.get(java.lang.Object) dex_pc=6
05-05 10:17:19.605  8598  8652 I WestlakeVM: VM: [PFCUT]   caller#5 sun.util.locale.BaseLocale sun.util.locale.BaseLocale.getInstance(java.lang.String, java.lang.String, java.lang.String, java.lang.String) dex_pc=92
05-05 10:17:19.605  8598  8652 I WestlakeVM: VM: [PFCUT] forced interpreter JNI reason=Unsafe method=java.lang.Object jdk.internal.misc.Unsafe.getReferenceVolatile(java.lang.Object, long) quick=0xd23e00 jni=0x74e2c0
05-05 10:17:19.605  8598  8652 I WestlakeVM: VM: [PFCUT] InterpreterJni jdk.Unsafe getReferenceVolatile target=0x1427e790 offset=100 value=0 array_index=22
05-05 10:17:19.606  8598  8652 I WestlakeVM: VM: [PFCUT]   caller#0 java.lang.Object jdk.internal.misc.Unsafe.getReferenceVolatile(java.lang.Object, long) dex_pc=0
05-05 10:17:19.606  8598  8652 I WestlakeVM: VM: [PFCUT]   caller#1 java.lang.Object jdk.internal.misc.Unsafe.getReferenceAcquire(java.lang.Object, long) dex_pc=0
05-05 10:17:19.606  8598  8652 I WestlakeVM: VM: [PFCUT]   caller#2 java.util.concurrent.ConcurrentHashMap$Node java.util.concurrent.ConcurrentHashMap.tabAt(java.util.concurrent.ConcurrentHashMap$Node[], int) dex_pc=10
05-05 10:17:19.606  8598  8652 I WestlakeVM: VM: [PFCUT]   caller#3 java.lang.Object java.util.concurrent.ConcurrentHashMap.putVal(java.lang.Object, java.lang.Object, boolean) dex_pc=27
05-05 10:17:19.606  8598  8652 I WestlakeVM: VM: [PFCUT]   caller#4 java.lang.Object java.util.concurrent.ConcurrentHashMap.putIfAbsent(java.lang.Object, java.lang.Object) dex_pc=1
05-05 10:17:19.606  8598  8652 I WestlakeVM: VM: [PFCUT]   caller#5 java.lang.Object sun.util.locale.LocaleObjectCache.get(java.lang.Object) dex_pc=42
05-05 10:17:19.606  8598  8652 I WestlakeVM: VM: [PFCUT] forced interpreter JNI reason=Unsafe method=boolean jdk.internal.misc.Unsafe.compareAndSetReference(java.lang.Object, long, java.lang.Object, java.lang.Object) quick=0xd23e00 jni=0x74d810
05-05 10:17:19.607  8598  8652 I WestlakeVM: VM: [PFCUT] InterpreterJni jdk.Unsafe CAS ref target=0x1427e790 offset=100 current=0 expected=0 new=0x14280da8 success=1 array_index=22
05-05 10:17:19.607  8598  8652 I WestlakeVM: VM: [PFCUT]   caller#0 boolean jdk.internal.misc.Unsafe.compareAndSetReference(java.lang.Object, long, java.lang.Object, java.lang.Object) dex_pc=0
05-05 10:17:19.607  8598  8652 I WestlakeVM: VM: [PFCUT]   caller#1 boolean java.util.concurrent.ConcurrentHashMap.casTabAt(java.util.concurrent.ConcurrentHashMap$Node[], int, java.util.concurrent.ConcurrentHashMap$Node, java.util.concurrent.ConcurrentHashMap$Node) dex_pc=14
05-05 10:17:19.607  8598  8652 I WestlakeVM: VM: [PFCUT]   caller#2 java.lang.Object java.util.concurrent.ConcurrentHashMap.putVal(java.lang.Object, java.lang.Object, boolean) dex_pc=40
05-05 10:17:19.607  8598  8652 I WestlakeVM: VM: [PFCUT]   caller#3 java.lang.Object java.util.concurrent.ConcurrentHashMap.putIfAbsent(java.lang.Object, java.lang.Object) dex_pc=1
05-05 10:17:19.607  8598  8652 I WestlakeVM: VM: [PFCUT]   caller#4 java.lang.Object sun.util.locale.LocaleObjectCache.get(java.lang.Object) dex_pc=42
05-05 10:17:19.607  8598  8652 I WestlakeVM: VM: [PFCUT]   caller#5 sun.util.locale.BaseLocale sun.util.locale.BaseLocale.getInstance(java.lang.String, java.lang.String, java.lang.String, java.lang.String) dex_pc=92
05-05 10:17:19.608  8598  8652 I WestlakeVM: VM: [PFCUT] forced interpreter JNI reason=Unsafe method=boolean jdk.internal.misc.Unsafe.compareAndSetLong(java.lang.Object, long, long, long) quick=0xd23e00 jni=0x74d66c
05-05 10:17:19.608  8598  8652 I WestlakeVM: VM: [PFCUT] InterpreterJni jdk.Unsafe CAS long target=0x14279680 offset=40 current=1 expected=1 new=2 success=1
05-05 10:17:19.608  8598  8652 I WestlakeVM: VM: [PFCUT]   caller#0 boolean jdk.internal.misc.Unsafe.compareAndSetLong(java.lang.Object, long, long, long) dex_pc=0
05-05 10:17:19.608  8598  8652 I WestlakeVM: VM: [PFCUT]   caller#1 void java.util.concurrent.ConcurrentHashMap.addCount(long, int) dex_pc=23
05-05 10:17:19.608  8598  8652 I WestlakeVM: VM: [PFCUT]   caller#2 java.lang.Object java.util.concurrent.ConcurrentHashMap.putVal(java.lang.Object, java.lang.Object, boolean) dex_pc=189
05-05 10:17:19.608  8598  8652 I WestlakeVM: VM: [PFCUT]   caller#3 java.lang.Object java.util.concurrent.ConcurrentHashMap.putIfAbsent(java.lang.Object, java.lang.Object) dex_pc=1
05-05 10:17:19.608  8598  8652 I WestlakeVM: VM: [PFCUT]   caller#4 java.lang.Object sun.util.locale.LocaleObjectCache.get(java.lang.Object) dex_pc=42
05-05 10:17:19.608  8598  8652 I WestlakeVM: VM: [PFCUT]   caller#5 sun.util.locale.BaseLocale sun.util.locale.BaseLocale.getInstance(java.lang.String, java.lang.String, java.lang.String, java.lang.String) dex_pc=92
05-05 10:17:19.610  8598  8652 I WestlakeVM: VM: [PFCUT] System.arraycopy intrinsic src=[Ljava/util/Locale; dst=[Ljava/util/Locale; srcPos=0 dstPos=0 count=1
05-05 10:17:19.614  8598  8652 I WestlakeVM: VM: [PFCUT] System.arraycopy intrinsic src=[I dst=[I srcPos=0 dstPos=0 count=0
05-05 10:17:19.614  8598  8652 I WestlakeVM: VM: [PFCUT] System.arraycopy intrinsic src=[Ljava/lang/Object; dst=[Ljava/lang/Object; srcPos=0 dstPos=0 count=0
05-05 10:17:19.628  8598  8652 I WestlakeVM: VM: [PFCUT] Charset.name fallback receiver=0x1407e2c8 result=0x1407e2e0
05-05 10:17:19.629  8598  8652 I WestlakeVM: VM: [PFCUT] Charset.name fallback receiver=0x1407e2c8 result=0x1407e2e0
05-05 10:17:19.631  8598  8652 I WestlakeVM: VM: [PFCUT] Charset.name fallback receiver=0x1407e2c8 result=0x1407e2e0
05-05 10:17:19.634  8598  8652 I WestlakeVM: VM: [PFCUT] Charset.name fallback receiver=0x1407e2c8 result=0x1407e2e0
05-05 10:17:19.636  8598  8652 I WestlakeVM: VM: [PFCUT] Charset.name fallback receiver=0x1407e2c8 result=0x1407e2e0
05-05 10:17:19.639  8598  8652 I WestlakeVM: VM: [PFCUT] Charset.name fallback receiver=0x1407e2c8 result=0x1407e2e0
05-05 10:17:19.640  8598  8652 I WestlakeVM: VM: [PFCUT] System.arraycopy intrinsic src=[B dst=[B srcPos=0 dstPos=0 count=51
05-05 10:17:19.641  8598  8652 I WestlakeVM: VM: [PFCUT] Charset.name fallback receiver=0x1407e2c8 result=0x1407e2e0
05-05 10:17:19.643  8598  8652 I WestlakeVM: VM: [PFCUT] System.arraycopy intrinsic src=[B dst=[B srcPos=0 dstPos=0 count=50
05-05 10:17:19.645  8598  8652 I WestlakeVM: VM: [PFCUT] Charset.name fallback receiver=0x1407e2c8 result=0x1407e2e0
05-05 10:17:19.646  8598  8652 I WestlakeVM: VM: [PFCUT] Charset.name fallback receiver=0x1407e2c8 result=0x1407e2e0
05-05 10:17:19.648  8598  8652 I WestlakeVM: VM: [PFCUT] Charset.name fallback receiver=0x1407e2c8 result=0x1407e2e0
05-05 10:17:19.651  8598  8652 I WestlakeVM: VM: [PFCUT] Charset.name fallback receiver=0x1407e2c8 result=0x1407e2e0
05-05 10:17:19.653  8598  8652 I WestlakeVM: VM: [PFCUT] Charset.name fallback receiver=0x1407e2c8 result=0x1407e2e0
05-05 10:17:19.655  8598  8652 I WestlakeVM: VM: [PFCUT] Charset.name fallback receiver=0x1407e2c8 result=0x1407e2e0
05-05 10:17:19.657  8598  8652 I WestlakeVM: VM: [PFCUT] Charset.name fallback receiver=0x1407e2c8 result=0x1407e2e0
05-05 10:17:19.660  8598  8652 I WestlakeVM: VM: [PFCUT] Charset.name fallback receiver=0x1407e2c8 result=0x1407e2e0
05-05 10:17:19.663  8598  8652 I WestlakeVM: VM: [PFCUT] Charset.name fallback receiver=0x1407e2c8 result=0x1407e2e0
05-05 10:17:19.663  8598  8652 I WestlakeVM: VM: [PFCUT] System.arraycopy intrinsic src=[B dst=[B srcPos=0 dstPos=0 count=84
05-05 10:17:19.665  8598  8652 I WestlakeVM: VM: [PFCUT] Charset.name fallback receiver=0x1407e2c8 result=0x1407e2e0
05-05 10:17:19.668  8598  8652 I WestlakeVM: VM: [PFCUT] Charset.name fallback receiver=0x1407e2c8 result=0x1407e2e0
05-05 10:17:19.669  8598  8652 I WestlakeVM: VM: [PFCUT] System.arraycopy intrinsic src=[B dst=[B srcPos=0 dstPos=0 count=50
05-05 10:17:19.675  8598  8652 I WestlakeVM: VM: [PFCUT] System.arraycopy intrinsic src=[Ljava/lang/Object; dst=[Ljava/lang/Object; srcPos=0 dstPos=0 count=0
05-05 10:17:19.675  8598  8652 I WestlakeVM: VM: [PFCUT] System.arraycopy intrinsic src=[Ljava/lang/Object; dst=[Ljava/lang/Object; srcPos=0 dstPos=0 count=0
05-05 10:17:19.676  8598  8652 I WestlakeVM: VM: [PFCUT] System.arraycopy intrinsic src=[Ljava/lang/Object; dst=[Ljava/lang/Object; srcPos=0 dstPos=0 count=0
05-05 10:17:19.676  8598  8652 I WestlakeVM: VM: [PFCUT] forced interpreter JNI reason=Class.classForName method=java.lang.Class java.lang.Class.classForName(java.lang.String, boolean, java.lang.ClassLoader) quick=0xd23cc0 jni=0x750018
05-05 10:17:19.682  8598  8652 I WestlakeVM: VM: [PFCUT] System.arraycopy intrinsic src=[Ljava/lang/Object; dst=[Ljava/lang/Object; srcPos=0 dstPos=0 count=0
05-05 10:17:19.683  8598  8652 I WestlakeVM: VM: [PFCUT] System.arraycopy intrinsic src=[Ljava/lang/Object; dst=[Ljava/lang/Object; srcPos=0 dstPos=0 count=0
05-05 10:17:19.691  8598  8652 I WestlakeVM: VM: [PFCUT] System.arraycopy intrinsic src=[Ljava/lang/Object; dst=[Ljava/lang/Object; srcPos=0 dstPos=0 count=0
05-05 10:17:19.691  8598  8652 I WestlakeVM: VM: [PFCUT] System.arraycopy intrinsic src=[Ljava/lang/Object; dst=[Ljava/lang/Object; srcPos=0 dstPos=0 count=10
05-05 10:17:19.693  8598  8652 I WestlakeVM: VM: [PFCUT] System.arraycopy intrinsic src=[Ljava/lang/Object; dst=[Ljava/lang/Object; srcPos=0 dstPos=0 count=15
05-05 10:17:19.694  8598  8652 I WestlakeVM: VM: [PFCUT] System.arraycopy intrinsic src=[Ljava/lang/Object; dst=[Ljava/lang/Object; srcPos=0 dstPos=0 count=22
05-05 10:17:19.695  8598  8652 I WestlakeVM: VM: [PFCUT] System.arraycopy intrinsic src=[Ljava/lang/Object; dst=[Ljava/lang/Object; srcPos=0 dstPos=0 count=33
05-05 10:17:19.698  8598  8652 I WestlakeVM: VM: [PFCUT] System.arraycopy intrinsic src=[B dst=[B srcPos=0 dstPos=0 count=16
05-05 10:17:19.699  8598  8652 I WestlakeVM: VM: [PFCUT] System.arraycopy intrinsic src=[B dst=[B srcPos=0 dstPos=0 count=34
05-05 10:17:19.709  8598  8652 I WestlakeVM: VM: [PFCUT] forced interpreter JNI reason=Unsafe method=java.lang.Object jdk.internal.misc.Unsafe.getReferenceVolatile(java.lang.Object, long) quick=0xd23e00 jni=0x74e2c0
05-05 10:17:19.709  8598  8652 I WestlakeVM: VM: [PFCUT] InterpreterJni jdk.Unsafe getReferenceVolatile target=0x14055380 offset=28 value=0 array_index=4
05-05 10:17:19.709  8598  8652 I WestlakeVM: VM: [PFCUT]   caller#0 java.lang.Object jdk.internal.misc.Unsafe.getReferenceVolatile(java.lang.Object, long) dex_pc=0
05-05 10:17:19.709  8598  8652 I WestlakeVM: VM: [PFCUT]   caller#1 java.lang.Object jdk.internal.misc.Unsafe.getReferenceAcquire(java.lang.Object, long) dex_pc=0
05-05 10:17:19.709  8598  8652 I WestlakeVM: VM: [PFCUT]   caller#2 java.util.concurrent.ConcurrentHashMap$Node java.util.concurrent.ConcurrentHashMap.tabAt(java.util.concurrent.ConcurrentHashMap$Node[], int) dex_pc=10
05-05 10:17:19.709  8598  8652 I WestlakeVM: VM: [PFCUT]   caller#3 java.lang.Object java.util.concurrent.ConcurrentHashMap.get(java.lang.Object) dex_pc=21
05-05 10:17:19.709  8598  8652 I WestlakeVM: VM: [PFCUT]   caller#4 java.lang.String java.util.Properties.getProperty(java.lang.String) dex_pc=2
05-05 10:17:19.710  8598  8652 I WestlakeVM: VM: [PFCUT]   caller#5 java.lang.String java.util.Properties.getProperty(java.lang.String, java.lang.String) dex_pc=0
05-05 10:17:19.710  8598  8652 I WestlakeVM: VM: [PFCUT] forced interpreter JNI reason=Unsafe method=java.lang.Object jdk.internal.misc.Unsafe.getReferenceVolatile(java.lang.Object, long) quick=0xd23e00 jni=0x74e2c0
05-05 10:17:19.710  8598  8652 I WestlakeVM: VM: [PFCUT] InterpreterJni jdk.Unsafe getReferenceVolatile target=0x14058450 offset=220 value=0x140577f0 array_index=52
05-05 10:17:19.710  8598  8652 I WestlakeVM: VM: [PFCUT]   caller#0 java.lang.Object jdk.internal.misc.Unsafe.getReferenceVolatile(java.lang.Object, long) dex_pc=0
05-05 10:17:19.710  8598  8652 I WestlakeVM: VM: [PFCUT]   caller#1 java.lang.Object jdk.internal.misc.Unsafe.getReferenceAcquire(java.lang.Object, long) dex_pc=0
05-05 10:17:19.710  8598  8652 I WestlakeVM: VM: [PFCUT]   caller#2 java.util.concurrent.ConcurrentHashMap$Node java.util.concurrent.ConcurrentHashMap.tabAt(java.util.concurrent.ConcurrentHashMap$Node[], int) dex_pc=10
05-05 10:17:19.710  8598  8652 I WestlakeVM: VM: [PFCUT]   caller#3 java.lang.Object java.util.concurrent.ConcurrentHashMap.get(java.lang.Object) dex_pc=21
05-05 10:17:19.710  8598  8652 I WestlakeVM: VM: [PFCUT]   caller#4 java.lang.String java.util.Properties.getProperty(java.lang.String) dex_pc=2
05-05 10:17:19.711  8598  8652 I WestlakeVM: VM: [PFCUT]   caller#5 java.lang.String java.util.Properties.getProperty(java.lang.String) dex_pc=22
05-05 10:17:19.711  8598  8652 I WestlakeVM: VM: [PFCUT] forced interpreter JNI reason=Unsafe method=java.lang.Object jdk.internal.misc.Unsafe.getReferenceVolatile(java.lang.Object, long) quick=0xd23e00 jni=0x74e2c0
05-05 10:17:19.711  8598  8652 I WestlakeVM: VM: [PFCUT] InterpreterJni jdk.Unsafe getReferenceVolatile target=0x14055380 offset=68 value=0 array_index=14
05-05 10:17:19.711  8598  8652 I WestlakeVM: VM: [PFCUT]   caller#0 java.lang.Object jdk.internal.misc.Unsafe.getReferenceVolatile(java.lang.Object, long) dex_pc=0
05-05 10:17:19.711  8598  8652 I WestlakeVM: VM: [PFCUT]   caller#1 java.lang.Object jdk.internal.misc.Unsafe.getReferenceAcquire(java.lang.Object, long) dex_pc=0
05-05 10:17:19.711  8598  8652 I WestlakeVM: VM: [PFCUT]   caller#2 java.util.concurrent.ConcurrentHashMap$Node java.util.concurrent.ConcurrentHashMap.tabAt(java.util.concurrent.ConcurrentHashMap$Node[], int) dex_pc=10
05-05 10:17:19.712  8598  8652 I WestlakeVM: VM: [PFCUT]   caller#3 java.lang.Object java.util.concurrent.ConcurrentHashMap.get(java.lang.Object) dex_pc=21
05-05 10:17:19.712  8598  8652 I WestlakeVM: VM: [PFCUT]   caller#4 java.lang.String java.util.Properties.getProperty(java.lang.String) dex_pc=2
05-05 10:17:19.712  8598  8652 I WestlakeVM: VM: [PFCUT]   caller#5 java.lang.String java.util.Properties.getProperty(java.lang.String, java.lang.String) dex_pc=0
05-05 10:17:19.712  8598  8652 I WestlakeVM: VM: [PFCUT] forced interpreter JNI reason=Unsafe method=java.lang.Object jdk.internal.misc.Unsafe.getReferenceVolatile(java.lang.Object, long) quick=0xd23e00 jni=0x74e2c0
05-05 10:17:19.712  8598  8652 I WestlakeVM: VM: [PFCUT] InterpreterJni jdk.Unsafe getReferenceVolatile target=0x14058450 offset=260 value=0x140577d8 array_index=62
05-05 10:17:19.712  8598  8652 I WestlakeVM: VM: [PFCUT]   caller#0 java.lang.Object jdk.internal.misc.Unsafe.getReferenceVolatile(java.lang.Object, long) dex_pc=0
05-05 10:17:19.712  8598  8652 I WestlakeVM: VM: [PFCUT]   caller#1 java.lang.Object jdk.internal.misc.Unsafe.getReferenceAcquire(java.lang.Object, long) dex_pc=0
05-05 10:17:19.712  8598  8652 I WestlakeVM: VM: [PFCUT]   caller#2 java.util.concurrent.ConcurrentHashMap$Node java.util.concurrent.ConcurrentHashMap.tabAt(java.util.concurrent.ConcurrentHashMap$Node[], int) dex_pc=10
05-05 10:17:19.713  8598  8652 I WestlakeVM: VM: [PFCUT]   caller#3 java.lang.Object java.util.concurrent.ConcurrentHashMap.get(java.lang.Object) dex_pc=21
05-05 10:17:19.713  8598  8652 I WestlakeVM: VM: [PFCUT]   caller#4 java.lang.String java.util.Properties.getProperty(java.lang.String) dex_pc=2
05-05 10:17:19.713  8598  8652 I WestlakeVM: VM: [PFCUT]   caller#5 java.lang.String java.util.Properties.getProperty(java.lang.String) dex_pc=22
05-05 10:17:19.729  8598  8652 I WestlakeVM: VM: [PFCUT] forced interpreter JNI reason=Unsafe method=java.lang.Object jdk.internal.misc.Unsafe.getReferenceVolatile(java.lang.Object, long) quick=0xd23e00 jni=0x74e2c0
05-05 10:17:19.729  8598  8652 I WestlakeVM: VM: [PFCUT] InterpreterJni jdk.Unsafe getReferenceVolatile target=0x14055380 offset=28 value=0 array_index=4
05-05 10:17:19.729  8598  8652 I WestlakeVM: VM: [PFCUT]   caller#0 java.lang.Object jdk.internal.misc.Unsafe.getReferenceVolatile(java.lang.Object, long) dex_pc=0
05-05 10:17:19.730  8598  8652 I WestlakeVM: VM: [PFCUT]   caller#1 java.lang.Object jdk.internal.misc.Unsafe.getReferenceAcquire(java.lang.Object, long) dex_pc=0
05-05 10:17:19.730  8598  8652 I WestlakeVM: VM: [PFCUT]   caller#2 java.util.concurrent.ConcurrentHashMap$Node java.util.concurrent.ConcurrentHashMap.tabAt(java.util.concurrent.ConcurrentHashMap$Node[], int) dex_pc=10
05-05 10:17:19.730  8598  8652 I WestlakeVM: VM: [PFCUT]   caller#3 java.lang.Object java.util.concurrent.ConcurrentHashMap.get(java.lang.Object) dex_pc=21
05-05 10:17:19.730  8598  8652 I WestlakeVM: VM: [PFCUT]   caller#4 java.lang.String java.util.Properties.getProperty(java.lang.String) dex_pc=2
05-05 10:17:19.730  8598  8652 I WestlakeVM: VM: [PFCUT]   caller#5 java.lang.String java.util.Properties.getProperty(java.lang.String, java.lang.String) dex_pc=0
05-05 10:17:19.730  8598  8652 I WestlakeVM: VM: [PFCUT] forced interpreter JNI reason=Unsafe method=java.lang.Object jdk.internal.misc.Unsafe.getReferenceVolatile(java.lang.Object, long) quick=0xd23e00 jni=0x74e2c0
05-05 10:17:19.730  8598  8652 I WestlakeVM: VM: [PFCUT] InterpreterJni jdk.Unsafe getReferenceVolatile target=0x14058450 offset=220 value=0x140577f0 array_index=52
05-05 10:17:19.731  8598  8652 I WestlakeVM: VM: [PFCUT] forced interpreter JNI reason=Unsafe method=java.lang.Object jdk.internal.misc.Unsafe.getReferenceVolatile(java.lang.Object, long) quick=0xd23e00 jni=0x74e2c0
05-05 10:17:19.731  8598  8652 I WestlakeVM: VM: [PFCUT] InterpreterJni jdk.Unsafe getReferenceVolatile target=0x14055380 offset=68 value=0 array_index=14
05-05 10:17:19.731  8598  8652 I WestlakeVM: VM: [PFCUT] forced interpreter JNI reason=Unsafe method=java.lang.Object jdk.internal.misc.Unsafe.getReferenceVolatile(java.lang.Object, long) quick=0xd23e00 jni=0x74e2c0
05-05 10:17:19.731  8598  8652 I WestlakeVM: VM: [PFCUT] InterpreterJni jdk.Unsafe getReferenceVolatile target=0x14058450 offset=260 value=0x140577d8 array_index=62
05-05 10:17:19.743  8598  8652 I WestlakeVM: VM: [PFCUT] Class.getDeclaredField intrinsic hit class=kotlinx.coroutines.flow.o name=_state
05-05 10:17:19.744  8598  8652 I WestlakeVM: VM: [PFCUT] ReflectUtil.ensureMemberAccess noop void sun.reflect.misc.ReflectUtil.ensureMemberAccess(java.lang.Class, java.lang.Class, java.lang.Object, int) shorty=VLLLI
05-05 10:17:19.745  8598  8652 I WestlakeVM: VM: [PFCUT] Class.getDeclaredField intrinsic hit class=kotlinx.coroutines.sync.c name=head
05-05 10:17:19.745  8598  8652 I WestlakeVM: VM: [PFCUT] ReflectUtil.ensureMemberAccess noop void sun.reflect.misc.ReflectUtil.ensureMemberAccess(java.lang.Class, java.lang.Class, java.lang.Object, int) shorty=VLLLI
05-05 10:17:19.746  8598  8652 I WestlakeVM: VM: [PFCUT] Class.getDeclaredField intrinsic hit class=kotlinx.coroutines.sync.c name=deqIdx
05-05 10:17:19.746  8598  8652 I WestlakeVM: VM: [PFCUT] ReflectUtil.ensureMemberAccess noop void sun.reflect.misc.ReflectUtil.ensureMemberAccess(java.lang.Class, java.lang.Class, java.lang.Object, int) shorty=VLLLI
05-05 10:17:19.746  8598  8652 I WestlakeVM: VM: [PFCUT] Class.getDeclaredField intrinsic hit class=kotlinx.coroutines.sync.c name=tail
05-05 10:17:19.746  8598  8652 I WestlakeVM: VM: [PFCUT] ReflectUtil.ensureMemberAccess noop void sun.reflect.misc.ReflectUtil.ensureMemberAccess(java.lang.Class, java.lang.Class, java.lang.Object, int) shorty=VLLLI
05-05 10:17:19.747  8598  8652 I WestlakeVM: VM: [PFCUT] Class.getDeclaredField intrinsic hit class=kotlinx.coroutines.sync.c name=enqIdx
05-05 10:17:19.747  8598  8652 I WestlakeVM: VM: [PFCUT] ReflectUtil.ensureMemberAccess noop void sun.reflect.misc.ReflectUtil.ensureMemberAccess(java.lang.Class, java.lang.Class, java.lang.Object, int) shorty=VLLLI
05-05 10:17:19.747  8598  8652 I WestlakeVM: VM: [PFCUT] Class.getDeclaredField intrinsic hit class=kotlinx.coroutines.sync.c name=_availablePermits
05-05 10:17:19.748  8598  8652 I WestlakeVM: VM: [PFCUT] ReflectUtil.ensureMemberAccess noop void sun.reflect.misc.ReflectUtil.ensureMemberAccess(java.lang.Class, java.lang.Class, java.lang.Object, int) shorty=VLLLI
05-05 10:17:19.748  8598  8652 I WestlakeVM: VM: [PFCUT] Class.getDeclaredField intrinsic hit class=kotlinx.coroutines.sync.b name=owner
05-05 10:17:19.748  8598  8652 I WestlakeVM: VM: [PFCUT] ReflectUtil.ensureMemberAccess noop void sun.reflect.misc.ReflectUtil.ensureMemberAccess(java.lang.Class, java.lang.Class, java.lang.Object, int) shorty=VLLLI
05-05 10:17:19.749  8598  8652 I WestlakeVM: VM: [PFCUT] Class.getDeclaredField intrinsic hit class=f8.d name=_next
05-05 10:17:19.749  8598  8652 I WestlakeVM: VM: [PFCUT] ReflectUtil.ensureMemberAccess noop void sun.reflect.misc.ReflectUtil.ensureMemberAccess(java.lang.Class, java.lang.Class, java.lang.Object, int) shorty=VLLLI
05-05 10:17:19.750  8598  8652 I WestlakeVM: VM: [PFCUT] Class.getDeclaredField intrinsic hit class=f8.d name=_prev
05-05 10:17:19.750  8598  8652 I WestlakeVM: VM: [PFCUT] ReflectUtil.ensureMemberAccess noop void sun.reflect.misc.ReflectUtil.ensureMemberAccess(java.lang.Class, java.lang.Class, java.lang.Object, int) shorty=VLLLI
05-05 10:17:19.750  8598  8652 I WestlakeVM: VM: [PFCUT] Class.getDeclaredField intrinsic hit class=f8.r name=cleanedAndPointers
05-05 10:17:19.750  8598  8652 I WestlakeVM: VM: [P