--------- beginning of kernel
05-05 10:16:50.023     0     0 I logd    : logdr: UID=2000 GID=2000 PID=8568 b tail=0 logMask=99 pid=0 start=0ns deadline=0ns
05-05 10:16:50.662     0     0 I binder  : 8578:8578 ioctl 40046210 7ffa43c744 returned -22
--------- beginning of system
05-05 10:16:50.758   307  1478 I ActivityManager: Force stopping com.westlake.host appid=10218 user=0: from pid 8578
--------- beginning of main
05-05 10:16:50.768  1166  1166 D CarrierSvcBindHelper: onHandleForceStop: [com.westlake.host]
05-05 10:16:50.769   307   767 I AppWidgetServiceImpl: Received broadcast: android.intent.action.PACKAGE_RESTARTED on user 0
05-05 10:16:50.769   307   767 I AppWidgetServiceImpl: Updating package stopped masked state for uid 10218 package com.westlake.host isStopped true
05-05 10:16:50.773  1166  1166 D CarrierSvcBindHelper: No carrier app for: 0
05-05 10:16:50.774  1166  1166 D CarrierSvcBindHelper: No carrier app for: 1
05-05 10:16:50.837  3704  3747 W HidlServiceManagement: Waited one second for vendor.qti.hardware.cacert@1.0::IService/default
05-05 10:16:50.838   660   660 I hwservicemanager: Since vendor.qti.hardware.cacert@1.0::IService/default is not registered, trying to start it as a lazy HAL (if it's not configured to be a lazy HAL, it may be stuck starting or still starting).
05-05 10:16:50.839  3704  3747 I HidlServiceManagement: getService: Trying again for vendor.qti.hardware.cacert@1.0::IService/default...
05-05 10:16:50.840   660  8584 W libc    : Unable to set property "ctl.interface_start" to "vendor.qti.hardware.cacert@1.0::IService/default": PROP_ERROR_HANDLE_CONTROL_MESSAGE (0x20)
05-05 10:16:50.840   660  8584 I hwservicemanager: Tried to start vendor.qti.hardware.cacert@1.0::IService/default as a lazy service, but was unable to. Usually this happens when a service is not installed, but if the service is intended to be used as a lazy service, then it may be configured incorrectly.
05-05 10:16:50.754     0     0 E init    : Control message: Could not find 'vendor.qti.hardware.cacert@1.0::IService/default' for ctl.interface_start from pid: 660 (/system/system_ext/bin/hwservicemanager)
05-05 10:16:50.954   307   391 E AccessPersistence: Failed to verity-protect runtime-permissions
05-05 10:16:50.954   307   391 E AccessPersistence: java.io.IOException: Failed to enable fs-verity on FD(485): Inappropriate ioctl for device
05-05 10:16:50.954   307   391 E AccessPersistence: 	at com.android.internal.security.VerityUtils.setUpFsverity(VerityUtils.java:94)
05-05 10:16:50.954   307   391 E AccessPersistence: 	at com.android.server.security.FileIntegrity.setUpFsVerity(FileIntegrity.java:66)
05-05 10:16:50.954   307   391 E AccessPersistence: 	at com.android.server.security.FileIntegrity.setUpFsVerity(FileIntegrity.java:50)
05-05 10:16:50.954   307   391 E AccessPersistence: 	at com.android.server.permission.access.AccessPersistence.writeSystemState(AccessPersistence.kt:65)
05-05 10:16:50.954   307   391 E AccessPersistence: 	at com.android.server.permission.access.AccessPersistence.writePendingState(AccessPersistence.kt:149)
05-05 10:16:50.954   307   391 E AccessPersistence: 	at com.android.server.permission.access.AccessPersistence.access$writePendingState(AccessPersistence.kt:41)
05-05 10:16:50.954   307   391 E AccessPersistence: 	at com.android.server.permission.access.AccessPersistence$WriteHandler.handleMessage(AccessPersistence.kt:190)
05-05 10:16:50.954   307   391 E AccessPersistence: 	at android.os.Handler.dispatchMessage(Handler.java:109)
05-05 10:16:50.954   307   391 E AccessPersistence: 	at android.os.Looper.loopOnce(Looper.java:232)
05-05 10:16:50.954   307   391 E AccessPersistence: 	at android.os.Looper.loop(Looper.java:317)
05-05 10:16:50.954   307   391 E AccessPersistence: 	at android.os.HandlerThread.run(HandlerThread.java:85)
05-05 10:16:50.954   307   391 E AccessPersistence: 	at com.android.server.ServiceThread.run(ServiceThread.java:49)
05-05 10:16:50.980   307   391 E AccessPersistence: Failed to verity-protect runtime-permissions
05-05 10:16:50.980   307   391 E AccessPersistence: java.io.IOException: Failed to enable fs-verity on FD(485): Inappropriate ioctl for device
05-05 10:16:50.980   307   391 E AccessPersistence: 	at com.android.internal.security.VerityUtils.setUpFsverity(VerityUtils.java:94)
05-05 10:16:50.980   307   391 E AccessPersistence: 	at com.android.server.security.FileIntegrity.setUpFsVerity(FileIntegrity.java:66)
05-05 10:16:50.980   307   391 E AccessPersistence: 	at com.android.server.security.FileIntegrity.setUpFsVerity(FileIntegrity.java:50)
05-05 10:16:50.980   307   391 E AccessPersistence: 	at com.android.server.permission.access.AccessPersistence.writeUserState(AccessPersistence.kt:65)
05-05 10:16:50.980   307   391 E AccessPersistence: 	at com.android.server.permission.access.AccessPersistence.writePendingState(AccessPersistence.kt:151)
05-05 10:16:50.980   307   391 E AccessPersistence: 	at com.android.server.permission.access.AccessPersistence.access$writePendingState(AccessPersistence.kt:41)
05-05 10:16:50.980   307   391 E AccessPersistence: 	at com.android.server.permission.access.AccessPersistence$WriteHandler.handleMessage(AccessPersistence.kt:190)
05-05 10:16:50.980   307   391 E AccessPersistence: 	at android.os.Handler.dispatchMessage(Handler.java:109)
05-05 10:16:50.980   307   391 E AccessPersistence: 	at android.os.Looper.loopOnce(Looper.java:232)
05-05 10:16:50.980   307   391 E AccessPersistence: 	at android.os.Looper.loop(Looper.java:317)
05-05 10:16:50.980   307   391 E AccessPersistence: 	at android.os.HandlerThread.run(HandlerThread.java:85)
05-05 10:16:50.980   307   391 E AccessPersistence: 	at com.android.server.ServiceThread.run(ServiceThread.java:49)
05-05 10:16:51.154   713  1834 I NxpNciR : len =   4 > 600701A1
05-05 10:16:51.364     0     0 I binder  : 8594:8594 ioctl 40046210 7fce1e2b64 returned -22
05-05 10:16:51.455   307  1478 I ActivityManager: Force stopping com.westlake.host appid=10218 user=0: from pid 8594
05-05 10:16:51.463   307   767 I AppWidgetServiceImpl: Received broadcast: android.intent.action.PACKAGE_RESTARTED on user 0
05-05 10:16:51.463   307   767 I AppWidgetServiceImpl: Updating package stopped masked state for uid 10218 package com.westlake.host isStopped true
05-05 10:16:51.465  1166  1166 D CarrierSvcBindHelper: onHandleForceStop: [com.westlake.host]
05-05 10:16:51.467  1166  1166 D CarrierSvcBindHelper: No carrier app for: 0
05-05 10:16:51.468  1166  1166 D CarrierSvcBindHelper: No carrier app for: 1
05-05 10:16:51.715   307  1478 W ActivityTaskManager: callingPackage for (uid=2000, pid=8594) has no WPC
05-05 10:16:51.719   307  1478 V GrammaticalInflectionUtils: AttributionSource: AttributionSource { uid = 10218, packageName = null, attributionTag = null, token = android.os.Binder@a81f694, deviceId = 0, next = null } does not have READ_SYSTEM_GRAMMATICAL_GENDER permission.
05-05 10:16:51.721   307  1478 W OptProp : Cannot read opt property android.window.PROPERTY_COMPAT_ALLOW_RESIZEABLE_ACTIVITY_OVERRIDES
05-05 10:16:51.722   307  1478 W OptProp : Cannot read opt property android.window.PROPERTY_COMPAT_ALLOW_MIN_ASPECT_RATIO_OVERRIDE
05-05 10:16:51.732   307  1478 W OptProp : Cannot read opt property android.window.PROPERTY_COMPAT_ALLOW_ORIENTATION_OVERRIDE
05-05 10:16:51.734  3320  5010 I BpBinder: onLastStrongRef automatically unlinking death recipients: 
05-05 10:16:51.737  3220  3220 I android.hardware.power-service-qti: Power setMode: 5 to: 1
05-05 10:16:51.738   307  1478 V SplashScreenExceptionList: SplashScreen checking exception for package com.westlake.host (target sdk:28) -> false
05-05 10:16:51.746   307  1478 I ActivityTaskManager: START u0 {flg=0x10000000 cmp=com.westlake.host/.WestlakeActivity (has extras)} with LAUNCH_MULTIPLE from uid 2000 (BAL_ALLOW_PERMISSION) result code=0
05-05 10:16:51.747  3267  3300 E ANDR-PERF-UTIL: Failed to read /sys/class/mmc_host/mmc0/clk_scaling/enable
05-05 10:16:51.747  3267  3300 E ANDR-PERF-OPTSHANDLER: Failed to read /sys/class/mmc_host/mmc0/clk_scaling/enable
05-05 10:16:51.747  3267  3300 E ANDR-PERF-RESOURCEQS: Failed to apply optimization [11, 4]
05-05 10:16:51.751   960  1005 D SplashScreenView: Build android.window.SplashScreenView{b83aeba V.E...... ......ID 0,0-0,0}
05-05 10:16:51.751   960  1005 D SplashScreenView: Icon: view: android.widget.ImageView{42a416b V.ED..... ......I. 0,0-0,0 #1020525 android:id/splashscreen_icon_view} drawable: com.android.wm.shell.startingsurface.SplashscreenIconDrawableFactory$ImmobileIconDrawable@9aea4c8 size: 450
05-05 10:16:51.751   960  1005 D SplashScreenView: Branding: view: android.view.View{414961 G.ED..... ......I. 0,0-0,0 #1020524 android:id/splashscreen_branding_view} drawable: null size w: 0 h: 0
05-05 10:16:51.751   307   421 V GrammaticalInflectionUtils: AttributionSource: AttributionSource { uid = 10218, packageName = null, attributionTag = null, token = android.os.Binder@a81f694, deviceId = 0, next = null } does not have READ_SYSTEM_GRAMMATICAL_GENDER permission.
05-05 10:16:51.752  1230  1230 W SplitSelectStateCtor: Missing session instanceIds
05-05 10:16:51.752  1230  1230 D StatsLog: LAUNCHER_SPLIT_SELECTION_EXIT_INTERRUPTED
05-05 10:16:51.755   960   982 V WindowManagerShell: Transition requested (#4410): android.os.BinderProxy@6ae5ae TransitionRequestInfo { type = OPEN, triggerTask = TaskInfo{userId=0 taskId=2269 effectiveUid=10218 displayId=0 isRunning=true baseIntent=Intent { flg=0x10000000 cmp=com.westlake.host/.WestlakeActivity } baseActivity=ComponentInfo{com.westlake.host/com.westlake.host.WestlakeActivity} topActivity=ComponentInfo{com.westlake.host/com.westlake.host.WestlakeActivity} origActivity=null realActivity=ComponentInfo{com.westlake.host/com.westlake.host.WestlakeActivity} numActivities=1 lastActiveTime=2238404310 supportsMultiWindow=true resizeMode=1 isResizeable=true minWidth=-1 minHeight=-1 defaultMinSize=220 token=WCT{android.window.IWindowContainerToken$Stub$Proxy@1faf6dc} topActivityType=1 pictureInPictureParams=null shouldDockBigOverlays=false launchIntoPipHostTaskId=-1 lastParentTaskIdBeforePip=-1 displayCutoutSafeInsets=Rect(0, 80 - 0, 0) topActivityInfo=ActivityInfo{93a53e5 com.westlake.host.WestlakeActivity} launchCookies=[] positionInParent=Point(0, 0) parentTaskId=-1 isFocused=false isVisible=false isVisibleRequested=false isTopActivityNoDisplay=false isSleeping=false locusId=null displayAreaFeatureId=1 isTopActivityTransparent=false isActivityStackTransparent=false lastNonFullscreenBounds=Rect(267, 606 - 814, 1686) capturedLink=null capturedLinkTimestamp=0 requestedVisibleTypes=-9 topActivityRequestOpenInBrowserEducationTimestamp=0 appCompatTaskInfo=AppCompatTaskInfo { topActivityInSizeCompat=false eligibleForLetterboxEducation= false isLetterboxEducationEnabled= false isLetterboxDoubleTapEnabled= false eligibleForUserAspectRatioButton= false topActivityBoundsLetterboxed= false isFromLetterboxDoubleTap= false topActivityLetterboxVerticalPosition= -1 topActivityLetterboxHorizontalPosition= -1 topActivityLetterboxWidth=-1 topActivityLetterboxHeight=-1 topActivityLetterboxAppWidth=-1 topActivityLetterboxAppHeight=-1 isUserFullscreenOverrideEnabled=false isSystemFullscreenOverrideEnabled=false hasMinAspectRatioOverride=false topActivityLetterboxBounds=null cameraCompatTaskInfo=CameraCompatTaskInfo { freeformCameraCompatMode=inactive}} topActivityMainWindowFrame=null}, pipChange = null, remoteTransition = null, displayChange = null, flags = 0, debugId = 4410 }
05-05 10:16:51.755   960   982 D ShellSplitScreen: logExit: no-op, mLoggerSessionId is null
05-05 10:16:51.759   307   780 D BackgroundInstallControlService: Package event received: 0
05-05 10:16:51.763   307   767 I AppWidgetServiceImpl: Received broadcast: android.intent.action.PACKAGE_UNSTOPPED on user 0
05-05 10:16:51.763   307   767 I AppWidgetServiceImpl: Updating package stopped masked state for uid 10218 package com.westlake.host isStopped false
05-05 10:16:51.765   960   982 D WindowManagerShell: setLauncherKeepClearAreaHeight: visible=false, height=292
05-05 10:16:51.770  3080 29189 I netd    : tetherGetStats() -> {[]} <7.13ms>
05-05 10:16:51.784   307 25782 D CoreBackPreview: Window{1c83fa9 u0 Splash Screen com.westlake.host}: Setting back callback OnBackInvokedCallbackInfo{mCallback=android.window.IOnBackInvokedCallback$Stub$Proxy@3bdccf, mPriority=0, mIsAnimationCallback=false, mOverrideBehavior=0}
05-05 10:16:51.785 32752 32752 D Zygote  : Forked child process 8598
05-05 10:16:51.789   307   526 I ActivityManager: Start proc 8598:com.westlake.host/u0a218 for next-top-activity {com.westlake.host/com.westlake.host.WestlakeActivity}
05-05 10:16:51.789  3320  3320 I BpBinder: onLastStrongRef automatically unlinking death recipients: 
05-05 10:16:51.793  1650  1664 D ForegroundUtils: Foreground UID status:
05-05 10:16:51.794  1650  1664 D ForegroundUtils: UID: 10130 is in foreground: false
05-05 10:16:51.794  1650  1664 D ForegroundUtils: UID: 10152 is in foreground: true
05-05 10:16:51.794  1650  1664 D ForegroundUtils: UID: 10159 is in foreground: true
05-05 10:16:51.794  1650  1664 D ForegroundUtils: UID: 10173 is in foreground: true
05-05 10:16:51.794  1650  1664 D ForegroundUtils: UID: 10190 is in foreground: true
05-05 10:16:51.794  1650  1664 D ForegroundUtils: UID: 10193 is in foreground: false
05-05 10:16:51.802  8598  8598 I Zygote  : seccomp disabled by setenforce 0
05-05 10:16:51.804   307   388 V WindowManager: Sent Transition (#4410) createdAt=05-05 10:16:51.723 via request=TransitionRequestInfo { type = OPEN, triggerTask = TaskInfo{userId=0 taskId=2269 effectiveUid=10218 displayId=0 isRunning=true baseIntent=Intent { flg=0x10000000 cmp=com.westlake.host/.WestlakeActivity } baseActivity=ComponentInfo{com.westlake.host/com.westlake.host.WestlakeActivity} topActivity=ComponentInfo{com.westlake.host/com.westlake.host.WestlakeActivity} origActivity=null realActivity=ComponentInfo{com.westlake.host/com.westlake.host.WestlakeActivity} numActivities=1 lastActiveTime=2238404310 supportsMultiWindow=true resizeMode=1 isResizeable=true minWidth=-1 minHeight=-1 defaultMinSize=220 token=WCT{RemoteToken{3473ae1 Task{efa8d18 #2269 type=standard A=10218:com.westlake.host}}} topActivityType=1 pictureInPictureParams=null shouldDockBigOverlays=false launchIntoPipHostTaskId=-1 lastParentTaskIdBeforePip=-1 displayCutoutSafeInsets=Rect(0, 80 - 0, 0) topActivityInfo=ActivityInfo{44ad006 com.westlake.host.WestlakeActivity} launchCookies=[] positionInParent=Point(0, 0) parentTaskId=-1 isFocused=false isVisible=false isVisibleRequested=false isTopActivityNoDisplay=false isSleeping=false locusId=null displayAreaFeatureId=1 isTopActivityTransparent=false isActivityStackTransparent=false lastNonFullscreenBounds=Rect(267, 606 - 814, 1686) capturedLink=null capturedLinkTimestamp=0 requestedVisibleTypes=-9 topActivityRequestOpenInBrowserEducationTimestamp=0 appCompatTaskInfo=AppCompatTaskInfo { topActivityInSizeCompat=false eligibleForLetterboxEducation= false isLetterboxEducationEnabled= false isLetterboxDoubleTapEnabled= false eligibleForUserAspectRatioButton= false topActivityBoundsLetterboxed= false isFromLetterboxDoubleTap= false topActivityLetterboxVerticalPosition= -1 topActivityLetterboxHorizontalPosition= -1 topActivityLetterboxWidth=-1 topActivityLetterboxHeight=-1 topActivityLetterboxAppWidth=-1 topActivityLetterboxAppHeight=-1 isUserFullscreenOverrideEnabled=false isSystemFullscreenOverrideEnabled=false hasMinAspectRatioOverride=false topActivityLetterboxBounds=null cameraCompatTaskInfo=CameraCompatTaskInfo { freeformCameraCompatMode=inactive}} topActivityMainWindowFrame=null}, pipChange = null, remoteTransition = null, displayChange = null, flags = 0, debugId = 4410 }
05-05 10:16:51.807   307   388 V WindowManager:     startWCT=WindowContainerTransaction { changes= {} hops= [] errorCallbackToken=null taskFragmentOrganizer=null }
05-05 10:16:51.807   307   388 V WindowManager:     info={id=4410 t=OPEN f=0x0 trk=0 r=[0@Point(0, 0)] c=[
05-05 10:16:51.807   307   388 V WindowManager:         {WCT{RemoteToken{3473ae1 Task{efa8d18 #2269 type=standard A=10218:com.westlake.host}}} m=OPEN f=NONE leash=Surface(name=Task=2269)/@0x83c2d65 sb=Rect(0, 0 - 1080, 2280) eb=Rect(0, 0 - 1080, 2280) epz=Point(1080, 2280) d=0 taskParent=-1},
05-05 10:16:51.807   307   388 V WindowManager:         {WCT{RemoteToken{cb0a3c2 Task{a516ecc #1 type=home}}} m=TO_BACK f=SHOW_WALLPAPER leash=Surface(name=Task=1)/@0xdc03e5b sb=Rect(0, 0 - 1080, 2280) eb=Rect(0, 0 - 1080, 2280) epz=Point(1080, 2280) d=0 taskParent=-1}
05-05 10:16:51.807   307   388 V WindowManager:     ]}
05-05 10:16:51.810   960   970 V WindowManagerShell: onTransitionReady(transaction=1318555125478)
05-05 10:16:51.811   960   982 V WindowManagerShell: onTransitionReady (#4410) android.os.BinderProxy@6ae5ae: {id=4410 t=OPEN f=0x0 trk=0 r=[0@Point(0, 0)] c=[
05-05 10:16:51.811   960   982 V WindowManagerShell:         {m=OPEN f=NONE leash=Surface(name=Task=2269)/@0x2825b5b sb=Rect(0, 0 - 1080, 2280) eb=Rect(0, 0 - 1080, 2280) epz=Point(1080, 2280) d=0 taskParent=-1},
05-05 10:16:51.811   960   982 V WindowManagerShell:         {m=TO_BACK f=SHOW_WALLPAPER leash=Surface(name=Task=1)/@0xcb8cff8 sb=Rect(0, 0 - 1080, 2280) eb=Rect(0, 0 - 1080, 2280) epz=Point(1080, 2280) d=0 taskParent=-1}
05-05 10:16:51.811   960   982 V WindowManagerShell:     ]}
05-05 10:16:51.811   960   982 V WindowManagerShell: Playing animation for (#4410) android.os.BinderProxy@6ae5ae@0
05-05 10:16:51.811   960   982 V ShellRecents: RecentsTransitionHandler.startAnimation: no controller found
05-05 10:16:51.811   960   982 V WindowManagerShell: Transition doesn't have explicit remote, search filters for match for {id=4410 t=OPEN f=0x0 trk=0 r=[0@Point(0, 0)] c=[{m=OPEN f=NONE leash=Surface(name=Task=2269)/@0x2825b5b sb=Rect(0, 0 - 1080, 2280) eb=Rect(0, 0 - 1080, 2280) epz=Point(1080, 2280) d=0 taskParent=-1},{m=TO_BACK f=SHOW_WALLPAPER leash=Surface(name=Task=1)/@0xcb8cff8 sb=Rect(0, 0 - 1080, 2280) eb=Rect(0, 0 - 1080, 2280) epz=Point(1080, 2280) d=0 taskParent=-1}]}
05-05 10:16:51.812   960   982 V WindowManagerShell:  Checking filter Pair{{types=[] flags=0x0] notFlags=0x100 checks=[{atype=home independent=true modes=[OPEN,TO_FRONT] flags=NONE mustBeTask=false order=TOP topActivity=ComponentInfo{com.android.launcher3/com.android.launcher3.uioverrides.QuickstepLauncher} launchCookie=null windowingMode=undefined},{atype=standard independent=true modes=[CLOSE,TO_BACK] flags=NONE mustBeTask=false order=ANY topActivity=null launchCookie=null windowingMode=undefined},{NOT atype=undefined independent=true modes=[] flags=NONE mustBeTask=true order=ANY topActivity=null launchCookie=null customAnim=true windowingMode=undefined}]} RemoteTransition { remoteTransition = android.window.IRemoteTransition$Stub$Proxy@ae59c67, appThread = android.app.IApplicationThread$Stub$Proxy@8152a14, debugName = QuickstepLaunchHome }}
05-05 10:16:51.812   960   982 V WindowManagerShell:  Delegate animation for (#4410) to null
05-05 10:16:51.812   960   982 V WindowManagerShell: start default transition animation, info = {id=4410 t=OPEN f=0x0 trk=0 r=[0@Point(0, 0)] c=[{m=OPEN f=NONE leash=Surface(name=Task=2269)/@0x2825b5b sb=Rect(0, 0 - 1080, 2280) eb=Rect(0, 0 - 1080, 2280) epz=Point(1080, 2280) d=0 taskParent=-1},{m=TO_BACK f=SHOW_WALLPAPER leash=Surface(name=Task=1)/@0xcb8cff8 sb=Rect(0, 0 - 1080, 2280) eb=Rect(0, 0 - 1080, 2280) epz=Point(1080, 2280) d=0 taskParent=-1}]}
05-05 10:16:51.812   960   982 V WindowManagerShell: loadAnimation: anim=android.view.animation.AnimationSet@3b49336 animAttr=0x13 type=OPEN isEntrance=false
05-05 10:16:51.812   960   982 V WindowManagerShell: loadAnimation: anim=android.view.animation.AnimationSet@a815237 animAttr=0x12 type=OPEN isEntrance=true
05-05 10:16:51.814   960   982 V WindowManagerShell:  animated by com.android.wm.shell.transition.DefaultTransitionHandler@6c3a7ac
05-05 10:16:51.814  8598  8598 I m.westlake.host: Late-enabling -Xcheck:jni
05-05 10:16:51.817   307 25782 W UserManagerService: Requested status bar icon for non-badged user 0
05-05 10:16:51.839  3704  3747 W HidlServiceManagement: Waited one second for vendor.qti.hardware.cacert@1.0::IService/default
05-05 10:16:51.840   660   660 I hwservicemanager: Since vendor.qti.hardware.cacert@1.0::IService/default is not registered, trying to start it as a lazy HAL (if it's not configured to be a lazy HAL, it may be stuck starting or still starting).
05-05 10:16:51.841  3704  3747 I HidlServiceManagement: getService: Trying again for vendor.qti.hardware.cacert@1.0::IService/default...
05-05 10:16:51.843   660  8600 W libc    : Unable to set property "ctl.interface_start" to "vendor.qti.hardware.cacert@1.0::IService/default": PROP_ERROR_HANDLE_CONTROL_MESSAGE (0x20)
05-05 10:16:51.843   660  8600 I hwservicemanager: Tried to start vendor.qti.hardware.cacert@1.0::IService/default as a lazy service, but was unable to. Usually this happens when a service is not installed, but if the service is intended to be used as a lazy service, then it may be configured incorrectly.
05-05 10:16:51.757     0     0 E init    : Control message: Could not find 'vendor.qti.hardware.cacert@1.0::IService/default' for ctl.interface_start from pid: 660 (/system/system_ext/bin/hwservicemanager)
05-05 10:16:51.870  8598  8598 I m.westlake.host: Using CollectorTypeCC GC.
05-05 10:16:51.876 23361 23366 I adbd    : jdwp connection from 8598
05-05 10:16:51.887  8598  8598 D nativeloader: Load libframework-connectivity-tiramisu-jni.so using APEX ns com_android_tethering for caller /apex/com.android.tethering/javalib/framework-connectivity-t.jar: ok
05-05 10:16:51.801     0     0 I binder  : 8598:8598 ioctl 40046210 7fd4a812f4 returned -22
05-05 10:16:51.905   307   780 D BackgroundInstallControlService: Package event received: 0
05-05 10:16:51.911  1650  1664 D ForegroundUtils: Foreground UID status:
05-05 10:16:51.911  1650  1664 D ForegroundUtils: UID: 10130 is in foreground: false
05-05 10:16:51.911  1650  1664 D ForegroundUtils: UID: 10152 is in foreground: true
05-05 10:16:51.911  1650  1664 D ForegroundUtils: UID: 10159 is in foreground: true
05-05 10:16:51.911  1650  1664 D ForegroundUtils: UID: 10173 is in foreground: true
05-05 10:16:51.911  1650  1664 D ForegroundUtils: UID: 10190 is in foreground: true
05-05 10:16:51.911  1650  1664 D ForegroundUtils: UID: 10193 is in foreground: false
05-05 10:16:51.911  1650  1664 D ForegroundUtils: UID: 10218 is in foreground: true
05-05 10:16:51.924  8598  8598 D nativeloader: Load libstats_jni.so using APEX ns com_android_os_statsd for caller /apex/com.android.os.statsd/javalib/framework-statsd.jar: ok
05-05 10:16:51.962  8598  8598 D ApplicationLoaders: Returning zygote-cached class loader: /system/framework/android.test.base.jar
05-05 10:16:51.964  8598  8598 W ziparchive: Unable to open '/data/app/~~Gg0G5CtqAB4V4yzAnUxcxw==/com.westlake.host-3z7eVqF571ZZVn3bfdrfTg==/base.dm': No such file or directory
05-05 10:16:51.964  8598  8598 W ziparchive: Unable to open '/data/app/~~Gg0G5CtqAB4V4yzAnUxcxw==/com.westlake.host-3z7eVqF571ZZVn3bfdrfTg==/base.dm': No such file or directory
05-05 10:16:52.108   960   982 V WindowManagerShell: Transition animation finished (aborted=false), notifying core (#4410) android.os.BinderProxy@6ae5ae@0
05-05 10:16:52.111   307   388 V WindowManager: Finish Transition (#4410): created at 05-05 10:16:51.723 collect-started=0.15ms request-sent=21.669ms started=38.086ms ready=77.412ms sent=79.56ms finished=387.223ms
05-05 10:16:52.111  1230  1230 D VRI[QuickstepLauncher]: visibilityChanged oldVisibility=true newVisibility=false
05-05 10:16:52.113   960   982 V WindowManagerShell: Track 0 became idle
05-05 10:16:52.114   960   982 V WindowManagerShell: All active transition animations finished
05-05 10:16:52.114   307  1191 W UserManagerService: Requested status bar icon for non-badged user 0
05-05 10:16:52.115   307 26097 W UserManagerService: Requested status bar icon for non-badged user 0
05-05 10:16:52.842  3704  3747 W HidlServiceManagement: Waited one second for vendor.qti.hardware.cacert@1.0::IService/default
05-05 10:16:52.842   660   660 I hwservicemanager: Since vendor.qti.hardware.cacert@1.0::IService/default is not registered, trying to start it as a lazy HAL (if it's not configured to be a lazy HAL, it may be stuck starting or still starting).
05-05 10:16:52.843  3704  3747 I HidlServiceManagement: getService: Trying again for vendor.qti.hardware.cacert@1.0::IService/default...
05-05 10:16:52.843   660  8613 W libc    : Unable to set property "ctl.interface_start" to "vendor.qti.hardware.cacert@1.0::IService/default": PROP_ERROR_HANDLE_CONTROL_MESSAGE (0x20)
05-05 10:16:52.843   660  8613 I hwservicemanager: Tried to start vendor.qti.hardware.cacert@1.0::IService/default as a lazy service, but was unable to. Usually this happens when a service is not installed, but if the service is intended to be used as a lazy service, then it may be configured incorrectly.
05-05 10:16:52.757     0     0 E init    : Control message: Could not find 'vendor.qti.hardware.cacert@1.0::IService/default' for ctl.interface_start from pid: 660 (/system/system_ext/bin/hwservicemanager)
05-05 10:16:52.911  3512  3691 I ThermalEngine: Monitor : quiet_therm = 22767, msm_therm = 24821, xo_therm = 24464, battery_therm = 212,current_now = 0 
05-05 10:16:52.985     0     0 I QCOM-BATT: pl_fcc_vote_callback: total_fcc_ua=1950000
05-05 10:16:52.985     0     0 I QCOM-BATT: pl_fv_vote_callback: fv_uv=4400000
05-05 10:16:53.085  8598  8598 D nativeloader: Configuring clns-7 for other apk /data/app/~~Gg0G5CtqAB4V4yzAnUxcxw==/com.westlake.host-3z7eVqF571ZZVn3bfdrfTg==/base.apk. target_sdk_version=28, uses_libraries=, library_path=/data/app/~~Gg0G5CtqAB4V4yzAnUxcxw==/com.westlake.host-3z7eVqF571ZZVn3bfdrfTg==/lib/arm64:/data/app/~~Gg0G5CtqAB4V4yzAnUxcxw==/com.westlake.host-3z7eVqF571ZZVn3bfdrfTg==/base.apk!/lib/arm64-v8a, permitted_path=/data:/mnt/expand:/data/user/0/com.westlake.host
05-05 10:16:53.094  8598  8598 I m.westlake.host: AssetManager2(0x7bd463b4f8) locale list changing from [] to [en-US]
05-05 10:16:53.105  8598  8598 V GraphicsEnvironment: Currently set values for:
05-05 10:16:53.105  8598  8598 V GraphicsEnvironment:   angle_gl_driver_selection_pkgs=[]
05-05 10:16:53.105  8598  8598 V GraphicsEnvironment:   angle_gl_driver_selection_values=[]
05-05 10:16:53.105  8598  8598 V GraphicsEnvironment: com.westlake.host is not listed in per-application setting
05-05 10:16:53.105  8598  8598 V GraphicsEnvironment: Neither updatable production driver nor prerelease driver is supported.
05-05 10:16:53.164   307   780 D BackgroundInstallControlService: Package event received: 0
05-05 10:16:53.164   307   780 D BackgroundInstallControlService: Package event received: 0
05-05 10:16:53.173  8598  8598 I m.westlake.host: AssetManager2(0x7bd4642578) locale list changing from [] to [en-US]
05-05 10:16:53.225  8598  8598 I Westlake: WestlakeActivity onCreate (ComponentActivity + Compose)
05-05 10:16:53.225  8598  8598 I Westlake: Auto-launching: WESTLAKE_ART_NOICE
05-05 10:16:53.225  8598  8598 I Westlake: Launching Noice via Westlake ART VM
05-05 10:16:53.255  8598  8598 D DesktopModeFlagsUtil: Toggle override initialized to: OVERRIDE_UNSET
05-05 10:16:53.314   713  1834 I NxpNciR : len =   4 > 600701A1
05-05 10:16:53.388  8598  8598 D InsetsController: Setting requestedVisibleTypes to -10 (was -9)
05-05 10:16:53.389   307  1191 W WindowManager: Failed looking up window session=Session{5ff1842 8598:u0a10218} callers=com.android.server.wm.WindowManagerService.windowForClientLocked:6324 com.android.server.wm.Session.updateRequestedVisibleTypes:699 android.view.IWindowSession$Stub.onTransact:1023 
05-05 10:16:53.346     0     0 E FG      : fg_psy_get_property: unsupported property 79
05-05 10:16:53.355     0     0 E FG      : fg_psy_get_property: unsupported property 79
05-05 10:16:53.360     0     0 W healthd : battery l=100 v=2916 t=21.2 h=2 st=5 c=0 fc=2831000 chg=u
05-05 10:16:53.367     0     0 E FG      : fg_psy_get_property: unsupported property 79
05-05 10:16:53.767  8598  8598 W m.westlake.host: Method java.lang.Object androidx.compose.runtime.snapshots.SnapshotStateMap.mutate(kotlin.jvm.functions.Function1) failed lock verification and will run slower.
05-05 10:16:53.767  8598  8598 W m.westlake.host: Common causes for lock verification issues are non-optimized dex code
05-05 10:16:53.767  8598  8598 W m.westlake.host: and incorrect proguard optimizations.
05-05 10:16:53.767  8598  8598 W m.westlake.host: Method void androidx.compose.runtime.snapshots.SnapshotStateMap.update(kotlin.jvm.functions.Function1) failed lock verification and will run slower.
05-05 10:16:53.768  8598  8598 W m.westlake.host: Method boolean androidx.compose.runtime.snapshots.SnapshotStateMap.removeIf$runtime_release(kotlin.jvm.functions.Function1) failed lock verification and will run slower.
05-05 10:16:53.843  3704  3747 W HidlServiceManagement: Waited one second for vendor.qti.hardware.cacert@1.0::IService/default
05-05 10:16:53.843   660   660 I hwservicemanager: Since vendor.qti.hardware.cacert@1.0::IService/default is not registered, trying to start it as a lazy HAL (if it's not configured to be a lazy HAL, it may be stuck starting or still starting).
05-05 10:16:53.844  3704  3747 I HidlServiceManagement: getService: Trying again for vendor.qti.hardware.cacert@1.0::IService/default...
05-05 10:16:53.845   660  8620 W libc    : Unable to set property "ctl.interface_start" to "vendor.qti.hardware.cacert@1.0::IService/default": PROP_ERROR_HANDLE_CONTROL_MESSAGE (0x20)
05-05 10:16:53.845   660  8620 I hwservicemanager: Tried to start vendor.qti.hardware.cacert@1.0::IService/default as a lazy service, but was unable to. Usually this happens when a service is not installed, but if the service is intended to be used as a lazy service, then it may be configured incorrectly.
05-05 10:16:53.759     0     0 E init    : Control message: Could not find 'vendor.qti.hardware.cacert@1.0::IService/default' for ctl.interface_start from pid: 660 (/system/system_ext/bin/hwservicemanager)
05-05 10:16:54.193  8598  8598 I WestlakeVM: DisplayListFrameView 480x800 for com.github.ashutoshgngwr.noice
05-05 10:16:54.212  8598  8598 I WestlakeVM: startPipeReader: pipe=false holder=true thread=null
05-05 10:16:54.266   307 26097 D CoreBackPreview: Window{6ea768e u0 com.westlake.host/com.westlake.host.WestlakeActivity}: Setting back callback OnBackInvokedCallbackInfo{mCallback=android.window.IOnBackInvokedCallback$Stub$Proxy@d304245, mPriority=0, mIsAnimationCallback=false, mOverrideBehavior=0}
05-05 10:16:54.389  8598  8616 I AdrenoGLES-0: QUALCOMM build                   : 8e5405b, I57aaec3440
05-05 10:16:54.389  8598  8616 I AdrenoGLES-0: Build Date                       : 05/21/21
05-05 10:16:54.389  8598  8616 I AdrenoGLES-0: OpenGL ES Shader Compiler Version: EV031.32.02.10
05-05 10:16:54.389  8598  8616 I AdrenoGLES-0: Local Branch                     : mybranchebba1dbe-451b-f160-ac81-1458d0b52ae8
05-05 10:16:54.389  8598  8616 I AdrenoGLES-0: Remote Branch                    : quic/gfx-adreno.lnx.1.0.r135-rel
05-05 10:16:54.389  8598  8616 I AdrenoGLES-0: Remote Branch                    : NONE
05-05 10:16:54.389  8598  8616 I AdrenoGLES-0: Reconstruct Branch               : NOTHING
05-05 10:16:54.389  8598  8616 I AdrenoGLES-0: Build Config                     : S P 10.0.7 AArch64
05-05 10:16:54.389  8598  8616 I AdrenoGLES-0: Driver Path                      : /vendor/lib64/egl/libGLESv2_adreno.so
05-05 10:16:54.400  8598  8616 I AdrenoGLES-0: PFP: 0x016ee190, ME: 0x00000000
05-05 10:16:54.421  3320  4159 E HWComposer: getSupportedContentTypes: getSupportedContentTypes failed for display 4630946883826275713: UNSUPPORTED (8)
05-05 10:16:54.428   660   660 I hwservicemanager: getTransport: Cannot find entry android.hardware.graphics.mapper@4.0::IMapper/default in either framework or device VINTF manifest.
05-05 10:16:54.428  8598  8621 I Gralloc4: mapper 4.x is not supported
05-05 10:16:54.428   660   660 I hwservicemanager: getTransport: Cannot find entry android.hardware.graphics.mapper@3.0::IMapper/default in either framework or device VINTF manifest.
05-05 10:16:54.428  8598  8621 W Gralloc3: mapper 3.x is not supported
05-05 10:16:54.432  8598  8621 I Gralloc2: Adding additional valid usage bits: 0x8202000
05-05 10:16:54.341     0     0 I servicemanager: Caller(pid=8598,uid=10218,sid=u:r:untrusted_app_27:s0:c218,c256,c512,c768) Could not find android.hardware.graphics.allocator.IAllocator/default in the VINTF manifest. No alternative instances declared in VINTF.
05-05 10:16:54.341     0     0 I binder  : 8598:8621 ioctl 40046210 7a9c061094 returned -22
05-05 10:16:54.552   307   388 W ziparchive: Unable to open '/data/app/~~Gg0G5CtqAB4V4yzAnUxcxw==/com.westlake.host-3z7eVqF571ZZVn3bfdrfTg==/base.dm': No such file or directory
05-05 10:16:54.554   307   388 I ActivityTaskManager: Displayed com.westlake.host/.WestlakeActivity for user 0: +2s835ms
05-05 10:16:54.572  8598  8610 I HWUI    : Davey! duration=1156ms; Flags=1, FrameTimelineVsyncId=93945231, IntendedVsync=2198444964807811, Vsync=2198444964807811, InputEventId=0, HandleInputStart=2198444974620888, AnimationStart=2198444974632815, PerformTraversalsStart=2198444974646877, DrawStart=2198446011344065, FrameDeadline=2198444981474477, FrameInterval=2198444974558023, FrameStartTime=16680621, SyncQueued=2198446032189950, SyncStart=2198446032360992, IssueDrawCommandsStart=2198446032925835, SwapBuffers=2198446117602554, FrameCompleted=2198446121219533, DequeueBufferDuration=31718, QueueBufferDuration=527447, GpuCompleted=2198446121219533, SwapBuffersCompleted=2198446119174169, DisplayPresentTime=0, CommandSubmissionCompleted=2198446117602554, 
05-05 10:16:54.609  8598  8598 I Choreographer: Skipped 63 frames!  The application may be doing too much work on its main thread.
05-05 10:16:54.612  8598  8628 I WestlakeVM: startWithConfig() called, config=ApkVmConfig(packageName=com.github.ashutoshgngwr.noice, activityName=com.github.ashutoshgngwr.noice.activity.MainActivity, displayName=Noice (ART), apkSourceDir=/data/app/~~R7-vSKxT523z7oA2P8Ynag==/com.github.ashutoshgngwr.noice-D3ESsKFH5h3RNFnLUIp9ig==/base.apk, allowRealFrameworkFallback=false, backendMode=null, extraVmProperties={})
05-05 10:16:54.630   307   656 I ImeTracker: com.westlake.host:f762069b: onRequestHide at ORIGIN_SERVER reason HIDE_UNSPECIFIED_WINDOW fromUser false
05-05 10:16:54.648  8598  8598 D InsetsController: hide(ime(), fromIme=false)
05-05 10:16:54.648  8598  8598 I ImeTracker: com.westlake.host:f762069b: onCancelled at PHASE_CLIENT_ALREADY_HIDDEN
05-05 10:16:54.650  3220  3220 I android.hardware.power-service-qti: Power setMode: 5 to: 0
05-05 10:16:54.655  1650  1664 D ForegroundUtils: Foreground UID status:
05-05 10:16:54.655  1650  1664 D ForegroundUtils: UID: 10130 is in foreground: false
05-05 10:16:54.655  1650  1664 D ForegroundUtils: UID: 10152 is in foreground: false
05-05 10:16:54.655  1650  1664 D ForegroundUtils: UID: 10159 is in foreground: true
05-05 10:16:54.655  1650  1664 D ForegroundUtils: UID: 10173 is in foreground: true
05-05 10:16:54.655  1650  1664 D ForegroundUtils: UID: 10190 is in foreground: true
05-05 10:16:54.655  1650  1664 D ForegroundUtils: UID: 10193 is in foreground: false
05-05 10:16:54.655  1650  1664 D ForegroundUtils: UID: 10218 is in foreground: true
05-05 10:16:54.663  1230  1230 D BaseDepthController: setSurface:
05-05 10:16:54.663  1230  1230 D BaseDepthController: 	mWaitingOnSurfaceValidity: false
05-05 10:16:54.663  1230  1230 D BaseDepthController: 	mSurface: null
05-05 10:16:54.669  1230  1230 D StateManager: goToState - fromState: Normal, toState: Normal, partial trace:
05-05 10:16:54.669  1230  1230 D StateManager: 	at com.android.launcher3.statemanager.StateManager.moveToRestState(StateManager.java:465)
05-05 10:16:54.669  1230  1230 D StateManager: 	at com.android.launcher3.statemanager.StateManager.moveToRestState(StateManager.java:456)
05-05 10:16:54.669  1230  1230 D StateManager: 	at com.android.launcher3.statemanager.StatefulActivity.onStop(StatefulActivity.java:136)
05-05 10:16:54.669  1230  1230 D StatsLog: LAUNCHER_ONSTOP
05-05 10:16:54.671   307  1478 I AppWidgetServiceImpl: setAppWidgetHidden() 0
05-05 10:16:54.676   307   780 D BackgroundInstallControlService: Package event received: 0
05-05 10:16:54.681  3080 29189 I netd    : tetherGetStats() -> {[]} <12.71ms>
05-05 10:16:54.844  3704  3747 W HidlServiceManagement: Waited one second for vendor.qti.hardware.cacert@1.0::IService/default
05-05 10:16:54.845   660   660 I hwservicemanager: Since vendor.qti.hardware.cacert@1.0::IService/default is not registered, trying to start it as a lazy HAL (if it's not configured to be a lazy HAL, it may be stuck starting or still starting).
05-05 10:16:54.846  3704  3747 I HidlServiceManagement: getService: Trying again for vendor.qti.hardware.cacert@1.0::IService/default...
05-05 10:16:54.850   660  8635 W libc    : Unable to set property "ctl.interface_start" to "vendor.qti.hardware.cacert@1.0::IService/default": PROP_ERROR_HANDLE_CONTROL_MESSAGE (0x20)
05-05 10:16:54.850   660  8635 I hwservicemanager: Tried to start vendor.qti.hardware.cacert@1.0::IService/default as a lazy service, but was unable to. Usually this happens when a service is not installed, but if the service is intended to be used as a lazy service, then it may be configured incorrectly.
05-05 10:16:54.763     0     0 E init    : Control message: Could not find 'vendor.qti.hardware.cacert@1.0::IService/default' for ctl.interface_start from pid: 660 (/system/system_ext/bin/hwservicemanager)
05-05 10:16:54.926   960  1004 W WindowOnBackDispatcher: sendCancelIfRunning: isInProgress=false callback=android.view.ViewRootImpl$$ExternalSyntheticLambda13@6d344e0
05-05 10:16:54.927  3220  3220 I android.hardware.power-service-qti: Power setBoost: 0, duration: 0
05-05 10:16:54.930   307  1191 D CoreBackPreview: Window{1c83fa9 u0 Splash Screen com.westlake.host EXITING}: Setting back callback null
05-05 10:16:54.977   960  1004 W FrameTracker: Missing SF jank callback for vsyncId: 93945355, CUJ=J<SPLASHSCREEN_EXIT_ANIM>
05-05 10:16:54.977   960  1004 W FrameTracker: Missing SF jank callback for vsyncId: 93945375, CUJ=J<SPLASHSCREEN_EXIT_ANIM>
05-05 10:16:54.977   960  1004 W FrameTracker: Missing SF jank callback for vsyncId: 93945393, CUJ=J<SPLASHSCREEN_EXIT_ANIM>
05-05 10:16:54.977   960  1004 W FrameTracker: Missing SF jank callback for vsyncId: 93945406, CUJ=J<SPLASHSCREEN_EXIT_ANIM>
05-05 10:16:54.977   960  1004 W FrameTracker: Missing SF jank callback for vsyncId: 93945426, CUJ=J<SPLASHSCREEN_EXIT_ANIM>
05-05 10:16:54.977   960  1004 W FrameTracker: Missing SF jank callback for vsyncId: 93945463, CUJ=J<SPLASHSCREEN_EXIT_ANIM>
05-05 10:16:54.977   960  1004 W FrameTracker: Missing SF jank callback for vsyncId: 93945482, CUJ=J<SPLASHSCREEN_EXIT_ANIM>
05-05 10:16:54.977   960  1004 W FrameTracker: Missing SF jank callback for vsyncId: 93945507, CUJ=J<SPLASHSCREEN_EXIT_ANIM>
05-05 10:16:54.977   960  1004 W FrameTracker: Missing SF jank callback for vsyncId: 93945532, CUJ=J<SPLASHSCREEN_EXIT_ANIM>
05-05 10:16:54.977   960  1004 W FrameTracker: Missing SF jank callback for vsyncId: 93945551, CUJ=J<SPLASHSCREEN_EXIT_ANIM>
05-05 10:16:54.977   960  1004 W FrameTracker: Missing SF jank callback for vsyncId: 93945564, CUJ=J<SPLASHSCREEN_EXIT_ANIM>
05-05 10:16:54.977   960  1004 W FrameTracker: Missing SF jank callback for vsyncId: 93945577, CUJ=J<SPLASHSCREEN_EXIT_ANIM>
05-05 10:16:54.977   960  1004 W FrameTracker: Missing SF jank callback for vsyncId: 93945590, CUJ=J<SPLASHSCREEN_EXIT_ANIM>
05-05 10:16:54.977   960  1004 W FrameTracker: Missing SF jank callback for vsyncId: 93945603, CUJ=J<SPLASHSCREEN_EXIT_ANIM>
05-05 10:16:54.977   960  1004 W FrameTracker: Missing SF jank callback for vsyncId: 93945616, CUJ=J<SPLASHSCREEN_EXIT_ANIM>
05-05 10:16:54.977   960  1004 W FrameTracker: Missing SF jank callback for vsyncId: 93945629, CUJ=J<SPLASHSCREEN_EXIT_ANIM>
05-05 10:16:54.977   960  1004 W FrameTracker: Missing SF jank callback for vsyncId: 93945642, CUJ=J<SPLASHSCREEN_EXIT_ANIM>
05-05 10:16:54.977   960  1004 W FrameTracker: Missing SF jank callback for vsyncId: 93945655, CUJ=J<SPLASHSCREEN_EXIT_ANIM>
05-05 10:16:54.978   960  1004 W FrameTracker: Missing SF jank callback for vsyncId: 93945668, CUJ=J<SPLASHSCREEN_EXIT_ANIM>
05-05 10:16:54.978   960  1004 W FrameTracker: Missing SF jank callback for vsyncId: 93945694, CUJ=J<SPLASHSCREEN_EXIT_ANIM>
05-05 10:16:54.984  8598  8631 W InteractionJankMonitor: Initializing without READ_DEVICE_CONFIG permission. enabled=true, interval=1, missedFrameThreshold=3, frameTimeThreshold=64, package=com.westlake.host
05-05 10:16:55.121  8598  8628 I WestlakeVM: App OAT symlinks: 0 files in /data/local/tmp/westlake/oat/arm64
05-05 10:16:55.847  3704  3747 W HidlServiceManagement: Waited one second for vendor.qti.hardware.cacert@1.0::IService/default
05-05 10:16:55.848   660   660 I hwservicemanager: Since vendor.qti.hardware.cacert@1.0::IService/default is not registered, trying to start it as a lazy HAL (if it's not configured to be a lazy HAL, it may be stuck starting or still starting).
05-05 10:16:55.849  3704  3747 I HidlServiceManagement: getService: Trying again for vendor.qti.hardware.cacert@1.0::IService/default...
05-05 10:16:55.853   660  8648 W libc    : Unable to set property "ctl.interface_start" to "vendor.qti.hardware.cacert@1.0::IService/default": PROP_ERROR_HANDLE_CONTROL_MESSAGE (0x20)
05-05 10:16:55.853   660  8648 I hwservicemanager: Tried to start vendor.qti.hardware.cacert@1.0::IService/default as a lazy service, but was unable to. Usually this happens when a service is not installed, but if the service is intended to be used as a lazy service, then it may be configured incorrectly.
05-05 10:16:55.766     0     0 E init    : Control message: Could not find 'vendor.qti.hardware.cacert@1.0::IService/default' for ctl.interface_start from pid: 660 (/system/system_ext/bin/hwservicemanager)
05-05 10:16:56.652  8598  8598 I DefaultDispatch: type=1400 audit(0.0:56565): avc:  denied  { setattr } for  name="westlake-launch.properties" dev="sda17" ino=1973264 scontext=u:r:untrusted_app_27:s0:c218,c256,c512,c768 tcontext=u:object_r:shell_data_file:s0 tclass=file permissive=1 app=com.westlake.host
05-05 10:16:56.662  8649  8649 W DefaultDispatch: type=1400 audit(0.0:56566): avc:  granted  { execute } for  name="dalvikvm" dev="sda17" ino=524812 scontext=u:r:untrusted_app_27:s0:c218,c256,c512,c768 tcontext=u:object_r:app_data_file:s0:c218,c256,c512,c768 tclass=file app=com.westlake.host
05-05 10:16:56.662  8649  8649 W DefaultDispatch: type=1400 audit(0.0:56567): avc:  granted  { execute_no_trans } for  path="/data/user/0/com.westlake.host/files/vm/dalvikvm" dev="sda17" ino=524812 scontext=u:r:untrusted_app_27:s0:c218,c256,c512,c768 tcontext=u:object_r:app_data_file:s0:c218,c256,c512,c768 tclass=file app=com.westlake.host
05-05 10:16:56.675  8598  8652 I WestlakeVM: VM: [dalvikvm] Injected mainThreadStackSize=256MB
05-05 10:16:56.675  8598  8652 I WestlakeVM: VM: [dalvikvm] Captured -classpath=/data/local/tmp/westlake/com_github_ashutoshgngwr_noice_classes.dex:/data/local/tmp/westlake/com_github_ashutoshgngwr_noice.apk
05-05 10:16:56.675  8598  8652 I WestlakeVM: VM: [RT-DBG] Locks::Init done, calling InitLogging
05-05 10:16:56.676  8598  8652 I WestlakeVM: VM: [RT-DBG] InitLogging done, calling ParsedOptions::Parse
05-05 10:16:56.676  8598  8651 I WestlakeVM: startPipeReader: pipe=true holder=true thread=null
05-05 10:16:56.662  8649  8649 W dalvikvm: type=1400 audit(0.0:56568): avc:  granted  { execute } for  path="/data/user/0/com.westlake.host/files/vm/dalvikvm" dev="sda17" ino=524812 scontext=u:r:untrusted_app_27:s0:c218,c256,c512,c768 tcontext=u:object_r:app_data_file:s0:c218,c256,c512,c768 tclass=file app=com.westlake.host
05-05 10:16:56.678  8598  8650 I WestlakeVM: HTTP bridge started: /data/user/0/com.westlake.host/files/vm/http_bridge
05-05 10:16:56.678  8598  8652 I WestlakeVM: VM: nullptr I 05-05 21:16:56  8649  8653 parsed_options.cc:701] setting boot class path to /data/local/tmp/westlake/core-oj.jar:/data/local/tmp/westlake/core-libart.jar:/data/local/tmp/westlake/core-icu4j.jar:/data/local/tmp/westlake/bouncycastle.jar:/data/local/tmp/westlake/aosp-shim.dex
05-05 10:16:56.679  8598  8652 I WestlakeVM: VM: nullptr I 05-05 21:16:56  8649  8653 heap.cc:440] Using CollectorType(2) GC.
05-05 10:16:56.679  8598  8652 I WestlakeVM: VM: [IMG] LoadBootImage entered, image_locations=0
05-05 10:16:56.680  8598  8654 I WestlakeVM: PIPE READER: started, holder=com.westlake.host.DisplayListFrameView{a087ce5 V.ED..... ........ 0,0-1080,1800}
05-05 10:16:56.685  8598  8628 I WestlakeVM: Pipe reader started, syncing to DLST magic...
05-05 10:16:56.701  8598  8652 I WestlakeVM: VM: [PFCUT] Standalone runtime forcing JIT/profiling off
05-05 10:16:56.701  8598  8652 I WestlakeVM: VM: nullptr W 05-05 21:16:56  8649  8653 fault_handler.cc:131] FaultHandler: MEMBARRIER_CMD_REGISTER_PRIVATE_EXPEDITED failed: 38 Function not implemented
05-05 10:16:56.702  8598  8652 I WestlakeVM: VM: nullptr W 05-05 21:16:56  8649  8653 dex_file_loader.cc:536] Can't mmap dex file /data/local/tmp/westlake/core-icu4j.jar!classes.dex directly; please zipalign to 4 bytes. Falling back to extracting file.
05-05 10:16:56.712  8598  8652 I WestlakeVM: VM: nullptr W 05-05 21:16:56  8649  8653 class_linker.cc:875] CheckSystemClass: Class mismatch for Ljava/lang/String; (continuing for standalone dex2oat)
05-05 10:16:56.712  8598  8652 I WestlakeVM: VM: nullptr W 05-05 21:16:56  8649  8653 class_linker.cc:878]   c1 (pre-allocated) ptr=0x10e7780 objectSize=0 classSize=784 status=1 numVTable=81 numMethods=0 numSFields=0 numIFields=0
05-05 10:16:56.712  8598  8652 I WestlakeVM: VM: nullptr W 05-05 21:16:56  8649  8653 class_linker.cc:887]   c2 (from DEX)      ptr=0x1400b800 objectSize=0 classSize=808 status=7 numVTable=-1 numMethods=131 numSFields=7 numIFields=2
05-05 10:16:56.712  8598  8652 I WestlakeVM: VM: nullptr W 05-05 21:16:56  8649  8653 class_linker.cc:903]   String root = c2 (0x1400b800, 131 methods)
05-05 10:16:56.715  8598  8652 I WestlakeVM: VM: [RT] Runtime::Start() ENTERED
05-05 10:16:56.715  8598  8652 I WestlakeVM: VM: [RT] Standalone class path open: /data/local/tmp/westlake/com_github_ashutoshgngwr_noice_classes.dex (1 dex)
05-05 10:16:56.780  8598  8652 I WestlakeVM: VM: [RT] Standalone class path open: /data/local/tmp/westlake/com_github_ashutoshgngwr_noice.apk (1 dex)
05-05 10:16:56.780  8598  8652 I WestlakeVM: VM: [RT] Standalone class path ready: 2 dex files
05-05 10:16:56.780  8598  8652 I WestlakeVM: VM: [RT]   TRY_REGISTER(register_java_lang_Throwable) ...
05-05 10:16:56.780  8598  8652 I WestlakeVM: VM: [RT]   TRY_REGISTER(register_java_lang_Throwable) done
05-05 10:16:56.780  8598  8652 I WestlakeVM: VM: [RT]   TRY_REGISTER(register_dalvik_system_DexFile) ...
05-05 10:16:56.781  8598  8652 I WestlakeVM: VM: [RT]   TRY_REGISTER(register_dalvik_system_DexFile) done
05-05 10:16:56.781  8598  8652 I WestlakeVM: VM: [RT]   TRY_REGISTER(register_dalvik_system_BaseDexClassLoader) ...
05-05 10:16:56.781  8598  8652 I WestlakeVM: VM: [RT]   TRY_REGISTER(register_dalvik_system_BaseDexClassLoader) done
05-05 10:16:56.781  8598  8652 I WestlakeVM: VM: [RT]   TRY_REGISTER(register_dalvik_system_VMDebug) ...
05-05 10:16:56.781  8598  8652 I WestlakeVM: VM: [RT]   TRY_REGISTER(register_dalvik_system_VMDebug) done
05-05 10:16:56.781  8598  8652 I WestlakeVM: VM: [RT]   TRY_REGISTER(real_register_dalvik_system_VMRuntime) ...
05-05 10:16:56.781  8598  8652 I WestlakeVM: VM: [jni] Skipping missing native method: getFullGcCount()J
05-05 10:16:56.782  8598  8652 I WestlakeVM: VM: [jni] Skipping missing native method: getFullGcCount()J
05-05 10:16:56.782  8598  8652 I WestlakeVM: VM: nullptr W 05-05 21:16:56  8649  8653 tolerant_native_util.h:41] RegisterNatives: skipping dalvik/system/VMRuntime.getFullGcCount()J (not in JAR)
05-05 10:16:56.782  8598  8652 I WestlakeVM: VM: nullptr I 05-05 21:16:56  8649  8653 tolerant_native_util.h:47] RegisterNatives: dalvik/system/VMRuntime: 48/49 methods registered
05-05 10:16:56.782  8598  8652 I WestlakeVM: VM: [RT]   TRY_REGISTER(real_register_dalvik_system_VMRuntime) done
05-05 10:16:56.782  8598  8652 I WestlakeVM: VM: [RT]   TRY_REGISTER(register_dalvik_system_VMStack) ...
05-05 10:16:56.782  8598  8652 I WestlakeVM: VM: [RT]   TRY_REGISTER(register_dalvik_system_VMStack) done
05-05 10:16:56.782  8598  8652 I WestlakeVM: VM: [RT]   TRY_REGISTER(register_dalvik_system_ZygoteHooks) ...
05-05 10:16:56.783  8598  8652 I WestlakeVM: VM: [RT]   TRY_REGISTER(register_dalvik_system_ZygoteHooks) done
05-05 10:16:56.783  8598  8652 I WestlakeVM: VM: [RT]   TRY_REGISTER(register_java_lang_Class) ...
05-05 10:16:56.783  8598  8652 I WestlakeVM: VM: [jni] Skipping missing native method: getInnerClassName()Ljava/lang/String;
05-05 10:16:56.783  8598  8652 I WestlakeVM: VM: [jni] Skipping missing native method: getInnerClassName()Ljava/lang/String;
05-05 10:16:56.783  8598  8652 I WestlakeVM: VM: nullptr W 05-05 21:16:56  8649  8653 tolerant_native_util.h:41] RegisterNatives: skipping java/lang/Class.getInnerClassName()Ljava/lang/String; (not in JAR)
05-05 10:16:56.783  8598  8652 I WestlakeVM: VM: nullptr I 05-05 21:16:56  8649  8653 tolerant_native_util.h:47] RegisterNatives: java/lang/Class: 32/33 methods registered
05-05 10:16:56.784  8598  8652 I WestlakeVM: VM: [RT]   TRY_REGISTER(register_java_lang_Class) done
05-05 10:16:56.784  8598  8652 I WestlakeVM: VM: [RT]   TRY_REGISTER(register_java_lang_Character) ...
