05-05 10:22:46.569  9207  9259 I WestlakeVM: VM: [PFCUT] InterpreterJni jdk.Unsafe CAS long target=0x14079fc0 offset=40 current=9 expected=9 new=10 success=1
05-05 10:22:46.570  9207  9259 I WestlakeVM: VM: [PFCUT] InterpreterJni jdk.Unsafe CAS long target=0x14079fc0 offset=40 current=10 expected=10 new=11 success=1
05-05 10:22:46.572  9207  9259 I WestlakeVM: VM: [PFCUT] InterpreterJni jdk.Unsafe CAS ref target=0x14080a10 offset=64 current=0 expected=0 new=0x14093ca0 success=1 array_index=13
05-05 10:22:46.572  9207  9259 I WestlakeVM: VM: [PFCUT] InterpreterJni jdk.Unsafe CAS long target=0x14079fc0 offset=40 current=11 expected=11 new=12 success=1
05-05 10:22:46.572  9207  9259 I WestlakeVM: VM: [PFCUT] InterpreterJni jdk.Unsafe CAS int target=0x14079fc0 offset=52 current=12 expected=12 new=-2145714174 success=1
05-05 10:22:46.572  9207  9259 I WestlakeVM: VM: [PFCUT] InterpreterJni jdk.Unsafe CAS int target=0x14079fc0 offset=56 current=16 expected=16 new=0 success=1
05-05 10:22:46.573  9207  9259 I WestlakeVM: VM: [PFCUT-TRACE] thread=main-256mb ts_us=2198798148176 kind=setSlot.jdk caller="void jdk.internal.misc.Unsafe.putReferenceVolatile(java.lang.Object, long, java.lang.Object)" array.class=java.util.concurrent.ConcurrentHashMap$Node[] array.componentType=java.util.concurrent.ConcurrentHashMap$Node array.length=32 index=15 value.ptr=0x14093c10 value.class=java.util.concurrent.ConcurrentHashMap$Node assignable=1
05-05 10:22:46.573  9207  9259 I WestlakeVM: VM: [PFCUT-TRACE] thread=main-256mb ts_us=2198798148340 kind=setSlot.jdk caller="void jdk.internal.misc.Unsafe.putReferenceVolatile(java.lang.Object, long, java.lang.Object)" array.class=java.util.concurrent.ConcurrentHashMap$Node[] array.componentType=java.util.concurrent.ConcurrentHashMap$Node array.length=32 index=31 value.ptr=0 value.class=<null> assignable=1
05-05 10:22:46.573  9207  9259 I WestlakeVM: VM: [PFCUT-TRACE] thread=main-256mb ts_us=2198798148440 kind=setSlot.jdk caller="void jdk.internal.misc.Unsafe.putReferenceVolatile(java.lang.Object, long, java.lang.Object)" array.class=java.util.concurrent.ConcurrentHashMap$Node[] array.componentType=java.util.concurrent.ConcurrentHashMap$Node array.length=16 index=15 value.ptr=0x14097540 value.class=java.util.concurrent.ConcurrentHashMap$ForwardingNode assignable=1
05-05 10:22:46.573  9207  9259 I WestlakeVM: VM: [PFCUT] InterpreterJni jdk.Unsafe CAS ref target=0x14080a10 offset=68 current=0 expected=0 new=0x14097540 success=1 array_index=14
05-05 10:22:46.573  9207  9259 I WestlakeVM: VM: [PFCUT-TRACE] thread=main-256mb ts_us=2198798148834 kind=setSlot.jdk caller="void jdk.internal.misc.Unsafe.putReferenceVolatile(java.lang.Object, long, java.lang.Object)" array.class=java.util.concurrent.ConcurrentHashMap$Node[] array.componentType=java.util.concurrent.ConcurrentHashMap$Node array.length=32 index=13 value.ptr=0 value.class=<null> assignable=1
05-05 10:22:46.574  9207  9259 I WestlakeVM: VM: [PFCUT-TRACE] thread=main-256mb ts_us=2198798148936 kind=setSlot.jdk caller="void jdk.internal.misc.Unsafe.putReferenceVolatile(java.lang.Object, long, java.lang.Object)" array.class=java.util.concurrent.ConcurrentHashMap$Node[] array.componentType=java.util.concurrent.ConcurrentHashMap$Node array.length=32 index=29 value.ptr=0x14093ca0 value.class=java.util.concurrent.ConcurrentHashMap$Node assignable=1
05-05 10:22:46.574  9207  9259 I WestlakeVM: VM: [PFCUT-TRACE] thread=main-256mb ts_us=2198798149039 kind=setSlot.jdk caller="void jdk.internal.misc.Unsafe.putReferenceVolatile(java.lang.Object, long, java.lang.Object)" array.class=java.util.concurrent.ConcurrentHashMap$Node[] array.componentType=java.util.concurrent.ConcurrentHashMap$Node array.length=16 index=13 value.ptr=0x14097540 value.class=java.util.concurrent.ConcurrentHashMap$ForwardingNode assignable=1
05-05 10:22:46.574  9207  9259 I WestlakeVM: VM: [PFCUT-TRACE] thread=main-256mb ts_us=2198798149288 kind=setSlot.jdk caller="void jdk.internal.misc.Unsafe.putReferenceVolatile(java.lang.Object, long, java.lang.Object)" array.class=java.util.concurrent.ConcurrentHashMap$Node[] array.componentType=java.util.concurrent.ConcurrentHashMap$Node array.length=32 index=12 value.ptr=0x14093aa8 value.class=java.util.concurrent.ConcurrentHashMap$Node assignable=1
05-05 10:22:46.574  9207  9259 I WestlakeVM: VM: [PFCUT-TRACE] thread=main-256mb ts_us=2198798149385 kind=setSlot.jdk caller="void jdk.internal.misc.Unsafe.putReferenceVolatile(java.lang.Object, long, java.lang.Object)" array.class=java.util.concurrent.ConcurrentHashMap$Node[] array.componentType=java.util.concurrent.ConcurrentHashMap$Node array.length=32 index=28 value.ptr=0 value.class=<null> assignable=1
05-05 10:22:46.574  9207  9259 I WestlakeVM: VM: [PFCUT-TRACE] thread=main-256mb ts_us=2198798149480 kind=setSlot.jdk caller="void jdk.internal.misc.Unsafe.putReferenceVolatile(java.lang.Object, long, java.lang.Object)" array.class=java.util.concurrent.ConcurrentHashMap$Node[] array.componentType=java.util.concurrent.ConcurrentHashMap$Node array.length=16 index=12 value.ptr=0x14097540 value.class=java.util.concurrent.ConcurrentHashMap$ForwardingNode assignable=1
05-05 10:22:46.575  9207  9259 I WestlakeVM: VM: [PFCUT-TRACE] thread=main-256mb ts_us=2198798149813 kind=setSlot.jdk caller="void jdk.internal.misc.Unsafe.putReferenceVolatile(java.lang.Object, long, java.lang.Object)" array.class=java.util.concurrent.ConcurrentHashMap$Node[] array.componentType=java.util.concurrent.ConcurrentHashMap$Node array.length=32 index=11 value.ptr=0x14093cb8 value.class=java.util.concurrent.ConcurrentHashMap$Node assignable=1
05-05 10:22:46.575  9207  9259 I WestlakeVM: VM: [PFCUT-TRACE] thread=main-256mb ts_us=2198798149917 kind=setSlot.jdk caller="void jdk.internal.misc.Unsafe.putReferenceVolatile(java.lang.Object, long, java.lang.Object)" array.class=java.util.concurrent.ConcurrentHashMap$Node[] array.componentType=java.util.concurrent.ConcurrentHashMap$Node array.length=32 index=27 value.ptr=0x14093bb0 value.class=java.util.concurrent.ConcurrentHashMap$Node assignable=1
05-05 10:22:46.575  9207  9259 I WestlakeVM: VM: [PFCUT-TRACE] thread=main-256mb ts_us=2198798150169 kind=setSlot.jdk caller="void jdk.internal.misc.Unsafe.putReferenceVolatile(java.lang.Object, long, java.lang.Object)" array.class=java.util.concurrent.ConcurrentHashMap$Node[] array.componentType=java.util.concurrent.ConcurrentHashMap$Node array.length=16 index=11 value.ptr=0x14097540 value.class=java.util.concurrent.ConcurrentHashMap$ForwardingNode assignable=1
05-05 10:22:46.575  9207  9259 I WestlakeVM: VM: [PFCUT] InterpreterJni jdk.Unsafe CAS ref target=0x14080a10 offset=52 current=0 expected=0 new=0x14097540 success=1 array_index=10
05-05 10:22:46.575  9207  9259 I WestlakeVM: VM: [PFCUT] InterpreterJni jdk.Unsafe CAS ref target=0x14080a10 offset=48 current=0 expected=0 new=0x14097540 success=1 array_index=9
05-05 10:22:46.575  9207  9259 I WestlakeVM: VM: [PFCUT] InterpreterJni jdk.Unsafe CAS ref target=0x14080a10 offset=44 current=0 expected=0 new=0x14097540 success=1 array_index=8
05-05 10:22:46.576  9207  9259 I WestlakeVM: VM: [PFCUT-TRACE] thread=main-256mb ts_us=2198798150855 kind=setSlot.jdk caller="void jdk.internal.misc.Unsafe.putReferenceVolatile(java.lang.Object, long, java.lang.Object)" array.class=java.util.concurrent.ConcurrentHashMap$Node[] array.componentType=java.util.concurrent.ConcurrentHashMap$Node array.length=32 index=7 value.ptr=0x14093be0 value.class=java.util.concurrent.ConcurrentHashMap$Node assignable=1
05-05 10:22:46.576  9207  9259 I WestlakeVM: VM: [PFCUT-TRACE] thread=main-256mb ts_us=2198798150955 kind=setSlot.jdk caller="void jdk.internal.misc.Unsafe.putReferenceVolatile(java.lang.Object, long, java.lang.Object)" array.class=java.util.concurrent.ConcurrentHashMap$Node[] array.componentType=java.util.concurrent.ConcurrentHashMap$Node array.length=32 index=23 value.ptr=0 value.class=<null> assignable=1
05-05 10:22:46.576  9207  9259 I WestlakeVM: VM: [PFCUT-TRACE] thread=main-256mb ts_us=2198798151051 kind=setSlot.jdk caller="void jdk.internal.misc.Unsafe.putReferenceVolatile(java.lang.Object, long, java.lang.Object)" array.class=java.util.concurrent.ConcurrentHashMap$Node[] array.componentType=java.util.concurrent.ConcurrentHashMap$Node array.length=16 index=7 value.ptr=0x14097540 value.class=java.util.concurrent.ConcurrentHashMap$ForwardingNode assignable=1
05-05 10:22:46.576  9207  9259 I WestlakeVM: VM: [PFCUT-TRACE] thread=main-256mb ts_us=2198798151294 kind=setSlot.jdk caller="void jdk.internal.misc.Unsafe.putReferenceVolatile(java.lang.Object, long, java.lang.Object)" array.class=java.util.concurrent.ConcurrentHashMap$Node[] array.componentType=java.util.concurrent.ConcurrentHashMap$Node array.length=32 index=6 value.ptr=0 value.class=<null> assignable=1
05-05 10:22:46.576  9207  9259 I WestlakeVM: VM: [PFCUT-TRACE] thread=main-256mb ts_us=2198798151389 kind=setSlot.jdk caller="void jdk.internal.misc.Unsafe.putReferenceVolatile(java.lang.Object, long, java.lang.Object)" array.class=java.util.concurrent.ConcurrentHashMap$Node[] array.componentType=java.util.concurrent.ConcurrentHashMap$Node array.length=32 index=22 value.ptr=0x14093b08 value.class=java.util.concurrent.ConcurrentHashMap$Node assignable=1
05-05 10:22:46.577  9207  9259 I WestlakeVM: VM: [PFCUT-TRACE] thread=main-256mb ts_us=2198798151489 kind=setSlot.jdk caller="void jdk.internal.misc.Unsafe.putReferenceVolatile(java.lang.Object, long, java.lang.Object)" array.class=java.util.concurrent.ConcurrentHashMap$Node[] array.componentType=java.util.concurrent.ConcurrentHashMap$Node array.length=16 index=6 value.ptr=0x14097540 value.class=java.util.concurrent.ConcurrentHashMap$ForwardingNode assignable=1
05-05 10:22:46.577  9207  9259 I WestlakeVM: VM: [PFCUT] InterpreterJni jdk.Unsafe CAS ref target=0x14080a10 offset=32 current=0 expected=0 new=0x14097540 success=1 array_index=5
05-05 10:22:46.577  9207  9259 I WestlakeVM: VM: [PFCUT-TRACE] thread=main-256mb ts_us=2198798151870 kind=setSlot.jdk caller="void jdk.internal.misc.Unsafe.putReferenceVolatile(java.lang.Object, long, java.lang.Object)" array.class=java.util.concurrent.ConcurrentHashMap$Node[] array.componentType=java.util.concurrent.ConcurrentHashMap$Node array.length=32 index=4 value.ptr=0x14093ad8 value.class=java.util.concurrent.ConcurrentHashMap$Node assignable=1
05-05 10:22:46.577  9207  9259 I WestlakeVM: VM: [PFCUT-TRACE] thread=main-256mb ts_us=2198798151969 kind=setSlot.jdk caller="void jdk.internal.misc.Unsafe.putReferenceVolatile(java.lang.Object, long, java.lang.Object)" array.class=java.util.concurrent.ConcurrentHashMap$Node[] array.componentType=java.util.concurrent.ConcurrentHashMap$Node array.length=32 index=20 value.ptr=0 value.class=<null> assignable=1
05-05 10:22:46.577  9207  9259 I WestlakeVM: VM: [PFCUT-TRACE] thread=main-256mb ts_us=2198798152064 kind=setSlot.jdk caller="void jdk.internal.misc.Unsafe.putReferenceVolatile(java.lang.Object, long, java.lang.Object)" array.class=java.util.concurrent.ConcurrentHashMap$Node[] array.componentType=java.util.concurrent.ConcurrentHashMap$Node array.length=16 index=4 value.ptr=0x14097540 value.class=java.util.concurrent.ConcurrentHashMap$ForwardingNode assignable=1
05-05 10:22:46.577  9207  9259 I WestlakeVM: VM: [PFCUT] InterpreterJni jdk.Unsafe CAS ref target=0x14080a10 offset=24 current=0 expected=0 new=0x14097540 success=1 array_index=3
05-05 10:22:46.577  9207  9259 I WestlakeVM: VM: [PFCUT] InterpreterJni jdk.Unsafe CAS ref target=0x14080a10 offset=20 current=0 expected=0 new=0x14097540 success=1 array_index=2
05-05 10:22:46.578  9207  9259 I WestlakeVM: VM: [PFCUT-TRACE] thread=main-256mb ts_us=2198798152665 kind=setSlot.jdk caller="void jdk.internal.misc.Unsafe.putReferenceVolatile(java.lang.Object, long, java.lang.Object)" array.class=java.util.concurrent.ConcurrentHashMap$Node[] array.componentType=java.util.concurrent.ConcurrentHashMap$Node array.length=32 index=1 value.ptr=0x14093cd0 value.class=java.util.concurrent.ConcurrentHashMap$Node assignable=1
05-05 10:22:46.578  9207  9259 I WestlakeVM: VM: [PFCUT-TRACE] thread=main-256mb ts_us=2198798152768 kind=setSlot.jdk caller="void jdk.internal.misc.Unsafe.putReferenceVolatile(java.lang.Object, long, java.lang.Object)" array.class=java.util.concurrent.ConcurrentHashMap$Node[] array.componentType=java.util.concurrent.ConcurrentHashMap$Node array.length=32 index=17 value.ptr=0x14093c40 value.class=java.util.concurrent.ConcurrentHashMap$Node assignable=1
05-05 10:22:46.578  9207  9259 I WestlakeVM: VM: [PFCUT-TRACE] thread=main-256mb ts_us=2198798152863 kind=setSlot.jdk caller="void jdk.internal.misc.Unsafe.putReferenceVolatile(java.lang.Object, long, java.lang.Object)" array.class=java.util.concurrent.ConcurrentHashMap$Node[] array.componentType=java.util.concurrent.ConcurrentHashMap$Node array.length=16 index=1 value.ptr=0x14097540 value.class=java.util.concurrent.ConcurrentHashMap$ForwardingNode assignable=1
05-05 10:22:46.578  9207  9259 I WestlakeVM: VM: [PFCUT] InterpreterJni jdk.Unsafe CAS ref target=0x14080a10 offset=12 current=0 expected=0 new=0x14097540 success=1 array_index=0
05-05 10:22:46.578  9207  9259 I WestlakeVM: VM: [PFCUT] InterpreterJni jdk.Unsafe CAS int target=0x14079fc0 offset=52 current=-2145714174 expected=-2145714174 new=-2145714175 success=1
05-05 10:22:46.580  9207  9259 I WestlakeVM: VM: [PFCUT] InterpreterJni jdk.Unsafe CAS ref target=0x1408c790 offset=136 current=0 expected=0 new=0x14093d00 success=1 array_index=31
05-05 10:22:46.580  9207  9259 I WestlakeVM: VM: [PFCUT] InterpreterJni jdk.Unsafe CAS long target=0x14079fc0 offset=40 current=12 expected=12 new=13 success=1
05-05 10:22:46.581  9207  9259 I WestlakeVM: VM: [PFCUT] Class.newInstance intrinsic class=java.lang.Class<com.android.org.conscrypt.OpenSSLProvider> ctor=void com.android.org.conscrypt.OpenSSLProvider.<init>()
05-05 10:22:46.582  9207  9259 I WestlakeVM: VM: [PFCUT] InterpreterJni jdk.Unsafe CAS int target=0x14099180 offset=52 current=16 expected=16 new=-1 success=1
05-05 10:22:46.582  9207  9259 I WestlakeVM: VM: [PFCUT] InterpreterJni jdk.Unsafe CAS ref target=0x14080b50 offset=60 current=0 expected=0 new=0x14093d18 success=1 array_index=12
05-05 10:22:46.583  9207  9259 I WestlakeVM: VM: [PFCUT] InterpreterJni jdk.Unsafe CAS long target=0x14099180 offset=40 current=0 expected=0 new=1 success=1
05-05 10:22:46.584  9207  9259 I WestlakeVM: VM: [PFCUT] InterpreterJni jdk.Unsafe CAS ref target=0x14080b50 offset=28 current=0 expected=0 new=0x14093d48 success=1 array_index=4
05-05 10:22:46.584  9207  9259 I WestlakeVM: VM: [PFCUT] InterpreterJni jdk.Unsafe CAS long target=0x14099180 offset=40 current=1 expected=1 new=2 success=1
05-05 10:22:46.584  9207  9259 I WestlakeVM: VM: [PFCUT] InterpreterJni jdk.Unsafe CAS ref target=0x14080b50 offset=56 current=0 expected=0 new=0x14093d60 success=1 array_index=11
05-05 10:22:46.584  9207  9259 I WestlakeVM: VM: [PFCUT] InterpreterJni jdk.Unsafe CAS long target=0x14099180 offset=40 current=2 expected=2 new=3 success=1
05-05 10:22:46.585  9207  9259 I WestlakeVM: VM: [PFCUT] InterpreterJni jdk.Unsafe CAS ref target=0x14080b50 offset=36 current=0 expected=0 new=0x14093d78 success=1 array_index=6
05-05 10:22:46.585  9207  9259 I WestlakeVM: VM: [PFCUT] InterpreterJni jdk.Unsafe CAS long target=0x14099180 offset=40 current=3 expected=3 new=4 success=1
05-05 10:22:46.587  9207  9259 I WestlakeVM: VM: [PFCUT] InterpreterJni jdk.Unsafe CAS ref target=0x14080b50 offset=16 current=0 expected=0 new=0x14093da8 success=1 array_index=1
05-05 10:22:46.587  9207  9259 I WestlakeVM: VM: [PFCUT] InterpreterJni jdk.Unsafe CAS long target=0x14099180 offset=40 current=4 expected=4 new=5 success=1
05-05 10:22:46.588  9207  9259 I WestlakeVM: VM: [PFCUT] InterpreterJni jdk.Unsafe CAS ref target=0x14080b50 offset=44 current=0 expected=0 new=0x14093df0 success=1 array_index=8
05-05 10:22:46.589  9207  9259 I WestlakeVM: VM: [PFCUT] InterpreterJni jdk.Unsafe CAS long target=0x14099180 offset=40 current=5 expected=5 new=6 success=1
05-05 10:22:46.590  9207  9259 I WestlakeVM: VM: [PFCUT] InterpreterJni jdk.Unsafe CAS long target=0x14099180 offset=40 current=6 expected=6 new=7 success=1
05-05 10:22:46.592  9207  9259 I WestlakeVM: VM: [PFCUT] InterpreterJni jdk.Unsafe CAS long target=0x14099180 offset=40 current=7 expected=7 new=8 success=1
05-05 10:22:46.594  9207  9259 I WestlakeVM: VM: [PFCUT] InterpreterJni jdk.Unsafe CAS ref target=0x14080b50 offset=48 current=0 expected=0 new=0x14093e98 success=1 array_index=9
05-05 10:22:46.594  9207  9259 I WestlakeVM: VM: [PFCUT] InterpreterJni jdk.Unsafe CAS long target=0x14099180 offset=40 current=8 expected=8 new=9 success=1
05-05 10:22:46.597  9207  9259 I WestlakeVM: VM: [PFCUT] InterpreterJni jdk.Unsafe CAS ref target=0x14080b50 offset=12 current=0 expected=0 new=0x14093ec8 success=1 array_index=0
05-05 10:22:46.597  9207  9259 I WestlakeVM: VM: [PFCUT] InterpreterJni jdk.Unsafe CAS long target=0x14099180 offset=40 current=9 expected=9 new=10 success=1
05-05 10:22:46.597  9207  9259 I WestlakeVM: VM: [PFCUT] Class.newInstance intrinsic class=java.lang.Class<sun.security.provider.CertPathProvider> ctor=void sun.security.provider.CertPathProvider.<init>()
05-05 10:22:46.600  9207  9259 I WestlakeVM: VM: [PFCUT] AtomicInteger.incrementAndGet intrinsic current=0
05-05 10:22:46.639  9207  9263 D ProfileInstaller: Installing profile for com.westlake.host
05-05 10:22:46.750  9207  9259 I WestlakeVM: VM: [PFCUT] InterpreterJni jdk.Unsafe CAS int target=0x14099300 offset=52 current=16 expected=16 new=-1 success=1
05-05 10:22:46.751  9207  9259 I WestlakeVM: VM: [PFCUT] InterpreterJni jdk.Unsafe CAS ref target=0x14080e20 offset=60 current=0 expected=0 new=0x1409c778 success=1 array_index=12
05-05 10:22:46.751  9207  9259 I WestlakeVM: VM: [PFCUT] InterpreterJni jdk.Unsafe CAS long target=0x14099300 offset=40 current=0 expected=0 new=1 success=1
05-05 10:22:46.752  9207  9259 I WestlakeVM: VM: [PFCUT] InterpreterJni jdk.Unsafe CAS ref target=0x14080e20 offset=28 current=0 expected=0 new=0x1409c7a8 success=1 array_index=4
05-05 10:22:46.752  9207  9259 I WestlakeVM: VM: [PFCUT] InterpreterJni jdk.Unsafe CAS long target=0x14099300 offset=40 current=1 expected=1 new=2 success=1
05-05 10:22:46.753  9207  9259 I WestlakeVM: VM: [PFCUT] InterpreterJni jdk.Unsafe CAS ref target=0x14080e20 offset=56 current=0 expected=0 new=0x1409c7c0 success=1 array_index=11
05-05 10:22:46.753  9207  9259 I WestlakeVM: VM: [PFCUT] InterpreterJni jdk.Unsafe CAS long target=0x14099300 offset=40 current=2 expected=2 new=3 success=1
05-05 10:22:46.753  9207  9259 I WestlakeVM: VM: [PFCUT] InterpreterJni jdk.Unsafe CAS ref target=0x14080e20 offset=36 current=0 expected=0 new=0x1409c7d8 success=1 array_index=6
05-05 10:22:46.753  9207  9259 I WestlakeVM: VM: [PFCUT] InterpreterJni jdk.Unsafe CAS long target=0x14099300 offset=40 current=3 expected=3 new=4 success=1
05-05 10:22:46.754  9207  9259 I WestlakeVM: VM: [PFCUT] InterpreterJni jdk.Unsafe CAS long target=0x14099300 offset=40 current=4 expected=4 new=5 success=1
05-05 10:22:46.756  9207  9259 I WestlakeVM: VM: [PFCUT] InterpreterJni jdk.Unsafe CAS ref target=0x14080e20 offset=20 current=0 expected=0 new=0x1409c838 success=1 array_index=2
05-05 10:22:46.756  9207  9259 I WestlakeVM: VM: [PFCUT] InterpreterJni jdk.Unsafe CAS long target=0x14099300 offset=40 current=5 expected=5 new=6 success=1
05-05 10:22:46.758  9207  9259 I WestlakeVM: VM: [PFCUT] InterpreterJni jdk.Unsafe CAS long target=0x14099300 offset=40 current=6 expected=6 new=7 success=1
05-05 10:22:46.759  9207  9259 I WestlakeVM: VM: [PFCUT] InterpreterJni jdk.Unsafe CAS ref target=0x14080e20 offset=64 current=0 expected=0 new=0x1409c898 success=1 array_index=13
05-05 10:22:46.760  9207  9259 I WestlakeVM: VM: [PFCUT] InterpreterJni jdk.Unsafe CAS long target=0x14099300 offset=40 current=7 expected=7 new=8 success=1
05-05 10:22:46.761  9207  9259 I WestlakeVM: VM: [PFCUT] InterpreterJni jdk.Unsafe CAS long target=0x14099300 offset=40 current=8 expected=8 new=9 success=1
05-05 10:22:46.763  9207  9259 I WestlakeVM: VM: [PFCUT] InterpreterJni jdk.Unsafe CAS ref target=0x14080e20 offset=32 current=0 expected=0 new=0x1409c8f8 success=1 array_index=5
05-05 10:22:46.763  9207  9259 I WestlakeVM: VM: [PFCUT] InterpreterJni jdk.Unsafe CAS long target=0x14099300 offset=40 current=9 expected=9 new=10 success=1
05-05 10:22:46.765  9207  9259 I WestlakeVM: VM: [PFCUT] InterpreterJni jdk.Unsafe CAS ref target=0x14080e20 offset=40 current=0 expected=0 new=0x1409c928 success=1 array_index=7
05-05 10:22:46.765  9207  9259 I WestlakeVM: VM: [PFCUT] InterpreterJni jdk.Unsafe CAS long target=0x14099300 offset=40 current=10 expected=10 new=11 success=1
05-05 10:22:46.767  9207  9259 I WestlakeVM: VM: [PFCUT] InterpreterJni jdk.Unsafe CAS long target=0x14099300 offset=40 current=11 expected=11 new=12 success=1
05-05 10:22:46.767  9207  9259 I WestlakeVM: VM: [PFCUT] InterpreterJni jdk.Unsafe CAS int target=0x14099300 offset=52 current=12 expected=12 new=-2145714174 success=1
05-05 10:22:46.767  9207  9259 I WestlakeVM: VM: [PFCUT] InterpreterJni jdk.Unsafe CAS int target=0x14099300 offset=56 current=16 expected=16 new=0 success=1
05-05 10:22:46.767  9207  9259 I WestlakeVM: VM: [PFCUT-TRACE] thread=main-256mb ts_us=2198798342861 kind=setSlot.jdk caller="void jdk.internal.misc.Unsafe.putReferenceVolatile(java.lang.Object, long, java.lang.Object)" array.class=java.util.concurrent.ConcurrentHashMap$Node[] array.componentType=java.util.concurrent.ConcurrentHashMap$Node array.length=32 index=14 value.ptr=0x1409c958 value.class=java.util.concurrent.ConcurrentHashMap$Node assignable=1
05-05 10:22:46.768  9207  9259 I WestlakeVM: VM: [PFCUT-TRACE] thread=main-256mb ts_us=2198798343032 kind=setSlot.jdk caller="void jdk.internal.misc.Unsafe.putReferenceVolatile(java.lang.Object, long, java.lang.Object)" array.class=java.util.concurrent.ConcurrentHashMap$Node[] array.componentType=java.util.concurrent.ConcurrentHashMap$Node array.length=32 index=30 value.ptr=0 value.class=<null> assignable=1
05-05 10:22:46.768  9207  9259 I WestlakeVM: VM: [PFCUT-TRACE] thread=main-256mb ts_us=2198798343137 kind=setSlot.jdk caller="void jdk.internal.misc.Unsafe.putReferenceVolatile(java.lang.Object, long, java.lang.Object)" array.class=java.util.concurrent.ConcurrentHashMap$Node[] array.componentType=java.util.concurrent.ConcurrentHashMap$Node array.length=16 index=14 value.ptr=0x14097fc0 value.class=java.util.concurrent.ConcurrentHashMap$ForwardingNode assignable=1
05-05 10:22:46.768  9207  9259 I WestlakeVM: VM: [PFCUT-TRACE] thread=main-256mb ts_us=2198798343473 kind=setSlot.jdk caller="void jdk.internal.misc.Unsafe.putReferenceVolatile(java.lang.Object, long, java.lang.Object)" array.class=java.util.concurrent.ConcurrentHashMap$Node[] array.componentType=java.util.concurrent.ConcurrentHashMap$Node array.length=32 index=13 value.ptr=0x1409c8c8 value.class=java.util.concurrent.ConcurrentHashMap$Node assignable=1
05-05 10:22:46.768  9207  9259 I WestlakeVM: VM: [PFCUT-TRACE] thread=main-256mb ts_us=2198798343577 kind=setSlot.jdk caller="void jdk.internal.misc.Unsafe.putReferenceVolatile(java.lang.Object, long, java.lang.Object)" array.class=java.util.concurrent.ConcurrentHashMap$Node[] array.componentType=java.util.concurrent.ConcurrentHashMap$Node array.length=32 index=29 value.ptr=0x1409c970 value.class=java.util.concurrent.ConcurrentHashMap$Node assignable=1
05-05 10:22:46.768  9207  9259 I WestlakeVM: VM: [PFCUT-TRACE] thread=main-256mb ts_us=2198798343675 kind=setSlot.jdk caller="void jdk.internal.misc.Unsafe.putReferenceVolatile(java.lang.Object, long, java.lang.Object)" array.class=java.util.concurrent.ConcurrentHashMap$Node[] array.componentType=java.util.concurrent.ConcurrentHashMap$Node array.length=16 index=13 value.ptr=0x14097fc0 value.class=java.util.concurrent.ConcurrentHashMap$ForwardingNode assignable=1
05-05 10:22:46.769  9207  9259 I WestlakeVM: VM: [PFCUT-TRACE] thread=main-256mb ts_us=2198798343921 kind=setSlot.jdk caller="void jdk.internal.misc.Unsafe.putReferenceVolatile(java.lang.Object, long, java.lang.Object)" array.class=java.util.concurrent.ConcurrentHashMap$Node[] array.componentType=java.util.concurrent.ConcurrentHashMap$Node array.length=32 index=12 value.ptr=0x1409c778 value.class=java.util.concurrent.ConcurrentHashMap$Node assignable=1
05-05 10:22:46.769  9207  9259 I WestlakeVM: VM: [PFCUT-TRACE] thread=main-256mb ts_us=2198798344021 kind=setSlot.jdk caller="void jdk.internal.misc.Unsafe.putReferenceVolatile(java.lang.Object, long, java.lang.Object)" array.class=java.util.concurrent.ConcurrentHashMap$Node[] array.componentType=java.util.concurrent.ConcurrentHashMap$Node array.length=32 index=28 value.ptr=0 value.class=<null> assignable=1
05-05 10:22:46.769  9207  9259 I WestlakeVM: VM: [PFCUT-TRACE] thread=main-256mb ts_us=2198798344117 kind=setSlot.jdk caller="void jdk.internal.misc.Unsafe.putReferenceVolatile(java.lang.Object, long, java.lang.Object)" array.class=java.util.concurrent.ConcurrentHashMap$Node[] array.componentType=java.util.concurrent.ConcurrentHashMap$Node array.length=16 index=12 value.ptr=0x14097fc0 value.class=java.util.concurrent.ConcurrentHashMap$ForwardingNode assignable=1
05-05 10:22:46.769  9207  9259 I WestlakeVM: VM: [PFCUT-TRACE] thread=main-256mb ts_us=2198798344443 kind=setSlot.jdk caller="void jdk.internal.misc.Unsafe.putReferenceVolatile(java.lang.Object, long, java.lang.Object)" array.class=java.util.concurrent.ConcurrentHashMap$Node[] array.componentType=java.util.concurrent.ConcurrentHashMap$Node array.length=32 index=11 value.ptr=0x1409c988 value.class=java.util.concurrent.ConcurrentHashMap$Node assignable=1
05-05 10:22:46.769  9207  9259 I WestlakeVM: VM: [PFCUT-TRACE] thread=main-256mb ts_us=2198798344542 kind=setSlot.jdk caller="void jdk.internal.misc.Unsafe.putReferenceVolatile(java.lang.Object, long, java.lang.Object)" array.class=java.util.concurrent.ConcurrentHashMap$Node[] array.componentType=java.util.concurrent.ConcurrentHashMap$Node array.length=32 index=27 value.ptr=0x1409c868 value.class=java.util.concurrent.ConcurrentHashMap$Node assignable=1
05-05 10:22:46.769  9207  9259 I WestlakeVM: VM: [PFCUT-TRACE] thread=main-256mb ts_us=2198798344640 kind=setSlot.jdk caller="void jdk.internal.misc.Unsafe.putReferenceVolatile(java.lang.Object, long, java.lang.Object)" array.class=java.util.concurrent.ConcurrentHashMap$Node[] array.componentType=java.util.concurrent.ConcurrentHashMap$Node array.length=16 index=11 value.ptr=0x14097fc0 value.class=java.util.concurrent.ConcurrentHashMap$ForwardingNode assignable=1
05-05 10:22:46.770  9207  9259 I WestlakeVM: VM: [PFCUT-TRACE] thread=main-256mb ts_us=2198798345258 kind=setSlot.jdk caller="void jdk.internal.misc.Unsafe.putReferenceVolatile(java.lang.Object, long, java.lang.Object)" array.class=java.util.concurrent.ConcurrentHashMap$Node[] array.componentType=java.util.concurrent.ConcurrentHashMap$Node array.length=32 index=7 value.ptr=0x1409c928 value.class=java.util.concurrent.ConcurrentHashMap$Node assignable=1
05-05 10:22:46.770  9207  9259 I WestlakeVM: VM: [PFCUT-TRACE] thread=main-256mb ts_us=2198798345358 kind=setSlot.jdk caller="void jdk.internal.misc.Unsafe.putReferenceVolatile(java.lang.Object, long, java.lang.Object)" array.class=java.util.concurrent.ConcurrentHashMap$Node[] array.componentType=java.util.concurrent.ConcurrentHashMap$Node array.length=32 index=23 value.ptr=0 value.class=<null> assignable=1
05-05 10:22:46.770  9207  9259 I WestlakeVM: VM: [PFCUT-TRACE] thread=main-256mb ts_us=2198798345453 kind=setSlot.jdk caller="void jdk.internal.misc.Unsafe.putReferenceVolatile(java.lang.Object, long, java.lang.Object)" array.class=java.util.concurrent.ConcurrentHashMap$Node[] array.componentType=java.util.concurrent.ConcurrentHashMap$Node array.length=16 index=7 value.ptr=0x14097fc0 value.class=java.util.concurrent.ConcurrentHashMap$ForwardingNode assignable=1
05-05 10:22:46.770  9207  9259 I WestlakeVM: VM: [PFCUT-TRACE] thread=main-256mb ts_us=2198798345696 kind=setSlot.jdk caller="void jdk.internal.misc.Unsafe.putReferenceVolatile(java.lang.Object, long, java.lang.Object)" array.class=java.util.concurrent.ConcurrentHashMap$Node[] array.componentType=java.util.concurrent.ConcurrentHashMap$Node array.length=32 index=6 value.ptr=0 value.class=<null> assignable=1
05-05 10:22:46.770  9207  9259 I WestlakeVM: VM: [PFCUT-TRACE] thread=main-256mb ts_us=2198798345791 kind=setSlot.jdk caller="void jdk.internal.misc.Unsafe.putReferenceVolatile(java.lang.Object, long, java.lang.Object)" array.class=java.util.concurrent.ConcurrentHashMap$Node[] array.componentType=java.util.concurrent.ConcurrentHashMap$Node array.length=32 index=22 value.ptr=0x1409c7d8 value.class=java.util.concurrent.ConcurrentHashMap$Node assignable=1
05-05 10:22:46.771  9207  9259 I WestlakeVM: VM: [PFCUT-TRACE] thread=main-256mb ts_us=2198798345888 kind=setSlot.jdk caller="void jdk.internal.misc.Unsafe.putReferenceVolatile(java.lang.Object, long, java.lang.Object)" array.class=java.util.concurrent.ConcurrentHashMap$Node[] array.componentType=java.util.concurrent.ConcurrentHashMap$Node array.length=16 index=6 value.ptr=0x14097fc0 value.class=java.util.concurrent.ConcurrentHashMap$ForwardingNode assignable=1
05-05 10:22:46.771  9207  9259 I WestlakeVM: VM: [PFCUT-TRACE] thread=main-256mb ts_us=2198798346130 kind=setSlot.jdk caller="void jdk.internal.misc.Unsafe.putReferenceVolatile(java.lang.Object, long, java.lang.Object)" array.class=java.util.concurrent.ConcurrentHashMap$Node[] array.componentType=java.util.concurrent.ConcurrentHashMap$Node array.length=32 index=5 value.ptr=0x1409c8f8 value.class=java.util.concurrent.ConcurrentHashMap$Node assignable=1
05-05 10:22:46.771  9207  9259 I WestlakeVM: VM: [PFCUT-TRACE] thread=main-256mb ts_us=2198798346227 kind=setSlot.jdk caller="void jdk.internal.misc.Unsafe.putReferenceVolatile(java.lang.Object, long, java.lang.Object)" array.class=java.util.concurrent.ConcurrentHashMap$Node[] array.componentType=java.util.concurrent.ConcurrentHashMap$Node array.length=32 index=21 value.ptr=0 value.class=<null> assignable=1
05-05 10:22:46.771  9207  9259 I WestlakeVM: VM: [PFCUT-TRACE] thread=main-256mb ts_us=2198798346320 kind=setSlot.jdk caller="void jdk.internal.misc.Unsafe.putReferenceVolatile(java.lang.Object, long, java.lang.Object)" array.class=java.util.concurrent.ConcurrentHashMap$Node[] array.componentType=java.util.concurrent.ConcurrentHashMap$Node array.length=16 index=5 value.ptr=0x14097fc0 value.class=java.util.concurrent.ConcurrentHashMap$ForwardingNode assignable=1
05-05 10:22:46.771  9207  9259 I WestlakeVM: VM: [PFCUT-TRACE] thread=main-256mb ts_us=2198798346564 kind=setSlot.jdk caller="void jdk.internal.misc.Unsafe.putReferenceVolatile(java.lang.Object, long, java.lang.Object)" array.class=java.util.concurrent.ConcurrentHashMap$Node[] array.componentType=java.util.concurrent.ConcurrentHashMap$Node array.length=32 index=4 value.ptr=0x1409c7a8 value.class=java.util.concurrent.ConcurrentHashMap$Node assignable=1
05-05 10:22:46.772  9207  9259 I WestlakeVM: VM: [PFCUT-TRACE] thread=main-256mb ts_us=2198798346661 kind=setSlot.jdk caller="void jdk.internal.misc.Unsafe.putReferenceVolatile(java.lang.Object, long, java.lang.Object)" array.class=java.util.concurrent.ConcurrentHashMap$Node[] array.componentType=java.util.concurrent.ConcurrentHashMap$Node array.length=32 index=20 value.ptr=0 value.class=<null> assignable=1
05-05 10:22:46.772  9207  9259 I WestlakeVM: VM: [PFCUT-TRACE] thread=main-256mb ts_us=2198798346755 kind=setSlot.jdk caller="void jdk.internal.misc.Unsafe.putReferenceVolatile(java.lang.Object, long, java.lang.Object)" array.class=java.util.concurrent.ConcurrentHashMap$Node[] array.componentType=java.util.concurrent.ConcurrentHashMap$Node array.length=16 index=4 value.ptr=0x14097fc0 value.class=java.util.concurrent.ConcurrentHashMap$ForwardingNode assignable=1
05-05 10:22:46.772  9207  9259 I WestlakeVM: VM: [PFCUT-TRACE] thread=main-256mb ts_us=2198798347124 kind=setSlot.jdk caller="void jdk.internal.misc.Unsafe.putReferenceVolatile(java.lang.Object, long, java.lang.Object)" array.class=java.util.concurrent.ConcurrentHashMap$Node[] array.componentType=java.util.concurrent.ConcurrentHashMap$Node array.length=32 index=2 value.ptr=0x1409c838 value.class=java.util.concurrent.ConcurrentHashMap$Node assignable=1
05-05 10:22:46.772  9207  9259 I WestlakeVM: VM: [PFCUT-TRACE] thread=main-256mb ts_us=2198798347224 kind=setSlot.jdk caller="void jdk.internal.misc.Unsafe.putReferenceVolatile(java.lang.Object, long, java.lang.Object)" array.class=java.util.concurrent.ConcurrentHashMap$Node[] array.componentType=java.util.concurrent.ConcurrentHashMap$Node array.length=32 index=18 value.ptr=0 value.class=<null> assignable=1
05-05 10:22:46.772  9207  9259 I WestlakeVM: VM: [PFCUT-TRACE] thread=main-256mb ts_us=2198798347318 kind=setSlot.jdk caller="void jdk.internal.misc.Unsafe.putReferenceVolatile(java.lang.Object, long, java.lang.Object)" array.class=java.util.concurrent.ConcurrentHashMap$Node[] array.componentType=java.util.concurrent.ConcurrentHashMap$Node array.length=16 index=2 value.ptr=0x14097fc0 value.class=java.util.concurrent.ConcurrentHashMap$ForwardingNode assignable=1
05-05 10:22:46.772  9207  9259 I WestlakeVM: VM: [PFCUT] InterpreterJni jdk.Unsafe CAS int target=0x14099300 offset=52 current=-2145714174 expected=-2145714174 new=-2145714175 success=1
05-05 10:22:46.775  9207  9259 I WestlakeVM: VM: [PFCUT] InterpreterJni jdk.Unsafe CAS long target=0x14099300 offset=40 current=12 expected=12 new=13 success=1
05-05 10:22:46.786  9207  9259 I WestlakeVM: VM: [PFCUT] AtomicInteger.incrementAndGet intrinsic current=1
05-05 10:22:46.787  9207  9259 I WestlakeVM: VM: WESTLAKE_SECURITY_SUNX509_ALIAS_READY tmfSpi=com.westlake.engine.WestlakeTrustManagerFactorySpi sslSpi=com.westlake.engine.WestlakeSslContextSpi
05-05 10:22:46.790  9207  9259 I WestlakeVM: VM: [PFCUT] InterpreterJni jdk.Unsafe CAS int target=0x14079680 offset=52 current=0 expected=0 new=-1 success=1
05-05 10:22:46.896  9207  9259 I WestlakeVM: VM: WESTLAKE_SECURITY_SHA256_READY provider=WestlakeDigest len=32 first=186
05-05 10:22:46.897  9207  9259 I WestlakeVM: VM: Hidden API exemption step skipped on standalone guest
05-05 10:22:46.897  9207  9259 I WestlakeVM: VM: Real runtime probe skipped on standalone guest
05-05 10:22:46.897  9207  9259 I WestlakeVM: VM: Framework stubs pre-registered by runtime
05-05 10:22:46.898  9207  9259 I WestlakeVM: VM: [dalvikvm] prime cutoff canary launch
05-05 10:22:46.914  9207  9259 I WestlakeVM: VM: System.log(E): Ignoring attempt to set property "westlake.apk.path" to value "/data/local/tmp/westlake/com_github_ashutoshgngwr_noice.apk".
05-05 10:22:46.919  9207  9259 I WestlakeVM: VM: System.log(E): Ignoring attempt to set property "westlake.apk.resdir" to value "/data/local/tmp/westlake/com_github_ashutoshgngwr_noice_res".
05-05 10:22:46.921  9207  9259 I WestlakeVM: VM: [PFCUT] Class.getDeclaredField intrinsic hit class=java.lang.ClassLoader name=packages
05-05 10:22:46.922  9207  9259 I WestlakeVM: VM: [WestlakeLauncher] Repaired ClassLoader packages for dalvik.system.PathClassLoader
05-05 10:22:46.923  9207  9259 I WestlakeVM: VM: [PFCUT] Class.getDeclaredField intrinsic hit class=java.lang.ClassLoader name=packages
05-05 10:22:46.924  9207  9259 I WestlakeVM: VM: [WestlakeLauncher] Repaired ClassLoader packages for java.lang.BootClassLoader
05-05 10:22:46.926  9207  9259 I WestlakeVM: VM: Starting on OHOS + ART ...
05-05 10:22:46.926  9207  9259 I WestlakeVM: VM: APK:
05-05 10:22:46.927  9207  9259 I WestlakeVM: VM: /data/local/tmp/westlake/com_github_ashutoshgngwr_noice.apk
05-05 10:22:46.927  9207  9259 I WestlakeVM: VM: Activity:
05-05 10:22:46.927  9207  9259 I WestlakeVM: VM: com.github.ashutoshgngwr.noice.activity.MainActivity
05-05 10:22:46.927  9207  9259 I WestlakeVM: VM: Package:
05-05 10:22:46.927  9207  9259 I WestlakeVM: VM: com.github.ashutoshgngwr.noice
05-05 10:22:46.928  9207  9259 I WestlakeVM: VM: Backend mode:
05-05 10:22:46.928  9207  9259 I WestlakeVM: VM: target_ohos_backend
05-05 10:22:46.928  9207  9259 I WestlakeVM: VM: Framework policy:
05-05 10:22:46.928  9207  9259 I WestlakeVM: VM: westlake_only
05-05 10:22:46.928  9207  9259 I WestlakeVM: VM: Real context bootstrap skipped on standalone guest
05-05 10:22:47.027  3704  3747 W HidlServiceManagement: Waited one second for vendor.qti.hardware.cacert@1.0::IService/default
05-05 10:22:47.028   660   660 I hwservicemanager: Since vendor.qti.hardware.cacert@1.0::IService/default is not registered, trying to start it as a lazy HAL (if it's not configured to be a lazy HAL, it may be stuck starting or still starting).
05-05 10:22:47.029  3704  3747 I HidlServiceManagement: getService: Trying again for vendor.qti.hardware.cacert@1.0::IService/default...
05-05 10:22:47.031   660  9264 W libc    : Unable to set property "ctl.interface_start" to "vendor.qti.hardware.cacert@1.0::IService/default": PROP_ERROR_HANDLE_CONTROL_MESSAGE (0x20)
05-05 10:22:47.031   660  9264 I hwservicemanager: Tried to start vendor.qti.hardware.cacert@1.0::IService/default as a lazy service, but was unable to. Usually this happens when a service is not installed, but if the service is intended to be used as a lazy service, then it may be configured incorrectly.
05-05 10:22:46.944     0     0 E init    : Control message: Could not find 'vendor.qti.hardware.cacert@1.0::IService/default' for ctl.interface_start from pid: 660 (/system/system_ext/bin/hwservicemanager)
05-05 10:22:47.154  9207  9259 I WestlakeVM: VM: Manifest: com.github.ashutoshgngwr.noice.NoiceApplication (8 activities, 1 providers)
05-05 10:22:47.154  9207  9259 I WestlakeVM: VM: OHBridge bootstrap deferred on standalone guest
05-05 10:22:47.155  9207  9259 I WestlakeVM: VM: Aux native loads deferred on standalone guest
05-05 10:22:47.155  9207  9259 I WestlakeVM: VM: Bootstrap prop refresh deferred on standalone guest
05-05 10:22:47.155  9207  9259 I WestlakeVM: VM: MiniServer init begin
05-05 10:22:47.159  9207  9259 I WestlakeVM: VM: MiniServer init returned
05-05 10:22:47.159  9207  9259 I WestlakeVM: VM: MiniServer activityManager ready
05-05 10:22:47.159  9207  9259 I WestlakeVM: VM: MiniServer initialized
05-05 10:22:47.160  9207  9259 I WestlakeVM: VM: [WestlakeLauncher] Application from manifest: com.github.ashutoshgngwr.noice.NoiceApplication
05-05 10:22:47.162  9207  9259 I WestlakeVM: VM: [PFCUT] Class.getDeclaredField intrinsic hit class=java.lang.ClassLoader name=packages
05-05 10:22:47.163  9207  9259 I WestlakeVM: VM: [PFCUT] Class.getDeclaredField intrinsic hit class=java.lang.ClassLoader name=packages
05-05 10:22:47.178  9207  9259 I WestlakeVM: VM: [WestlakeLauncher] Coroutine runtime seeded before Application.onCreate
05-05 10:22:47.197  9207  9259 I WestlakeVM: VM: PF202 ApkLoader enter
05-05 10:22:47.200  9207  9259 I WestlakeVM: VM: PF202 ApkLoader info seeded
05-05 10:22:47.204  9207  9259 I WestlakeVM: VM: CV PF-MCD-RES_TABLE_READ_BEGIN path=/data/local/tmp/westlake/com_github_ashutoshgngwr_noice_res/resources.arsc
05-05 10:22:47.220  9207  9259 I WestlakeVM: VM: CV PF-MCD-RES_TABLE_READ_DONE bytes=2019644
05-05 10:22:47.220  9207  9259 I WestlakeVM: VM: CV PF-MCD-RES_TABLE_PARSE_BEGIN
05-05 10:22:48.029  3704  3747 W HidlServiceManagement: Waited one second for vendor.qti.hardware.cacert@1.0::IService/default
05-05 10:22:48.030   660   660 I hwservicemanager: Since vendor.qti.hardware.cacert@1.0::IService/default is not registered, trying to start it as a lazy HAL (if it's not configured to be a lazy HAL, it may be stuck starting or still starting).
05-05 10:22:48.032  3704  3747 I HidlServiceManagement: getService: Trying again for vendor.qti.hardware.cacert@1.0::IService/default...
05-05 10:22:47.947     0     0 E init    : Control message: Could not find 'vendor.qti.hardware.cacert@1.0::IService/default' for ctl.interface_start from pid: 660 (/system/system_ext/bin/hwservicemanager)
05-05 10:22:48.035   660  9265 W libc    : Unable to set property "ctl.interface_start" to "vendor.qti.hardware.cacert@1.0::IService/default": PROP_ERROR_HANDLE_CONTROL_MESSAGE (0x20)
05-05 10:22:48.035   660  9265 I hwservicemanager: Tried to start vendor.qti.hardware.cacert@1.0::IService/default as a lazy service, but was unable to. Usually this happens when a service is not installed, but if the service is intended to be used as a lazy service, then it may be configured incorrectly.
05-05 10:22:48.452   703  9167 I keystore2: system/security/keystore2/watchdog/src/lib.rs:356 - Watchdog thread idle -> terminating. Have a great day.
05-05 10:22:48.827     0     0 I QCOM-BATT: pl_fcc_vote_callback: total_fcc_ua=1950000
05-05 10:22:48.827     0     0 I QCOM-BATT: pl_fv_vote_callback: fv_uv=4400000
05-05 10:22:49.033  3704  3747 W HidlServiceManagement: Waited one second for vendor.qti.hardware.cacert@1.0::IService/default
05-05 10:22:49.033   660   660 I hwservicemanager: Since vendor.qti.hardware.cacert@1.0::IService/default is not registered, trying to start it as a lazy HAL (if it's not configured to be a lazy HAL, it may be stuck starting or still starting).
05-05 10:22:49.035  3704  3747 I HidlServiceManagement: getService: Trying again for vendor.qti.hardware.cacert@1.0::IService/default...
05-05 10:22:48.950     0     0 E init    : Control message: Could not find 'vendor.qti.hardware.cacert@1.0::IService/default' for ctl.interface_start from pid: 660 (/system/system_ext/bin/hwservicemanager)
05-05 10:22:49.037   660  9266 W libc    : Unable to set property "ctl.interface_start" to "vendor.qti.hardware.cacert@1.0::IService/default": PROP_ERROR_HANDLE_CONTROL_MESSAGE (0x20)
05-05 10:22:49.037   660  9266 I hwservicemanager: Tried to start vendor.qti.hardware.cacert@1.0::IService/default as a lazy service, but was unable to. Usually this happens when a service is not installed, but if the service is intended to be used as a lazy service, then it may be configured incorrectly.
05-05 10:22:49.185     0     0 E FG      : fg_psy_get_property: unsupported property 79
05-05 10:22:49.195     0     0 E FG      : fg_psy_get_property: unsupported property 79
05-05 10:22:49.294  1126  1126 D QtiCarrierConfigHelper: WARNING, no carrier configs on phone Id: 0
05-05 10:22:49.200     0     0 W healthd : battery l=100 v=2912 t=21.3 h=2 st=5 c=0 fc=2831000 chg=u
05-05 10:22:49.207     0     0 E FG      : fg_psy_get_property: unsupported property 79
05-05 10:22:49.301   960  1373 D PowerUI : can't show warning due to - plugged: true status unknown: false
05-05 10:22:50.036  3704  3747 W HidlServiceManagement: Waited one second for vendor.qti.hardware.cacert@1.0::IService/default
05-05 10:22:50.038   660   660 I hwservicemanager: Since vendor.qti.hardware.cacert@1.0::IService/default is not registered, trying to start it as a lazy HAL (if it's not configured to be a lazy HAL, it may be stuck starting or still starting).
05-05 10:22:50.040  3704  3747 I HidlServiceManagement: getService: Trying again for vendor.qti.hardware.cacert@1.0::IService/default...
05-05 10:22:50.042   660  9268 W libc    : Unable to set property "ctl.interface_start" to "vendor.qti.hardware.cacert@1.0::IService/default": PROP_ERROR_HANDLE_CONTROL_MESSAGE (0x20)
05-05 10:22:50.042   660  9268 I hwservicemanager: Tried to start vendor.qti.hardware.cacert@1.0::IService/default as a lazy service, but was unable to. Usually this happens when a service is not installed, but if the service is intended to be used as a lazy service, then it may be configured incorrectly.
05-05 10:22:49.955     0     0 E init    : Control message: Could not find 'vendor.qti.hardware.cacert@1.0::IService/default' for ctl.interface_start from pid: 660 (/system/system_ext/bin/hwservicemanager)
05-05 10:22:51.040  3704  3747 W HidlServiceManagement: Waited one second for vendor.qti.hardware.cacert@1.0::IService/default
05-05 10:22:51.041   660   660 I hwservicemanager: Since vendor.qti.hardware.cacert@1.0::IService/default is not registered, trying to start it as a lazy HAL (if it's not configured to be a lazy HAL, it may be stuck starting or still starting).
05-05 10:22:51.042  3704  3747 I HidlServiceManagement: getService: Trying again for vendor.qti.hardware.cacert@1.0::IService/default...
05-05 10:22:51.046   660  9269 W libc    : Unable to set property "ctl.interface_start" to "vendor.qti.hardware.cacert@1.0::IService/default": PROP_ERROR_HANDLE_CONTROL_MESSAGE (0x20)
05-05 10:22:51.046   660  9269 I hwservicemanager: Tried to start vendor.qti.hardware.cacert@1.0::IService/default as a lazy service, but was unable to. Usually this happens when a service is not installed, but if the service is intended to be used as a lazy service, then it may be configured incorrectly.
05-05 10:22:50.959     0     0 E init    : Control message: Could not find 'vendor.qti.hardware.cacert@1.0::IService/default' for ctl.interface_start from pid: 660 (/system/system_ext/bin/hwservicemanager)
05-05 10:22:51.200   713  1834 I NxpNciR : len =   4 > 600701A1
05-05 10:22:51.489  9207  9212 I m.westlake.host: Background concurrent copying GC freed 15MB AllocSpace bytes, 9(460KB) LOS objects, 86% free, 3810KB/27MB, paused 152us,85us total 132.756ms
05-05 10:22:52.043  3704  3747 W HidlServiceManagement: Waited one second for vendor.qti.hardware.cacert@1.0::IService/default
05-05 10:22:52.045   660   660 I hwservicemanager: Since vendor.qti.hardware.cacert@1.0::IService/default is not registered, trying to start it as a lazy HAL (if it's not configured to be a lazy HAL, it may be stuck starting or still starting).
05-05 10:22:52.046  3704  3747 I HidlServiceManagement: getService: Trying again for vendor.qti.hardware.cacert@1.0::IService/default...
05-05 10:22:52.048   660  9270 W libc    : Unable to set property "ctl.interface_start" to "vendor.qti.hardware.cacert@1.0::IService/default": PROP_ERROR_HANDLE_CONTROL_MESSAGE (0x20)
05-05 10:22:52.048   660  9270 I hwservicemanager: Tried to start vendor.qti.hardware.cacert@1.0::IService/default as a lazy service, but was unable to. Usually this happens when a service is not installed, but if the service is intended to be used as a lazy service, then it may be configured incorrectly.
05-05 10:22:51.961     0     0 E init    : Control message: Could not find 'vendor.qti.hardware.cacert@1.0::IService/default' for ctl.interface_start from pid: 660 (/system/system_ext/bin/hwservicemanager)
05-05 10:22:52.967  3512  3691 I ThermalEngine: Monitor : quiet_therm = 22767, msm_therm = 24776, xo_therm = 24464, battery_therm = 213,current_now = 0 
05-05 10:22:53.046  3704  3747 W HidlServiceManagement: Waited one second for vendor.qti.hardware.cacert@1.0::IService/default
05-05 10:22:53.047   660   660 I hwservicemanager: Since vendor.qti.hardware.cacert@1.0::IService/default is not registered, trying to start it as a lazy HAL (if it's not configured to be a lazy HAL, it may be stuck starting or still starting).
05-05 10:22:53.048  3704  3747 I HidlServiceManagement: getService: Trying again for vendor.qti.hardware.cacert@1.0::IService/default...
05-05 10:22:53.050   660  9271 W libc    : Unable to set property "ctl.interface_start" to "vendor.qti.hardware.cacert@1.0::IService/default": PROP_ERROR_HANDLE_CONTROL_MESSAGE (0x20)
05-05 10:22:53.050   660  9271 I hwservicemanager: Tried to start vendor.qti.hardware.cacert@1.0::IService/default as a lazy service, but was unable to. Usually this happens when a service is not installed, but if the service is intended to be used as a lazy service, then it may be configured incorrectly.
05-05 10:22:52.963     0     0 E init    : Control message: Could not find 'vendor.qti.hardware.cacert@1.0::IService/default' for ctl.interface_start from pid: 660 (/system/system_ext/bin/hwservicemanager)
05-05 10:22:53.357   713  1834 I NxpNciR : len =   4 > 600701A1
05-05 10:22:54.048  3704  3747 W HidlServiceManagement: Waited one second for vendor.qti.hardware.cacert@1.0::IService/default
05-05 10:22:54.049   660   660 I hwservicemanager: Since vendor.qti.hardware.cacert@1.0::IService/default is not registered, trying to start it as a lazy HAL (if it's not configured to be a lazy HAL, it may be stuck starting or still starting).
05-05 10:22:54.049  3704  3747 I HidlServiceManagement: getService: Trying again for vendor.qti.hardware.cacert@1.0::IService/default...
05-05 10:22:54.052   660  9272 W libc    : Unable to set property "ctl.interface_start" to "vendor.qti.hardware.cacert@1.0::IService/default": PROP_ERROR_HANDLE_CONTROL_MESSAGE (0x20)
05-05 10:22:54.052   660  9272 I hwservicemanager: Tried to start vendor.qti.hardware.cacert@1.0::IService/default as a lazy service, but was unable to. Usually this happens when a service is not installed, but if the service is intended to be used as a lazy service, then it may be configured incorrectly.
05-05 10:22:53.965     0     0 E init    : Control message: Could not find 'vendor.qti.hardware.cacert@1.0::IService/default' for ctl.interface_start from pid: 660 (/system/system_ext/bin/hwservicemanager)
05-05 10:22:55.050  3704  3747 W HidlServiceManagement: Waited one second for vendor.qti.hardware.cacert@1.0::IService/default
05-05 10:22:55.052   660   660 I hwservicemanager: Since vendor.qti.hardware.cacert@1.0::IService/default is not registered, trying to start it as a lazy HAL (if it's not configured to be a lazy HAL, it may be stuck starting or still starting).
05-05 10:22:55.053  3704  3747 I HidlServiceManagement: getService: Trying again for vendor.qti.hardware.cacert@1.0::IService/default...
05-05 10:22:55.056   660  9273 W libc    : Unable to set property "ctl.interface_start" to "vendor.qti.hardware.cacert@1.0::IService/default": PROP_ERROR_HANDLE_CONTROL_MESSAGE (0x20)
