--------- beginning of kernel
05-05 10:22:38.419     0     0 I logd    : logdr: UID=2000 GID=2000 PID=9179 b tail=0 logMask=99 pid=0 start=0ns deadline=0ns
--------- beginning of system
05-05 10:22:38.989   307   391 E AccessPersistence: Failed to verity-protect runtime-permissions
05-05 10:22:38.989   307   391 E AccessPersistence: java.io.IOException: Failed to enable fs-verity on FD(485): Inappropriate ioctl for device
05-05 10:22:38.989   307   391 E AccessPersistence: 	at com.android.internal.security.VerityUtils.setUpFsverity(VerityUtils.java:94)
05-05 10:22:38.989   307   391 E AccessPersistence: 	at com.android.server.security.FileIntegrity.setUpFsVerity(FileIntegrity.java:66)
05-05 10:22:38.989   307   391 E AccessPersistence: 	at com.android.server.security.FileIntegrity.setUpFsVerity(FileIntegrity.java:50)
05-05 10:22:38.989   307   391 E AccessPersistence: 	at com.android.server.permission.access.AccessPersistence.writeSystemState(AccessPersistence.kt:65)
05-05 10:22:38.989   307   391 E AccessPersistence: 	at com.android.server.permission.access.AccessPersistence.writePendingState(AccessPersistence.kt:149)
05-05 10:22:38.989   307   391 E AccessPersistence: 	at com.android.server.permission.access.AccessPersistence.access$writePendingState(AccessPersistence.kt:41)
05-05 10:22:38.989   307   391 E AccessPersistence: 	at com.android.server.permission.access.AccessPersistence$WriteHandler.handleMessage(AccessPersistence.kt:190)
05-05 10:22:38.989   307   391 E AccessPersistence: 	at android.os.Handler.dispatchMessage(Handler.java:109)
05-05 10:22:38.989   307   391 E AccessPersistence: 	at android.os.Looper.loopOnce(Looper.java:232)
05-05 10:22:38.989   307   391 E AccessPersistence: 	at android.os.Looper.loop(Looper.java:317)
05-05 10:22:38.989   307   391 E AccessPersistence: 	at android.os.HandlerThread.run(HandlerThread.java:85)
05-05 10:22:38.989   307   391 E AccessPersistence: 	at com.android.server.ServiceThread.run(ServiceThread.java:49)
--------- beginning of main
05-05 10:22:39.005  3704  3747 W HidlServiceManagement: Waited one second for vendor.qti.hardware.cacert@1.0::IService/default
05-05 10:22:39.005   660   660 I hwservicemanager: Since vendor.qti.hardware.cacert@1.0::IService/default is not registered, trying to start it as a lazy HAL (if it's not configured to be a lazy HAL, it may be stuck starting or still starting).
05-05 10:22:39.006  3704  3747 I HidlServiceManagement: getService: Trying again for vendor.qti.hardware.cacert@1.0::IService/default...
05-05 10:22:39.009   660  9182 W libc    : Unable to set property "ctl.interface_start" to "vendor.qti.hardware.cacert@1.0::IService/default": PROP_ERROR_HANDLE_CONTROL_MESSAGE (0x20)
05-05 10:22:39.009   660  9182 I hwservicemanager: Tried to start vendor.qti.hardware.cacert@1.0::IService/default as a lazy service, but was unable to. Usually this happens when a service is not installed, but if the service is intended to be used as a lazy service, then it may be configured incorrectly.
05-05 10:22:38.922     0     0 E init    : Control message: Could not find 'vendor.qti.hardware.cacert@1.0::IService/default' for ctl.interface_start from pid: 660 (/system/system_ext/bin/hwservicemanager)
05-05 10:22:39.016   307   391 E AccessPersistence: Failed to verity-protect runtime-permissions
05-05 10:22:39.016   307   391 E AccessPersistence: java.io.IOException: Failed to enable fs-verity on FD(485): Inappropriate ioctl for device
05-05 10:22:39.016   307   391 E AccessPersistence: 	at com.android.internal.security.VerityUtils.setUpFsverity(VerityUtils.java:94)
05-05 10:22:39.016   307   391 E AccessPersistence: 	at com.android.server.security.FileIntegrity.setUpFsVerity(FileIntegrity.java:66)
05-05 10:22:39.016   307   391 E AccessPersistence: 	at com.android.server.security.FileIntegrity.setUpFsVerity(FileIntegrity.java:50)
05-05 10:22:39.016   307   391 E AccessPersistence: 	at com.android.server.permission.access.AccessPersistence.writeUserState(AccessPersistence.kt:65)
05-05 10:22:39.016   307   391 E AccessPersistence: 	at com.android.server.permission.access.AccessPersistence.writePendingState(AccessPersistence.kt:151)
05-05 10:22:39.016   307   391 E AccessPersistence: 	at com.android.server.permission.access.AccessPersistence.access$writePendingState(AccessPersistence.kt:41)
05-05 10:22:39.016   307   391 E AccessPersistence: 	at com.android.server.permission.access.AccessPersistence$WriteHandler.handleMessage(AccessPersistence.kt:190)
05-05 10:22:39.016   307   391 E AccessPersistence: 	at android.os.Handler.dispatchMessage(Handler.java:109)
05-05 10:22:39.016   307   391 E AccessPersistence: 	at android.os.Looper.loopOnce(Looper.java:232)
05-05 10:22:39.016   307   391 E AccessPersistence: 	at android.os.Looper.loop(Looper.java:317)
05-05 10:22:39.016   307   391 E AccessPersistence: 	at android.os.HandlerThread.run(HandlerThread.java:85)
05-05 10:22:39.016   307   391 E AccessPersistence: 	at com.android.server.ServiceThread.run(ServiceThread.java:49)
05-05 10:22:39.103     0     0 I binder  : 9186:9186 ioctl 40046210 7fe911c304 returned -22
05-05 10:22:39.198   307  1234 I ActivityManager: Force stopping com.westlake.host appid=10218 user=0: from pid 9186
05-05 10:22:39.209   307   767 I AppWidgetServiceImpl: Received broadcast: android.intent.action.PACKAGE_RESTARTED on user 0
05-05 10:22:39.209   307   767 I AppWidgetServiceImpl: Updating package stopped masked state for uid 10218 package com.westlake.host isStopped true
05-05 10:22:39.210  1166  1166 D CarrierSvcBindHelper: onHandleForceStop: [com.westlake.host]
05-05 10:22:39.212  1166  1166 D CarrierSvcBindHelper: No carrier app for: 0
05-05 10:22:39.215  1166  1166 D CarrierSvcBindHelper: No carrier app for: 1
05-05 10:22:39.933   307  1234 I ActivityManager: Force stopping com.westlake.host appid=10218 user=0: from pid 9201
05-05 10:22:39.842     0     0 I binder  : 9201:9201 ioctl 40046210 7feb08a8d4 returned -22
05-05 10:22:39.941   307   767 I AppWidgetServiceImpl: Received broadcast: android.intent.action.PACKAGE_RESTARTED on user 0
05-05 10:22:39.941   307   767 I AppWidgetServiceImpl: Updating package stopped masked state for uid 10218 package com.westlake.host isStopped true
05-05 10:22:39.942  1166  1166 D CarrierSvcBindHelper: onHandleForceStop: [com.westlake.host]
05-05 10:22:39.945  1166  1166 D CarrierSvcBindHelper: No carrier app for: 0
05-05 10:22:39.945  1166  1166 D CarrierSvcBindHelper: No carrier app for: 1
05-05 10:22:40.007  3704  3747 W HidlServiceManagement: Waited one second for vendor.qti.hardware.cacert@1.0::IService/default
05-05 10:22:40.009   660   660 I hwservicemanager: Since vendor.qti.hardware.cacert@1.0::IService/default is not registered, trying to start it as a lazy HAL (if it's not configured to be a lazy HAL, it may be stuck starting or still starting).
05-05 10:22:40.010  3704  3747 I HidlServiceManagement: getService: Trying again for vendor.qti.hardware.cacert@1.0::IService/default...
05-05 10:22:40.016   660  9204 W libc    : Unable to set property "ctl.interface_start" to "vendor.qti.hardware.cacert@1.0::IService/default": PROP_ERROR_HANDLE_CONTROL_MESSAGE (0x20)
05-05 10:22:40.017   660  9204 I hwservicemanager: Tried to start vendor.qti.hardware.cacert@1.0::IService/default as a lazy service, but was unable to. Usually this happens when a service is not installed, but if the service is intended to be used as a lazy service, then it may be configured incorrectly.
05-05 10:22:39.930     0     0 E init    : Control message: Could not find 'vendor.qti.hardware.cacert@1.0::IService/default' for ctl.interface_start from pid: 660 (/system/system_ext/bin/hwservicemanager)
05-05 10:22:40.194   307  1234 W ActivityTaskManager: callingPackage for (uid=2000, pid=9201) has no WPC
05-05 10:22:40.197   307  1234 V GrammaticalInflectionUtils: AttributionSource: AttributionSource { uid = 10218, packageName = null, attributionTag = null, token = android.os.Binder@a81f694, deviceId = 0, next = null } does not have READ_SYSTEM_GRAMMATICAL_GENDER permission.
05-05 10:22:40.197   307  1234 W OptProp : Cannot read opt property android.window.PROPERTY_COMPAT_ALLOW_RESIZEABLE_ACTIVITY_OVERRIDES
05-05 10:22:40.198   307  1234 W OptProp : Cannot read opt property android.window.PROPERTY_COMPAT_ALLOW_MIN_ASPECT_RATIO_OVERRIDE
05-05 10:22:40.206   307  1234 W OptProp : Cannot read opt property android.window.PROPERTY_COMPAT_ALLOW_ORIENTATION_OVERRIDE
05-05 10:22:40.207  3320  4831 I BpBinder: onLastStrongRef automatically unlinking death recipients: 
05-05 10:22:40.209  3220  3220 I android.hardware.power-service-qti: Power setMode: 5 to: 1
05-05 10:22:40.210   307  1234 V SplashScreenExceptionList: SplashScreen checking exception for package com.westlake.host (target sdk:28) -> false
05-05 10:22:40.212  3267  3300 E ANDR-PERF-UTIL: Failed to read /sys/class/mmc_host/mmc0/clk_scaling/enable
05-05 10:22:40.212  3267  3300 E ANDR-PERF-OPTSHANDLER: Failed to read /sys/class/mmc_host/mmc0/clk_scaling/enable
05-05 10:22:40.212  3267  3300 E ANDR-PERF-RESOURCEQS: Failed to apply optimization [11, 4]
05-05 10:22:40.214   307  1234 I ActivityTaskManager: START u0 {flg=0x10000000 cmp=com.westlake.host/.WestlakeActivity (has extras)} with LAUNCH_MULTIPLE from uid 2000 (BAL_ALLOW_PERMISSION) result code=0
05-05 10:22:40.217   960   982 V WindowManagerShell: Transition requested (#4414): android.os.BinderProxy@770d4a5 TransitionRequestInfo { type = OPEN, triggerTask = TaskInfo{userId=0 taskId=2271 effectiveUid=10218 displayId=0 isRunning=true baseIntent=Intent { flg=0x10000000 cmp=com.westlake.host/.WestlakeActivity } baseActivity=ComponentInfo{com.westlake.host/com.westlake.host.WestlakeActivity} topActivity=ComponentInfo{com.westlake.host/com.westlake.host.WestlakeActivity} origActivity=null realActivity=ComponentInfo{com.westlake.host/com.westlake.host.WestlakeActivity} numActivities=1 lastActiveTime=2238752780 supportsMultiWindow=true resizeMode=1 isResizeable=true minWidth=-1 minHeight=-1 defaultMinSize=220 token=WCT{android.window.IWindowContainerToken$Stub$Proxy@873007a} topActivityType=1 pictureInPictureParams=null shouldDockBigOverlays=false launchIntoPipHostTaskId=-1 lastParentTaskIdBeforePip=-1 displayCutoutSafeInsets=Rect(0, 80 - 0, 0) topActivityInfo=ActivityInfo{b78902b com.westlake.host.WestlakeActivity} launchCookies=[] positionInParent=Point(0, 0) parentTaskId=-1 isFocused=false isVisible=false isVisibleRequested=false isTopActivityNoDisplay=false isSleeping=false locusId=null displayAreaFeatureId=1 isTopActivityTransparent=false isActivityStackTransparent=false lastNonFullscreenBounds=Rect(267, 606 - 814, 1686) capturedLink=null capturedLinkTimestamp=0 requestedVisibleTypes=-9 topActivityRequestOpenInBrowserEducationTimestamp=0 appCompatTaskInfo=AppCompatTaskInfo { topActivityInSizeCompat=false eligibleForLetterboxEducation= false isLetterboxEducationEnabled= false isLetterboxDoubleTapEnabled= false eligibleForUserAspectRatioButton= false topActivityBoundsLetterboxed= false isFromLetterboxDoubleTap= false topActivityLetterboxVerticalPosition= -1 topActivityLetterboxHorizontalPosition= -1 topActivityLetterboxWidth=-1 topActivityLetterboxHeight=-1 topActivityLetterboxAppWidth=-1 topActivityLetterboxAppHeight=-1 isUserFullscreenOverrideEnabled=false isSystemFullscreenOverrideEnabled=false hasMinAspectRatioOverride=false topActivityLetterboxBounds=null cameraCompatTaskInfo=CameraCompatTaskInfo { freeformCameraCompatMode=inactive}} topActivityMainWindowFrame=null}, pipChange = null, remoteTransition = null, displayChange = null, flags = 0, debugId = 4414 }
05-05 10:22:40.218   960  1005 D SplashScreenView: Build android.window.SplashScreenView{a84ac88 V.E...... ......ID 0,0-0,0}
05-05 10:22:40.218   960  1005 D SplashScreenView: Icon: view: android.widget.ImageView{3f1621 V.ED..... ......I. 0,0-0,0 #1020525 android:id/splashscreen_icon_view} drawable: com.android.wm.shell.startingsurface.SplashscreenIconDrawableFactory$ImmobileIconDrawable@220aa46 size: 450
05-05 10:22:40.218   960  1005 D SplashScreenView: Branding: view: android.view.View{3ee0407 G.ED..... ......I. 0,0-0,0 #1020524 android:id/splashscreen_branding_view} drawable: null size w: 0 h: 0
05-05 10:22:40.219   960   982 D ShellSplitScreen: logExit: no-op, mLoggerSessionId is null
05-05 10:22:40.220  1230  1230 W SplitSelectStateCtor: Missing session instanceIds
05-05 10:22:40.220  1230  1230 D StatsLog: LAUNCHER_SPLIT_SELECTION_EXIT_INTERRUPTED
05-05 10:22:40.224   960   982 D WindowManagerShell: setLauncherKeepClearAreaHeight: visible=false, height=292
05-05 10:22:40.225  3080 29189 I netd    : tetherGetStats() -> {[]} <3.67ms>
05-05 10:22:40.233   307   421 V GrammaticalInflectionUtils: AttributionSource: AttributionSource { uid = 10218, packageName = null, attributionTag = null, token = android.os.Binder@a81f694, deviceId = 0, next = null } does not have READ_SYSTEM_GRAMMATICAL_GENDER permission.
05-05 10:22:40.233   307  1191 D CoreBackPreview: Window{68508e0 u0 Splash Screen com.westlake.host}: Setting back callback OnBackInvokedCallbackInfo{mCallback=android.window.IOnBackInvokedCallback$Stub$Proxy@af7ee3f, mPriority=0, mIsAnimationCallback=false, mOverrideBehavior=0}
05-05 10:22:40.246   307   780 D BackgroundInstallControlService: Package event received: 0
05-05 10:22:40.247   307   767 I AppWidgetServiceImpl: Received broadcast: android.intent.action.PACKAGE_UNSTOPPED on user 0
05-05 10:22:40.247   307   767 I AppWidgetServiceImpl: Updating package stopped masked state for uid 10218 package com.westlake.host isStopped false
05-05 10:22:40.255  1650 32677 D ForegroundUtils: Foreground UID status:
05-05 10:22:40.255  1650 32677 D ForegroundUtils: UID: 10130 is in foreground: false
05-05 10:22:40.255  1650 32677 D ForegroundUtils: UID: 10152 is in foreground: true
05-05 10:22:40.255  1650 32677 D ForegroundUtils: UID: 10159 is in foreground: true
05-05 10:22:40.258  1650 32677 D ForegroundUtils: UID: 10173 is in foreground: true
05-05 10:22:40.258  1650 32677 D ForegroundUtils: UID: 10190 is in foreground: true
05-05 10:22:40.258  1650 32677 D ForegroundUtils: UID: 10193 is in foreground: false
05-05 10:22:40.263   713  1834 I NxpNciR : len =   4 > 600701A1
05-05 10:22:40.265 32752 32752 D Zygote  : Forked child process 9207
05-05 10:22:40.266   307   526 I ActivityManager: Start proc 9207:com.westlake.host/u0a218 for next-top-activity {com.westlake.host/com.westlake.host.WestlakeActivity}
05-05 10:22:40.268  3320  3320 I BpBinder: onLastStrongRef automatically unlinking death recipients: 
05-05 10:22:40.272   960  1468 V WindowManagerShell: onTransitionReady(transaction=1318555125625)
05-05 10:22:40.272   307   388 V WindowManager: Sent Transition (#4414) createdAt=05-05 10:22:40.198 via request=TransitionRequestInfo { type = OPEN, triggerTask = TaskInfo{userId=0 taskId=2271 effectiveUid=10218 displayId=0 isRunning=true baseIntent=Intent { flg=0x10000000 cmp=com.westlake.host/.WestlakeActivity } baseActivity=ComponentInfo{com.westlake.host/com.westlake.host.WestlakeActivity} topActivity=ComponentInfo{com.westlake.host/com.westlake.host.WestlakeActivity} origActivity=null realActivity=ComponentInfo{com.westlake.host/com.westlake.host.WestlakeActivity} numActivities=1 lastActiveTime=2238752780 supportsMultiWindow=true resizeMode=1 isResizeable=true minWidth=-1 minHeight=-1 defaultMinSize=220 token=WCT{RemoteToken{f6d77a4 Task{8cac974 #2271 type=standard A=10218:com.westlake.host}}} topActivityType=1 pictureInPictureParams=null shouldDockBigOverlays=false launchIntoPipHostTaskId=-1 lastParentTaskIdBeforePip=-1 displayCutoutSafeInsets=Rect(0, 80 - 0, 0) topActivityInfo=ActivityInfo{8e8190d com.westlake.host.WestlakeActivity} launchCookies=[] positionInParent=Point(0, 0) parentTaskId=-1 isFocused=false isVisible=false isVisibleRequested=false isTopActivityNoDisplay=false isSleeping=false locusId=null displayAreaFeatureId=1 isTopActivityTransparent=false isActivityStackTransparent=false lastNonFullscreenBounds=Rect(267, 606 - 814, 1686) capturedLink=null capturedLinkTimestamp=0 requestedVisibleTypes=-9 topActivityRequestOpenInBrowserEducationTimestamp=0 appCompatTaskInfo=AppCompatTaskInfo { topActivityInSizeCompat=false eligibleForLetterboxEducation= false isLetterboxEducationEnabled= false isLetterboxDoubleTapEnabled= false eligibleForUserAspectRatioButton= false topActivityBoundsLetterboxed= false isFromLetterboxDoubleTap= false topActivityLetterboxVerticalPosition= -1 topActivityLetterboxHorizontalPosition= -1 topActivityLetterboxWidth=-1 topActivityLetterboxHeight=-1 topActivityLetterboxAppWidth=-1 topActivityLetterboxAppHeight=-1 isUserFullscreenOverrideEnabled=false isSystemFullscreenOverrideEnabled=false hasMinAspectRatioOverride=false topActivityLetterboxBounds=null cameraCompatTaskInfo=CameraCompatTaskInfo { freeformCameraCompatMode=inactive}} topActivityMainWindowFrame=null}, pipChange = null, remoteTransition = null, displayChange = null, flags = 0, debugId = 4414 }
05-05 10:22:40.272   307   388 V WindowManager:     startWCT=WindowContainerTransaction { changes= {} hops= [] errorCallbackToken=null taskFragmentOrganizer=null }
05-05 10:22:40.272   307   388 V WindowManager:     info={id=4414 t=OPEN f=0x0 trk=0 r=[0@Point(0, 0)] c=[
05-05 10:22:40.272   307   388 V WindowManager:         {WCT{RemoteToken{f6d77a4 Task{8cac974 #2271 type=standard A=10218:com.westlake.host}}} m=OPEN f=NONE leash=Surface(name=Task=2271)/@0x5f13f8 sb=Rect(0, 0 - 1080, 2280) eb=Rect(0, 0 - 1080, 2280) epz=Point(1080, 2280) d=0 taskParent=-1},
05-05 10:22:40.272   307   388 V WindowManager:         {WCT{RemoteToken{cb0a3c2 Task{a516ecc #1 type=home}}} m=TO_BACK f=SHOW_WALLPAPER leash=Surface(name=Task=1)/@0xdc03e5b sb=Rect(0, 0 - 1080, 2280) eb=Rect(0, 0 - 1080, 2280) epz=Point(1080, 2280) d=0 taskParent=-1}
05-05 10:22:40.272   307   388 V WindowManager:     ]}
05-05 10:22:40.272   960   982 V WindowManagerShell: onTransitionReady (#4414) android.os.BinderProxy@770d4a5: {id=4414 t=OPEN f=0x0 trk=0 r=[0@Point(0, 0)] c=[
05-05 10:22:40.272   960   982 V WindowManagerShell:         {m=OPEN f=NONE leash=Surface(name=Task=2271)/@0x448c991 sb=Rect(0, 0 - 1080, 2280) eb=Rect(0, 0 - 1080, 2280) epz=Point(1080, 2280) d=0 taskParent=-1},
05-05 10:22:40.272   960   982 V WindowManagerShell:         {m=TO_BACK f=SHOW_WALLPAPER leash=Surface(name=Task=1)/@0x78e30f6 sb=Rect(0, 0 - 1080, 2280) eb=Rect(0, 0 - 1080, 2280) epz=Point(1080, 2280) d=0 taskParent=-1}
05-05 10:22:40.272   960   982 V WindowManagerShell:     ]}
05-05 10:22:40.272   960   982 V WindowManagerShell: Playing animation for (#4414) android.os.BinderProxy@770d4a5@0
05-05 10:22:40.272   960   982 V ShellRecents: RecentsTransitionHandler.startAnimation: no controller found
05-05 10:22:40.272   960   982 V WindowManagerShell: Transition doesn't have explicit remote, search filters for match for {id=4414 t=OPEN f=0x0 trk=0 r=[0@Point(0, 0)] c=[{m=OPEN f=NONE leash=Surface(name=Task=2271)/@0x448c991 sb=Rect(0, 0 - 1080, 2280) eb=Rect(0, 0 - 1080, 2280) epz=Point(1080, 2280) d=0 taskParent=-1},{m=TO_BACK f=SHOW_WALLPAPER leash=Surface(name=Task=1)/@0x78e30f6 sb=Rect(0, 0 - 1080, 2280) eb=Rect(0, 0 - 1080, 2280) epz=Point(1080, 2280) d=0 taskParent=-1}]}
05-05 10:22:40.273   960   982 V WindowManagerShell:  Checking filter Pair{{types=[] flags=0x0] notFlags=0x100 checks=[{atype=home independent=true modes=[OPEN,TO_FRONT] flags=NONE mustBeTask=false order=TOP topActivity=ComponentInfo{com.android.launcher3/com.android.launcher3.uioverrides.QuickstepLauncher} launchCookie=null windowingMode=undefined},{atype=standard independent=true modes=[CLOSE,TO_BACK] flags=NONE mustBeTask=false order=ANY topActivity=null launchCookie=null windowingMode=undefined},{NOT atype=undefined independent=true modes=[] flags=NONE mustBeTask=true order=ANY topActivity=null launchCookie=null customAnim=true windowingMode=undefined}]} RemoteTransition { remoteTransition = android.window.IRemoteTransition$Stub$Proxy@ae59c67, appThread = android.app.IApplicationThread$Stub$Proxy@8152a14, debugName = QuickstepLaunchHome }}
05-05 10:22:40.273   960   982 V WindowManagerShell:  Delegate animation for (#4414) to null
05-05 10:22:40.273   960   982 V WindowManagerShell: start default transition animation, info = {id=4414 t=OPEN f=0x0 trk=0 r=[0@Point(0, 0)] c=[{m=OPEN f=NONE leash=Surface(name=Task=2271)/@0x448c991 sb=Rect(0, 0 - 1080, 2280) eb=Rect(0, 0 - 1080, 2280) epz=Point(1080, 2280) d=0 taskParent=-1},{m=TO_BACK f=SHOW_WALLPAPER leash=Surface(name=Task=1)/@0x78e30f6 sb=Rect(0, 0 - 1080, 2280) eb=Rect(0, 0 - 1080, 2280) epz=Point(1080, 2280) d=0 taskParent=-1}]}
05-05 10:22:40.273   960   982 V WindowManagerShell: loadAnimation: anim=android.view.animation.AnimationSet@e4e2764 animAttr=0x13 type=OPEN isEntrance=false
05-05 10:22:40.274   960   982 V WindowManagerShell: loadAnimation: anim=android.view.animation.AnimationSet@29f6dcd animAttr=0x12 type=OPEN isEntrance=true
05-05 10:22:40.275   960   982 V WindowManagerShell:  animated by com.android.wm.shell.transition.DefaultTransitionHandler@6c3a7ac
05-05 10:22:40.279   307  1191 W UserManagerService: Requested status bar icon for non-badged user 0
05-05 10:22:40.280  9207  9207 I Zygote  : seccomp disabled by setenforce 0
05-05 10:22:40.292  9207  9207 I m.westlake.host: Late-enabling -Xcheck:jni
05-05 10:22:40.348  9207  9207 I m.westlake.host: Using CollectorTypeCC GC.
05-05 10:22:40.355 23361 23366 I adbd    : jdwp connection from 9207
05-05 10:22:40.365  9207  9207 D nativeloader: Load libframework-connectivity-tiramisu-jni.so using APEX ns com_android_tethering for caller /apex/com.android.tethering/javalib/framework-connectivity-t.jar: ok
05-05 10:22:40.280     0     0 I binder  : 9207:9207 ioctl 40046210 7fd4a812f4 returned -22
05-05 10:22:40.383   307   780 D BackgroundInstallControlService: Package event received: 0
05-05 10:22:40.389  1650 32677 D ForegroundUtils: Foreground UID status:
05-05 10:22:40.389  1650 32677 D ForegroundUtils: UID: 10130 is in foreground: false
05-05 10:22:40.389  1650 32677 D ForegroundUtils: UID: 10152 is in foreground: true
05-05 10:22:40.389  1650 32677 D ForegroundUtils: UID: 10159 is in foreground: true
05-05 10:22:40.389  1650 32677 D ForegroundUtils: UID: 10173 is in foreground: true
05-05 10:22:40.389  1650 32677 D ForegroundUtils: UID: 10190 is in foreground: true
05-05 10:22:40.389  1650 32677 D ForegroundUtils: UID: 10193 is in foreground: false
05-05 10:22:40.389  1650 32677 D ForegroundUtils: UID: 10218 is in foreground: true
05-05 10:22:40.401  9207  9207 D nativeloader: Load libstats_jni.so using APEX ns com_android_os_statsd for caller /apex/com.android.os.statsd/javalib/framework-statsd.jar: ok
05-05 10:22:40.442  9207  9207 D ApplicationLoaders: Returning zygote-cached class loader: /system/framework/android.test.base.jar
05-05 10:22:40.444  9207  9207 W ziparchive: Unable to open '/data/app/~~Gg0G5CtqAB4V4yzAnUxcxw==/com.westlake.host-3z7eVqF571ZZVn3bfdrfTg==/base.dm': No such file or directory
05-05 10:22:40.444  9207  9207 W ziparchive: Unable to open '/data/app/~~Gg0G5CtqAB4V4yzAnUxcxw==/com.westlake.host-3z7eVqF571ZZVn3bfdrfTg==/base.dm': No such file or directory
05-05 10:22:40.570   960   982 V WindowManagerShell: Transition animation finished (aborted=false), notifying core (#4414) android.os.BinderProxy@770d4a5@0
05-05 10:22:40.573   307   388 V WindowManager: Finish Transition (#4414): created at 05-05 10:22:40.198 collect-started=0.583ms request-sent=14.718ms started=24.848ms ready=65.57ms sent=69.473ms finished=373.958ms
05-05 10:22:40.574  1230  1230 D VRI[QuickstepLauncher]: visibilityChanged oldVisibility=true newVisibility=false
05-05 10:22:40.576   960   982 V WindowManagerShell: Track 0 became idle
05-05 10:22:40.576   960   982 V WindowManagerShell: All active transition animations finished
05-05 10:22:40.576   307 22755 W UserManagerService: Requested status bar icon for non-badged user 0
05-05 10:22:40.577   307 22229 W UserManagerService: Requested status bar icon for non-badged user 0
05-05 10:22:41.010  3704  3747 W HidlServiceManagement: Waited one second for vendor.qti.hardware.cacert@1.0::IService/default
05-05 10:22:41.011   660   660 I hwservicemanager: Since vendor.qti.hardware.cacert@1.0::IService/default is not registered, trying to start it as a lazy HAL (if it's not configured to be a lazy HAL, it may be stuck starting or still starting).
05-05 10:22:41.012  3704  3747 I HidlServiceManagement: getService: Trying again for vendor.qti.hardware.cacert@1.0::IService/default...
05-05 10:22:41.013   660  9220 W libc    : Unable to set property "ctl.interface_start" to "vendor.qti.hardware.cacert@1.0::IService/default": PROP_ERROR_HANDLE_CONTROL_MESSAGE (0x20)
05-05 10:22:41.013   660  9220 I hwservicemanager: Tried to start vendor.qti.hardware.cacert@1.0::IService/default as a lazy service, but was unable to. Usually this happens when a service is not installed, but if the service is intended to be used as a lazy service, then it may be configured incorrectly.
05-05 10:22:40.927     0     0 E init    : Control message: Could not find 'vendor.qti.hardware.cacert@1.0::IService/default' for ctl.interface_start from pid: 660 (/system/system_ext/bin/hwservicemanager)
05-05 10:22:41.541  9207  9207 D nativeloader: Configuring clns-7 for other apk /data/app/~~Gg0G5CtqAB4V4yzAnUxcxw==/com.westlake.host-3z7eVqF571ZZVn3bfdrfTg==/base.apk. target_sdk_version=28, uses_libraries=, library_path=/data/app/~~Gg0G5CtqAB4V4yzAnUxcxw==/com.westlake.host-3z7eVqF571ZZVn3bfdrfTg==/lib/arm64:/data/app/~~Gg0G5CtqAB4V4yzAnUxcxw==/com.westlake.host-3z7eVqF571ZZVn3bfdrfTg==/base.apk!/lib/arm64-v8a, permitted_path=/data:/mnt/expand:/data/user/0/com.westlake.host
05-05 10:22:41.551  9207  9207 I m.westlake.host: AssetManager2(0x7bd463b4f8) locale list changing from [] to [en-US]
05-05 10:22:41.561  9207  9207 V GraphicsEnvironment: Currently set values for:
05-05 10:22:41.561  9207  9207 V GraphicsEnvironment:   angle_gl_driver_selection_pkgs=[]
05-05 10:22:41.561  9207  9207 V GraphicsEnvironment:   angle_gl_driver_selection_values=[]
05-05 10:22:41.561  9207  9207 V GraphicsEnvironment: com.westlake.host is not listed in per-application setting
05-05 10:22:41.561  9207  9207 V GraphicsEnvironment: Neither updatable production driver nor prerelease driver is supported.
05-05 10:22:41.620   307   780 D BackgroundInstallControlService: Package event received: 0
05-05 10:22:41.620   307   780 D BackgroundInstallControlService: Package event received: 0
05-05 10:22:41.631  9207  9207 I m.westlake.host: AssetManager2(0x7bd463f378) locale list changing from [] to [en-US]
05-05 10:22:41.681  9207  9207 I Westlake: WestlakeActivity onCreate (ComponentActivity + Compose)
05-05 10:22:41.682  9207  9207 I Westlake: Auto-launching: WESTLAKE_ART_NOICE
05-05 10:22:41.682  9207  9207 I Westlake: Launching Noice via Westlake ART VM
05-05 10:22:41.714  9207  9207 D DesktopModeFlagsUtil: Toggle override initialized to: OVERRIDE_UNSET
05-05 10:22:41.849  9207  9207 D InsetsController: Setting requestedVisibleTypes to -10 (was -9)
05-05 10:22:41.850   307 22755 W WindowManager: Failed looking up window session=Session{7df7fbe 9207:u0a10218} callers=com.android.server.wm.WindowManagerService.windowForClientLocked:6324 com.android.server.wm.Session.updateRequestedVisibleTypes:699 android.view.IWindowSession$Stub.onTransact:1023 
05-05 10:22:41.791     0     0 I QCOM-BATT: pl_fcc_vote_callback: total_fcc_ua=1950000
05-05 10:22:41.791     0     0 I QCOM-BATT: pl_fv_vote_callback: fv_uv=4400000
05-05 10:22:42.012  3704  3747 W HidlServiceManagement: Waited one second for vendor.qti.hardware.cacert@1.0::IService/default
05-05 10:22:42.013   660   660 I hwservicemanager: Since vendor.qti.hardware.cacert@1.0::IService/default is not registered, trying to start it as a lazy HAL (if it's not configured to be a lazy HAL, it may be stuck starting or still starting).
05-05 10:22:42.013  3704  3747 I HidlServiceManagement: getService: Trying again for vendor.qti.hardware.cacert@1.0::IService/default...
05-05 10:22:42.014   660  9227 W libc    : Unable to set property "ctl.interface_start" to "vendor.qti.hardware.cacert@1.0::IService/default": PROP_ERROR_HANDLE_CONTROL_MESSAGE (0x20)
05-05 10:22:42.015   660  9227 I hwservicemanager: Tried to start vendor.qti.hardware.cacert@1.0::IService/default as a lazy service, but was unable to. Usually this happens when a service is not installed, but if the service is intended to be used as a lazy service, then it may be configured incorrectly.
05-05 10:22:41.928     0     0 E init    : Control message: Could not find 'vendor.qti.hardware.cacert@1.0::IService/default' for ctl.interface_start from pid: 660 (/system/system_ext/bin/hwservicemanager)
05-05 10:22:42.228  9207  9207 W m.westlake.host: Method java.lang.Object androidx.compose.runtime.snapshots.SnapshotStateMap.mutate(kotlin.jvm.functions.Function1) failed lock verification and will run slower.
05-05 10:22:42.228  9207  9207 W m.westlake.host: Common causes for lock verification issues are non-optimized dex code
05-05 10:22:42.228  9207  9207 W m.westlake.host: and incorrect proguard optimizations.
05-05 10:22:42.228  9207  9207 W m.westlake.host: Method void androidx.compose.runtime.snapshots.SnapshotStateMap.update(kotlin.jvm.functions.Function1) failed lock verification and will run slower.
05-05 10:22:42.229  9207  9207 W m.westlake.host: Method boolean androidx.compose.runtime.snapshots.SnapshotStateMap.removeIf$runtime_release(kotlin.jvm.functions.Function1) failed lock verification and will run slower.
05-05 10:22:42.155     0     0 E FG      : fg_psy_get_property: unsupported property 79
05-05 10:22:42.164     0     0 E FG      : fg_psy_get_property: unsupported property 79
05-05 10:22:42.170     0     0 W healthd : battery l=100 v=2911 t=21.3 h=2 st=5 c=0 fc=2831000 chg=u
05-05 10:22:42.260  1126  1126 D QtiCarrierConfigHelper: WARNING, no carrier configs on phone Id: 0
05-05 10:22:42.266   960  2704 D PowerUI : can't show warning due to - plugged: true status unknown: false
05-05 10:22:42.182     0     0 E FG      : fg_psy_get_property: unsupported property 79
05-05 10:22:42.658  9207  9207 I WestlakeVM: DisplayListFrameView 480x800 for com.github.ashutoshgngwr.noice
05-05 10:22:42.677  9207  9207 I WestlakeVM: startPipeReader: pipe=false holder=true thread=null
05-05 10:22:42.731   307 22755 D CoreBackPreview: Window{f0fd9ca u0 com.westlake.host/com.westlake.host.WestlakeActivity}: Setting back callback OnBackInvokedCallbackInfo{mCallback=android.window.IOnBackInvokedCallback$Stub$Proxy@fbc4c17, mPriority=0, mIsAnimationCallback=false, mOverrideBehavior=0}
05-05 10:22:42.857  9207  9223 I AdrenoGLES-0: QUALCOMM build                   : 8e5405b, I57aaec3440
05-05 10:22:42.857  9207  9223 I AdrenoGLES-0: Build Date                       : 05/21/21
05-05 10:22:42.857  9207  9223 I AdrenoGLES-0: OpenGL ES Shader Compiler Version: EV031.32.02.10
05-05 10:22:42.857  9207  9223 I AdrenoGLES-0: Local Branch                     : mybranchebba1dbe-451b-f160-ac81-1458d0b52ae8
05-05 10:22:42.857  9207  9223 I AdrenoGLES-0: Remote Branch                    : quic/gfx-adreno.lnx.1.0.r135-rel
05-05 10:22:42.857  9207  9223 I AdrenoGLES-0: Remote Branch                    : NONE
05-05 10:22:42.857  9207  9223 I AdrenoGLES-0: Reconstruct Branch               : NOTHING
05-05 10:22:42.857  9207  9223 I AdrenoGLES-0: Build Config                     : S P 10.0.7 AArch64
05-05 10:22:42.857  9207  9223 I AdrenoGLES-0: Driver Path                      : /vendor/lib64/egl/libGLESv2_adreno.so
05-05 10:22:42.862  9207  9223 I AdrenoGLES-0: PFP: 0x016ee190, ME: 0x00000000
05-05 10:22:42.882  3320  3358 E HWComposer: getSupportedContentTypes: getSupportedContentTypes failed for display 4630946883826275713: UNSUPPORTED (8)
05-05 10:22:42.888   660   660 I hwservicemanager: getTransport: Cannot find entry android.hardware.graphics.mapper@4.0::IMapper/default in either framework or device VINTF manifest.
05-05 10:22:42.889  9207  9228 I Gralloc4: mapper 4.x is not supported
05-05 10:22:42.889   660   660 I hwservicemanager: getTransport: Cannot find entry android.hardware.graphics.mapper@3.0::IMapper/default in either framework or device VINTF manifest.
05-05 10:22:42.889  9207  9228 W Gralloc3: mapper 3.x is not supported
05-05 10:22:42.893  9207  9228 I Gralloc2: Adding additional valid usage bits: 0x8202000
05-05 10:22:42.799     0     0 I servicemanager: Caller(pid=9207,uid=10218,sid=u:r:untrusted_app_27:s0:c218,c256,c512,c768) Could not find android.hardware.graphics.allocator.IAllocator/default in the VINTF manifest. No alternative instances declared in VINTF.
05-05 10:22:42.802     0     0 I binder  : 9207:9228 ioctl 40046210 7a9c07f094 returned -22
05-05 10:22:43.014   307   388 W ziparchive: Unable to open '/data/app/~~Gg0G5CtqAB4V4yzAnUxcxw==/com.westlake.host-3z7eVqF571ZZVn3bfdrfTg==/base.dm': No such file or directory
05-05 10:22:43.016  3704  3747 W HidlServiceManagement: Waited one second for vendor.qti.hardware.cacert@1.0::IService/default
05-05 10:22:43.016   660   660 I hwservicemanager: Since vendor.qti.hardware.cacert@1.0::IService/default is not registered, trying to start it as a lazy HAL (if it's not configured to be a lazy HAL, it may be stuck starting or still starting).
05-05 10:22:43.016  3704  3747 I HidlServiceManagement: getService: Trying again for vendor.qti.hardware.cacert@1.0::IService/default...
05-05 10:22:43.026   307   388 I ActivityTaskManager: Displayed com.westlake.host/.WestlakeActivity for user 0: +2s821ms
05-05 10:22:43.028   660  9234 W libc    : Unable to set property "ctl.interface_start" to "vendor.qti.hardware.cacert@1.0::IService/default": PROP_ERROR_HANDLE_CONTROL_MESSAGE (0x20)
05-05 10:22:43.028   660  9234 I hwservicemanager: Tried to start vendor.qti.hardware.cacert@1.0::IService/default as a lazy service, but was unable to. Usually this happens when a service is not installed, but if the service is intended to be used as a lazy service, then it may be configured incorrectly.
05-05 10:22:42.942     0     0 E init    : Control message: Could not find 'vendor.qti.hardware.cacert@1.0::IService/default' for ctl.interface_start from pid: 660 (/system/system_ext/bin/hwservicemanager)
05-05 10:22:43.035  9207  9216 I HWUI    : Davey! duration=1159ms; Flags=1, FrameTimelineVsyncId=93951735, IntendedVsync=2198793426759278, Vsync=2198793426759278, InputEventId=0, HandleInputStart=2198793435233255, AnimationStart=2198793435244870, PerformTraversalsStart=2198793435256015, DrawStart=2198794478623619, FrameDeadline=2198793443425944, FrameInterval=2198793435186067, FrameStartTime=16683177, SyncQueued=2198794499440859, SyncStart=2198794499630234, IssueDrawCommandsStart=2198794500403723, SwapBuffers=2198794582530911, FrameCompleted=2198794586114921, DequeueBufferDuration=25000, QueueBufferDuration=557708, GpuCompleted=2198794586114921, SwapBuffersCompleted=2198794584293932, DisplayPresentTime=0, CommandSubmissionCompleted=2198794582530911, 
05-05 10:22:43.073  9207  9207 I Choreographer: Skipped 63 frames!  The application may be doing too much work on its main thread.
05-05 10:22:43.073  9207  9236 I WestlakeVM: startWithConfig() called, config=ApkVmConfig(packageName=com.github.ashutoshgngwr.noice, activityName=com.github.ashutoshgngwr.noice.activity.MainActivity, displayName=Noice (ART), apkSourceDir=/data/app/~~R7-vSKxT523z7oA2P8Ynag==/com.github.ashutoshgngwr.noice-D3ESsKFH5h3RNFnLUIp9ig==/base.apk, allowRealFrameworkFallback=false, backendMode=null, extraVmProperties={})
05-05 10:22:43.094   307   656 I ImeTracker: com.westlake.host:4aa8ac2e: onRequestHide at ORIGIN_SERVER reason HIDE_UNSPECIFIED_WINDOW fromUser false
05-05 10:22:43.106  9207  9207 D InsetsController: hide(ime(), fromIme=false)
05-05 10:22:43.106  9207  9207 I ImeTracker: com.westlake.host:4aa8ac2e: onCancelled at PHASE_CLIENT_ALREADY_HIDDEN
05-05 10:22:43.109  3220  3220 I android.hardware.power-service-qti: Power setMode: 5 to: 0
05-05 10:22:43.114  1650 32677 D ForegroundUtils: Foreground UID status:
05-05 10:22:43.114  1650 32677 D ForegroundUtils: UID: 10130 is in foreground: false
05-05 10:22:43.114  1650 32677 D ForegroundUtils: UID: 10152 is in foreground: false
05-05 10:22:43.114  1650 32677 D ForegroundUtils: UID: 10159 is in foreground: true
05-05 10:22:43.114  1650 32677 D ForegroundUtils: UID: 10173 is in foreground: true
05-05 10:22:43.114  1650 32677 D ForegroundUtils: UID: 10190 is in foreground: true
05-05 10:22:43.114  1650 32677 D ForegroundUtils: UID: 10193 is in foreground: false
05-05 10:22:43.114  1650 32677 D ForegroundUtils: UID: 10218 is in foreground: true
05-05 10:22:43.116  1230  1230 D BaseDepthController: setSurface:
05-05 10:22:43.116  1230  1230 D BaseDepthController: 	mWaitingOnSurfaceValidity: false
05-05 10:22:43.116  1230  1230 D BaseDepthController: 	mSurface: null
05-05 10:22:43.118  1230  1230 D StateManager: goToState - fromState: Normal, toState: Normal, partial trace:
05-05 10:22:43.118  1230  1230 D StateManager: 	at com.android.launcher3.statemanager.StateManager.moveToRestState(StateManager.java:465)
05-05 10:22:43.118  1230  1230 D StateManager: 	at com.android.launcher3.statemanager.StateManager.moveToRestState(StateManager.java:456)
05-05 10:22:43.118  1230  1230 D StateManager: 	at com.android.launcher3.statemanager.StatefulActivity.onStop(StatefulActivity.java:136)
05-05 10:22:43.118  1230  1230 D StatsLog: LAUNCHER_ONSTOP
05-05 10:22:43.120   307 22755 I AppWidgetServiceImpl: setAppWidgetHidden() 0
05-05 10:22:43.127  3080 29189 I netd    : tetherGetStats() -> {[]} <2.64ms>
05-05 10:22:43.128   307   780 D BackgroundInstallControlService: Package event received: 0
05-05 10:22:43.386   960  1004 W WindowOnBackDispatcher: sendCancelIfRunning: isInProgress=false callback=android.view.ViewRootImpl$$ExternalSyntheticLambda13@14bc1e
05-05 10:22:43.389   307 22755 D CoreBackPreview: Window{68508e0 u0 Splash Screen com.westlake.host EXITING}: Setting back callback null
05-05 10:22:43.391  3220  3220 I android.hardware.power-service-qti: Power setBoost: 0, duration: 0
05-05 10:22:43.438   960  1004 W FrameTracker: Missing SF jank callback for vsyncId: 93951858, CUJ=J<SPLASHSCREEN_EXIT_ANIM>
05-05 10:22:43.438   960  1004 W FrameTracker: Missing SF jank callback for vsyncId: 93951877, CUJ=J<SPLASHSCREEN_EXIT_ANIM>
05-05 10:22:43.438   960  1004 W FrameTracker: Missing SF jank callback for vsyncId: 93951895, CUJ=J<SPLASHSCREEN_EXIT_ANIM>
05-05 10:22:43.438   960  1004 W FrameTracker: Missing SF jank callback for vsyncId: 93951908, CUJ=J<SPLASHSCREEN_EXIT_ANIM>
05-05 10:22:43.438   960  1004 W FrameTracker: Missing SF jank callback for vsyncId: 93951928, CUJ=J<SPLASHSCREEN_EXIT_ANIM>
05-05 10:22:43.438   960  1004 W FrameTracker: Missing SF jank callback for vsyncId: 93951953, CUJ=J<SPLASHSCREEN_EXIT_ANIM>
05-05 10:22:43.439   960  1004 W FrameTracker: Missing SF jank callback for vsyncId: 93951972, CUJ=J<SPLASHSCREEN_EXIT_ANIM>
05-05 10:22:43.439   960  1004 W FrameTracker: Missing SF jank callback for vsyncId: 93951997, CUJ=J<SPLASHSCREEN_EXIT_ANIM>
05-05 10:22:43.439   960  1004 W FrameTracker: Missing SF jank callback for vsyncId: 93952021, CUJ=J<SPLASHSCREEN_EXIT_ANIM>
05-05 10:22:43.439   960  1004 W FrameTracker: Missing SF jank callback for vsyncId: 93952041, CUJ=J<SPLASHSCREEN_EXIT_ANIM>
05-05 10:22:43.439   960  1004 W FrameTracker: Missing SF jank callback for vsyncId: 93952054, CUJ=J<SPLASHSCREEN_EXIT_ANIM>
05-05 10:22:43.439   960  1004 W FrameTracker: Missing SF jank callback for vsyncId: 93952067, CUJ=J<SPLASHSCREEN_EXIT_ANIM>
05-05 10:22:43.439   960  1004 W FrameTracker: Missing SF jank callback for vsyncId: 93952080, CUJ=J<SPLASHSCREEN_EXIT_ANIM>
05-05 10:22:43.439   960  1004 W FrameTracker: Missing SF jank callback for vsyncId: 93952093, CUJ=J<SPLASHSCREEN_EXIT_ANIM>
05-05 10:22:43.439   960  1004 W FrameTracker: Missing SF jank callback for vsyncId: 93952106, CUJ=J<SPLASHSCREEN_EXIT_ANIM>
05-05 10:22:43.439   960  1004 W FrameTracker: Missing SF jank callback for vsyncId: 93952119, CUJ=J<SPLASHSCREEN_EXIT_ANIM>
05-05 10:22:43.439   960  1004 W FrameTracker: Missing SF jank callback for vsyncId: 93952132, CUJ=J<SPLASHSCREEN_EXIT_ANIM>
05-05 10:22:43.439   960  1004 W FrameTracker: Missing SF jank callback for vsyncId: 93952145, CUJ=J<SPLASHSCREEN_EXIT_ANIM>
05-05 10:22:43.439   960  1004 W FrameTracker: Missing SF jank callback for vsyncId: 93952158, CUJ=J<SPLASHSCREEN_EXIT_ANIM>
05-05 10:22:43.439   960  1004 W FrameTracker: Missing SF jank callback for vsyncId: 93952171, CUJ=J<SPLASHSCREEN_EXIT_ANIM>
05-05 10:22:43.478  9207  9240 W InteractionJankMonitor: Initializing without READ_DEVICE_CONFIG permission. enabled=true, interval=1, missedFrameThreshold=3, frameTimeThreshold=64, package=com.westlake.host
05-05 10:22:43.608  9207  9236 I WestlakeVM: App OAT symlinks: 0 files in /data/local/tmp/westlake/oat/arm64
05-05 10:22:44.017  3704  3747 W HidlServiceManagement: Waited one second for vendor.qti.hardware.cacert@1.0::IService/default
05-05 10:22:44.019   660   660 I hwservicemanager: Since vendor.qti.hardware.cacert@1.0::IService/default is not registered, trying to start it as a lazy HAL (if it's not configured to be a lazy HAL, it may be stuck starting or still starting).
05-05 10:22:44.021  3704  3747 I HidlServiceManagement: getService: Trying again for vendor.qti.hardware.cacert@1.0::IService/default...
05-05 10:22:43.938     0     0 E init    : Control message: Could not find 'vendor.qti.hardware.cacert@1.0::IService/default' for ctl.interface_start from pid: 660 (/system/system_ext/bin/hwservicemanager)
05-05 10:22:44.025   660  9253 W libc    : Unable to set property "ctl.interface_start" to "vendor.qti.hardware.cacert@1.0::IService/default": PROP_ERROR_HANDLE_CONTROL_MESSAGE (0x20)
05-05 10:22:44.025   660  9253 I hwservicemanager: Tried to start vendor.qti.hardware.cacert@1.0::IService/default as a lazy service, but was unable to. Usually this happens when a service is not installed, but if the service is intended to be used as a lazy service, then it may be configured incorrectly.
05-05 10:22:44.630   713  1834 I NxpNciR : len =   4 > 600701A1
05-05 10:22:45.022  3704  3747 W HidlServiceManagement: Waited one second for vendor.qti.hardware.cacert@1.0::IService/default
05-05 10:22:45.023   660   660 I hwservicemanager: Since vendor.qti.hardware.cacert@1.0::IService/default is not registered, trying to start it as a lazy HAL (if it's not configured to be a lazy HAL, it may be stuck starting or still starting).
05-05 10:22:45.025  3704  3747 I HidlServiceManagement: getService: Trying again for vendor.qti.hardware.cacert@1.0::IService/default...
05-05 10:22:45.027   660  9254 W libc    : Unable to set property "ctl.interface_start" to "vendor.qti.hardware.cacert@1.0::IService/default": PROP_ERROR_HANDLE_CONTROL_MESSAGE (0x20)
05-05 10:22:45.027   660  9254 I hwservicemanager: Tried to start vendor.qti.hardware.cacert@1.0::IService/default as a lazy service, but was unable to. Usually this happens when a service is not installed, but if the service is intended to be used as a lazy service, then it may be configured incorrectly.
05-05 10:22:44.940     0     0 E init    : Control message: Could not find 'vendor.qti.hardware.cacert@1.0::IService/default' for ctl.interface_start from pid: 660 (/system/system_ext/bin/hwservicemanager)
05-05 10:22:45.132  9207  9207 I DefaultDispatch: type=1400 audit(0.0:56593): avc:  denied  { setattr } for  name="westlake-launch.properties" dev="sda17" ino=1973264 scontext=u:r:untrusted_app_27:s0:c218,c256,c512,c768 tcontext=u:object_r:shell_data_file:s0 tclass=file permissive=1 app=com.westlake.host
05-05 10:22:45.142  9255  9255 W DefaultDispatch: type=1400 audit(0.0:56594): avc:  granted  { execute } for  name="dalvikvm" dev="sda17" ino=524812 scontext=u:r:untrusted_app_27:s0:c218,c256,c512,c768 tcontext=u:object_r:app_data_file:s0:c218,c256,c512,c768 tclass=file app=com.westlake.host
05-05 10:22:45.142  9255  9255 W DefaultDispatch: type=1400 audit(0.0:56595): avc:  granted  { execute_no_trans } for  path="/data/user/0/com.westlake.host/files/vm/dalvikvm" dev="sda17" ino=524812 scontext=u:r:untrusted_app_27:s0:c218,c256,c512,c768 tcontext=u:object_r:app_data_file:s0:c218,c256,c512,c768 tclass=file app=com.westlake.host
05-05 10:22:45.142  9255  9255 W dalvikvm: type=1400 audit(0.0:56596): avc:  granted  { execute } for  path="/data/user/0/com.westlake.host/files/vm/dalvikvm" dev="sda17" ino=524812 scontext=u:r:untrusted_app_27:s0:c218,c256,c512,c768 tcontext=u:object_r:app_data_file:s0:c218,c256,c512,c768 tclass=file app=com.westlake.host
05-05 10:22:45.150  9207  9256 I WestlakeVM: HTTP bridge started: /data/user/0/com.westlake.host/files/vm/http_bridge
05-05 10:22:45.152  9207  9257 I WestlakeVM: startPipeReader: pipe=true holder=true thread=null
05-05 10:22:45.156  9207  9259 I WestlakeVM: VM: [dalvikvm] Injected mainThreadStackSize=256MB
05-05 10:22:45.156  9207  9259 I WestlakeVM: VM: [dalvikvm] Captured -classpath=/data/local/tmp/westlake/com_github_ashutoshgngwr_noice_classes.dex:/data/local/tmp/westlake/com_github_ashutoshgngwr_noice.apk
05-05 10:22:45.156  9207  9259 I WestlakeVM: VM: [RT-DBG] Locks::Init done, calling InitLogging
05-05 10:22:45.156  9207  9259 I WestlakeVM: VM: [RT-DBG] InitLogging done, calling ParsedOptions::Parse
05-05 10:22:45.158  9207  9259 I WestlakeVM: VM: nullptr I 05-05 21:22:45  9255  9258 parsed_options.cc:701] setting boot class path to /data/local/tmp/westlake/core-oj.jar:/data/local/tmp/westlake/core-libart.jar:/data/local/tmp/westlake/core-icu4j.jar:/data/local/tmp/westlake/bouncycastle.jar:/data/local/tmp/westlake/aosp-shim.dex
05-05 10:22:45.159  9207  9259 I WestlakeVM: VM: nullptr I 05-05 21:22:45  9255  9258 heap.cc:440] Using CollectorType(2) GC.
05-05 10:22:45.159  9207  9259 I WestlakeVM: VM: [IMG] LoadBootImage entered, image_locations=0
05-05 10:22:45.159  9207  9260 I WestlakeVM: PIPE READER: started, holder=com.westlake.host.DisplayListFrameView{a087ce5 V.ED..... ........ 0,0-1080,1800}
05-05 10:22:45.165  9207  9236 I WestlakeVM: Pipe reader started, syncing to DLST magic...
05-05 10:22:45.201  9207  9259 I WestlakeVM: VM: [PFCUT] Standalone runtime forcing JIT/profiling off
05-05 10:22:45.201  9207  9259 I WestlakeVM: VM: nullptr W 05-05 21:22:45  9255  9258 fault_handler.cc:131] FaultHandler: MEMBARRIER_CMD_REGISTER_PRIVATE_EXPEDITED failed: 38 Function not implemented
05-05 10:22:45.203  9207  9259 I WestlakeVM: VM: nullptr W 05-05 21:22:45  9255  9258 dex_file_loader.cc:536] Can't mmap dex file /data/local/tmp/westlake/core-icu4j.jar!classes.dex directly; please zipalign to 4 bytes. Falling back to extracting file.
05-05 10:22:45.213  9207  9259 I WestlakeVM: VM: nullptr W 05-05 21:22:45  9255  9258 class_linker.cc:875] CheckSystemClass: Class mismatch for Ljava/lang/String; (continuing for standalone dex2oat)
05-05 10:22:45.213  9207  9259 I WestlakeVM: VM: nullptr W 05-05 21:22:45  9255  9258 class_linker.cc:878]   c1 (pre-allocated) ptr=0x10e7780 objectSize=0 classSize=784 status=1 numVTable=81 numMethods=0 numSFields=0 numIFields=0
05-05 10:22:45.214  9207  9259 I WestlakeVM: VM: nullptr W 05-05 21:22:45  9255  9258 class_linker.cc:887]   c2 (from DEX)      ptr=0x1400b800 objectSize=0 classSize=808 status=7 numVTable=-1 numMethods=131 numSFields=7 numIFields=2
05-05 10:22:45.214  9207  9259 I WestlakeVM: VM: nullptr W 05-05 21:22:45  9255  9258 class_linker.cc:903]   String root = c2 (0x1400b800, 131 methods)
05-05 10:22:45.217  9207  9259 I WestlakeVM: VM: [RT] Runtime::Start() ENTERED
05-05 10:22:45.217  9207  9259 I WestlakeVM: VM: [RT] Standalone class path open: /data/local/tmp/westlake/com_github_ashutoshgngwr_noice_classes.dex (1 dex)
05-05 10:22:45.282  9207  9259 I WestlakeVM: VM: [RT] Standalone class path open: /data/local/tmp/westlake/com_github_ashutoshgngwr_noice.apk (1 dex)
05-05 10:22:45.282  9207  9259 I WestlakeVM: VM: [RT] Standalone class path ready: 2 dex files
05-05 10:22:45.282  9207  9259 I WestlakeVM: VM: [RT]   TRY_REGISTER(register_java_lang_Throwable) ...
05-05 10:22:45.283  9207  9259 I WestlakeVM: VM: [RT]   TRY_REGISTER(register_java_lang_Throwable) done
05-05 10:22:45.283  9207  9259 I WestlakeVM: VM: [RT]   TRY_REGISTER(register_dalvik_system_DexFile) ...
05-05 10:22:45.285  9207  9259 I WestlakeVM: VM: [RT]   TRY_REGISTER(register_dalvik_system_DexFile) done
05-05 10:22:45.285  9207  9259 I WestlakeVM: VM: [RT]   TRY_REGISTER(register_dalvik_system_BaseDexClassLoader) ...
05-05 10:22:45.285  9207  9259 I WestlakeVM: VM: [RT]   TRY_REGISTER(register_dalvik_system_BaseDexClassLoader) done
05-05 10:22:45.285  9207  9259 I WestlakeVM: VM: [RT]   TRY_REGISTER(register_dalvik_system_VMDebug) ...
05-05 10:22:45.285  9207  9259 I WestlakeVM: VM: [RT]   TRY_REGISTER(register_dalvik_system_VMDebug) done
05-05 10:22:45.286  9207  9259 I WestlakeVM: VM: [RT]   TRY_REGISTER(real_register_dalvik_system_VMRuntime) ...
05-05 10:22:45.286  9207  9259 I WestlakeVM: VM: [jni] Skipping missing native method: getFullGcCount()J
05-05 10:22:45.286  9207  9259 I WestlakeVM: VM: [jni] Skipping missing native method: getFullGcCount()J
05-05 10:22:45.286  9207  9259 I WestlakeVM: VM: nullptr W 05-05 21:22:45  9255  9258 tolerant_native_util.h:41] RegisterNatives: skipping dalvik/system/VMRuntime.getFullGcCount()J (not in JAR)
05-05 10:22:45.287  9207  9259 I WestlakeVM: VM: nullptr I 05-05 21:22:45  9255  9258 tolerant_native_util.h:47] RegisterNatives: dalvik/system/VMRuntime: 48/49 methods registered
05-05 10:22:45.287  9207  9259 I WestlakeVM: VM: [RT]   TRY_REGISTER(real_register_dalvik_system_VMRuntime) done
05-05 10:22:45.287  9207  9259 I WestlakeVM: VM: [RT]   TRY_REGISTER(register_dalvik_system_VMStack) ...
