05-05 10:22:55.056   660  9273 I hwservicemanager: Tried to start vendor.qti.hardware.cacert@1.0::IService/default as a lazy service, but was unable to. Usually this happens when a service is not installed, but if the service is intended to be used as a lazy service, then it may be configured incorrectly.
05-05 10:22:54.969     0     0 E init    : Control message: Could not find 'vendor.qti.hardware.cacert@1.0::IService/default' for ctl.interface_start from pid: 660 (/system/system_ext/bin/hwservicemanager)
05-05 10:22:55.867     0     0 I QCOM-BATT: pl_fcc_vote_callback: total_fcc_ua=1950000
05-05 10:22:55.867     0     0 I QCOM-BATT: pl_fv_vote_callback: fv_uv=4400000
05-05 10:22:56.053  3704  3747 W HidlServiceManagement: Waited one second for vendor.qti.hardware.cacert@1.0::IService/default
05-05 10:22:56.056   660   660 I hwservicemanager: Since vendor.qti.hardware.cacert@1.0::IService/default is not registered, trying to start it as a lazy HAL (if it's not configured to be a lazy HAL, it may be stuck starting or still starting).
05-05 10:22:56.057  3704  3747 I HidlServiceManagement: getService: Trying again for vendor.qti.hardware.cacert@1.0::IService/default...
05-05 10:22:56.059   660  9274 W libc    : Unable to set property "ctl.interface_start" to "vendor.qti.hardware.cacert@1.0::IService/default": PROP_ERROR_HANDLE_CONTROL_MESSAGE (0x20)
05-05 10:22:56.060   660  9274 I hwservicemanager: Tried to start vendor.qti.hardware.cacert@1.0::IService/default as a lazy service, but was unable to. Usually this happens when a service is not installed, but if the service is intended to be used as a lazy service, then it may be configured incorrectly.
05-05 10:22:55.972     0     0 E init    : Control message: Could not find 'vendor.qti.hardware.cacert@1.0::IService/default' for ctl.interface_start from pid: 660 (/system/system_ext/bin/hwservicemanager)
05-05 10:22:56.226     0     0 E FG      : fg_psy_get_property: unsupported property 79
05-05 10:22:56.235     0     0 E FG      : fg_psy_get_property: unsupported property 79
05-05 10:22:56.242     0     0 W healthd : battery l=100 v=2912 t=21.3 h=2 st=5 c=0 fc=2831000 chg=u
05-05 10:22:56.248     0     0 E FG      : fg_psy_get_property: unsupported property 79
05-05 10:22:57.058  3704  3747 W HidlServiceManagement: Waited one second for vendor.qti.hardware.cacert@1.0::IService/default
05-05 10:22:57.059   660   660 I hwservicemanager: Since vendor.qti.hardware.cacert@1.0::IService/default is not registered, trying to start it as a lazy HAL (if it's not configured to be a lazy HAL, it may be stuck starting or still starting).
05-05 10:22:57.060  3704  3747 I HidlServiceManagement: getService: Trying again for vendor.qti.hardware.cacert@1.0::IService/default...
05-05 10:22:56.976     0     0 E init    : Control message: Could not find 'vendor.qti.hardware.cacert@1.0::IService/default' for ctl.interface_start from pid: 660 (/system/system_ext/bin/hwservicemanager)
05-05 10:22:57.065   660  9275 W libc    : Unable to set property "ctl.interface_start" to "vendor.qti.hardware.cacert@1.0::IService/default": PROP_ERROR_HANDLE_CONTROL_MESSAGE (0x20)
05-05 10:22:57.065   660  9275 I hwservicemanager: Tried to start vendor.qti.hardware.cacert@1.0::IService/default as a lazy service, but was unable to. Usually this happens when a service is not installed, but if the service is intended to be used as a lazy service, then it may be configured incorrectly.
05-05 10:22:58.061  3704  3747 W HidlServiceManagement: Waited one second for vendor.qti.hardware.cacert@1.0::IService/default
05-05 10:22:58.062   660   660 I hwservicemanager: Since vendor.qti.hardware.cacert@1.0::IService/default is not registered, trying to start it as a lazy HAL (if it's not configured to be a lazy HAL, it may be stuck starting or still starting).
05-05 10:22:58.063  3704  3747 I HidlServiceManagement: getService: Trying again for vendor.qti.hardware.cacert@1.0::IService/default...
05-05 10:22:58.066   660  9276 W libc    : Unable to set property "ctl.interface_start" to "vendor.qti.hardware.cacert@1.0::IService/default": PROP_ERROR_HANDLE_CONTROL_MESSAGE (0x20)
05-05 10:22:58.066   660  9276 I hwservicemanager: Tried to start vendor.qti.hardware.cacert@1.0::IService/default as a lazy service, but was unable to. Usually this happens when a service is not installed, but if the service is intended to be used as a lazy service, then it may be configured incorrectly.
05-05 10:22:57.979     0     0 E init    : Control message: Could not find 'vendor.qti.hardware.cacert@1.0::IService/default' for ctl.interface_start from pid: 660 (/system/system_ext/bin/hwservicemanager)
05-05 10:22:58.196  9207  9259 I WestlakeVM: VM: CV PF-MCD-RES_TABLE_PARSE_DONE
05-05 10:22:58.198  9207  9259 I WestlakeVM: VM: CV PF-MCD-RES_TABLE_LOADED bytes=2019644 strings=586 integers=0
05-05 10:22:58.201  9207  9259 I WestlakeVM: VM: PF202 ApkLoader res dirs ready
05-05 10:22:58.202  9207  9259 I WestlakeVM: VM: PF202 ApkLoader activity seeded
05-05 10:22:58.203  9207  9259 I WestlakeVM: VM: PF202 ApkLoader return
05-05 10:22:58.204  9207  9259 I WestlakeVM: VM: [PFCUT] Class.getDeclaredField intrinsic hit class=android.app.MiniServer name=mApkInfo
05-05 10:22:58.214  9207  9259 I WestlakeVM: VM: [AssetManager] setApkPath path=/data/local/tmp/westlake/com_github_ashutoshgngwr_noice.apk local=/data/local/tmp/westlake/com_github_ashutoshgngwr_noice.apk global=/data/local/tmp/westlake/com_github_ashutoshgngwr_noice.apk
05-05 10:22:58.217  9207  9259 I WestlakeVM: VM: [AssetManager] setAssetDir path=/data/local/tmp/westlake/com_github_ashutoshgngwr_noice_res/assets local=/data/local/tmp/westlake/com_github_ashutoshgngwr_noice_res/assets global=/data/local/tmp/westlake/com_github_ashutoshgngwr_noice_res/assets
05-05 10:22:58.219  9207  9259 I WestlakeVM: VM: [WestlakeLauncher] Early resource/asset setup done (resDir=/data/local/tmp/westlake/com_github_ashutoshgngwr_noice_res)
05-05 10:22:58.230  9207  9259 I WestlakeVM: VM: [PFCUT] System.arraycopy intrinsic src=[B dst=[B srcPos=0 dstPos=0 count=16
05-05 10:22:58.231  9207  9259 I WestlakeVM: VM: [PFCUT] System.arraycopy intrinsic src=[B dst=[B srcPos=0 dstPos=0 count=34
05-05 10:22:58.241  9207  9259 I WestlakeVM: VM: [PFCUT] forced interpreter JNI reason=Unsafe method=java.lang.Object jdk.internal.misc.Unsafe.getReferenceVolatile(java.lang.Object, long) quick=0xd23e00 jni=0x74e2c0
05-05 10:22:58.241  9207  9259 I WestlakeVM: VM: [PFCUT] InterpreterJni jdk.Unsafe getReferenceVolatile target=0x14055380 offset=28 value=0 array_index=4
05-05 10:22:58.241  9207  9259 I WestlakeVM: VM: [PFCUT]   caller#0 java.lang.Object jdk.internal.misc.Unsafe.getReferenceVolatile(java.lang.Object, long) dex_pc=0
05-05 10:22:58.242  9207  9259 I WestlakeVM: VM: [PFCUT]   caller#1 java.lang.Object jdk.internal.misc.Unsafe.getReferenceAcquire(java.lang.Object, long) dex_pc=0
05-05 10:22:58.242  9207  9259 I WestlakeVM: VM: [PFCUT]   caller#2 java.util.concurrent.ConcurrentHashMap$Node java.util.concurrent.ConcurrentHashMap.tabAt(java.util.concurrent.ConcurrentHashMap$Node[], int) dex_pc=10
05-05 10:22:58.242  9207  9259 I WestlakeVM: VM: [PFCUT]   caller#3 java.lang.Object java.util.concurrent.ConcurrentHashMap.get(java.lang.Object) dex_pc=21
05-05 10:22:58.242  9207  9259 I WestlakeVM: VM: [PFCUT]   caller#4 java.lang.String java.util.Properties.getProperty(java.lang.String) dex_pc=2
05-05 10:22:58.242  9207  9259 I WestlakeVM: VM: [PFCUT]   caller#5 java.lang.String java.util.Properties.getProperty(java.lang.String, java.lang.String) dex_pc=0
05-05 10:22:58.244  9207  9259 I WestlakeVM: VM: [PFCUT] forced interpreter JNI reason=Unsafe method=java.lang.Object jdk.internal.misc.Unsafe.getReferenceVolatile(java.lang.Object, long) quick=0xd23e00 jni=0x74e2c0
05-05 10:22:58.244  9207  9259 I WestlakeVM: VM: [PFCUT] InterpreterJni jdk.Unsafe getReferenceVolatile target=0x14058450 offset=220 value=0x140577f0 array_index=52
05-05 10:22:58.244  9207  9259 I WestlakeVM: VM: [PFCUT]   caller#0 java.lang.Object jdk.internal.misc.Unsafe.getReferenceVolatile(java.lang.Object, long) dex_pc=0
05-05 10:22:58.244  9207  9259 I WestlakeVM: VM: [PFCUT]   caller#1 java.lang.Object jdk.internal.misc.Unsafe.getReferenceAcquire(java.lang.Object, long) dex_pc=0
05-05 10:22:58.244  9207  9259 I WestlakeVM: VM: [PFCUT]   caller#2 java.util.concurrent.ConcurrentHashMap$Node java.util.concurrent.ConcurrentHashMap.tabAt(java.util.concurrent.ConcurrentHashMap$Node[], int) dex_pc=10
05-05 10:22:58.244  9207  9259 I WestlakeVM: VM: [PFCUT]   caller#3 java.lang.Object java.util.concurrent.ConcurrentHashMap.get(java.lang.Object) dex_pc=21
05-05 10:22:58.244  9207  9259 I WestlakeVM: VM: [PFCUT]   caller#4 java.lang.String java.util.Properties.getProperty(java.lang.String) dex_pc=2
05-05 10:22:58.245  9207  9259 I WestlakeVM: VM: [PFCUT]   caller#5 java.lang.String java.util.Properties.getProperty(java.lang.String) dex_pc=22
05-05 10:22:58.245  9207  9259 I WestlakeVM: VM: [PFCUT] forced interpreter JNI reason=Unsafe method=java.lang.Object jdk.internal.misc.Unsafe.getReferenceVolatile(java.lang.Object, long) quick=0xd23e00 jni=0x74e2c0
05-05 10:22:58.245  9207  9259 I WestlakeVM: VM: [PFCUT] InterpreterJni jdk.Unsafe getReferenceVolatile target=0x14055380 offset=68 value=0 array_index=14
05-05 10:22:58.247  9207  9259 I WestlakeVM: VM: [PFCUT]   caller#0 java.lang.Object jdk.internal.misc.Unsafe.getReferenceVolatile(java.lang.Object, long) dex_pc=0
05-05 10:22:58.248  9207  9259 I WestlakeVM: VM: [PFCUT]   caller#1 java.lang.Object jdk.internal.misc.Unsafe.getReferenceAcquire(java.lang.Object, long) dex_pc=0
05-05 10:22:58.248  9207  9259 I WestlakeVM: VM: [PFCUT]   caller#2 java.util.concurrent.ConcurrentHashMap$Node java.util.concurrent.ConcurrentHashMap.tabAt(java.util.concurrent.ConcurrentHashMap$Node[], int) dex_pc=10
05-05 10:22:58.248  9207  9259 I WestlakeVM: VM: [PFCUT]   caller#3 java.lang.Object java.util.concurrent.ConcurrentHashMap.get(java.lang.Object) dex_pc=21
05-05 10:22:58.248  9207  9259 I WestlakeVM: VM: [PFCUT]   caller#4 java.lang.String java.util.Properties.getProperty(java.lang.String) dex_pc=2
05-05 10:22:58.248  9207  9259 I WestlakeVM: VM: [PFCUT]   caller#5 java.lang.String java.util.Properties.getProperty(java.lang.String, java.lang.String) dex_pc=0
05-05 10:22:58.248  9207  9259 I WestlakeVM: VM: [PFCUT] forced interpreter JNI reason=Unsafe method=java.lang.Object jdk.internal.misc.Unsafe.getReferenceVolatile(java.lang.Object, long) quick=0xd23e00 jni=0x74e2c0
05-05 10:22:58.249  9207  9259 I WestlakeVM: VM: [PFCUT] InterpreterJni jdk.Unsafe getReferenceVolatile target=0x14058450 offset=260 value=0x140577d8 array_index=62
05-05 10:22:58.249  9207  9259 I WestlakeVM: VM: [PFCUT]   caller#0 java.lang.Object jdk.internal.misc.Unsafe.getReferenceVolatile(java.lang.Object, long) dex_pc=0
05-05 10:22:58.249  9207  9259 I WestlakeVM: VM: [PFCUT]   caller#1 java.lang.Object jdk.internal.misc.Unsafe.getReferenceAcquire(java.lang.Object, long) dex_pc=0
05-05 10:22:58.249  9207  9259 I WestlakeVM: VM: [PFCUT]   caller#2 java.util.concurrent.ConcurrentHashMap$Node java.util.concurrent.ConcurrentHashMap.tabAt(java.util.concurrent.ConcurrentHashMap$Node[], int) dex_pc=10
05-05 10:22:58.249  9207  9259 I WestlakeVM: VM: [PFCUT]   caller#3 java.lang.Object java.util.concurrent.ConcurrentHashMap.get(java.lang.Object) dex_pc=21
05-05 10:22:58.249  9207  9259 I WestlakeVM: VM: [PFCUT]   caller#4 java.lang.String java.util.Properties.getProperty(java.lang.String) dex_pc=2
05-05 10:22:58.249  9207  9259 I WestlakeVM: VM: [PFCUT]   caller#5 java.lang.String java.util.Properties.getProperty(java.lang.String) dex_pc=22
05-05 10:22:58.269  9207  9259 I WestlakeVM: VM: [PFCUT] System.arraycopy intrinsic src=[Ljava/lang/Thread; dst=[Ljava/lang/Thread; srcPos=3 dstPos=2 count=0
05-05 10:22:58.271  9207  9259 I WestlakeVM: VM: [WestlakeLauncher] Application.onCreate done: NoiceApplication
05-05 10:22:58.271  9207  9259 I WestlakeVM: VM: Post-init launch path refresh deferred on standalone guest
05-05 10:22:58.271  9207  9259 I WestlakeVM: VM: Launch props resolved on standalone guest
05-05 10:22:58.271  9207  9259 I WestlakeVM: VM: Launch snapshot ready on standalone guest
05-05 10:22:58.271  9207  9259 I WestlakeVM: VM: PF202 strict launch assignments ready
05-05 10:22:58.272  9207  9259 I WestlakeVM: VM: PF202 strict package block ready
05-05 10:22:58.272  9207  9259 I WestlakeVM: VM: PF202 strict resource block begin
05-05 10:22:58.272  9207  9259 I WestlakeVM: VM: PF202 strict pre-extracted loader enter
05-05 10:22:58.273  9207  9259 I WestlakeVM: VM: PF202 ApkLoader enter
05-05 10:22:58.274  9207  9259 I WestlakeVM: VM: PF202 ApkLoader info seeded
05-05 10:22:58.278  9207  9259 I WestlakeVM: VM: CV PF-MCD-RES_TABLE_READ_BEGIN path=/data/local/tmp/westlake/com_github_ashutoshgngwr_noice_res/resources.arsc
05-05 10:22:58.291  9207  9259 I WestlakeVM: VM: CV PF-MCD-RES_TABLE_READ_DONE bytes=2019644
05-05 10:22:58.291  9207  9259 I WestlakeVM: VM: CV PF-MCD-RES_TABLE_PARSE_BEGIN
05-05 10:22:59.064  3704  3747 W HidlServiceManagement: Waited one second for vendor.qti.hardware.cacert@1.0::IService/default
05-05 10:22:59.065   660   660 I hwservicemanager: Since vendor.qti.hardware.cacert@1.0::IService/default is not registered, trying to start it as a lazy HAL (if it's not configured to be a lazy HAL, it may be stuck starting or still starting).
05-05 10:22:59.066  3704  3747 I HidlServiceManagement: getService: Trying again for vendor.qti.hardware.cacert@1.0::IService/default...
05-05 10:22:59.071   660  9278 W libc    : Unable to set property "ctl.interface_start" to "vendor.qti.hardware.cacert@1.0::IService/default": PROP_ERROR_HANDLE_CONTROL_MESSAGE (0x20)
05-05 10:22:59.071   660  9278 I hwservicemanager: Tried to start vendor.qti.hardware.cacert@1.0::IService/default as a lazy service, but was unable to. Usually this happens when a service is not installed, but if the service is intended to be used as a lazy service, then it may be configured incorrectly.
05-05 10:22:58.984     0     0 E init    : Control message: Could not find 'vendor.qti.hardware.cacert@1.0::IService/default' for ctl.interface_start from pid: 660 (/system/system_ext/bin/hwservicemanager)
05-05 10:22:59.931   713  1834 I NxpNciR : len =   4 > 600701A1
05-05 10:23:00.067  3704  3747 W HidlServiceManagement: Waited one second for vendor.qti.hardware.cacert@1.0::IService/default
05-05 10:23:00.069   660   660 I hwservicemanager: Since vendor.qti.hardware.cacert@1.0::IService/default is not registered, trying to start it as a lazy HAL (if it's not configured to be a lazy HAL, it may be stuck starting or still starting).
05-05 10:23:00.071  3704  3747 I HidlServiceManagement: getService: Trying again for vendor.qti.hardware.cacert@1.0::IService/default...
05-05 10:23:00.074   660  9279 W libc    : Unable to set property "ctl.interface_start" to "vendor.qti.hardware.cacert@1.0::IService/default": PROP_ERROR_HANDLE_CONTROL_MESSAGE (0x20)
05-05 10:23:00.074   660  9279 I hwservicemanager: Tried to start vendor.qti.hardware.cacert@1.0::IService/default as a lazy service, but was unable to. Usually this happens when a service is not installed, but if the service is intended to be used as a lazy service, then it may be configured incorrectly.
05-05 10:22:59.988     0     0 E init    : Control message: Could not find 'vendor.qti.hardware.cacert@1.0::IService/default' for ctl.interface_start from pid: 660 (/system/system_ext/bin/hwservicemanager)
05-05 10:23:01.071  3704  3747 W HidlServiceManagement: Waited one second for vendor.qti.hardware.cacert@1.0::IService/default
05-05 10:23:01.073   660   660 I hwservicemanager: Since vendor.qti.hardware.cacert@1.0::IService/default is not registered, trying to start it as a lazy HAL (if it's not configured to be a lazy HAL, it may be stuck starting or still starting).
05-05 10:23:01.075  3704  3747 I HidlServiceManagement: getService: Trying again for vendor.qti.hardware.cacert@1.0::IService/default...
05-05 10:23:01.078   660  9280 W libc    : Unable to set property "ctl.interface_start" to "vendor.qti.hardware.cacert@1.0::IService/default": PROP_ERROR_HANDLE_CONTROL_MESSAGE (0x20)
05-05 10:23:01.078   660  9280 I hwservicemanager: Tried to start vendor.qti.hardware.cacert@1.0::IService/default as a lazy service, but was unable to. Usually this happens when a service is not installed, but if the service is intended to be used as a lazy service, then it may be configured incorrectly.
05-05 10:23:00.990     0     0 E init    : Control message: Could not find 'vendor.qti.hardware.cacert@1.0::IService/default' for ctl.interface_start from pid: 660 (/system/system_ext/bin/hwservicemanager)
05-05 10:23:02.075  3704  3747 W HidlServiceManagement: Waited one second for vendor.qti.hardware.cacert@1.0::IService/default
05-05 10:23:02.076   660   660 I hwservicemanager: Since vendor.qti.hardware.cacert@1.0::IService/default is not registered, trying to start it as a lazy HAL (if it's not configured to be a lazy HAL, it may be stuck starting or still starting).
05-05 10:23:02.078  3704  3747 I HidlServiceManagement: getService: Trying again for vendor.qti.hardware.cacert@1.0::IService/default...
05-05 10:23:02.080   660  9281 W libc    : Unable to set property "ctl.interface_start" to "vendor.qti.hardware.cacert@1.0::IService/default": PROP_ERROR_HANDLE_CONTROL_MESSAGE (0x20)
05-05 10:23:02.080   660  9281 I hwservicemanager: Tried to start vendor.qti.hardware.cacert@1.0::IService/default as a lazy service, but was unable to. Usually this happens when a service is not installed, but if the service is intended to be used as a lazy service, then it may be configured incorrectly.
05-05 10:23:01.993     0     0 E init    : Control message: Could not find 'vendor.qti.hardware.cacert@1.0::IService/default' for ctl.interface_start from pid: 660 (/system/system_ext/bin/hwservicemanager)
05-05 10:23:02.908     0     0 I QCOM-BATT: pl_fcc_vote_callback: total_fcc_ua=1950000
05-05 10:23:02.908     0     0 I QCOM-BATT: pl_fv_vote_callback: fv_uv=4400000
05-05 10:23:03.079  3704  3747 W HidlServiceManagement: Waited one second for vendor.qti.hardware.cacert@1.0::IService/default
05-05 10:23:03.080   660   660 I hwservicemanager: Since vendor.qti.hardware.cacert@1.0::IService/default is not registered, trying to start it as a lazy HAL (if it's not configured to be a lazy HAL, it may be stuck starting or still starting).
05-05 10:23:03.081  3704  3747 I HidlServiceManagement: getService: Trying again for vendor.qti.hardware.cacert@1.0::IService/default...
05-05 10:23:02.997     0     0 E init    : Control message: Could not find 'vendor.qti.hardware.cacert@1.0::IService/default' for ctl.interface_start from pid: 660 (/system/system_ext/bin/hwservicemanager)
05-05 10:23:03.084   660  9282 W libc    : Unable to set property "ctl.interface_start" to "vendor.qti.hardware.cacert@1.0::IService/default": PROP_ERROR_HANDLE_CONTROL_MESSAGE (0x20)
05-05 10:23:03.084   660  9282 I hwservicemanager: Tried to start vendor.qti.hardware.cacert@1.0::IService/default as a lazy service, but was unable to. Usually this happens when a service is not installed, but if the service is intended to be used as a lazy service, then it may be configured incorrectly.
05-05 10:23:03.266     0     0 E FG      : fg_psy_get_property: unsupported property 79
05-05 10:23:03.274     0     0 E FG      : fg_psy_get_property: unsupported property 79
05-05 10:23:03.280     0     0 W healthd : battery l=100 v=2912 t=21.3 h=2 st=5 c=0 fc=2831000 chg=u
05-05 10:23:03.286     0     0 E FG      : fg_psy_get_property: unsupported property 79
05-05 10:23:04.081  3704  3747 W HidlServiceManagement: Waited one second for vendor.qti.hardware.cacert@1.0::IService/default
05-05 10:23:04.083   660   660 I hwservicemanager: Since vendor.qti.hardware.cacert@1.0::IService/default is not registered, trying to start it as a lazy HAL (if it's not configured to be a lazy HAL, it may be stuck starting or still starting).
05-05 10:23:04.083  3704  3747 I HidlServiceManagement: getService: Trying again for vendor.qti.hardware.cacert@1.0::IService/default...
05-05 10:23:04.087   660  9283 W libc    : Unable to set property "ctl.interface_start" to "vendor.qti.hardware.cacert@1.0::IService/default": PROP_ERROR_HANDLE_CONTROL_MESSAGE (0x20)
05-05 10:23:04.087   660  9283 I hwservicemanager: Tried to start vendor.qti.hardware.cacert@1.0::IService/default as a lazy service, but was unable to. Usually this happens when a service is not installed, but if the service is intended to be used as a lazy service, then it may be configured incorrectly.
05-05 10:23:04.000     0     0 E init    : Control message: Could not find 'vendor.qti.hardware.cacert@1.0::IService/default' for ctl.interface_start from pid: 660 (/system/system_ext/bin/hwservicemanager)
05-05 10:23:04.299   713  1834 I NxpNciR : len =   4 > 600701A1
05-05 10:23:05.084  3704  3747 W HidlServiceManagement: Waited one second for vendor.qti.hardware.cacert@1.0::IService/default
05-05 10:23:05.087   660   660 I hwservicemanager: Since vendor.qti.hardware.cacert@1.0::IService/default is not registered, trying to start it as a lazy HAL (if it's not configured to be a lazy HAL, it may be stuck starting or still starting).
05-05 10:23:05.087  3704  3747 I HidlServiceManagement: getService: Trying again for vendor.qti.hardware.cacert@1.0::IService/default...
05-05 10:23:05.089   660  9284 W libc    : Unable to set property "ctl.interface_start" to "vendor.qti.hardware.cacert@1.0::IService/default": PROP_ERROR_HANDLE_CONTROL_MESSAGE (0x20)
05-05 10:23:05.089   660  9284 I hwservicemanager: Tried to start vendor.qti.hardware.cacert@1.0::IService/default as a lazy service, but was unable to. Usually this happens when a service is not installed, but if the service is intended to be used as a lazy service, then it may be configured incorrectly.
05-05 10:23:05.003     0     0 E init    : Control message: Could not find 'vendor.qti.hardware.cacert@1.0::IService/default' for ctl.interface_start from pid: 660 (/system/system_ext/bin/hwservicemanager)
05-05 10:23:06.087  3704  3747 W HidlServiceManagement: Waited one second for vendor.qti.hardware.cacert@1.0::IService/default
05-05 10:23:06.088   660   660 I hwservicemanager: Since vendor.qti.hardware.cacert@1.0::IService/default is not registered, trying to start it as a lazy HAL (if it's not configured to be a lazy HAL, it may be stuck starting or still starting).
05-05 10:23:06.090  3704  3747 I HidlServiceManagement: getService: Trying again for vendor.qti.hardware.cacert@1.0::IService/default...
05-05 10:23:06.091   660  9285 W libc    : Unable to set property "ctl.interface_start" to "vendor.qti.hardware.cacert@1.0::IService/default": PROP_ERROR_HANDLE_CONTROL_MESSAGE (0x20)
05-05 10:23:06.091   660  9285 I hwservicemanager: Tried to start vendor.qti.hardware.cacert@1.0::IService/default as a lazy service, but was unable to. Usually this happens when a service is not installed, but if the service is intended to be used as a lazy service, then it may be configured incorrectly.
05-05 10:23:06.005     0     0 E init    : Control message: Could not find 'vendor.qti.hardware.cacert@1.0::IService/default' for ctl.interface_start from pid: 660 (/system/system_ext/bin/hwservicemanager)
05-05 10:23:07.091  3704  3747 W HidlServiceManagement: Waited one second for vendor.qti.hardware.cacert@1.0::IService/default
05-05 10:23:07.094   660   660 I hwservicemanager: Since vendor.qti.hardware.cacert@1.0::IService/default is not registered, trying to start it as a lazy HAL (if it's not configured to be a lazy HAL, it may be stuck starting or still starting).
05-05 10:23:07.095  3704  3747 I HidlServiceManagement: getService: Trying again for vendor.qti.hardware.cacert@1.0::IService/default...
05-05 10:23:07.098   660  9286 W libc    : Unable to set property "ctl.interface_start" to "vendor.qti.hardware.cacert@1.0::IService/default": PROP_ERROR_HANDLE_CONTROL_MESSAGE (0x20)
05-05 10:23:07.098   660  9286 I hwservicemanager: Tried to start vendor.qti.hardware.cacert@1.0::IService/default as a lazy service, but was unable to. Usually this happens when a service is not installed, but if the service is intended to be used as a lazy service, then it may be configured incorrectly.
05-05 10:23:07.011     0     0 E init    : Control message: Could not find 'vendor.qti.hardware.cacert@1.0::IService/default' for ctl.interface_start from pid: 660 (/system/system_ext/bin/hwservicemanager)
05-05 10:23:07.988  9207  9259 I WestlakeVM: VM: CV PF-MCD-RES_TABLE_PARSE_DONE
05-05 10:23:07.990  9207  9259 I WestlakeVM: VM: CV PF-MCD-RES_TABLE_LOADED bytes=2019644 strings=586 integers=0
05-05 10:23:07.993  9207  9259 I WestlakeVM: VM: PF202 ApkLoader res dirs ready
05-05 10:23:07.994  9207  9259 I WestlakeVM: VM: PF202 ApkLoader activity seeded
05-05 10:23:07.995  9207  9259 I WestlakeVM: VM: PF202 ApkLoader return
05-05 10:23:07.995  9207  9259 I WestlakeVM: VM: PF202 strict post-loader return
05-05 10:23:07.995  9207  9259 I WestlakeVM: VM: PF202 strict post-loader info seeded
05-05 10:23:07.996  9207  9259 I WestlakeVM: VM: PF202 strict split work skipped
05-05 10:23:07.996  9207  9259 I WestlakeVM: VM: PF202 strict setApkInfo skipped
05-05 10:23:07.996  9207  9259 I WestlakeVM: VM: PF202 strict pre-extracted resources loaded
05-05 10:23:07.996  9207  9259 I WestlakeVM: VM: PF202 strict resource wiring skipped
05-05 10:23:07.997  9207  9259 I WestlakeVM: VM: PF202 strict package reconciliation skipped
05-05 10:23:07.997  9207  9259 I WestlakeVM: VM: PF202 strict APK summary skipped
05-05 10:23:07.998  9207  9259 I WestlakeVM: VM: PF202 strict launch target reconciliation skipped
05-05 10:23:07.998  9207  9259 I WestlakeVM: VM: PF202 strict launch banner skipped
05-05 10:23:07.999  9207  9259 I WestlakeVM: VM: PF202 strict activity resolve skipped
05-05 10:23:07.999  9207  9259 I WestlakeVM: VM: [PFCUT] Class.getDeclaredField intrinsic hit class=java.lang.ClassLoader name=packages
05-05 10:23:08.000  9207  9259 I WestlakeVM: VM: [PFCUT] Class.getDeclaredField intrinsic hit class=java.lang.ClassLoader name=packages
05-05 10:23:08.000  9207  9259 I WestlakeVM: VM: [PFCUT] Class.classForName name=com.newrelic.agent.android.tracing.TraceMachine initialize=0 loader=0x700e26c23d lifecycle_adapter=0 mcd_analytics=0 callers=java.lang.Class java.lang.Class.classForName(java.lang.String, boolean, java.lang.ClassLoader) | java.lang.Class java.lang.Class.forName(java.lang.String, boolean, java.lang.ClassLoader) | boolean com.westlake.engine.WestlakeLauncher.nativePatchClassNoop(java.lang.String, java.lang.ClassLoader) | boolean com.westlake.engine.WestlakeLauncher.nativePatchClassNoop(java.lang.String, java.lang.ClassLoader) | void com.westlake.engine.WestlakeLauncher.patchProblematicAppClasses(java.lang.ClassLoader) | void com.westlake.engine.WestlakeLauncher.mainImpl(java.lang.String[]) | void com.westlake.engine.WestlakeLauncher.main(java.lang.String[])
05-05 10:23:08.001  9207  9259 I WestlakeVM: VM: [PFCUT] Class.classForName name=com.newrelic.agent.android.tracing.Trace initialize=0 loader=0x700e26c23d lifecycle_adapter=0 mcd_analytics=0 callers=java.lang.Class java.lang.Class.classForName(java.lang.String, boolean, java.lang.ClassLoader) | java.lang.Class java.lang.Class.forName(java.lang.String, boolean, java.lang.ClassLoader) | boolean com.westlake.engine.WestlakeLauncher.nativePatchClassNoop(java.lang.String, java.lang.ClassLoader) | boolean com.westlake.engine.WestlakeLauncher.nativePatchClassNoop(java.lang.String, java.lang.ClassLoader) | void com.westlake.engine.WestlakeLauncher.patchProblematicAppClasses(java.lang.ClassLoader) | void com.westlake.engine.WestlakeLauncher.mainImpl(java.lang.String[]) | void com.westlake.engine.WestlakeLauncher.main(java.lang.String[])
05-05 10:23:08.002  9207  9259 I WestlakeVM: VM: [PFCUT] Class.classForName name=com.newrelic.agent.android.NewRelic initialize=0 loader=0x700e26c23d lifecycle_adapter=0 mcd_analytics=0 callers=java.lang.Class java.lang.Class.classForName(java.lang.String, boolean, java.lang.ClassLoader) | java.lang.Class java.lang.Class.forName(java.lang.String, boolean, java.lang.ClassLoader) | boolean com.westlake.engine.WestlakeLauncher.nativePatchClassNoop(java.lang.String, java.lang.ClassLoader) | boolean com.westlake.engine.WestlakeLauncher.nativePatchClassNoop(java.lang.String, java.lang.ClassLoader) | void com.westlake.engine.WestlakeLauncher.patchProblematicAppClasses(java.lang.ClassLoader) | void com.westlake.engine.WestlakeLauncher.mainImpl(java.lang.String[]) | void com.westlake.engine.WestlakeLauncher.main(java.lang.String[])
05-05 10:23:08.006  9207  9259 I WestlakeVM: VM: [WestlakeLauncher] AM direct launch: pkg=com.github.ashutoshgngwr.noice cls=com.github.ashutoshgngwr.noice.activity.MainActivity
05-05 10:23:08.016  9207  9259 I WestlakeVM: VM: [shim-log] D/MiniActivityManager: startActivity: com.github.ashutoshgngwr.noice.activity.MainActivity action=android.intent.action.MAIN pkg=com.github.ashutoshgngwr.noice
05-05 10:23:08.067  9207  9259 I WestlakeVM: VM: [PFCUT] MethodHandles.lookup intrinsic caller=void java.util.concurrent.atomic.AtomicReference.<clinit>()
05-05 10:23:08.067  9207  9259 I WestlakeVM: VM: [PFCUT] Class.getDeclaredField intrinsic hit class=java.util.concurrent.atomic.AtomicReference name=value
05-05 10:23:08.096  3704  3747 W HidlServiceManagement: Waited one second for vendor.qti.hardware.cacert@1.0::IService/default
05-05 10:23:08.098   660   660 I hwservicemanager: Since vendor.qti.hardware.cacert@1.0::IService/default is not registered, trying to start it as a lazy HAL (if it's not configured to be a lazy HAL, it may be stuck starting or still starting).
05-05 10:23:08.098  3704  3747 I HidlServiceManagement: getService: Trying again for vendor.qti.hardware.cacert@1.0::IService/default...
05-05 10:23:08.102   660  9287 W libc    : Unable to set property "ctl.interface_start" to "vendor.qti.hardware.cacert@1.0::IService/default": PROP_ERROR_HANDLE_CONTROL_MESSAGE (0x20)
05-05 10:23:08.102   660  9287 I hwservicemanager: Tried to start vendor.qti.hardware.cacert@1.0::IService/default as a lazy service, but was unable to. Usually this happens when a service is not installed, but if the service is intended to be used as a lazy service, then it may be configured incorrectly.
05-05 10:23:08.015     0     0 E init    : Control message: Could not find 'vendor.qti.hardware.cacert@1.0::IService/default' for ctl.interface_start from pid: 660 (/system/system_ext/bin/hwservicemanager)
05-05 10:23:08.108  9207  9259 I WestlakeVM: VM: [PFCUT] Class.getDeclaredField intrinsic hit class=android.app.Activity name=mIntent
05-05 10:23:08.109  9207  9259 I WestlakeVM: VM: [PFCUT] Class.getDeclaredField intrinsic hit class=android.app.Activity name=mComponent
05-05 10:23:08.109  9207  9259 I WestlakeVM: VM: [PFCUT] Class.getDeclaredField intrinsic hit class=android.app.Activity name=mApplication
05-05 10:23:08.109  9207  9259 I WestlakeVM: VM: [PFCUT] Class.getDeclaredField intrinsic hit class=android.app.Activity name=mFinished
05-05 10:23:08.109  9207  9259 I WestlakeVM: VM: [PFCUT] Class.getDeclaredField intrinsic hit class=android.app.Activity name=mDestroyed
05-05 10:23:08.113  9207  9259 I WestlakeVM: VM: [PFCUT] Class.getDeclaredField intrinsic hit class=android.app.ActivityThread name=sCurrentActivityThread
05-05 10:23:08.113  9207  9259 I WestlakeVM: VM: [PFCUT] Class.getDeclaredField intrinsic hit class=android.app.Activity name=mIntent
05-05 10:23:08.114  9207  9259 I WestlakeVM: VM: [PFCUT] Class.getDeclaredField intrinsic hit class=android.app.Activity name=mComponent
05-05 10:23:08.114  9207  9259 I WestlakeVM: VM: [PFCUT] Class.getDeclaredField intrinsic hit class=android.app.Activity name=mApplication
05-05 10:23:08.115  9207  9259 I WestlakeVM: VM: [PFCUT] Class.getDeclaredField intrinsic hit class=android.app.Activity name=mFinished
05-05 10:23:08.115  9207  9259 I WestlakeVM: VM: [PFCUT] Class.getDeclaredField intrinsic hit class=android.app.Activity name=mDestroyed
05-05 10:23:08.121  9207  9259 I WestlakeVM: VM: [shim-log] D/MiniActivityManager:   performCreate: com.github.ashutoshgngwr.noice.activity.MainActivity
05-05 10:23:08.127  9207  9259 I WestlakeVM: VM: [PFCUT] StringFactory Charset fallback bytes=7 offset=0 utf16=7 shorty=LLIIL
05-05 10:23:08.131  9207  9259 I WestlakeVM: VM: [shim-log] D/MiniActivityManager:   performCreate app cl=dalvik.system.PathClassLoader@1db631d
05-05 10:23:08.132  9207  9259 I WestlakeVM: VM: [PFCUT] VMClassLoader.getResources(String) fallback -> Collections.emptyList
05-05 10:23:08.138  9207  9259 I WestlakeVM: VM: [shim-log] D/MiniActivityManager:   performCreate app service not found
05-05 10:23:08.145  9207  9259 I WestlakeVM: VM: [shim-log] D/MiniActivityManager:   performCreate app factoryClass failed: ClassNotFoundException: kotlinx.coroutines.android.AndroidDispatcherFactory
05-05 10:23:08.147  9207  9259 I WestlakeVM: VM: [PFCUT] System.arraycopy intrinsic src=[B dst=[B srcPos=0 dstPos=0 count=16
05-05 10:23:08.149  9207  9259 I WestlakeVM: VM: [PFCUT] System.arraycopy intrinsic src=[B dst=[B srcPos=0 dstPos=0 count=16
05-05 10:23:08.149  9207  9259 I WestlakeVM: VM: [PFCUT] StringFactory Charset fallback bytes=7 offset=0 utf16=7 shorty=LLIIL
05-05 10:23:08.149  9207  9259 I WestlakeVM: VM: [PFCUT] System.arraycopy intrinsic src=[B dst=[B srcPos=0 dstPos=0 count=34
05-05 10:23:08.150  9207  9259 I WestlakeVM: VM: [PFCUT] System.arraycopy intrinsic src=[B dst=[B srcPos=0 dstPos=0 count=34
05-05 10:23:08.151  9207  9259 I WestlakeVM: VM: [PFCUT] System.arraycopy intrinsic src=[B dst=[B srcPos=0 dstPos=0 count=16
05-05 10:23:08.152  9207  9259 I WestlakeVM: VM: [PFCUT] System.arraycopy intrinsic src=[B dst=[B srcPos=0 dstPos=0 count=34
05-05 10:23:08.153  9207  9259 I WestlakeVM: VM: [PFCUT] System.arraycopy intrinsic src=[B dst=[B srcPos=0 dstPos=0 count=16
05-05 10:23:08.154  9207  9259 I WestlakeVM: VM: [shim-log] D/MiniActivityManager:   performCreate thread cl=dalvik.system.PathClassLoader@1db631d
05-05 10:23:08.154  9207  9259 I WestlakeVM: VM: [PFCUT] VMClassLoader.getResources(String) fallback -> Collections.emptyList
05-05 10:23:08.155  9207  9259 I WestlakeVM: VM: [PFCUT] System.arraycopy intrinsic src=[B dst=[B srcPos=0 dstPos=0 count=16
05-05 10:23:08.156  9207  9259 I WestlakeVM: VM: [PFCUT] System.arraycopy intrinsic src=[B dst=[B srcPos=0 dstPos=0 count=34
05-05 10:23:08.157  9207  9259 I WestlakeVM: VM: [PFCUT] System.arraycopy intrinsic src=[B dst=[B srcPos=0 dstPos=0 count=16
05-05 10:23:08.157  9207  9259 I WestlakeVM: VM: [PFCUT] System.arraycopy intrinsic src=[B dst=[B srcPos=0 dstPos=0 count=34
05-05 10:23:08.159  9207  9259 I WestlakeVM: VM: [PFCUT] System.arraycopy intrinsic src=[B dst=[B srcPos=0 dstPos=0 count=16
05-05 10:23:08.159  9207  9259 I WestlakeVM: VM: [shim-log] D/MiniActivityManager:   performCreate thread service not found
05-05 10:23:08.160  9207  9259 I WestlakeVM: VM: [PFCUT] forced interpreter JNI reason=Class.classForName method=java.lang.Class java.lang.Class.classForName(java.lang.String, boolean, java.lang.ClassLoader) quick=0xd23cc0 jni=0x750018
05-05 10:23:08.161  9207  9259 I WestlakeVM: VM: [PFCUT] System.arraycopy intrinsic src=[B dst=[B srcPos=0 dstPos=0 count=16
05-05 10:23:08.161  9207  9259 I WestlakeVM: VM: [PFCUT] System.arraycopy intrinsic src=[B dst=[B srcPos=0 dstPos=0 count=34
05-05 10:23:08.162  9207  9259 I WestlakeVM: VM: [PFCUT] System.arraycopy intrinsic src=[B dst=[B srcPos=0 dstPos=0 count=70
05-05 10:23:08.164  9207  9259 I WestlakeVM: VM: [PFCUT] System.arraycopy intrinsic src=[B dst=[B srcPos=0 dstPos=0 count=16
05-05 10:23:08.165  9207  9259 I WestlakeVM: VM: [PFCUT] System.arraycopy intrinsic src=[B dst=[B srcPos=0 dstPos=0 count=34
05-05 10:23:08.166  9207  9259 I WestlakeVM: VM: [PFCUT] System.arraycopy intrinsic src=[B dst=[B srcPos=0 dstPos=0 count=16
05-05 10:23:08.167  9207  9259 I WestlakeVM: VM: [shim-log] D/MiniActivityManager:   performCreate thread factoryClass failed: ClassNotFoundException: kotlinx.coroutines.android.AndroidDispatcherFactory
05-05 10:23:08.173  9207  9259 I WestlakeVM: VM: [PFCUT] System.arraycopy intrinsic src=[Ljava/lang/Object; dst=[Ljava/lang/Object; srcPos=0 dstPos=0 count=0
05-05 10:23:08.177  9207  9259 I WestlakeVM: VM: [PFCUT] System.arraycopy intrinsic src=[Ljava/lang/Object; dst=[Ljava/lang/Object; srcPos=0 dstPos=0 count=0
05-05 10:23:08.186  9207  9259 I WestlakeVM: VM: [PFCUT] System.arraycopy intrinsic src=[B dst=[B srcPos=0 dstPos=0 count=16
05-05 10:23:08.187  9207  9259 I WestlakeVM: VM: [PFCUT] forced interpreter JNI reason=Class.classForName method=java.lang.Class java.lang.Class.classForName(java.lang.String, boolean, java.lang.ClassLoader) quick=0xd23cc0 jni=0x750018
05-05 10:23:08.188  9207  9259 I WestlakeVM: VM: [PFCUT] MethodHandles.lookup intrinsic caller=void java.util.concurrent.atomic.AtomicLong.<clinit>()
05-05 10:23:08.188  9207  9259 I WestlakeVM: VM: [PFCUT] Class.getDeclaredField intrinsic hit class=java.util.concurrent.atomic.AtomicLong name=value
05-05 10:23:08.190  9207  9259 I WestlakeVM: VM: [PFCUT] Class.getDeclaredField intrinsic hit class=java.util.Random name=seed
05-05 10:23:08.190  9207  9259 I WestlakeVM: VM: [PFCUT] AtomicLong.get intrinsic current=8682522807148012
05-05 10:23:08.190  9207  9259 I WestlakeVM: VM: [PFCUT] AtomicLong.compareAndSet intrinsic current=8682522807148012
05-05 10:23:08.191  9207  9259 I WestlakeVM: VM: [PFCUT] AtomicLong.get intrinsic current=90201069152334
05-05 10:23:08.191  9207  9259 I WestlakeVM: VM: [PFCUT] AtomicLong.compareAndSet intrinsic current=90201069152334
05-05 10:23:08.193  9207  9259 I WestlakeVM: VM: [PFCUT] System.arraycopy intrinsic src=[B dst=[B srcPos=0 dstPos=0 count=16
05-05 10:23:08.194  9207  9259 I WestlakeVM: VM: [PFCUT] AtomicLong.get intrinsic current=254583520460097
05-05 10:23:08.194  9207  9259 I WestlakeVM: VM: [PFCUT] AtomicLong.compareAndSet intrinsic current=254583520460097
05-05 10:23:08.195  9207  9259 I WestlakeVM: VM: [PFCUT] System.arraycopy intrinsic src=[B dst=[B srcPos=0 dstPos=0 count=16
05-05 10:23:08.196  9207  9259 I WestlakeVM: VM: [PFCUT] AtomicLong.get intrinsic current=106405892897464
05-05 10:23:08.196  9207  9259 I WestlakeVM: VM: [PFCUT] AtomicLong.compareAndSet intrinsic current=106405892897464
05-05 10:23:08.197  9207  9259 I WestlakeVM: VM: [PFCUT] System.arraycopy intrinsic src=[Ljava/lang/Object; dst=[Ljava/lang/Object; srcPos=0 dstPos=0 count=1
05-05 10:23:08.198  9207  9259 I WestlakeVM: VM: [PFCUT] System.arraycopy intrinsic src=[Ljava/lang/Object; dst=[Ljava/lang/Object; srcPos=0 dstPos=0 count=0
05-05 10:23:08.198  9207  9259 I WestlakeVM: VM: [PFCUT] System.arraycopy intrinsic src=[Ljava/lang/Object; dst=[Ljava/lang/Object; srcPos=0 dstPos=0 count=0
05-05 10:23:08.198  9207  9259 I WestlakeVM: VM: [PFCUT] System.arraycopy intrinsic src=[Ljava/lang/Object; dst=[Ljava/lang/Object; srcPos=0 dstPos=0 count=0
05-05 10:23:08.198  9207  9259 I WestlakeVM: VM: [PFCUT] System.arraycopy intrinsic src=[Ljava/lang/Object; dst=[Ljava/lang/Object; srcPos=0 dstPos=0 count=0
05-05 10:23:08.223  9207  9259 I WestlakeVM: VM: [PFCUT] System.arraycopy intrinsic src=[Ljava/util/Locale; dst=[Ljava/util/Locale; srcPos=0 dstPos=0 count=0
05-05 10:23:08.223  9207  9259 I WestlakeVM: VM: [PFCUT] System.arraycopy intrinsic src=[Ljava/util/Locale; dst=[Ljava/util/Locale; srcPos=0 dstPos=0 count=1
05-05 10:23:08.240  9207  9259 I WestlakeVM: VM: [PFCUT] System.arraycopy intrinsic src=[Ljava/util/Locale; dst=[Ljava/util/Locale; srcPos=0 dstPos=0 count=0
05-05 10:23:08.241  9207  9259 I WestlakeVM: VM: [PFCUT] String.split intrinsic delimiter=44 limit=-1 pieces=1
05-05 10:23:08.247  9207  9259 I WestlakeVM: VM: [PFCUT] forced interpreter JNI reason=Unsafe method=boolean jdk.internal.misc.Unsafe.compareAndSetInt(java.lang.Object, long, int, int) quick=0xd23e00 jni=0x74d440
05-05 10:23:08.247  9207  9259 I WestlakeVM: VM: [PFCUT] InterpreterJni jdk.Unsafe CAS int target=0x14279680 offset=52 current=32 expected=32 new=-1 success=1
05-05 10:23:08.247  9207  9259 I WestlakeVM: VM: [PFCUT]   caller#0 boolean jdk.internal.misc.Unsafe.compareAndSetInt(java.lang.Object, long, int, int) dex_pc=0
05-05 10:23:08.247  9207  9259 I WestlakeVM: VM: [PFCUT]   caller#1 java.util.concurrent.ConcurrentHashMap$Node[] java.util.concurrent.ConcurrentHashMap.initTable() dex_pc=25
05-05 10:23:08.248  9207  9259 I WestlakeVM: VM: [PFCUT]   caller#2 java.lang.Object java.util.concurrent.ConcurrentHashMap.putVal(java.lang.Object, java.lang.Object, boolean) dex_pc=196
05-05 10:23:08.248  9207  9259 I WestlakeVM: VM: [PFCUT]   caller#3 java.lang.Object java.util.concurrent.ConcurrentHashMap.putIfAbsent(java.lang.Object, java.lang.Object) dex_pc=1
05-05 10:23:08.248  9207  9259 I WestlakeVM: VM: [PFCUT]   caller#4 java.lang.Object sun.util.locale.LocaleObjectCache.get(java.lang.Object) dex_pc=42
05-05 10:23:08.248  9207  9259 I WestlakeVM: VM: [PFCUT]   caller#5 sun.util.locale.BaseLocale sun.util.locale.BaseLocale.getInstance(java.lang.String, java.lang.String, java.lang.String, java.lang.String) dex_pc=92
05-05 10:23:08.248  9207  9259 I WestlakeVM: VM: [PFCUT] forced interpreter JNI reason=Unsafe method=java.lang.Object jdk.internal.misc.Unsafe.getReferenceVolatile(java.lang.Object, long) quick=0xd23e00 jni=0x74e2c0
05-05 10:23:08.248  9207  9259 I WestlakeVM: VM: [PFCUT] InterpreterJni jdk.Unsafe getReferenceVolatile target=0x1427e790 offset=128 value=0 array_index=29
05-05 10:23:08.248  9207  9259 I WestlakeVM: VM: [PFCUT]   caller#0 java.lang.Object jdk.internal.misc.Unsafe.getReferenceVolatile(java.lang.Object, long) dex_pc=0
05-05 10:23:08.249  9207  9259 I WestlakeVM: VM: [PFCUT]   caller#1 java.lang.Object jdk.internal.misc.Unsafe.getReferenceAcquire(java.lang.Object, long) dex_pc=0
05-05 10:23:08.249  9207  9259 I WestlakeVM: VM: [PFCUT]   caller#2 java.util.concurrent.ConcurrentHashMap$Node java.util.concurrent.ConcurrentHashMap.tabAt(java.util.concurrent.ConcurrentHashMap$Node[], int) dex_pc=10
05-05 10:23:08.249  9207  9259 I WestlakeVM: VM: [PFCUT]   caller#3 java.lang.Object java.util.concurrent.ConcurrentHashMap.putVal(java.lang.Object, java.lang.Object, boolean) dex_pc=27
05-05 10:23:08.249  9207  9259 I WestlakeVM: VM: [PFCUT]   caller#4 java.lang.Object java.util.concurrent.ConcurrentHashMap.putIfAbsent(java.lang.Object, java.lang.Object) dex_pc=1
05-05 10:23:08.249  9207  9259 I WestlakeVM: VM: [PFCUT]   caller#5 java.lang.Object sun.util.locale.LocaleObjectCache.get(java.lang.Object) dex_pc=42
05-05 10:23:08.249  9207  9259 I WestlakeVM: VM: [PFCUT] forced interpreter JNI reason=Unsafe method=boolean jdk.internal.misc.Unsafe.compareAndSetReference(java.lang.Object, long, java.lang.Object, java.lang.Object) quick=0xd23e00 jni=0x74d810
05-05 10:23:08.249  9207  9259 I WestlakeVM: VM: [PFCUT] InterpreterJni jdk.Unsafe CAS ref target=0x1427e790 offset=128 current=0 expected=0 new=0x14280d18 success=1 array_index=29
05-05 10:23:08.249  9207  9259 I WestlakeVM: VM: [PFCUT]   caller#0 boolean jdk.internal.misc.Unsafe.compareAndSetReference(java.lang.Object, long, java.lang.Object, java.lang.Object) dex_pc=0
05-05 10:23:08.249  9207  9259 I WestlakeVM: VM: [PFCUT]   caller#1 boolean java.util.concurrent.ConcurrentHashMap.casTabAt(java.util.concurrent.ConcurrentHashMap$Node[], int, java.util.concurrent.ConcurrentHashMap$Node, java.util.concurrent.ConcurrentHashMap$Node) dex_pc=14
05-05 10:23:08.250  9207  9259 I WestlakeVM: VM: [PFCUT]   caller#2 java.lang.Object java.util.concurrent.ConcurrentHashMap.putVal(java.lang.Object, java.lang.Object, boolean) dex_pc=40
05-05 10:23:08.250  9207  9259 I WestlakeVM: VM: [PFCUT]   caller#3 java.lang.Object java.util.concurrent.ConcurrentHashMap.putIfAbsent(java.lang.Object, java.lang.Object) dex_pc=1
05-05 10:23:08.250  9207  9259 I WestlakeVM: VM: [PFCUT]   caller#4 java.lang.Object sun.util.locale.LocaleObjectCache.get(java.lang.Object) dex_pc=42
05-05 10:23:08.250  9207  9259 I WestlakeVM: VM: [PFCUT]   caller#5 sun.util.locale.BaseLocale sun.util.locale.BaseLocale.getInstance(java.lang.String, java.lang.String, java.lang.String, java.lang.String) dex_pc=92
05-05 10:23:08.250  9207  9259 I WestlakeVM: VM: [PFCUT] forced interpreter JNI reason=Unsafe method=boolean jdk.internal.misc.Unsafe.compareAndSetLong(java.lang.Object, long, long, long) quick=0xd23e00 jni=0x74d66c
05-05 10:23:08.250  9207  9259 I WestlakeVM: VM: [PFCUT] InterpreterJni jdk.Unsafe CAS long target=0x14279680 offset=40 current=0 expected=0 new=1 success=1
05-05 10:23:08.250  9207  9259 I WestlakeVM: VM: [PFCUT]   caller#0 boolean jdk.internal.misc.Unsafe.compareAndSetLong(java.lang.Object, long, long, long) dex_pc=0
05-05 10:23:08.250  9207  9259 I WestlakeVM: VM: [PFCUT]   caller#1 void java.util.concurrent.ConcurrentHashMap.addCount(long, int) dex_pc=23
05-05 10:23:08.251  9207  9259 I WestlakeVM: VM: [PFCUT]   caller#2 java.lang.Object java.util.concurrent.ConcurrentHashMap.putVal(java.lang.Object, java.lang.Object, boolean) dex_pc=189
05-05 10:23:08.251  9207  9259 I WestlakeVM: VM: [PFCUT]   caller#3 java.lang.Object java.util.concurrent.ConcurrentHashMap.putIfAbsent(java.lang.Object, java.lang.Object) dex_pc=1
05-05 10:23:08.251  9207  9259 I WestlakeVM: VM: [PFCUT]   caller#4 java.lang.Object sun.util.locale.LocaleObjectCache.get(java.lang.Object) dex_pc=42
05-05 10:23:08.251  9207  9259 I WestlakeVM: VM: [PFCUT]   caller#5 sun.util.locale.BaseLocale sun.util.locale.BaseLocale.getInstance(java.lang.String, java.lang.String, java.lang.String, java.lang.String) dex_pc=92
05-05 10:23:08.251  9207  9259 I WestlakeVM: VM: [PFCUT] forced interpreter JNI reason=Unsafe method=java.lang.Object jdk.internal.misc.Unsafe.getReferenceVolatile(java.lang.Object, long) quick=0xd23e00 jni=0x74e2c0
05-05 10:23:08.251  9207  9259 I WestlakeVM: VM: [PFCUT] InterpreterJni jdk.Unsafe getReferenceVolatile target=0x1427e790 offset=100 value=0 array_index=22
05-05 10:23:08.252  9207  9259 I WestlakeVM: VM: [PFCUT]   caller#0 java.lang.Object jdk.internal.misc.Unsafe.getReferenceVolatile(java.lang.Object, long) dex_pc=0
05-05 10:23:08.252  9207  9259 I WestlakeVM: VM: [PFCUT]   caller#1 java.lang.Object jdk.internal.misc.Unsafe.getReferenceAcquire(java.lang.Object, long) dex_pc=0
05-05 10:23:08.252  9207  9259 I WestlakeVM: VM: [PFCUT]   caller#2 java.util.concurrent.ConcurrentHashMap$Node java.util.concurrent.ConcurrentHashMap.tabAt(java.util.concurrent.ConcurrentHashMap$Node[], int) dex_pc=10
05-05 10:23:08.252  9207  9259 I WestlakeVM: VM: [PFCUT]   caller#3 java.lang.Object java.util.concurrent.ConcurrentHashMap.get(java.lang.Object) dex_pc=21
05-05 10:23:08.252  9207  9259 I WestlakeVM: VM: [PFCUT]   caller#4 java.lang.Object sun.util.locale.LocaleObjectCache.get(java.lang.Object) dex_pc=6
05-05 10:23:08.252  9207  9259 I WestlakeVM: VM: [PFCUT]   caller#5 sun.util.locale.BaseLocale sun.util.locale.BaseLocale.getInstance(java.lang.String, java.lang.String, java.lang.String, java.lang.String) dex_pc=92
05-05 10:23:08.253  9207  9259 I WestlakeVM: VM: [PFCUT] forced interpreter JNI reason=Unsafe method=java.lang.Object jdk.internal.misc.Unsafe.getReferenceVolatile(java.lang.Object, long) quick=0xd23e00 jni=0x74e2c0
05-05 10:23:08.254  9207  9259 I WestlakeVM: VM: [PFCUT] InterpreterJni jdk.Unsafe getReferenceVolatile target=0x1427e790 offset=100 value=0 array_index=22
05-05 10:23:08.254  9207  9259 I WestlakeVM: VM: [PFCUT]   caller#0 java.lang.Object jdk.internal.misc.Unsafe.getReferenceVolatile(java.lang.Object, long) dex_pc=0
05-05 10:23:08.254  9207  9259 I WestlakeVM: VM: [PFCUT]   caller#1 java.lang.Object jdk.internal.misc.Unsafe.getReferenceAcquire(java.lang.Object, long) dex_pc=0
05-05 10:23:08.255  9207  9259 I WestlakeVM: VM: [PFCUT]   caller#2 java.util.concurrent.ConcurrentHashMap$Node java.util.concurrent.ConcurrentHashMap.tabAt(java.util.concurrent.ConcurrentHashMap$Node[], int) dex_pc=10
05-05 10:23:08.255  9207  9259 I WestlakeVM: VM: [PFCUT]   caller#3 java.lang.Object java.util.concurrent.ConcurrentHashMap.putVal(java.lang.Object, java.lang.Object, boolean) dex_pc=27
05-05 10:23:08.255  9207  9259 I WestlakeVM: VM: [PFCUT]   caller#4 java.lang.Object java.util.concurrent.ConcurrentHashMap.putIfAbsent(java.lang.Object, java.lang.Object) dex_pc=1
05-05 10:23:08.255  9207  9259 I WestlakeVM: VM: [PFCUT]   caller#5 java.lang.Object sun.util.locale.LocaleObjectCache.get(java.lang.Object) dex_pc=42
05-05 10:23:08.255  9207  9259 I WestlakeVM: VM: [PFCUT] forced interpreter JNI reason=Unsafe method=boolean jdk.internal.misc.Unsafe.compareAndSetReference(java.lang.Object, long, java.lang.Object, java.lang.Object) quick=0xd23e00 jni=0x74d810
05-05 10:23:08.256  9207  9259 I WestlakeVM: VM: [PFCUT] InterpreterJni jdk.Unsafe CAS ref target=0x1427e790 offset=100 current=0 expected=0 new=0x14280da8 success=1 array_index=22
05-05 10:23:08.256  9207  9259 I WestlakeVM: VM: [PFCUT]   caller#0 boolean jdk.internal.misc.Unsafe.compareAndSetReference(java.lang.Object, long, java.lang.Object, java.lang.Object) dex_pc=0
05-05 10:23:08.256  9207  9259 I WestlakeVM: VM: [PFCUT]   caller#1 boolean java.util.concurrent.ConcurrentHashMap.casTabAt(java.util.concurrent.ConcurrentHashMap$Node[], int, java.util.concurrent.ConcurrentHashMap$Node, java.util.concurrent.ConcurrentHashMap$Node) dex_pc=14
05-05 10:23:08.256  9207  9259 I WestlakeVM: VM: [PFCUT]   caller#2 java.lang.Object java.util.concurrent.ConcurrentHashMap.putVal(java.lang.Object, java.lang.Object, boolean) dex_pc=40
05-05 10:23:08.257  9207  9259 I WestlakeVM: VM: [PFCUT]   caller#3 java.lang.Object java.util.concurrent.ConcurrentHashMap.putIfAbsent(java.lang.Object, java.lang.Object) dex_pc=1
