05-04 19:31:35.047 13099 13151 I WestlakeVM: VM: [PFCUT] InterpreterJni jdk.Unsafe CAS ref target=0x14080a10 offset=64 current=0 expected=0 new=0x14093ca0 success=1 array_index=13
05-04 19:31:35.047 13099 13151 I WestlakeVM: VM: [PFCUT] InterpreterJni jdk.Unsafe CAS long target=0x14079fc0 offset=40 current=11 expected=11 new=12 success=1
05-04 19:31:35.047 13099 13151 I WestlakeVM: VM: [PFCUT] InterpreterJni jdk.Unsafe CAS int target=0x14079fc0 offset=52 current=12 expected=12 new=-2145714174 success=1
05-04 19:31:35.047 13099 13151 I WestlakeVM: VM: [PFCUT] InterpreterJni jdk.Unsafe CAS int target=0x14079fc0 offset=56 current=16 expected=16 new=0 success=1
05-04 19:31:35.048 13099 13151 I WestlakeVM: VM: [PFCUT-TRACE] thread=main-256mb ts_us=2145326623179 kind=setSlot.jdk caller="void jdk.internal.misc.Unsafe.putReferenceVolatile(java.lang.Object, long, java.lang.Object)" array.class=java.util.concurrent.ConcurrentHashMap$Node[] array.componentType=java.util.concurrent.ConcurrentHashMap$Node array.length=32 index=15 value.ptr=0x14093c10 value.class=java.util.concurrent.ConcurrentHashMap$Node assignable=1
05-04 19:31:35.048 13099 13151 I WestlakeVM: VM: [PFCUT-TRACE] thread=main-256mb ts_us=2145326623385 kind=setSlot.jdk caller="void jdk.internal.misc.Unsafe.putReferenceVolatile(java.lang.Object, long, java.lang.Object)" array.class=java.util.concurrent.ConcurrentHashMap$Node[] array.componentType=java.util.concurrent.ConcurrentHashMap$Node array.length=32 index=31 value.ptr=0 value.class=<null> assignable=1
05-04 19:31:35.048 13099 13151 I WestlakeVM: VM: [PFCUT-TRACE] thread=main-256mb ts_us=2145326623488 kind=setSlot.jdk caller="void jdk.internal.misc.Unsafe.putReferenceVolatile(java.lang.Object, long, java.lang.Object)" array.class=java.util.concurrent.ConcurrentHashMap$Node[] array.componentType=java.util.concurrent.ConcurrentHashMap$Node array.length=16 index=15 value.ptr=0x14097540 value.class=java.util.concurrent.ConcurrentHashMap$ForwardingNode assignable=1
05-04 19:31:35.048 13099 13151 I WestlakeVM: VM: [PFCUT] InterpreterJni jdk.Unsafe CAS ref target=0x14080a10 offset=68 current=0 expected=0 new=0x14097540 success=1 array_index=14
05-04 19:31:35.048 13099 13151 I WestlakeVM: VM: [PFCUT-TRACE] thread=main-256mb ts_us=2145326623882 kind=setSlot.jdk caller="void jdk.internal.misc.Unsafe.putReferenceVolatile(java.lang.Object, long, java.lang.Object)" array.class=java.util.concurrent.ConcurrentHashMap$Node[] array.componentType=java.util.concurrent.ConcurrentHashMap$Node array.length=32 index=13 value.ptr=0 value.class=<null> assignable=1
05-04 19:31:35.049 13099 13151 I WestlakeVM: VM: [PFCUT-TRACE] thread=main-256mb ts_us=2145326623981 kind=setSlot.jdk caller="void jdk.internal.misc.Unsafe.putReferenceVolatile(java.lang.Object, long, java.lang.Object)" array.class=java.util.concurrent.ConcurrentHashMap$Node[] array.componentType=java.util.concurrent.ConcurrentHashMap$Node array.length=32 index=29 value.ptr=0x14093ca0 value.class=java.util.concurrent.ConcurrentHashMap$Node assignable=1
05-04 19:31:35.049 13099 13151 I WestlakeVM: VM: [PFCUT-TRACE] thread=main-256mb ts_us=2145326624082 kind=setSlot.jdk caller="void jdk.internal.misc.Unsafe.putReferenceVolatile(java.lang.Object, long, java.lang.Object)" array.class=java.util.concurrent.ConcurrentHashMap$Node[] array.componentType=java.util.concurrent.ConcurrentHashMap$Node array.length=16 index=13 value.ptr=0x14097540 value.class=java.util.concurrent.ConcurrentHashMap$ForwardingNode assignable=1
05-04 19:31:35.049 13099 13151 I WestlakeVM: VM: [PFCUT-TRACE] thread=main-256mb ts_us=2145326624329 kind=setSlot.jdk caller="void jdk.internal.misc.Unsafe.putReferenceVolatile(java.lang.Object, long, java.lang.Object)" array.class=java.util.concurrent.ConcurrentHashMap$Node[] array.componentType=java.util.concurrent.ConcurrentHashMap$Node array.length=32 index=12 value.ptr=0x14093aa8 value.class=java.util.concurrent.ConcurrentHashMap$Node assignable=1
05-04 19:31:35.049 13099 13151 I WestlakeVM: VM: [PFCUT-TRACE] thread=main-256mb ts_us=2145326624430 kind=setSlot.jdk caller="void jdk.internal.misc.Unsafe.putReferenceVolatile(java.lang.Object, long, java.lang.Object)" array.class=java.util.concurrent.ConcurrentHashMap$Node[] array.componentType=java.util.concurrent.ConcurrentHashMap$Node array.length=32 index=28 value.ptr=0 value.class=<null> assignable=1
05-04 19:31:35.050 13099 13151 I WestlakeVM: VM: [PFCUT-TRACE] thread=main-256mb ts_us=2145326624532 kind=setSlot.jdk caller="void jdk.internal.misc.Unsafe.putReferenceVolatile(java.lang.Object, long, java.lang.Object)" array.class=java.util.concurrent.ConcurrentHashMap$Node[] array.componentType=java.util.concurrent.ConcurrentHashMap$Node array.length=16 index=12 value.ptr=0x14097540 value.class=java.util.concurrent.ConcurrentHashMap$ForwardingNode assignable=1
05-04 19:31:35.050 13099 13151 I WestlakeVM: VM: [PFCUT-TRACE] thread=main-256mb ts_us=2145326624866 kind=setSlot.jdk caller="void jdk.internal.misc.Unsafe.putReferenceVolatile(java.lang.Object, long, java.lang.Object)" array.class=java.util.concurrent.ConcurrentHashMap$Node[] array.componentType=java.util.concurrent.ConcurrentHashMap$Node array.length=32 index=11 value.ptr=0x14093cb8 value.class=java.util.concurrent.ConcurrentHashMap$Node assignable=1
05-04 19:31:35.050 13099 13151 I WestlakeVM: VM: [PFCUT-TRACE] thread=main-256mb ts_us=2145326624967 kind=setSlot.jdk caller="void jdk.internal.misc.Unsafe.putReferenceVolatile(java.lang.Object, long, java.lang.Object)" array.class=java.util.concurrent.ConcurrentHashMap$Node[] array.componentType=java.util.concurrent.ConcurrentHashMap$Node array.length=32 index=27 value.ptr=0x14093bb0 value.class=java.util.concurrent.ConcurrentHashMap$Node assignable=1
05-04 19:31:35.050 13099 13151 I WestlakeVM: VM: [PFCUT-TRACE] thread=main-256mb ts_us=2145326625067 kind=setSlot.jdk caller="void jdk.internal.misc.Unsafe.putReferenceVolatile(java.lang.Object, long, java.lang.Object)" array.class=java.util.concurrent.ConcurrentHashMap$Node[] array.componentType=java.util.concurrent.ConcurrentHashMap$Node array.length=16 index=11 value.ptr=0x14097540 value.class=java.util.concurrent.ConcurrentHashMap$ForwardingNode assignable=1
05-04 19:31:35.050 13099 13151 I WestlakeVM: VM: [PFCUT] InterpreterJni jdk.Unsafe CAS ref target=0x14080a10 offset=52 current=0 expected=0 new=0x14097540 success=1 array_index=10
05-04 19:31:35.050 13099 13151 I WestlakeVM: VM: [PFCUT] InterpreterJni jdk.Unsafe CAS ref target=0x14080a10 offset=48 current=0 expected=0 new=0x14097540 success=1 array_index=9
05-04 19:31:35.051 13099 13151 I WestlakeVM: VM: [PFCUT] InterpreterJni jdk.Unsafe CAS ref target=0x14080a10 offset=44 current=0 expected=0 new=0x14097540 success=1 array_index=8
05-04 19:31:35.051 13099 13151 I WestlakeVM: VM: [PFCUT-TRACE] thread=main-256mb ts_us=2145326625731 kind=setSlot.jdk caller="void jdk.internal.misc.Unsafe.putReferenceVolatile(java.lang.Object, long, java.lang.Object)" array.class=java.util.concurrent.ConcurrentHashMap$Node[] array.componentType=java.util.concurrent.ConcurrentHashMap$Node array.length=32 index=7 value.ptr=0x14093be0 value.class=java.util.concurrent.ConcurrentHashMap$Node assignable=1
05-04 19:31:35.051 13099 13151 I WestlakeVM: VM: [PFCUT-TRACE] thread=main-256mb ts_us=2145326625832 kind=setSlot.jdk caller="void jdk.internal.misc.Unsafe.putReferenceVolatile(java.lang.Object, long, java.lang.Object)" array.class=java.util.concurrent.ConcurrentHashMap$Node[] array.componentType=java.util.concurrent.ConcurrentHashMap$Node array.length=32 index=23 value.ptr=0 value.class=<null> assignable=1
05-04 19:31:35.051 13099 13151 I WestlakeVM: VM: [PFCUT-TRACE] thread=main-256mb ts_us=2145326625928 kind=setSlot.jdk caller="void jdk.internal.misc.Unsafe.putReferenceVolatile(java.lang.Object, long, java.lang.Object)" array.class=java.util.concurrent.ConcurrentHashMap$Node[] array.componentType=java.util.concurrent.ConcurrentHashMap$Node array.length=16 index=7 value.ptr=0x14097540 value.class=java.util.concurrent.ConcurrentHashMap$ForwardingNode assignable=1
05-04 19:31:35.051 13099 13151 I WestlakeVM: VM: [PFCUT-TRACE] thread=main-256mb ts_us=2145326626169 kind=setSlot.jdk caller="void jdk.internal.misc.Unsafe.putReferenceVolatile(java.lang.Object, long, java.lang.Object)" array.class=java.util.concurrent.ConcurrentHashMap$Node[] array.componentType=java.util.concurrent.ConcurrentHashMap$Node array.length=32 index=6 value.ptr=0 value.class=<null> assignable=1
05-04 19:31:35.051 13099 13151 I WestlakeVM: VM: [PFCUT-TRACE] thread=main-256mb ts_us=2145326626265 kind=setSlot.jdk caller="void jdk.internal.misc.Unsafe.putReferenceVolatile(java.lang.Object, long, java.lang.Object)" array.class=java.util.concurrent.ConcurrentHashMap$Node[] array.componentType=java.util.concurrent.ConcurrentHashMap$Node array.length=32 index=22 value.ptr=0x14093b08 value.class=java.util.concurrent.ConcurrentHashMap$Node assignable=1
05-04 19:31:35.052 13099 13151 I WestlakeVM: VM: [PFCUT-TRACE] thread=main-256mb ts_us=2145326626365 kind=setSlot.jdk caller="void jdk.internal.misc.Unsafe.putReferenceVolatile(java.lang.Object, long, java.lang.Object)" array.class=java.util.concurrent.ConcurrentHashMap$Node[] array.componentType=java.util.concurrent.ConcurrentHashMap$Node array.length=16 index=6 value.ptr=0x14097540 value.class=java.util.concurrent.ConcurrentHashMap$ForwardingNode assignable=1
05-04 19:31:35.052 13099 13151 I WestlakeVM: VM: [PFCUT] InterpreterJni jdk.Unsafe CAS ref target=0x14080a10 offset=32 current=0 expected=0 new=0x14097540 success=1 array_index=5
05-04 19:31:35.052 13099 13151 I WestlakeVM: VM: [PFCUT-TRACE] thread=main-256mb ts_us=2145326626748 kind=setSlot.jdk caller="void jdk.internal.misc.Unsafe.putReferenceVolatile(java.lang.Object, long, java.lang.Object)" array.class=java.util.concurrent.ConcurrentHashMap$Node[] array.componentType=java.util.concurrent.ConcurrentHashMap$Node array.length=32 index=4 value.ptr=0x14093ad8 value.class=java.util.concurrent.ConcurrentHashMap$Node assignable=1
05-04 19:31:35.052 13099 13151 I WestlakeVM: VM: [PFCUT-TRACE] thread=main-256mb ts_us=2145326626847 kind=setSlot.jdk caller="void jdk.internal.misc.Unsafe.putReferenceVolatile(java.lang.Object, long, java.lang.Object)" array.class=java.util.concurrent.ConcurrentHashMap$Node[] array.componentType=java.util.concurrent.ConcurrentHashMap$Node array.length=32 index=20 value.ptr=0 value.class=<null> assignable=1
05-04 19:31:35.052 13099 13151 I WestlakeVM: VM: [PFCUT-TRACE] thread=main-256mb ts_us=2145326626944 kind=setSlot.jdk caller="void jdk.internal.misc.Unsafe.putReferenceVolatile(java.lang.Object, long, java.lang.Object)" array.class=java.util.concurrent.ConcurrentHashMap$Node[] array.componentType=java.util.concurrent.ConcurrentHashMap$Node array.length=16 index=4 value.ptr=0x14097540 value.class=java.util.concurrent.ConcurrentHashMap$ForwardingNode assignable=1
05-04 19:31:35.052 13099 13151 I WestlakeVM: VM: [PFCUT] InterpreterJni jdk.Unsafe CAS ref target=0x14080a10 offset=24 current=0 expected=0 new=0x14097540 success=1 array_index=3
05-04 19:31:35.053 13099 13151 I WestlakeVM: VM: [PFCUT] InterpreterJni jdk.Unsafe CAS ref target=0x14080a10 offset=20 current=0 expected=0 new=0x14097540 success=1 array_index=2
05-04 19:31:35.053 13099 13151 I WestlakeVM: VM: [PFCUT-TRACE] thread=main-256mb ts_us=2145326627550 kind=setSlot.jdk caller="void jdk.internal.misc.Unsafe.putReferenceVolatile(java.lang.Object, long, java.lang.Object)" array.class=java.util.concurrent.ConcurrentHashMap$Node[] array.componentType=java.util.concurrent.ConcurrentHashMap$Node array.length=32 index=1 value.ptr=0x14093cd0 value.class=java.util.concurrent.ConcurrentHashMap$Node assignable=1
05-04 19:31:35.053 13099 13151 I WestlakeVM: VM: [PFCUT-TRACE] thread=main-256mb ts_us=2145326627652 kind=setSlot.jdk caller="void jdk.internal.misc.Unsafe.putReferenceVolatile(java.lang.Object, long, java.lang.Object)" array.class=java.util.concurrent.ConcurrentHashMap$Node[] array.componentType=java.util.concurrent.ConcurrentHashMap$Node array.length=32 index=17 value.ptr=0x14093c40 value.class=java.util.concurrent.ConcurrentHashMap$Node assignable=1
05-04 19:31:35.053 13099 13151 I WestlakeVM: VM: [PFCUT-TRACE] thread=main-256mb ts_us=2145326627751 kind=setSlot.jdk caller="void jdk.internal.misc.Unsafe.putReferenceVolatile(java.lang.Object, long, java.lang.Object)" array.class=java.util.concurrent.ConcurrentHashMap$Node[] array.componentType=java.util.concurrent.ConcurrentHashMap$Node array.length=16 index=1 value.ptr=0x14097540 value.class=java.util.concurrent.ConcurrentHashMap$ForwardingNode assignable=1
05-04 19:31:35.053 13099 13151 I WestlakeVM: VM: [PFCUT] InterpreterJni jdk.Unsafe CAS ref target=0x14080a10 offset=12 current=0 expected=0 new=0x14097540 success=1 array_index=0
05-04 19:31:35.053 13099 13151 I WestlakeVM: VM: [PFCUT] InterpreterJni jdk.Unsafe CAS int target=0x14079fc0 offset=52 current=-2145714174 expected=-2145714174 new=-2145714175 success=1
05-04 19:31:35.056 13099 13151 I WestlakeVM: VM: [PFCUT] InterpreterJni jdk.Unsafe CAS ref target=0x1408c790 offset=136 current=0 expected=0 new=0x14093d00 success=1 array_index=31
05-04 19:31:35.056 13099 13151 I WestlakeVM: VM: [PFCUT] InterpreterJni jdk.Unsafe CAS long target=0x14079fc0 offset=40 current=12 expected=12 new=13 success=1
05-04 19:31:35.056 13099 13151 I WestlakeVM: VM: [PFCUT] Class.newInstance intrinsic class=java.lang.Class<com.android.org.conscrypt.OpenSSLProvider> ctor=void com.android.org.conscrypt.OpenSSLProvider.<init>()
05-04 19:31:35.057 13099 13151 I WestlakeVM: VM: [PFCUT] InterpreterJni jdk.Unsafe CAS int target=0x14099180 offset=52 current=16 expected=16 new=-1 success=1
05-04 19:31:35.058 13099 13151 I WestlakeVM: VM: [PFCUT] InterpreterJni jdk.Unsafe CAS ref target=0x14080b50 offset=60 current=0 expected=0 new=0x14093d18 success=1 array_index=12
05-04 19:31:35.058 13099 13151 I WestlakeVM: VM: [PFCUT] InterpreterJni jdk.Unsafe CAS long target=0x14099180 offset=40 current=0 expected=0 new=1 success=1
05-04 19:31:35.059 13099 13151 I WestlakeVM: VM: [PFCUT] InterpreterJni jdk.Unsafe CAS ref target=0x14080b50 offset=28 current=0 expected=0 new=0x14093d48 success=1 array_index=4
05-04 19:31:35.059 13099 13151 I WestlakeVM: VM: [PFCUT] InterpreterJni jdk.Unsafe CAS long target=0x14099180 offset=40 current=1 expected=1 new=2 success=1
05-04 19:31:35.059 13099 13151 I WestlakeVM: VM: [PFCUT] InterpreterJni jdk.Unsafe CAS ref target=0x14080b50 offset=56 current=0 expected=0 new=0x14093d60 success=1 array_index=11
05-04 19:31:35.059 13099 13151 I WestlakeVM: VM: [PFCUT] InterpreterJni jdk.Unsafe CAS long target=0x14099180 offset=40 current=2 expected=2 new=3 success=1
05-04 19:31:35.060 13099 13151 I WestlakeVM: VM: [PFCUT] InterpreterJni jdk.Unsafe CAS ref target=0x14080b50 offset=36 current=0 expected=0 new=0x14093d78 success=1 array_index=6
05-04 19:31:35.060 13099 13151 I WestlakeVM: VM: [PFCUT] InterpreterJni jdk.Unsafe CAS long target=0x14099180 offset=40 current=3 expected=3 new=4 success=1
05-04 19:31:35.062 13099 13151 I WestlakeVM: VM: [PFCUT] InterpreterJni jdk.Unsafe CAS ref target=0x14080b50 offset=16 current=0 expected=0 new=0x14093da8 success=1 array_index=1
05-04 19:31:35.062 13099 13151 I WestlakeVM: VM: [PFCUT] InterpreterJni jdk.Unsafe CAS long target=0x14099180 offset=40 current=4 expected=4 new=5 success=1
05-04 19:31:35.063 13099 13151 I WestlakeVM: VM: [PFCUT] InterpreterJni jdk.Unsafe CAS ref target=0x14080b50 offset=44 current=0 expected=0 new=0x14093df0 success=1 array_index=8
05-04 19:31:35.064 13099 13151 I WestlakeVM: VM: [PFCUT] InterpreterJni jdk.Unsafe CAS long target=0x14099180 offset=40 current=5 expected=5 new=6 success=1
05-04 19:31:35.066 13099 13151 I WestlakeVM: VM: [PFCUT] InterpreterJni jdk.Unsafe CAS long target=0x14099180 offset=40 current=6 expected=6 new=7 success=1
05-04 19:31:35.068 13099 13151 I WestlakeVM: VM: [PFCUT] InterpreterJni jdk.Unsafe CAS long target=0x14099180 offset=40 current=7 expected=7 new=8 success=1
05-04 19:31:35.069 13099 13151 I WestlakeVM: VM: [PFCUT] InterpreterJni jdk.Unsafe CAS ref target=0x14080b50 offset=48 current=0 expected=0 new=0x14093e98 success=1 array_index=9
05-04 19:31:35.070 13099 13151 I WestlakeVM: VM: [PFCUT] InterpreterJni jdk.Unsafe CAS long target=0x14099180 offset=40 current=8 expected=8 new=9 success=1
05-04 19:31:35.071 13099 13151 I WestlakeVM: VM: [PFCUT] InterpreterJni jdk.Unsafe CAS ref target=0x14080b50 offset=12 current=0 expected=0 new=0x14093ec8 success=1 array_index=0
05-04 19:31:35.072 13099 13151 I WestlakeVM: VM: [PFCUT] InterpreterJni jdk.Unsafe CAS long target=0x14099180 offset=40 current=9 expected=9 new=10 success=1
05-04 19:31:35.072 13099 13151 I WestlakeVM: VM: [PFCUT] Class.newInstance intrinsic class=java.lang.Class<sun.security.provider.CertPathProvider> ctor=void sun.security.provider.CertPathProvider.<init>()
05-04 19:31:35.077 13099 13151 I WestlakeVM: VM: [PFCUT] AtomicInteger.incrementAndGet intrinsic current=0
05-04 19:31:35.129  3704  3747 W HidlServiceManagement: Waited one second for vendor.qti.hardware.cacert@1.0::IService/default
05-04 19:31:35.130   660   660 I hwservicemanager: Since vendor.qti.hardware.cacert@1.0::IService/default is not registered, trying to start it as a lazy HAL (if it's not configured to be a lazy HAL, it may be stuck starting or still starting).
05-04 19:31:35.131  3704  3747 I HidlServiceManagement: getService: Trying again for vendor.qti.hardware.cacert@1.0::IService/default...
05-04 19:31:35.139   660 13156 W libc    : Unable to set property "ctl.interface_start" to "vendor.qti.hardware.cacert@1.0::IService/default": PROP_ERROR_HANDLE_CONTROL_MESSAGE (0x20)
05-04 19:31:35.139   660 13156 I hwservicemanager: Tried to start vendor.qti.hardware.cacert@1.0::IService/default as a lazy service, but was unable to. Usually this happens when a service is not installed, but if the service is intended to be used as a lazy service, then it may be configured incorrectly.
05-04 19:31:35.142 13099 13157 D ProfileInstaller: Installing profile for com.westlake.host
05-04 19:31:35.052     0     0 E init    : Control message: Could not find 'vendor.qti.hardware.cacert@1.0::IService/default' for ctl.interface_start from pid: 660 (/system/system_ext/bin/hwservicemanager)
05-04 19:31:35.236 13099 13151 I WestlakeVM: VM: [PFCUT] InterpreterJni jdk.Unsafe CAS int target=0x14099300 offset=52 current=16 expected=16 new=-1 success=1
05-04 19:31:35.237 13099 13151 I WestlakeVM: VM: [PFCUT] InterpreterJni jdk.Unsafe CAS ref target=0x14080e20 offset=60 current=0 expected=0 new=0x1409c778 success=1 array_index=12
05-04 19:31:35.237 13099 13151 I WestlakeVM: VM: [PFCUT] InterpreterJni jdk.Unsafe CAS long target=0x14099300 offset=40 current=0 expected=0 new=1 success=1
05-04 19:31:35.237 13099 13151 I WestlakeVM: VM: [PFCUT] InterpreterJni jdk.Unsafe CAS ref target=0x14080e20 offset=28 current=0 expected=0 new=0x1409c7a8 success=1 array_index=4
05-04 19:31:35.238 13099 13151 I WestlakeVM: VM: [PFCUT] InterpreterJni jdk.Unsafe CAS long target=0x14099300 offset=40 current=1 expected=1 new=2 success=1
05-04 19:31:35.238 13099 13151 I WestlakeVM: VM: [PFCUT] InterpreterJni jdk.Unsafe CAS ref target=0x14080e20 offset=56 current=0 expected=0 new=0x1409c7c0 success=1 array_index=11
05-04 19:31:35.238 13099 13151 I WestlakeVM: VM: [PFCUT] InterpreterJni jdk.Unsafe CAS long target=0x14099300 offset=40 current=2 expected=2 new=3 success=1
05-04 19:31:35.238 13099 13151 I WestlakeVM: VM: [PFCUT] InterpreterJni jdk.Unsafe CAS ref target=0x14080e20 offset=36 current=0 expected=0 new=0x1409c7d8 success=1 array_index=6
05-04 19:31:35.238 13099 13151 I WestlakeVM: VM: [PFCUT] InterpreterJni jdk.Unsafe CAS long target=0x14099300 offset=40 current=3 expected=3 new=4 success=1
05-04 19:31:35.241 13099 13151 I WestlakeVM: VM: [PFCUT] InterpreterJni jdk.Unsafe CAS long target=0x14099300 offset=40 current=4 expected=4 new=5 success=1
05-04 19:31:35.242 13099 13151 I WestlakeVM: VM: [PFCUT] InterpreterJni jdk.Unsafe CAS ref target=0x14080e20 offset=20 current=0 expected=0 new=0x1409c838 success=1 array_index=2
05-04 19:31:35.242 13099 13151 I WestlakeVM: VM: [PFCUT] InterpreterJni jdk.Unsafe CAS long target=0x14099300 offset=40 current=5 expected=5 new=6 success=1
05-04 19:31:35.244 13099 13151 I WestlakeVM: VM: [PFCUT] InterpreterJni jdk.Unsafe CAS long target=0x14099300 offset=40 current=6 expected=6 new=7 success=1
05-04 19:31:35.246 13099 13151 I WestlakeVM: VM: [PFCUT] InterpreterJni jdk.Unsafe CAS ref target=0x14080e20 offset=64 current=0 expected=0 new=0x1409c898 success=1 array_index=13
05-04 19:31:35.246 13099 13151 I WestlakeVM: VM: [PFCUT] InterpreterJni jdk.Unsafe CAS long target=0x14099300 offset=40 current=7 expected=7 new=8 success=1
05-04 19:31:35.248 13099 13151 I WestlakeVM: VM: [PFCUT] InterpreterJni jdk.Unsafe CAS long target=0x14099300 offset=40 current=8 expected=8 new=9 success=1
05-04 19:31:35.249 13099 13151 I WestlakeVM: VM: [PFCUT] InterpreterJni jdk.Unsafe CAS ref target=0x14080e20 offset=32 current=0 expected=0 new=0x1409c8f8 success=1 array_index=5
05-04 19:31:35.249 13099 13151 I WestlakeVM: VM: [PFCUT] InterpreterJni jdk.Unsafe CAS long target=0x14099300 offset=40 current=9 expected=9 new=10 success=1
05-04 19:31:35.251 13099 13151 I WestlakeVM: VM: [PFCUT] InterpreterJni jdk.Unsafe CAS ref target=0x14080e20 offset=40 current=0 expected=0 new=0x1409c928 success=1 array_index=7
05-04 19:31:35.251 13099 13151 I WestlakeVM: VM: [PFCUT] InterpreterJni jdk.Unsafe CAS long target=0x14099300 offset=40 current=10 expected=10 new=11 success=1
05-04 19:31:35.253 13099 13151 I WestlakeVM: VM: [PFCUT] InterpreterJni jdk.Unsafe CAS long target=0x14099300 offset=40 current=11 expected=11 new=12 success=1
05-04 19:31:35.253 13099 13151 I WestlakeVM: VM: [PFCUT] InterpreterJni jdk.Unsafe CAS int target=0x14099300 offset=52 current=12 expected=12 new=-2145714174 success=1
05-04 19:31:35.253 13099 13151 I WestlakeVM: VM: [PFCUT] InterpreterJni jdk.Unsafe CAS int target=0x14099300 offset=56 current=16 expected=16 new=0 success=1
05-04 19:31:35.254 13099 13151 I WestlakeVM: VM: [PFCUT-TRACE] thread=main-256mb ts_us=2145326829125 kind=setSlot.jdk caller="void jdk.internal.misc.Unsafe.putReferenceVolatile(java.lang.Object, long, java.lang.Object)" array.class=java.util.concurrent.ConcurrentHashMap$Node[] array.componentType=java.util.concurrent.ConcurrentHashMap$Node array.length=32 index=14 value.ptr=0x1409c958 value.class=java.util.concurrent.ConcurrentHashMap$Node assignable=1
05-04 19:31:35.254 13099 13151 I WestlakeVM: VM: [PFCUT-TRACE] thread=main-256mb ts_us=2145326829280 kind=setSlot.jdk caller="void jdk.internal.misc.Unsafe.putReferenceVolatile(java.lang.Object, long, java.lang.Object)" array.class=java.util.concurrent.ConcurrentHashMap$Node[] array.componentType=java.util.concurrent.ConcurrentHashMap$Node array.length=32 index=30 value.ptr=0 value.class=<null> assignable=1
05-04 19:31:35.254 13099 13151 I WestlakeVM: VM: [PFCUT-TRACE] thread=main-256mb ts_us=2145326829379 kind=setSlot.jdk caller="void jdk.internal.misc.Unsafe.putReferenceVolatile(java.lang.Object, long, java.lang.Object)" array.class=java.util.concurrent.ConcurrentHashMap$Node[] array.componentType=java.util.concurrent.ConcurrentHashMap$Node array.length=16 index=14 value.ptr=0x14097fc0 value.class=java.util.concurrent.ConcurrentHashMap$ForwardingNode assignable=1
05-04 19:31:35.255 13099 13151 I WestlakeVM: VM: [PFCUT-TRACE] thread=main-256mb ts_us=2145326829711 kind=setSlot.jdk caller="void jdk.internal.misc.Unsafe.putReferenceVolatile(java.lang.Object, long, java.lang.Object)" array.class=java.util.concurrent.ConcurrentHashMap$Node[] array.componentType=java.util.concurrent.ConcurrentHashMap$Node array.length=32 index=13 value.ptr=0x1409c8c8 value.class=java.util.concurrent.ConcurrentHashMap$Node assignable=1
05-04 19:31:35.255 13099 13151 I WestlakeVM: VM: [PFCUT-TRACE] thread=main-256mb ts_us=2145326829811 kind=setSlot.jdk caller="void jdk.internal.misc.Unsafe.putReferenceVolatile(java.lang.Object, long, java.lang.Object)" array.class=java.util.concurrent.ConcurrentHashMap$Node[] array.componentType=java.util.concurrent.ConcurrentHashMap$Node array.length=32 index=29 value.ptr=0x1409c970 value.class=java.util.concurrent.ConcurrentHashMap$Node assignable=1
05-04 19:31:35.255 13099 13151 I WestlakeVM: VM: [PFCUT-TRACE] thread=main-256mb ts_us=2145326829910 kind=setSlot.jdk caller="void jdk.internal.misc.Unsafe.putReferenceVolatile(java.lang.Object, long, java.lang.Object)" array.class=java.util.concurrent.ConcurrentHashMap$Node[] array.componentType=java.util.concurrent.ConcurrentHashMap$Node array.length=16 index=13 value.ptr=0x14097fc0 value.class=java.util.concurrent.ConcurrentHashMap$ForwardingNode assignable=1
05-04 19:31:35.255 13099 13151 I WestlakeVM: VM: [PFCUT-TRACE] thread=main-256mb ts_us=2145326830349 kind=setSlot.jdk caller="void jdk.internal.misc.Unsafe.putReferenceVolatile(java.lang.Object, long, java.lang.Object)" array.class=java.util.concurrent.ConcurrentHashMap$Node[] array.componentType=java.util.concurrent.ConcurrentHashMap$Node array.length=32 index=12 value.ptr=0x1409c778 value.class=java.util.concurrent.ConcurrentHashMap$Node assignable=1
05-04 19:31:35.256 13099 13151 I WestlakeVM: VM: [PFCUT-TRACE] thread=main-256mb ts_us=2145326830582 kind=setSlot.jdk caller="void jdk.internal.misc.Unsafe.putReferenceVolatile(java.lang.Object, long, java.lang.Object)" array.class=java.util.concurrent.ConcurrentHashMap$Node[] array.componentType=java.util.concurrent.ConcurrentHashMap$Node array.length=32 index=28 value.ptr=0 value.class=<null> assignable=1
05-04 19:31:35.256 13099 13151 I WestlakeVM: VM: [PFCUT-TRACE] thread=main-256mb ts_us=2145326830684 kind=setSlot.jdk caller="void jdk.internal.misc.Unsafe.putReferenceVolatile(java.lang.Object, long, java.lang.Object)" array.class=java.util.concurrent.ConcurrentHashMap$Node[] array.componentType=java.util.concurrent.ConcurrentHashMap$Node array.length=16 index=12 value.ptr=0x14097fc0 value.class=java.util.concurrent.ConcurrentHashMap$ForwardingNode assignable=1
05-04 19:31:35.256 13099 13151 I WestlakeVM: VM: [PFCUT-TRACE] thread=main-256mb ts_us=2145326831013 kind=setSlot.jdk caller="void jdk.internal.misc.Unsafe.putReferenceVolatile(java.lang.Object, long, java.lang.Object)" array.class=java.util.concurrent.ConcurrentHashMap$Node[] array.componentType=java.util.concurrent.ConcurrentHashMap$Node array.length=32 index=11 value.ptr=0x1409c988 value.class=java.util.concurrent.ConcurrentHashMap$Node assignable=1
05-04 19:31:35.256 13099 13151 I WestlakeVM: VM: [PFCUT-TRACE] thread=main-256mb ts_us=2145326831115 kind=setSlot.jdk caller="void jdk.internal.misc.Unsafe.putReferenceVolatile(java.lang.Object, long, java.lang.Object)" array.class=java.util.concurrent.ConcurrentHashMap$Node[] array.componentType=java.util.concurrent.ConcurrentHashMap$Node array.length=32 index=27 value.ptr=0x1409c868 value.class=java.util.concurrent.ConcurrentHashMap$Node assignable=1
05-04 19:31:35.256 13099 13151 I WestlakeVM: VM: [PFCUT-TRACE] thread=main-256mb ts_us=2145326831213 kind=setSlot.jdk caller="void jdk.internal.misc.Unsafe.putReferenceVolatile(java.lang.Object, long, java.lang.Object)" array.class=java.util.concurrent.ConcurrentHashMap$Node[] array.componentType=java.util.concurrent.ConcurrentHashMap$Node array.length=16 index=11 value.ptr=0x14097fc0 value.class=java.util.concurrent.ConcurrentHashMap$ForwardingNode assignable=1
05-04 19:31:35.257 13099 13151 I WestlakeVM: VM: [PFCUT-TRACE] thread=main-256mb ts_us=2145326831837 kind=setSlot.jdk caller="void jdk.internal.misc.Unsafe.putReferenceVolatile(java.lang.Object, long, java.lang.Object)" array.class=java.util.concurrent.ConcurrentHashMap$Node[] array.componentType=java.util.concurrent.ConcurrentHashMap$Node array.length=32 index=7 value.ptr=0x1409c928 value.class=java.util.concurrent.ConcurrentHashMap$Node assignable=1
05-04 19:31:35.257 13099 13151 I WestlakeVM: VM: [PFCUT-TRACE] thread=main-256mb ts_us=2145326831939 kind=setSlot.jdk caller="void jdk.internal.misc.Unsafe.putReferenceVolatile(java.lang.Object, long, java.lang.Object)" array.class=java.util.concurrent.ConcurrentHashMap$Node[] array.componentType=java.util.concurrent.ConcurrentHashMap$Node array.length=32 index=23 value.ptr=0 value.class=<null> assignable=1
05-04 19:31:35.257 13099 13151 I WestlakeVM: VM: [PFCUT-TRACE] thread=main-256mb ts_us=2145326832033 kind=setSlot.jdk caller="void jdk.internal.misc.Unsafe.putReferenceVolatile(java.lang.Object, long, java.lang.Object)" array.class=java.util.concurrent.ConcurrentHashMap$Node[] array.componentType=java.util.concurrent.ConcurrentHashMap$Node array.length=16 index=7 value.ptr=0x14097fc0 value.class=java.util.concurrent.ConcurrentHashMap$ForwardingNode assignable=1
05-04 19:31:35.257 13099 13151 I WestlakeVM: VM: [PFCUT-TRACE] thread=main-256mb ts_us=2145326832277 kind=setSlot.jdk caller="void jdk.internal.misc.Unsafe.putReferenceVolatile(java.lang.Object, long, java.lang.Object)" array.class=java.util.concurrent.ConcurrentHashMap$Node[] array.componentType=java.util.concurrent.ConcurrentHashMap$Node array.length=32 index=6 value.ptr=0 value.class=<null> assignable=1
05-04 19:31:35.258 13099 13151 I WestlakeVM: VM: [PFCUT-TRACE] thread=main-256mb ts_us=2145326832375 kind=setSlot.jdk caller="void jdk.internal.misc.Unsafe.putReferenceVolatile(java.lang.Object, long, java.lang.Object)" array.class=java.util.concurrent.ConcurrentHashMap$Node[] array.componentType=java.util.concurrent.ConcurrentHashMap$Node array.length=32 index=22 value.ptr=0x1409c7d8 value.class=java.util.concurrent.ConcurrentHashMap$Node assignable=1
05-04 19:31:35.258 13099 13151 I WestlakeVM: VM: [PFCUT-TRACE] thread=main-256mb ts_us=2145326832471 kind=setSlot.jdk caller="void jdk.internal.misc.Unsafe.putReferenceVolatile(java.lang.Object, long, java.lang.Object)" array.class=java.util.concurrent.ConcurrentHashMap$Node[] array.componentType=java.util.concurrent.ConcurrentHashMap$Node array.length=16 index=6 value.ptr=0x14097fc0 value.class=java.util.concurrent.ConcurrentHashMap$ForwardingNode assignable=1
05-04 19:31:35.258 13099 13151 I WestlakeVM: VM: [PFCUT-TRACE] thread=main-256mb ts_us=2145326832714 kind=setSlot.jdk caller="void jdk.internal.misc.Unsafe.putReferenceVolatile(java.lang.Object, long, java.lang.Object)" array.class=java.util.concurrent.ConcurrentHashMap$Node[] array.componentType=java.util.concurrent.ConcurrentHashMap$Node array.length=32 index=5 value.ptr=0x1409c8f8 value.class=java.util.concurrent.ConcurrentHashMap$Node assignable=1
05-04 19:31:35.258 13099 13151 I WestlakeVM: VM: [PFCUT-TRACE] thread=main-256mb ts_us=2145326832811 kind=setSlot.jdk caller="void jdk.internal.misc.Unsafe.putReferenceVolatile(java.lang.Object, long, java.lang.Object)" array.class=java.util.concurrent.ConcurrentHashMap$Node[] array.componentType=java.util.concurrent.ConcurrentHashMap$Node array.length=32 index=21 value.ptr=0 value.class=<null> assignable=1
05-04 19:31:35.258 13099 13151 I WestlakeVM: VM: [PFCUT-TRACE] thread=main-256mb ts_us=2145326832905 kind=setSlot.jdk caller="void jdk.internal.misc.Unsafe.putReferenceVolatile(java.lang.Object, long, java.lang.Object)" array.class=java.util.concurrent.ConcurrentHashMap$Node[] array.componentType=java.util.concurrent.ConcurrentHashMap$Node array.length=16 index=5 value.ptr=0x14097fc0 value.class=java.util.concurrent.ConcurrentHashMap$ForwardingNode assignable=1
05-04 19:31:35.259 13099 13151 I WestlakeVM: VM: [PFCUT-TRACE] thread=main-256mb ts_us=2145326833147 kind=setSlot.jdk caller="void jdk.internal.misc.Unsafe.putReferenceVolatile(java.lang.Object, long, java.lang.Object)" array.class=java.util.concurrent.ConcurrentHashMap$Node[] array.componentType=java.util.concurrent.ConcurrentHashMap$Node array.length=32 index=4 value.ptr=0x1409c7a8 value.class=java.util.concurrent.ConcurrentHashMap$Node assignable=1
05-04 19:31:35.259 13099 13151 I WestlakeVM: VM: [PFCUT-TRACE] thread=main-256mb ts_us=2145326833245 kind=setSlot.jdk caller="void jdk.internal.misc.Unsafe.putReferenceVolatile(java.lang.Object, long, java.lang.Object)" array.class=java.util.concurrent.ConcurrentHashMap$Node[] array.componentType=java.util.concurrent.ConcurrentHashMap$Node array.length=32 index=20 value.ptr=0 value.class=<null> assignable=1
05-04 19:31:35.259 13099 13151 I WestlakeVM: VM: [PFCUT-TRACE] thread=main-256mb ts_us=2145326833339 kind=setSlot.jdk caller="void jdk.internal.misc.Unsafe.putReferenceVolatile(java.lang.Object, long, java.lang.Object)" array.class=java.util.concurrent.ConcurrentHashMap$Node[] array.componentType=java.util.concurrent.ConcurrentHashMap$Node array.length=16 index=4 value.ptr=0x14097fc0 value.class=java.util.concurrent.ConcurrentHashMap$ForwardingNode assignable=1
05-04 19:31:35.259 13099 13151 I WestlakeVM: VM: [PFCUT-TRACE] thread=main-256mb ts_us=2145326833708 kind=setSlot.jdk caller="void jdk.internal.misc.Unsafe.putReferenceVolatile(java.lang.Object, long, java.lang.Object)" array.class=java.util.concurrent.ConcurrentHashMap$Node[] array.componentType=java.util.concurrent.ConcurrentHashMap$Node array.length=32 index=2 value.ptr=0x1409c838 value.class=java.util.concurrent.ConcurrentHashMap$Node assignable=1
05-04 19:31:35.259 13099 13151 I WestlakeVM: VM: [PFCUT-TRACE] thread=main-256mb ts_us=2145326833809 kind=setSlot.jdk caller="void jdk.internal.misc.Unsafe.putReferenceVolatile(java.lang.Object, long, java.lang.Object)" array.class=java.util.concurrent.ConcurrentHashMap$Node[] array.componentType=java.util.concurrent.ConcurrentHashMap$Node array.length=32 index=18 value.ptr=0 value.class=<null> assignable=1
05-04 19:31:35.259 13099 13151 I WestlakeVM: VM: [PFCUT-TRACE] thread=main-256mb ts_us=2145326833903 kind=setSlot.jdk caller="void jdk.internal.misc.Unsafe.putReferenceVolatile(java.lang.Object, long, java.lang.Object)" array.class=java.util.concurrent.ConcurrentHashMap$Node[] array.componentType=java.util.concurrent.ConcurrentHashMap$Node array.length=16 index=2 value.ptr=0x14097fc0 value.class=java.util.concurrent.ConcurrentHashMap$ForwardingNode assignable=1
05-04 19:31:35.260 13099 13151 I WestlakeVM: VM: [PFCUT] InterpreterJni jdk.Unsafe CAS int target=0x14099300 offset=52 current=-2145714174 expected=-2145714174 new=-2145714175 success=1
05-04 19:31:35.262 13099 13151 I WestlakeVM: VM: [PFCUT] InterpreterJni jdk.Unsafe CAS long target=0x14099300 offset=40 current=12 expected=12 new=13 success=1
05-04 19:31:35.273 13099 13151 I WestlakeVM: VM: [PFCUT] AtomicInteger.incrementAndGet intrinsic current=1
05-04 19:31:35.273 13099 13151 I WestlakeVM: VM: WESTLAKE_SECURITY_SUNX509_ALIAS_READY tmfSpi=com.westlake.engine.WestlakeTrustManagerFactorySpi sslSpi=com.westlake.engine.WestlakeSslContextSpi
05-04 19:31:35.277 13099 13151 I WestlakeVM: VM: [PFCUT] InterpreterJni jdk.Unsafe CAS int target=0x14079680 offset=52 current=0 expected=0 new=-1 success=1
05-04 19:31:35.384 13099 13151 I WestlakeVM: VM: WESTLAKE_SECURITY_SHA256_READY provider=WestlakeDigest len=32 first=186
05-04 19:31:35.385 13099 13151 I WestlakeVM: VM: Hidden API exemption step skipped on standalone guest
05-04 19:31:35.386 13099 13151 I WestlakeVM: VM: Real runtime probe skipped on standalone guest
05-04 19:31:35.387 13099 13151 I WestlakeVM: VM: Framework stubs pre-registered by runtime
05-04 19:31:35.387 13099 13151 I WestlakeVM: VM: [dalvikvm] prime cutoff canary launch
05-04 19:31:35.402 13099 13151 I WestlakeVM: VM: System.log(E): Ignoring attempt to set property "westlake.apk.path" to value "/data/local/tmp/westlake/com_github_ashutoshgngwr_noice.apk".
05-04 19:31:35.407 13099 13151 I WestlakeVM: VM: System.log(E): Ignoring attempt to set property "westlake.apk.resdir" to value "/data/local/tmp/westlake/com_github_ashutoshgngwr_noice_res".
05-04 19:31:35.410 13099 13151 I WestlakeVM: VM: [PFCUT] Class.getDeclaredField intrinsic hit class=java.lang.ClassLoader name=packages
05-04 19:31:35.411 13099 13151 I WestlakeVM: VM: [WestlakeLauncher] Repaired ClassLoader packages for dalvik.system.PathClassLoader
05-04 19:31:35.412 13099 13151 I WestlakeVM: VM: [PFCUT] Class.getDeclaredField intrinsic hit class=java.lang.ClassLoader name=packages
05-04 19:31:35.413 13099 13151 I WestlakeVM: VM: [WestlakeLauncher] Repaired ClassLoader packages for java.lang.BootClassLoader
05-04 19:31:35.415 13099 13151 I WestlakeVM: VM: Starting on OHOS + ART ...
05-04 19:31:35.416 13099 13151 I WestlakeVM: VM: APK:
05-04 19:31:35.416 13099 13151 I WestlakeVM: VM: /data/local/tmp/westlake/com_github_ashutoshgngwr_noice.apk
05-04 19:31:35.416 13099 13151 I WestlakeVM: VM: Activity:
05-04 19:31:35.416 13099 13151 I WestlakeVM: VM: com.github.ashutoshgngwr.noice.activity.MainActivity
05-04 19:31:35.416 13099 13151 I WestlakeVM: VM: Package:
05-04 19:31:35.416 13099 13151 I WestlakeVM: VM: com.github.ashutoshgngwr.noice
05-04 19:31:35.417 13099 13151 I WestlakeVM: VM: Backend mode:
05-04 19:31:35.417 13099 13151 I WestlakeVM: VM: target_ohos_backend
05-04 19:31:35.417 13099 13151 I WestlakeVM: VM: Framework policy:
05-04 19:31:35.417 13099 13151 I WestlakeVM: VM: westlake_only
05-04 19:31:35.417 13099 13151 I WestlakeVM: VM: Real context bootstrap skipped on standalone guest
05-04 19:31:35.657 13099 13151 I WestlakeVM: VM: Manifest: com.github.ashutoshgngwr.noice.NoiceApplication (8 activities, 1 providers)
05-04 19:31:35.657 13099 13151 I WestlakeVM: VM: OHBridge bootstrap deferred on standalone guest
05-04 19:31:35.657 13099 13151 I WestlakeVM: VM: Aux native loads deferred on standalone guest
05-04 19:31:35.657 13099 13151 I WestlakeVM: VM: Bootstrap prop refresh deferred on standalone guest
05-04 19:31:35.658 13099 13151 I WestlakeVM: VM: MiniServer init begin
05-04 19:31:35.663 13099 13151 I WestlakeVM: VM: MiniServer init returned
05-04 19:31:35.663 13099 13151 I WestlakeVM: VM: MiniServer activityManager ready
05-04 19:31:35.663 13099 13151 I WestlakeVM: VM: MiniServer initialized
05-04 19:31:35.664 13099 13151 I WestlakeVM: VM: [WestlakeLauncher] Application from manifest: com.github.ashutoshgngwr.noice.NoiceApplication
05-04 19:31:35.667 13099 13151 I WestlakeVM: VM: [PFCUT] Class.getDeclaredField intrinsic hit class=java.lang.ClassLoader name=packages
05-04 19:31:35.667 13099 13151 I WestlakeVM: VM: [PFCUT] Class.getDeclaredField intrinsic hit class=java.lang.ClassLoader name=packages
05-04 19:31:35.683 13099 13151 I WestlakeVM: VM: [WestlakeLauncher] Coroutine runtime seeded before Application.onCreate
05-04 19:31:35.702 13099 13151 I WestlakeVM: VM: PF202 ApkLoader enter
05-04 19:31:35.704 13099 13151 I WestlakeVM: VM: PF202 ApkLoader info seeded
05-04 19:31:35.709 13099 13151 I WestlakeVM: VM: CV PF-MCD-RES_TABLE_READ_BEGIN path=/data/local/tmp/westlake/com_github_ashutoshgngwr_noice_res/resources.arsc
05-04 19:31:35.722 13099 13151 I WestlakeVM: VM: CV PF-MCD-RES_TABLE_READ_DONE bytes=2019644
05-04 19:31:35.723 13099 13151 I WestlakeVM: VM: CV PF-MCD-RES_TABLE_PARSE_BEGIN
05-04 19:31:36.132  3704  3747 W HidlServiceManagement: Waited one second for vendor.qti.hardware.cacert@1.0::IService/default
05-04 19:31:36.133   660   660 I hwservicemanager: Since vendor.qti.hardware.cacert@1.0::IService/default is not registered, trying to start it as a lazy HAL (if it's not configured to be a lazy HAL, it may be stuck starting or still starting).
05-04 19:31:36.134  3704  3747 I HidlServiceManagement: getService: Trying again for vendor.qti.hardware.cacert@1.0::IService/default...
05-04 19:31:36.137   660 13158 W libc    : Unable to set property "ctl.interface_start" to "vendor.qti.hardware.cacert@1.0::IService/default": PROP_ERROR_HANDLE_CONTROL_MESSAGE (0x20)
05-04 19:31:36.137   660 13158 I hwservicemanager: Tried to start vendor.qti.hardware.cacert@1.0::IService/default as a lazy service, but was unable to. Usually this happens when a service is not installed, but if the service is intended to be used as a lazy service, then it may be configured incorrectly.
05-04 19:31:36.050     0     0 E init    : Control message: Could not find 'vendor.qti.hardware.cacert@1.0::IService/default' for ctl.interface_start from pid: 660 (/system/system_ext/bin/hwservicemanager)
05-04 19:31:36.826     0     0 I QCOM-BATT: pl_fcc_vote_callback: total_fcc_ua=1950000
05-04 19:31:36.826     0     0 I QCOM-BATT: pl_fv_vote_callback: fv_uv=4400000
05-04 19:31:36.956   703 13059 I keystore2: system/security/keystore2/watchdog/src/lib.rs:356 - Watchdog thread idle -> terminating. Have a great day.
05-04 19:31:37.135  3704  3747 W HidlServiceManagement: Waited one second for vendor.qti.hardware.cacert@1.0::IService/default
05-04 19:31:37.136   660   660 I hwservicemanager: Since vendor.qti.hardware.cacert@1.0::IService/default is not registered, trying to start it as a lazy HAL (if it's not configured to be a lazy HAL, it may be stuck starting or still starting).
05-04 19:31:37.137  3704  3747 I HidlServiceManagement: getService: Trying again for vendor.qti.hardware.cacert@1.0::IService/default...
05-04 19:31:37.140   660 13159 W libc    : Unable to set property "ctl.interface_start" to "vendor.qti.hardware.cacert@1.0::IService/default": PROP_ERROR_HANDLE_CONTROL_MESSAGE (0x20)
05-04 19:31:37.140   660 13159 I hwservicemanager: Tried to start vendor.qti.hardware.cacert@1.0::IService/default as a lazy service, but was unable to. Usually this happens when a service is not installed, but if the service is intended to be used as a lazy service, then it may be configured incorrectly.
05-04 19:31:37.053     0     0 E init    : Control message: Could not find 'vendor.qti.hardware.cacert@1.0::IService/default' for ctl.interface_start from pid: 660 (/system/system_ext/bin/hwservicemanager)
05-04 19:31:37.186     0     0 E FG      : fg_psy_get_property: unsupported property 79
05-04 19:31:37.194     0     0 E FG      : fg_psy_get_property: unsupported property 79
05-04 19:31:37.292  1126  1126 D QtiCarrierConfigHelper: WARNING, no carrier configs on phone Id: 0
05-04 19:31:37.200     0     0 W healthd : battery l=100 v=3041 t=25.0 h=2 st=5 c=0 fc=2831000 chg=u
05-04 19:31:37.298   960  2657 D PowerUI : can't show warning due to - plugged: true status unknown: false
05-04 19:31:37.210     0     0 E FG      : fg_psy_get_property: unsupported property 79
05-04 19:31:38.137  3704  3747 W HidlServiceManagement: Waited one second for vendor.qti.hardware.cacert@1.0::IService/default
05-04 19:31:38.139   660   660 I hwservicemanager: Since vendor.qti.hardware.cacert@1.0::IService/default is not registered, trying to start it as a lazy HAL (if it's not configured to be a lazy HAL, it may be stuck starting or still starting).
05-04 19:31:38.140  3704  3747 I HidlServiceManagement: getService: Trying again for vendor.qti.hardware.cacert@1.0::IService/default...
05-04 19:31:38.057     0     0 E init    : Control message: Could not find 'vendor.qti.hardware.cacert@1.0::IService/default' for ctl.interface_start from pid: 660 (/system/system_ext/bin/hwservicemanager)
05-04 19:31:38.145   660 13160 W libc    : Unable to set property "ctl.interface_start" to "vendor.qti.hardware.cacert@1.0::IService/default": PROP_ERROR_HANDLE_CONTROL_MESSAGE (0x20)
05-04 19:31:38.145   660 13160 I hwservicemanager: Tried to start vendor.qti.hardware.cacert@1.0::IService/default as a lazy service, but was unable to. Usually this happens when a service is not installed, but if the service is intended to be used as a lazy service, then it may be configured incorrectly.
05-04 19:31:39.140  3704  3747 W HidlServiceManagement: Waited one second for vendor.qti.hardware.cacert@1.0::IService/default
05-04 19:31:39.141   660   660 I hwservicemanager: Since vendor.qti.hardware.cacert@1.0::IService/default is not registered, trying to start it as a lazy HAL (if it's not configured to be a lazy HAL, it may be stuck starting or still starting).
05-04 19:31:39.142  3704  3747 I HidlServiceManagement: getService: Trying again for vendor.qti.hardware.cacert@1.0::IService/default...
05-04 19:31:39.145   660 13161 W libc    : Unable to set property "ctl.interface_start" to "vendor.qti.hardware.cacert@1.0::IService/default": PROP_ERROR_HANDLE_CONTROL_MESSAGE (0x20)
05-04 19:31:39.145   660 13161 I hwservicemanager: Tried to start vendor.qti.hardware.cacert@1.0::IService/default as a lazy service, but was unable to. Usually this happens when a service is not installed, but if the service is intended to be used as a lazy service, then it may be configured incorrectly.
05-04 19:31:39.059     0     0 E init    : Control message: Could not find 'vendor.qti.hardware.cacert@1.0::IService/default' for ctl.interface_start from pid: 660 (/system/system_ext/bin/hwservicemanager)
05-04 19:31:39.956 13099 13105 I m.westlake.host: Background concurrent copying GC freed 15MB AllocSpace bytes, 9(460KB) LOS objects, 86% free, 3810KB/27MB, paused 139us,127us total 139.676ms
05-04 19:31:40.142  3704  3747 W HidlServiceManagement: Waited one second for vendor.qti.hardware.cacert@1.0::IService/default
05-04 19:31:40.144   660   660 I hwservicemanager: Since vendor.qti.hardware.cacert@1.0::IService/default is not registered, trying to start it as a lazy HAL (if it's not configured to be a lazy HAL, it may be stuck starting or still starting).
05-04 19:31:40.145  3704  3747 I HidlServiceManagement: getService: Trying again for vendor.qti.hardware.cacert@1.0::IService/default...
05-04 19:31:40.147   660 13162 W libc    : Unable to set property "ctl.interface_start" to "vendor.qti.hardware.cacert@1.0::IService/default": PROP_ERROR_HANDLE_CONTROL_MESSAGE (0x20)
05-04 19:31:40.147   660 13162 I hwservicemanager: Tried to start vendor.qti.hardware.cacert@1.0::IService/default as a lazy service, but was unable to. Usually this happens when a service is not installed, but if the service is intended to be used as a lazy service, then it may be configured incorrectly.
05-04 19:31:40.061     0     0 E init    : Control message: Could not find 'vendor.qti.hardware.cacert@1.0::IService/default' for ctl.interface_start from pid: 660 (/system/system_ext/bin/hwservicemanager)
05-04 19:31:41.145  3704  3747 W HidlServiceManagement: Waited one second for vendor.qti.hardware.cacert@1.0::IService/default
05-04 19:31:41.146   660   660 I hwservicemanager: Since vendor.qti.hardware.cacert@1.0::IService/default is not registered, trying to start it as a lazy HAL (if it's not configured to be a lazy HAL, it may be stuck starting or still starting).
05-04 19:31:41.147  3704  3747 I HidlServiceManagement: getService: Trying again for vendor.qti.hardware.cacert@1.0::IService/default...
05-04 19:31:41.149   660 13163 W libc    : Unable to set property "ctl.interface_start" to "vendor.qti.hardware.cacert@1.0::IService/default": PROP_ERROR_HANDLE_CONTROL_MESSAGE (0x20)
05-04 19:31:41.149   660 13163 I hwservicemanager: Tried to start vendor.qti.hardware.cacert@1.0::IService/default as a lazy service, but was unable to. Usually this happens when a service is not installed, but if the service is intended to be used as a lazy service, then it may be configured incorrectly.
05-04 19:31:41.062     0     0 E init    : Control message: Could not find 'vendor.qti.hardware.cacert@1.0::IService/default' for ctl.interface_start from pid: 660 (/system/system_ext/bin/hwservicemanager)
05-04 19:31:42.147  3704  3747 W HidlServiceManagement: Waited one second for vendor.qti.hardware.cacert@1.0::IService/default
05-04 19:31:42.148   660   660 I hwservicemanager: Since vendor.qti.hardware.cacert@1.0::IService/default is not registered, trying to start it as a lazy HAL (if it's not configured to be a lazy HAL, it may be stuck starting or still starting).
05-04 19:31:42.150  3704  3747 I HidlServiceManagement: getService: Trying again for vendor.qti.hardware.cacert@1.0::IService/default...
05-04 19:31:42.152   660 13164 W libc    : Unable to set property "ctl.interface_start" to "vendor.qti.hardware.cacert@1.0::IService/default": PROP_ERROR_HANDLE_CONTROL_MESSAGE (0x20)
05-04 19:31:42.152   660 13164 I hwservicemanager: Tried to start vendor.qti.hardware.cacert@1.0::IService/default as a lazy service, but was unable to. Usually this happens when a service is not installed, but if the service is intended to be used as a lazy service, then it may be configured incorrectly.
05-04 19:31:42.065     0     0 E init    : Control message: Could not find 'vendor.qti.hardware.cacert@1.0::IService/default' for ctl.interface_start from pid: 660 (/system/system_ext/bin/hwservicemanager)
05-04 19:31:43.150  3704  3747 W HidlServiceManagement: Waited one second for vendor.qti.hardware.cacert@1.0::IService/default
05-04 19:31:43.151   660   660 I hwservicemanager: Since vendor.qti.hardware.cacert@1.0::IService/default is not registered, trying to start it as a lazy HAL (if it's not configured to be a lazy HAL, it may be stuck starting or still starting).
05-04 19:31:43.152  3704  3747 I HidlServiceManagement: getService: Trying again for vendor.qti.hardware.cacert@1.0::IService/default...
05-04 19:31:43.068     0     0 E init    : Control message: Could not find 'vendor.qti.hardware.cacert@1.0::IService/default' for ctl.interface_start from pid: 660 (/system/system_ext/bin/hwservicemanager)
05-04 19:31:43.155   660 13165 W libc    : Unable to set property "ctl.interface_start" to "vendor.qti.hardware.cacert@1.0::IService/default": PROP_ERROR_HANDLE_CONTROL_MESSAGE (0x20)
05-04 19:31:43.155   660 13165 I hwservicemanager: Tried to start vendor.qti.hardware.cacert@1.0::IService/default as a lazy service, but was unable to. Usually this happens when a service is not installed, but if the service is intended to be used as a lazy service, then it may be configured incorrectly.
05-04 19:31:43.866     0     0 I QCOM-BATT: pl_fcc_vote_callback: total_fcc_ua=1950000
