--------- beginning of kernel
05-04 19:31:26.922     0     0 I logd    : logdr: UID=2000 GID=2000 PID=13072 b tail=0 logMask=99 pid=0 start=0ns deadline=0ns
--------- beginning of main
05-04 19:31:27.111  3704  3747 W HidlServiceManagement: Waited one second for vendor.qti.hardware.cacert@1.0::IService/default
05-04 19:31:27.112   660   660 I hwservicemanager: Since vendor.qti.hardware.cacert@1.0::IService/default is not registered, trying to start it as a lazy HAL (if it's not configured to be a lazy HAL, it may be stuck starting or still starting).
05-04 19:31:27.112  3704  3747 I HidlServiceManagement: getService: Trying again for vendor.qti.hardware.cacert@1.0::IService/default...
05-04 19:31:27.116   660 13075 W libc    : Unable to set property "ctl.interface_start" to "vendor.qti.hardware.cacert@1.0::IService/default": PROP_ERROR_HANDLE_CONTROL_MESSAGE (0x20)
05-04 19:31:27.116   660 13075 I hwservicemanager: Tried to start vendor.qti.hardware.cacert@1.0::IService/default as a lazy service, but was unable to. Usually this happens when a service is not installed, but if the service is intended to be used as a lazy service, then it may be configured incorrectly.
05-04 19:31:27.029     0     0 E init    : Control message: Could not find 'vendor.qti.hardware.cacert@1.0::IService/default' for ctl.interface_start from pid: 660 (/system/system_ext/bin/hwservicemanager)
--------- beginning of system
05-04 19:31:27.597   307   391 E AccessPersistence: Failed to verity-protect runtime-permissions
05-04 19:31:27.597   307   391 E AccessPersistence: java.io.IOException: Failed to enable fs-verity on FD(529): Inappropriate ioctl for device
05-04 19:31:27.597   307   391 E AccessPersistence: 	at com.android.internal.security.VerityUtils.setUpFsverity(VerityUtils.java:94)
05-04 19:31:27.597   307   391 E AccessPersistence: 	at com.android.server.security.FileIntegrity.setUpFsVerity(FileIntegrity.java:66)
05-04 19:31:27.597   307   391 E AccessPersistence: 	at com.android.server.security.FileIntegrity.setUpFsVerity(FileIntegrity.java:50)
05-04 19:31:27.597   307   391 E AccessPersistence: 	at com.android.server.permission.access.AccessPersistence.writeSystemState(AccessPersistence.kt:65)
05-04 19:31:27.597   307   391 E AccessPersistence: 	at com.android.server.permission.access.AccessPersistence.writePendingState(AccessPersistence.kt:149)
05-04 19:31:27.597   307   391 E AccessPersistence: 	at com.android.server.permission.access.AccessPersistence.access$writePendingState(AccessPersistence.kt:41)
05-04 19:31:27.597   307   391 E AccessPersistence: 	at com.android.server.permission.access.AccessPersistence$WriteHandler.handleMessage(AccessPersistence.kt:190)
05-04 19:31:27.597   307   391 E AccessPersistence: 	at android.os.Handler.dispatchMessage(Handler.java:109)
05-04 19:31:27.597   307   391 E AccessPersistence: 	at android.os.Looper.loopOnce(Looper.java:232)
05-04 19:31:27.597   307   391 E AccessPersistence: 	at android.os.Looper.loop(Looper.java:317)
05-04 19:31:27.597   307   391 E AccessPersistence: 	at android.os.HandlerThread.run(HandlerThread.java:85)
05-04 19:31:27.597   307   391 E AccessPersistence: 	at com.android.server.ServiceThread.run(ServiceThread.java:49)
05-04 19:31:27.619   307   391 E AccessPersistence: Failed to verity-protect runtime-permissions
05-04 19:31:27.619   307   391 E AccessPersistence: java.io.IOException: Failed to enable fs-verity on FD(529): Inappropriate ioctl for device
05-04 19:31:27.619   307   391 E AccessPersistence: 	at com.android.internal.security.VerityUtils.setUpFsverity(VerityUtils.java:94)
05-04 19:31:27.619   307   391 E AccessPersistence: 	at com.android.server.security.FileIntegrity.setUpFsVerity(FileIntegrity.java:66)
05-04 19:31:27.619   307   391 E AccessPersistence: 	at com.android.server.security.FileIntegrity.setUpFsVerity(FileIntegrity.java:50)
05-04 19:31:27.619   307   391 E AccessPersistence: 	at com.android.server.permission.access.AccessPersistence.writeUserState(AccessPersistence.kt:65)
05-04 19:31:27.619   307   391 E AccessPersistence: 	at com.android.server.permission.access.AccessPersistence.writePendingState(AccessPersistence.kt:151)
05-04 19:31:27.619   307   391 E AccessPersistence: 	at com.android.server.permission.access.AccessPersistence.access$writePendingState(AccessPersistence.kt:41)
05-04 19:31:27.619   307   391 E AccessPersistence: 	at com.android.server.permission.access.AccessPersistence$WriteHandler.handleMessage(AccessPersistence.kt:190)
05-04 19:31:27.619   307   391 E AccessPersistence: 	at android.os.Handler.dispatchMessage(Handler.java:109)
05-04 19:31:27.619   307   391 E AccessPersistence: 	at android.os.Looper.loopOnce(Looper.java:232)
05-04 19:31:27.619   307   391 E AccessPersistence: 	at android.os.Looper.loop(Looper.java:317)
05-04 19:31:27.619   307   391 E AccessPersistence: 	at android.os.HandlerThread.run(HandlerThread.java:85)
05-04 19:31:27.619   307   391 E AccessPersistence: 	at com.android.server.ServiceThread.run(ServiceThread.java:49)
05-04 19:31:27.644   307 26097 I ActivityManager: Force stopping com.westlake.host appid=10218 user=0: from pid 13079
05-04 19:31:27.551     0     0 I binder  : 13079:13079 ioctl 40046210 7ffa9411e4 returned -22
05-04 19:31:27.655   307   767 I AppWidgetServiceImpl: Received broadcast: android.intent.action.PACKAGE_RESTARTED on user 0
05-04 19:31:27.655   307   767 I AppWidgetServiceImpl: Updating package stopped masked state for uid 10218 package com.westlake.host isStopped true
05-04 19:31:27.656  1166  1166 D CarrierSvcBindHelper: onHandleForceStop: [com.westlake.host]
05-04 19:31:27.658  1166  1166 D CarrierSvcBindHelper: No carrier app for: 0
05-04 19:31:27.659  1166  1166 D CarrierSvcBindHelper: No carrier app for: 1
05-04 19:31:28.113  3704  3747 W HidlServiceManagement: Waited one second for vendor.qti.hardware.cacert@1.0::IService/default
05-04 19:31:28.115   660   660 I hwservicemanager: Since vendor.qti.hardware.cacert@1.0::IService/default is not registered, trying to start it as a lazy HAL (if it's not configured to be a lazy HAL, it may be stuck starting or still starting).
05-04 19:31:28.116  3704  3747 I HidlServiceManagement: getService: Trying again for vendor.qti.hardware.cacert@1.0::IService/default...
05-04 19:31:28.121   660 13090 W libc    : Unable to set property "ctl.interface_start" to "vendor.qti.hardware.cacert@1.0::IService/default": PROP_ERROR_HANDLE_CONTROL_MESSAGE (0x20)
05-04 19:31:28.121   660 13090 I hwservicemanager: Tried to start vendor.qti.hardware.cacert@1.0::IService/default as a lazy service, but was unable to. Usually this happens when a service is not installed, but if the service is intended to be used as a lazy service, then it may be configured incorrectly.
05-04 19:31:28.034     0     0 E init    : Control message: Could not find 'vendor.qti.hardware.cacert@1.0::IService/default' for ctl.interface_start from pid: 660 (/system/system_ext/bin/hwservicemanager)
05-04 19:31:28.391   307 26097 I ActivityManager: Force stopping com.westlake.host appid=10218 user=0: from pid 13095
05-04 19:31:28.301     0     0 I binder  : 13095:13095 ioctl 40046210 7fe35adc04 returned -22
05-04 19:31:28.400  1166  1166 D CarrierSvcBindHelper: onHandleForceStop: [com.westlake.host]
05-04 19:31:28.401   307   767 I AppWidgetServiceImpl: Received broadcast: android.intent.action.PACKAGE_RESTARTED on user 0
05-04 19:31:28.401   307   767 I AppWidgetServiceImpl: Updating package stopped masked state for uid 10218 package com.westlake.host isStopped true
05-04 19:31:28.403  1166  1166 D CarrierSvcBindHelper: No carrier app for: 0
05-04 19:31:28.403  1166  1166 D CarrierSvcBindHelper: No carrier app for: 1
05-04 19:31:28.651   307 26097 W ActivityTaskManager: callingPackage for (uid=2000, pid=13095) has no WPC
05-04 19:31:28.656   307 26097 V GrammaticalInflectionUtils: AttributionSource: AttributionSource { uid = 10218, packageName = null, attributionTag = null, token = android.os.Binder@a81f694, deviceId = 0, next = null } does not have READ_SYSTEM_GRAMMATICAL_GENDER permission.
05-04 19:31:28.658   307 26097 W OptProp : Cannot read opt property android.window.PROPERTY_COMPAT_ALLOW_RESIZEABLE_ACTIVITY_OVERRIDES
05-04 19:31:28.658   307 26097 W OptProp : Cannot read opt property android.window.PROPERTY_COMPAT_ALLOW_MIN_ASPECT_RATIO_OVERRIDE
05-04 19:31:28.668   307 26097 W OptProp : Cannot read opt property android.window.PROPERTY_COMPAT_ALLOW_ORIENTATION_OVERRIDE
05-04 19:31:28.669  3320  4159 I BpBinder: onLastStrongRef automatically unlinking death recipients: 
05-04 19:31:28.672  3220  3220 I android.hardware.power-service-qti: Power setMode: 5 to: 1
05-04 19:31:28.672   307 26097 V SplashScreenExceptionList: SplashScreen checking exception for package com.westlake.host (target sdk:28) -> false
05-04 19:31:28.676  3267  3300 E ANDR-PERF-UTIL: Failed to read /sys/class/mmc_host/mmc0/clk_scaling/enable
05-04 19:31:28.677  3267  3300 E ANDR-PERF-OPTSHANDLER: Failed to read /sys/class/mmc_host/mmc0/clk_scaling/enable
05-04 19:31:28.677  3267  3300 E ANDR-PERF-RESOURCEQS: Failed to apply optimization [11, 4]
05-04 19:31:28.678   307 26097 I ActivityTaskManager: START u0 {flg=0x10000000 cmp=com.westlake.host/.WestlakeActivity (has extras)} with LAUNCH_MULTIPLE from uid 2000 (BAL_ALLOW_PERMISSION) result code=0
05-04 19:31:28.681  1230  1230 W SplitSelectStateCtor: Missing session instanceIds
05-04 19:31:28.681  1230  1230 D StatsLog: LAUNCHER_SPLIT_SELECTION_EXIT_INTERRUPTED
05-04 19:31:28.681   307   421 V GrammaticalInflectionUtils: AttributionSource: AttributionSource { uid = 10218, packageName = null, attributionTag = null, token = android.os.Binder@a81f694, deviceId = 0, next = null } does not have READ_SYSTEM_GRAMMATICAL_GENDER permission.
05-04 19:31:28.683   960   982 V WindowManagerShell: Transition requested (#4404): android.os.BinderProxy@ff28324 TransitionRequestInfo { type = OPEN, triggerTask = TaskInfo{userId=0 taskId=2266 effectiveUid=10218 displayId=0 isRunning=true baseIntent=Intent { flg=0x10000000 cmp=com.westlake.host/.WestlakeActivity } baseActivity=ComponentInfo{com.westlake.host/com.westlake.host.WestlakeActivity} topActivity=ComponentInfo{com.westlake.host/com.westlake.host.WestlakeActivity} origActivity=null realActivity=ComponentInfo{com.westlake.host/com.westlake.host.WestlakeActivity} numActivities=1 lastActiveTime=2185281244 supportsMultiWindow=true resizeMode=1 isResizeable=true minWidth=-1 minHeight=-1 defaultMinSize=220 token=WCT{android.window.IWindowContainerToken$Stub$Proxy@efe8d} topActivityType=1 pictureInPictureParams=null shouldDockBigOverlays=false launchIntoPipHostTaskId=-1 lastParentTaskIdBeforePip=-1 displayCutoutSafeInsets=Rect(0, 80 - 0, 0) topActivityInfo=ActivityInfo{5ff8842 com.westlake.host.WestlakeActivity} launchCookies=[] positionInParent=Point(0, 0) parentTaskId=-1 isFocused=false isVisible=false isVisibleRequested=false isTopActivityNoDisplay=false isSleeping=false locusId=null displayAreaFeatureId=1 isTopActivityTransparent=false isActivityStackTransparent=false lastNonFullscreenBounds=Rect(267, 606 - 814, 1686) capturedLink=null capturedLinkTimestamp=0 requestedVisibleTypes=-9 topActivityRequestOpenInBrowserEducationTimestamp=0 appCompatTaskInfo=AppCompatTaskInfo { topActivityInSizeCompat=false eligibleForLetterboxEducation= false isLetterboxEducationEnabled= false isLetterboxDoubleTapEnabled= false eligibleForUserAspectRatioButton= false topActivityBoundsLetterboxed= false isFromLetterboxDoubleTap= false topActivityLetterboxVerticalPosition= -1 topActivityLetterboxHorizontalPosition= -1 topActivityLetterboxWidth=-1 topActivityLetterboxHeight=-1 topActivityLetterboxAppWidth=-1 topActivityLetterboxAppHeight=-1 isUserFullscreenOverrideEnabled=false isSystemFullscreenOverrideEnabled=false hasMinAspectRatioOverride=false topActivityLetterboxBounds=null cameraCompatTaskInfo=CameraCompatTaskInfo { freeformCameraCompatMode=inactive}} topActivityMainWindowFrame=null}, pipChange = null, remoteTransition = null, displayChange = null, flags = 0, debugId = 4404 }
05-04 19:31:28.684   960   982 D ShellSplitScreen: logExit: no-op, mLoggerSessionId is null
05-04 19:31:28.686   960  1005 D SplashScreenView: Build android.window.SplashScreenView{e5d5053 V.E...... ......ID 0,0-0,0}
05-04 19:31:28.686   960  1005 D SplashScreenView: Icon: view: android.widget.ImageView{f66ad90 V.ED..... ......I. 0,0-0,0 #1020525 android:id/splashscreen_icon_view} drawable: com.android.wm.shell.startingsurface.SplashscreenIconDrawableFactory$ImmobileIconDrawable@4f9f689 size: 450
05-04 19:31:28.686   960  1005 D SplashScreenView: Branding: view: android.view.View{e81e68e G.ED..... ......I. 0,0-0,0 #1020524 android:id/splashscreen_branding_view} drawable: null size w: 0 h: 0
05-04 19:31:28.687   960   982 D WindowManagerShell: setLauncherKeepClearAreaHeight: visible=false, height=292
05-04 19:31:28.689  3080  3121 I netd    : tetherGetStats() -> {[]} <1.89ms>
05-04 19:31:28.707   307   767 I AppWidgetServiceImpl: Received broadcast: android.intent.action.PACKAGE_UNSTOPPED on user 0
05-04 19:31:28.707   307   767 I AppWidgetServiceImpl: Updating package stopped masked state for uid 10218 package com.westlake.host isStopped false
05-04 19:31:28.707   307   780 D BackgroundInstallControlService: Package event received: 0
05-04 19:31:28.709   307 28870 D CoreBackPreview: Window{f23f7d3 u0 Splash Screen com.westlake.host}: Setting back callback OnBackInvokedCallbackInfo{mCallback=android.window.IOnBackInvokedCallback$Stub$Proxy@7a7ddc5, mPriority=0, mIsAnimationCallback=false, mOverrideBehavior=0}
05-04 19:31:28.712  1650 32677 D ForegroundUtils: Foreground UID status:
05-04 19:31:28.713  1650 32677 D ForegroundUtils: UID: 10130 is in foreground: false
05-04 19:31:28.713  1650 32677 D ForegroundUtils: UID: 10152 is in foreground: true
05-04 19:31:28.713  1650 32677 D ForegroundUtils: UID: 10159 is in foreground: true
05-04 19:31:28.713  1650 32677 D ForegroundUtils: UID: 10173 is in foreground: true
05-04 19:31:28.713  1650 32677 D ForegroundUtils: UID: 10190 is in foreground: true
05-04 19:31:28.713  1650 32677 D ForegroundUtils: UID: 10193 is in foreground: false
05-04 19:31:28.718 32752 32752 D Zygote  : Forked child process 13099
05-04 19:31:28.719   307   526 I ActivityManager: Start proc 13099:com.westlake.host/u0a218 for next-top-activity {com.westlake.host/com.westlake.host.WestlakeActivity}
05-04 19:31:28.730   307   388 V WindowManager: Sent Transition (#4404) createdAt=05-04 19:31:28.660 via request=TransitionRequestInfo { type = OPEN, triggerTask = TaskInfo{userId=0 taskId=2266 effectiveUid=10218 displayId=0 isRunning=true baseIntent=Intent { flg=0x10000000 cmp=com.westlake.host/.WestlakeActivity } baseActivity=ComponentInfo{com.westlake.host/com.westlake.host.WestlakeActivity} topActivity=ComponentInfo{com.westlake.host/com.westlake.host.WestlakeActivity} origActivity=null realActivity=ComponentInfo{com.westlake.host/com.westlake.host.WestlakeActivity} numActivities=1 lastActiveTime=2185281244 supportsMultiWindow=true resizeMode=1 isResizeable=true minWidth=-1 minHeight=-1 defaultMinSize=220 token=WCT{RemoteToken{50fc427 Task{6a2f436 #2266 type=standard A=10218:com.westlake.host}}} topActivityType=1 pictureInPictureParams=null shouldDockBigOverlays=false launchIntoPipHostTaskId=-1 lastParentTaskIdBeforePip=-1 displayCutoutSafeInsets=Rect(0, 80 - 0, 0) topActivityInfo=ActivityInfo{2a496d4 com.westlake.host.WestlakeActivity} launchCookies=[] positionInParent=Point(0, 0) parentTaskId=-1 isFocused=false isVisible=false isVisibleRequested=false isTopActivityNoDisplay=false isSleeping=false locusId=null displayAreaFeatureId=1 isTopActivityTransparent=false isActivityStackTransparent=false lastNonFullscreenBounds=Rect(267, 606 - 814, 1686) capturedLink=null capturedLinkTimestamp=0 requestedVisibleTypes=-9 topActivityRequestOpenInBrowserEducationTimestamp=0 appCompatTaskInfo=AppCompatTaskInfo { topActivityInSizeCompat=false eligibleForLetterboxEducation= false isLetterboxEducationEnabled= false isLetterboxDoubleTapEnabled= false eligibleForUserAspectRatioButton= false topActivityBoundsLetterboxed= false isFromLetterboxDoubleTap= false topActivityLetterboxVerticalPosition= -1 topActivityLetterboxHorizontalPosition= -1 topActivityLetterboxWidth=-1 topActivityLetterboxHeight=-1 topActivityLetterboxAppWidth=-1 topActivityLetterboxAppHeight=-1 isUserFullscreenOverrideEnabled=false isSystemFullscreenOverrideEnabled=false hasMinAspectRatioOverride=false topActivityLetterboxBounds=null cameraCompatTaskInfo=CameraCompatTaskInfo { freeformCameraCompatMode=inactive}} topActivityMainWindowFrame=null}, pipChange = null, remoteTransition = null, displayChange = null, flags = 0, debugId = 4404 }
05-04 19:31:28.730   307   388 V WindowManager:     startWCT=WindowContainerTransaction { changes= {} hops= [] errorCallbackToken=null taskFragmentOrganizer=null }
05-04 19:31:28.730  3320  3320 I BpBinder: onLastStrongRef automatically unlinking death recipients: 
05-04 19:31:28.730   307   388 V WindowManager:     info={id=4404 t=OPEN f=0x0 trk=0 r=[0@Point(0, 0)] c=[
05-04 19:31:28.730   307   388 V WindowManager:         {WCT{RemoteToken{50fc427 Task{6a2f436 #2266 type=standard A=10218:com.westlake.host}}} m=OPEN f=NONE leash=Surface(name=Task=2266)/@0x3c88e4b sb=Rect(0, 0 - 1080, 2280) eb=Rect(0, 0 - 1080, 2280) epz=Point(1080, 2280) d=0 taskParent=-1},
05-04 19:31:28.730   307   388 V WindowManager:         {WCT{RemoteToken{cb0a3c2 Task{a516ecc #1 type=home}}} m=TO_BACK f=SHOW_WALLPAPER leash=Surface(name=Task=1)/@0xdc03e5b sb=Rect(0, 0 - 1080, 2280) eb=Rect(0, 0 - 1080, 2280) epz=Point(1080, 2280) d=0 taskParent=-1}
05-04 19:31:28.730   307   388 V WindowManager:     ]}
05-04 19:31:28.737   960  5561 V WindowManagerShell: onTransitionReady(transaction=1318555125259)
05-04 19:31:28.736 13099 13099 I Zygote  : seccomp disabled by setenforce 0
05-04 19:31:28.737   960   982 V WindowManagerShell: onTransitionReady (#4404) android.os.BinderProxy@ff28324: {id=4404 t=OPEN f=0x0 trk=0 r=[0@Point(0, 0)] c=[
05-04 19:31:28.737   960   982 V WindowManagerShell:         {m=OPEN f=NONE leash=Surface(name=Task=2266)/@0x7889ac0 sb=Rect(0, 0 - 1080, 2280) eb=Rect(0, 0 - 1080, 2280) epz=Point(1080, 2280) d=0 taskParent=-1},
05-04 19:31:28.737   960   982 V WindowManagerShell:         {m=TO_BACK f=SHOW_WALLPAPER leash=Surface(name=Task=1)/@0x4d093f9 sb=Rect(0, 0 - 1080, 2280) eb=Rect(0, 0 - 1080, 2280) epz=Point(1080, 2280) d=0 taskParent=-1}
05-04 19:31:28.737   960   982 V WindowManagerShell:     ]}
05-04 19:31:28.738   960   982 V WindowManagerShell: Playing animation for (#4404) android.os.BinderProxy@ff28324@0
05-04 19:31:28.738   960   982 V ShellRecents: RecentsTransitionHandler.startAnimation: no controller found
05-04 19:31:28.738   960   982 V WindowManagerShell: Transition doesn't have explicit remote, search filters for match for {id=4404 t=OPEN f=0x0 trk=0 r=[0@Point(0, 0)] c=[{m=OPEN f=NONE leash=Surface(name=Task=2266)/@0x7889ac0 sb=Rect(0, 0 - 1080, 2280) eb=Rect(0, 0 - 1080, 2280) epz=Point(1080, 2280) d=0 taskParent=-1},{m=TO_BACK f=SHOW_WALLPAPER leash=Surface(name=Task=1)/@0x4d093f9 sb=Rect(0, 0 - 1080, 2280) eb=Rect(0, 0 - 1080, 2280) epz=Point(1080, 2280) d=0 taskParent=-1}]}
05-04 19:31:28.738   307 28870 W UserManagerService: Requested status bar icon for non-badged user 0
05-04 19:31:28.738   960   982 V WindowManagerShell:  Checking filter Pair{{types=[] flags=0x0] notFlags=0x100 checks=[{atype=home independent=true modes=[OPEN,TO_FRONT] flags=NONE mustBeTask=false order=TOP topActivity=ComponentInfo{com.android.launcher3/com.android.launcher3.uioverrides.QuickstepLauncher} launchCookie=null windowingMode=undefined},{atype=standard independent=true modes=[CLOSE,TO_BACK] flags=NONE mustBeTask=false order=ANY topActivity=null launchCookie=null windowingMode=undefined},{NOT atype=undefined independent=true modes=[] flags=NONE mustBeTask=true order=ANY topActivity=null launchCookie=null customAnim=true windowingMode=undefined}]} RemoteTransition { remoteTransition = android.window.IRemoteTransition$Stub$Proxy@ae59c67, appThread = android.app.IApplicationThread$Stub$Proxy@8152a14, debugName = QuickstepLaunchHome }}
05-04 19:31:28.738   960   982 V WindowManagerShell:  Delegate animation for (#4404) to null
05-04 19:31:28.738   960   982 V WindowManagerShell: start default transition animation, info = {id=4404 t=OPEN f=0x0 trk=0 r=[0@Point(0, 0)] c=[{m=OPEN f=NONE leash=Surface(name=Task=2266)/@0x7889ac0 sb=Rect(0, 0 - 1080, 2280) eb=Rect(0, 0 - 1080, 2280) epz=Point(1080, 2280) d=0 taskParent=-1},{m=TO_BACK f=SHOW_WALLPAPER leash=Surface(name=Task=1)/@0x4d093f9 sb=Rect(0, 0 - 1080, 2280) eb=Rect(0, 0 - 1080, 2280) epz=Point(1080, 2280) d=0 taskParent=-1}]}
05-04 19:31:28.739   960   982 V WindowManagerShell: loadAnimation: anim=android.view.animation.AnimationSet@77d76b5 animAttr=0x13 type=OPEN isEntrance=false
05-04 19:31:28.740   960   982 V WindowManagerShell: loadAnimation: anim=android.view.animation.AnimationSet@1dbc931 animAttr=0x12 type=OPEN isEntrance=true
05-04 19:31:28.741   960   982 V WindowManagerShell:  animated by com.android.wm.shell.transition.DefaultTransitionHandler@6c3a7ac
05-04 19:31:28.749 13099 13099 I m.westlake.host: Late-enabling -Xcheck:jni
05-04 19:31:28.806 13099 13099 I m.westlake.host: Using CollectorTypeCC GC.
05-04 19:31:28.813 23361 23366 I adbd    : jdwp connection from 13099
05-04 19:31:28.825 13099 13099 D nativeloader: Load libframework-connectivity-tiramisu-jni.so using APEX ns com_android_tethering for caller /apex/com.android.tethering/javalib/framework-connectivity-t.jar: ok
05-04 19:31:28.740     0     0 I binder  : 13099:13099 ioctl 40046210 7fd4a812f4 returned -22
05-04 19:31:28.844   307   780 D BackgroundInstallControlService: Package event received: 0
05-04 19:31:28.849  1650 32677 D ForegroundUtils: Foreground UID status:
05-04 19:31:28.849  1650 32677 D ForegroundUtils: UID: 10130 is in foreground: false
05-04 19:31:28.849  1650 32677 D ForegroundUtils: UID: 10152 is in foreground: true
05-04 19:31:28.849  1650 32677 D ForegroundUtils: UID: 10159 is in foreground: true
05-04 19:31:28.849  1650 32677 D ForegroundUtils: UID: 10173 is in foreground: true
05-04 19:31:28.849  1650 32677 D ForegroundUtils: UID: 10190 is in foreground: true
05-04 19:31:28.849  1650 32677 D ForegroundUtils: UID: 10193 is in foreground: false
05-04 19:31:28.849  1650 32677 D ForegroundUtils: UID: 10218 is in foreground: true
05-04 19:31:28.864 13099 13099 D nativeloader: Load libstats_jni.so using APEX ns com_android_os_statsd for caller /apex/com.android.os.statsd/javalib/framework-statsd.jar: ok
05-04 19:31:28.902 13099 13099 D ApplicationLoaders: Returning zygote-cached class loader: /system/framework/android.test.base.jar
05-04 19:31:28.904 13099 13099 W ziparchive: Unable to open '/data/app/~~Gg0G5CtqAB4V4yzAnUxcxw==/com.westlake.host-3z7eVqF571ZZVn3bfdrfTg==/base.dm': No such file or directory
05-04 19:31:28.905 13099 13099 W ziparchive: Unable to open '/data/app/~~Gg0G5CtqAB4V4yzAnUxcxw==/com.westlake.host-3z7eVqF571ZZVn3bfdrfTg==/base.dm': No such file or directory
05-04 19:31:29.032   960   982 V WindowManagerShell: Transition animation finished (aborted=false), notifying core (#4404) android.os.BinderProxy@ff28324@0
05-04 19:31:29.036   307   388 V WindowManager: Finish Transition (#4404): created at 05-04 19:31:28.660 collect-started=0.148ms request-sent=17.654ms started=26.427ms ready=65.775ms sent=68.023ms finished=375.719ms
05-04 19:31:29.037  1230  1230 D VRI[QuickstepLauncher]: visibilityChanged oldVisibility=true newVisibility=false
05-04 19:31:29.039   960   982 V WindowManagerShell: Track 0 became idle
05-04 19:31:29.039   960   982 V WindowManagerShell: All active transition animations finished
05-04 19:31:29.040   307  3742 W UserManagerService: Requested status bar icon for non-badged user 0
05-04 19:31:29.041   307  3742 W UserManagerService: Requested status bar icon for non-badged user 0
05-04 19:31:29.116  3704  3747 W HidlServiceManagement: Waited one second for vendor.qti.hardware.cacert@1.0::IService/default
05-04 19:31:29.117   660   660 I hwservicemanager: Since vendor.qti.hardware.cacert@1.0::IService/default is not registered, trying to start it as a lazy HAL (if it's not configured to be a lazy HAL, it may be stuck starting or still starting).
05-04 19:31:29.117  3704  3747 I HidlServiceManagement: getService: Trying again for vendor.qti.hardware.cacert@1.0::IService/default...
05-04 19:31:29.118   660 13112 W libc    : Unable to set property "ctl.interface_start" to "vendor.qti.hardware.cacert@1.0::IService/default": PROP_ERROR_HANDLE_CONTROL_MESSAGE (0x20)
05-04 19:31:29.118   660 13112 I hwservicemanager: Tried to start vendor.qti.hardware.cacert@1.0::IService/default as a lazy service, but was unable to. Usually this happens when a service is not installed, but if the service is intended to be used as a lazy service, then it may be configured incorrectly.
05-04 19:31:29.032     0     0 E init    : Control message: Could not find 'vendor.qti.hardware.cacert@1.0::IService/default' for ctl.interface_start from pid: 660 (/system/system_ext/bin/hwservicemanager)
05-04 19:31:29.785     0     0 I QCOM-BATT: pl_fcc_vote_callback: total_fcc_ua=1950000
05-04 19:31:29.785     0     0 I QCOM-BATT: pl_fv_vote_callback: fv_uv=4400000
05-04 19:31:30.020 13099 13099 D nativeloader: Configuring clns-7 for other apk /data/app/~~Gg0G5CtqAB4V4yzAnUxcxw==/com.westlake.host-3z7eVqF571ZZVn3bfdrfTg==/base.apk. target_sdk_version=28, uses_libraries=, library_path=/data/app/~~Gg0G5CtqAB4V4yzAnUxcxw==/com.westlake.host-3z7eVqF571ZZVn3bfdrfTg==/lib/arm64:/data/app/~~Gg0G5CtqAB4V4yzAnUxcxw==/com.westlake.host-3z7eVqF571ZZVn3bfdrfTg==/base.apk!/lib/arm64-v8a, permitted_path=/data:/mnt/expand:/data/user/0/com.westlake.host
05-04 19:31:30.029 13099 13099 I m.westlake.host: AssetManager2(0x7bd463b4f8) locale list changing from [] to [en-US]
05-04 19:31:30.039 13099 13099 V GraphicsEnvironment: Currently set values for:
05-04 19:31:30.039 13099 13099 V GraphicsEnvironment:   angle_gl_driver_selection_pkgs=[]
05-04 19:31:30.039 13099 13099 V GraphicsEnvironment:   angle_gl_driver_selection_values=[]
05-04 19:31:30.039 13099 13099 V GraphicsEnvironment: com.westlake.host is not listed in per-application setting
05-04 19:31:30.040 13099 13099 V GraphicsEnvironment: Neither updatable production driver nor prerelease driver is supported.
05-04 19:31:30.100   307   780 D BackgroundInstallControlService: Package event received: 0
05-04 19:31:30.100   307   780 D BackgroundInstallControlService: Package event received: 0
05-04 19:31:30.109 13099 13099 I m.westlake.host: AssetManager2(0x7bd4645db8) locale list changing from [] to [en-US]
05-04 19:31:30.117  3704  3747 W HidlServiceManagement: Waited one second for vendor.qti.hardware.cacert@1.0::IService/default
05-04 19:31:30.118   660   660 I hwservicemanager: Since vendor.qti.hardware.cacert@1.0::IService/default is not registered, trying to start it as a lazy HAL (if it's not configured to be a lazy HAL, it may be stuck starting or still starting).
05-04 19:31:30.118  3704  3747 I HidlServiceManagement: getService: Trying again for vendor.qti.hardware.cacert@1.0::IService/default...
05-04 19:31:30.119   660 13119 W libc    : Unable to set property "ctl.interface_start" to "vendor.qti.hardware.cacert@1.0::IService/default": PROP_ERROR_HANDLE_CONTROL_MESSAGE (0x20)
05-04 19:31:30.119   660 13119 I hwservicemanager: Tried to start vendor.qti.hardware.cacert@1.0::IService/default as a lazy service, but was unable to. Usually this happens when a service is not installed, but if the service is intended to be used as a lazy service, then it may be configured incorrectly.
05-04 19:31:30.033     0     0 E init    : Control message: Could not find 'vendor.qti.hardware.cacert@1.0::IService/default' for ctl.interface_start from pid: 660 (/system/system_ext/bin/hwservicemanager)
05-04 19:31:30.160 13099 13099 I Westlake: WestlakeActivity onCreate (ComponentActivity + Compose)
05-04 19:31:30.161 13099 13099 I Westlake: Auto-launching: WESTLAKE_ART_NOICE
05-04 19:31:30.161 13099 13099 I Westlake: Launching Noice via Westlake ART VM
05-04 19:31:30.191 13099 13099 D DesktopModeFlagsUtil: Toggle override initialized to: OVERRIDE_UNSET
05-04 19:31:30.144     0     0 E FG      : fg_psy_get_property: unsupported property 79
05-04 19:31:30.152     0     0 E FG      : fg_psy_get_property: unsupported property 79
05-04 19:31:30.157     0     0 W healthd : battery l=100 v=3041 t=25.0 h=2 st=5 c=0 fc=2831000 chg=u
05-04 19:31:30.163     0     0 E FG      : fg_psy_get_property: unsupported property 79
05-04 19:31:30.331 13099 13099 D InsetsController: Setting requestedVisibleTypes to -10 (was -9)
05-04 19:31:30.332   307  3742 W WindowManager: Failed looking up window session=Session{77d4570 13099:u0a10218} callers=com.android.server.wm.WindowManagerService.windowForClientLocked:6324 com.android.server.wm.Session.updateRequestedVisibleTypes:699 android.view.IWindowSession$Stub.onTransact:1023 
05-04 19:31:30.712 13099 13099 W m.westlake.host: Method java.lang.Object androidx.compose.runtime.snapshots.SnapshotStateMap.mutate(kotlin.jvm.functions.Function1) failed lock verification and will run slower.
05-04 19:31:30.712 13099 13099 W m.westlake.host: Common causes for lock verification issues are non-optimized dex code
05-04 19:31:30.712 13099 13099 W m.westlake.host: and incorrect proguard optimizations.
05-04 19:31:30.712 13099 13099 W m.westlake.host: Method void androidx.compose.runtime.snapshots.SnapshotStateMap.update(kotlin.jvm.functions.Function1) failed lock verification and will run slower.
05-04 19:31:30.713 13099 13099 W m.westlake.host: Method boolean androidx.compose.runtime.snapshots.SnapshotStateMap.removeIf$runtime_release(kotlin.jvm.functions.Function1) failed lock verification and will run slower.
05-04 19:31:31.118  3704  3747 W HidlServiceManagement: Waited one second for vendor.qti.hardware.cacert@1.0::IService/default
05-04 19:31:31.119   660   660 I hwservicemanager: Since vendor.qti.hardware.cacert@1.0::IService/default is not registered, trying to start it as a lazy HAL (if it's not configured to be a lazy HAL, it may be stuck starting or still starting).
05-04 19:31:31.119  3704  3747 I HidlServiceManagement: getService: Trying again for vendor.qti.hardware.cacert@1.0::IService/default...
05-04 19:31:31.120   660 13121 W libc    : Unable to set property "ctl.interface_start" to "vendor.qti.hardware.cacert@1.0::IService/default": PROP_ERROR_HANDLE_CONTROL_MESSAGE (0x20)
05-04 19:31:31.120   660 13121 I hwservicemanager: Tried to start vendor.qti.hardware.cacert@1.0::IService/default as a lazy service, but was unable to. Usually this happens when a service is not installed, but if the service is intended to be used as a lazy service, then it may be configured incorrectly.
05-04 19:31:31.034     0     0 E init    : Control message: Could not find 'vendor.qti.hardware.cacert@1.0::IService/default' for ctl.interface_start from pid: 660 (/system/system_ext/bin/hwservicemanager)
05-04 19:31:31.140 13099 13099 I WestlakeVM: DisplayListFrameView 480x800 for com.github.ashutoshgngwr.noice
05-04 19:31:31.159 13099 13099 I WestlakeVM: startPipeReader: pipe=false holder=true thread=null
05-04 19:31:31.213   307  3741 D CoreBackPreview: Window{bc9489c u0 com.westlake.host/com.westlake.host.WestlakeActivity}: Setting back callback OnBackInvokedCallbackInfo{mCallback=android.window.IOnBackInvokedCallback$Stub$Proxy@1d30e2b, mPriority=0, mIsAnimationCallback=false, mOverrideBehavior=0}
05-04 19:31:31.338 13099 13116 I AdrenoGLES-0: QUALCOMM build                   : 8e5405b, I57aaec3440
05-04 19:31:31.338 13099 13116 I AdrenoGLES-0: Build Date                       : 05/21/21
05-04 19:31:31.338 13099 13116 I AdrenoGLES-0: OpenGL ES Shader Compiler Version: EV031.32.02.10
05-04 19:31:31.338 13099 13116 I AdrenoGLES-0: Local Branch                     : mybranchebba1dbe-451b-f160-ac81-1458d0b52ae8
05-04 19:31:31.338 13099 13116 I AdrenoGLES-0: Remote Branch                    : quic/gfx-adreno.lnx.1.0.r135-rel
05-04 19:31:31.338 13099 13116 I AdrenoGLES-0: Remote Branch                    : NONE
05-04 19:31:31.338 13099 13116 I AdrenoGLES-0: Reconstruct Branch               : NOTHING
05-04 19:31:31.338 13099 13116 I AdrenoGLES-0: Build Config                     : S P 10.0.7 AArch64
05-04 19:31:31.338 13099 13116 I AdrenoGLES-0: Driver Path                      : /vendor/lib64/egl/libGLESv2_adreno.so
05-04 19:31:31.343 13099 13116 I AdrenoGLES-0: PFP: 0x016ee190, ME: 0x00000000
05-04 19:31:31.359  3320  3359 E HWComposer: getSupportedContentTypes: getSupportedContentTypes failed for display 4630946883826275713: UNSUPPORTED (8)
05-04 19:31:31.362   660   660 I hwservicemanager: getTransport: Cannot find entry android.hardware.graphics.mapper@4.0::IMapper/default in either framework or device VINTF manifest.
05-04 19:31:31.363 13099 13122 I Gralloc4: mapper 4.x is not supported
05-04 19:31:31.363   660   660 I hwservicemanager: getTransport: Cannot find entry android.hardware.graphics.mapper@3.0::IMapper/default in either framework or device VINTF manifest.
05-04 19:31:31.363 13099 13122 W Gralloc3: mapper 3.x is not supported
05-04 19:31:31.276     0     0 I servicemanager: Caller(pid=13099,uid=10218,sid=u:r:untrusted_app_27:s0:c218,c256,c512,c768) Could not find android.hardware.graphics.allocator.IAllocator/default in the VINTF manifest. No alternative instances declared in VINTF.
05-04 19:31:31.276     0     0 I binder  : 13099:13122 ioctl 40046210 7a9c08e094 returned -22
05-04 19:31:31.369 13099 13122 I Gralloc2: Adding additional valid usage bits: 0x8202000
05-04 19:31:31.494   307   388 W ziparchive: Unable to open '/data/app/~~Gg0G5CtqAB4V4yzAnUxcxw==/com.westlake.host-3z7eVqF571ZZVn3bfdrfTg==/base.dm': No such file or directory
05-04 19:31:31.496   307   388 I ActivityTaskManager: Displayed com.westlake.host/.WestlakeActivity for user 0: +2s845ms
05-04 19:31:31.516 13099 13111 I HWUI    : Davey! duration=1160ms; Flags=1, FrameTimelineVsyncId=93909199, IntendedVsync=2145321906730121, Vsync=2145321906730121, InputEventId=0, HandleInputStart=2145321916960267, AnimationStart=2145321916977194, PerformTraversalsStart=2145321916988080, DrawStart=2145322955690371, FrameDeadline=2145321923396787, FrameInterval=2145321916914069, FrameStartTime=16690890, SyncQueued=2145322976782298, SyncStart=2145322976985215, IssueDrawCommandsStart=2145322977602142, SwapBuffers=2145323063463861, FrameCompleted=2145323067198236, DequeueBufferDuration=24427, QueueBufferDuration=506511, GpuCompleted=2145323067198236, SwapBuffersCompleted=2145323065023444, DisplayPresentTime=0, CommandSubmissionCompleted=2145323063463861, 
05-04 19:31:31.555 13099 13099 I Choreographer: Skipped 63 frames!  The application may be doing too much work on its main thread.
05-04 19:31:31.556 13099 13128 I WestlakeVM: startWithConfig() called, config=ApkVmConfig(packageName=com.github.ashutoshgngwr.noice, activityName=com.github.ashutoshgngwr.noice.activity.MainActivity, displayName=Noice (ART), apkSourceDir=/data/app/~~R7-vSKxT523z7oA2P8Ynag==/com.github.ashutoshgngwr.noice-D3ESsKFH5h3RNFnLUIp9ig==/base.apk, allowRealFrameworkFallback=false, backendMode=null, extraVmProperties={})
05-04 19:31:31.577   307   656 I ImeTracker: com.westlake.host:a68f6b71: onRequestHide at ORIGIN_SERVER reason HIDE_UNSPECIFIED_WINDOW fromUser false
05-04 19:31:31.594 13099 13099 D InsetsController: hide(ime(), fromIme=false)
05-04 19:31:31.595 13099 13099 I ImeTracker: com.westlake.host:a68f6b71: onCancelled at PHASE_CLIENT_ALREADY_HIDDEN
05-04 19:31:31.597  3220  3220 I android.hardware.power-service-qti: Power setMode: 5 to: 0
05-04 19:31:31.609  1230  1230 D BaseDepthController: setSurface:
05-04 19:31:31.609  1230  1230 D BaseDepthController: 	mWaitingOnSurfaceValidity: false
05-04 19:31:31.609  1230  1230 D BaseDepthController: 	mSurface: null
05-04 19:31:31.611  1230  1230 D StateManager: goToState - fromState: Normal, toState: Normal, partial trace:
05-04 19:31:31.611  1230  1230 D StateManager: 	at com.android.launcher3.statemanager.StateManager.moveToRestState(StateManager.java:465)
05-04 19:31:31.611  1230  1230 D StateManager: 	at com.android.launcher3.statemanager.StateManager.moveToRestState(StateManager.java:456)
05-04 19:31:31.611  1230  1230 D StateManager: 	at com.android.launcher3.statemanager.StatefulActivity.onStop(StatefulActivity.java:136)
05-04 19:31:31.612  1230  1230 D StatsLog: LAUNCHER_ONSTOP
05-04 19:31:31.613   307  3741 I AppWidgetServiceImpl: setAppWidgetHidden() 0
05-04 19:31:31.626  1650 32677 D ForegroundUtils: Foreground UID status:
05-04 19:31:31.626  1650 32677 D ForegroundUtils: UID: 10130 is in foreground: false
05-04 19:31:31.626  1650 32677 D ForegroundUtils: UID: 10152 is in foreground: false
05-04 19:31:31.626  1650 32677 D ForegroundUtils: UID: 10159 is in foreground: true
05-04 19:31:31.626  1650 32677 D ForegroundUtils: UID: 10173 is in foreground: true
05-04 19:31:31.626  1650 32677 D ForegroundUtils: UID: 10190 is in foreground: true
05-04 19:31:31.626  1650 32677 D ForegroundUtils: UID: 10193 is in foreground: false
05-04 19:31:31.626  1650 32677 D ForegroundUtils: UID: 10218 is in foreground: true
05-04 19:31:31.629   307   780 D BackgroundInstallControlService: Package event received: 0
05-04 19:31:31.632  3080  3121 I netd    : tetherGetStats() -> {[]} <1.91ms>
05-04 19:31:31.863   960  1004 W WindowOnBackDispatcher: sendCancelIfRunning: isInProgress=false callback=android.view.ViewRootImpl$$ExternalSyntheticLambda13@a5cedc1
05-04 19:31:31.864   307 26097 D CoreBackPreview: Window{f23f7d3 u0 Splash Screen com.westlake.host EXITING}: Setting back callback null
05-04 19:31:31.868  3220  3220 I android.hardware.power-service-qti: Power setBoost: 0, duration: 0
05-04 19:31:31.913   960  1004 W FrameTracker: Missing SF jank callback for vsyncId: 93909324, CUJ=J<SPLASHSCREEN_EXIT_ANIM>
05-04 19:31:31.913   960  1004 W FrameTracker: Missing SF jank callback for vsyncId: 93909362, CUJ=J<SPLASHSCREEN_EXIT_ANIM>
05-04 19:31:31.913   960  1004 W FrameTracker: Missing SF jank callback for vsyncId: 93909375, CUJ=J<SPLASHSCREEN_EXIT_ANIM>
05-04 19:31:31.913   960  1004 W FrameTracker: Missing SF jank callback for vsyncId: 93909417, CUJ=J<SPLASHSCREEN_EXIT_ANIM>
05-04 19:31:31.913   960  1004 W FrameTracker: Missing SF jank callback for vsyncId: 93909445, CUJ=J<SPLASHSCREEN_EXIT_ANIM>
05-04 19:31:31.913   960  1004 W FrameTracker: Missing SF jank callback for vsyncId: 93909470, CUJ=J<SPLASHSCREEN_EXIT_ANIM>
05-04 19:31:31.913   960  1004 W FrameTracker: Missing SF jank callback for vsyncId: 93909495, CUJ=J<SPLASHSCREEN_EXIT_ANIM>
05-04 19:31:31.913   960  1004 W FrameTracker: Missing SF jank callback for vsyncId: 93909527, CUJ=J<SPLASHSCREEN_EXIT_ANIM>
05-04 19:31:31.913   960  1004 W FrameTracker: Missing SF jank callback for vsyncId: 93909540, CUJ=J<SPLASHSCREEN_EXIT_ANIM>
05-04 19:31:31.913   960  1004 W FrameTracker: Missing SF jank callback for vsyncId: 93909566, CUJ=J<SPLASHSCREEN_EXIT_ANIM>
05-04 19:31:31.913   960  1004 W FrameTracker: Missing SF jank callback for vsyncId: 93909579, CUJ=J<SPLASHSCREEN_EXIT_ANIM>
05-04 19:31:31.913   960  1004 W FrameTracker: Missing SF jank callback for vsyncId: 93909592, CUJ=J<SPLASHSCREEN_EXIT_ANIM>
05-04 19:31:31.913   960  1004 W FrameTracker: Missing SF jank callback for vsyncId: 93909605, CUJ=J<SPLASHSCREEN_EXIT_ANIM>
05-04 19:31:31.913   960  1004 W FrameTracker: Missing SF jank callback for vsyncId: 93909618, CUJ=J<SPLASHSCREEN_EXIT_ANIM>
05-04 19:31:31.913   960  1004 W FrameTracker: Missing SF jank callback for vsyncId: 93909631, CUJ=J<SPLASHSCREEN_EXIT_ANIM>
05-04 19:31:31.913   960  1004 W FrameTracker: Missing SF jank callback for vsyncId: 93909644, CUJ=J<SPLASHSCREEN_EXIT_ANIM>
05-04 19:31:31.941 13099 13132 W InteractionJankMonitor: Initializing without READ_DEVICE_CONFIG permission. enabled=true, interval=1, missedFrameThreshold=3, frameTimeThreshold=64, package=com.westlake.host
05-04 19:31:32.058 13099 13128 I WestlakeVM: App OAT symlinks: 0 files in /data/local/tmp/westlake/oat/arm64
05-04 19:31:32.119  3704  3747 W HidlServiceManagement: Waited one second for vendor.qti.hardware.cacert@1.0::IService/default
05-04 19:31:32.120   660   660 I hwservicemanager: Since vendor.qti.hardware.cacert@1.0::IService/default is not registered, trying to start it as a lazy HAL (if it's not configured to be a lazy HAL, it may be stuck starting or still starting).
05-04 19:31:32.120  3704  3747 I HidlServiceManagement: getService: Trying again for vendor.qti.hardware.cacert@1.0::IService/default...
05-04 19:31:32.123   660 13145 W libc    : Unable to set property "ctl.interface_start" to "vendor.qti.hardware.cacert@1.0::IService/default": PROP_ERROR_HANDLE_CONTROL_MESSAGE (0x20)
05-04 19:31:32.123   660 13145 I hwservicemanager: Tried to start vendor.qti.hardware.cacert@1.0::IService/default as a lazy service, but was unable to. Usually this happens when a service is not installed, but if the service is intended to be used as a lazy service, then it may be configured incorrectly.
05-04 19:31:32.036     0     0 E init    : Control message: Could not find 'vendor.qti.hardware.cacert@1.0::IService/default' for ctl.interface_start from pid: 660 (/system/system_ext/bin/hwservicemanager)
05-04 19:31:33.121  3704  3747 W HidlServiceManagement: Waited one second for vendor.qti.hardware.cacert@1.0::IService/default
05-04 19:31:33.123   660   660 I hwservicemanager: Since vendor.qti.hardware.cacert@1.0::IService/default is not registered, trying to start it as a lazy HAL (if it's not configured to be a lazy HAL, it may be stuck starting or still starting).
05-04 19:31:33.125  3704  3747 I HidlServiceManagement: getService: Trying again for vendor.qti.hardware.cacert@1.0::IService/default...
05-04 19:31:33.128   660 13147 W libc    : Unable to set property "ctl.interface_start" to "vendor.qti.hardware.cacert@1.0::IService/default": PROP_ERROR_HANDLE_CONTROL_MESSAGE (0x20)
05-04 19:31:33.128   660 13147 I hwservicemanager: Tried to start vendor.qti.hardware.cacert@1.0::IService/default as a lazy service, but was unable to. Usually this happens when a service is not installed, but if the service is intended to be used as a lazy service, then it may be configured incorrectly.
05-04 19:31:33.040     0     0 E init    : Control message: Could not find 'vendor.qti.hardware.cacert@1.0::IService/default' for ctl.interface_start from pid: 660 (/system/system_ext/bin/hwservicemanager)
05-04 19:31:33.592 13099 13099 I DefaultDispatch: type=1400 audit(0.0:56510): avc:  denied  { setattr } for  name="westlake-launch.properties" dev="sda17" ino=1973264 scontext=u:r:untrusted_app_27:s0:c218,c256,c512,c768 tcontext=u:object_r:shell_data_file:s0 tclass=file permissive=1 app=com.westlake.host
05-04 19:31:33.602 13148 13148 W DefaultDispatch: type=1400 audit(0.0:56511): avc:  granted  { execute } for  name="dalvikvm" dev="sda17" ino=524812 scontext=u:r:untrusted_app_27:s0:c218,c256,c512,c768 tcontext=u:object_r:app_data_file:s0:c218,c256,c512,c768 tclass=file app=com.westlake.host
05-04 19:31:33.602 13148 13148 W DefaultDispatch: type=1400 audit(0.0:56512): avc:  granted  { execute_no_trans } for  path="/data/user/0/com.westlake.host/files/vm/dalvikvm" dev="sda17" ino=524812 scontext=u:r:untrusted_app_27:s0:c218,c256,c512,c768 tcontext=u:object_r:app_data_file:s0:c218,c256,c512,c768 tclass=file app=com.westlake.host
05-04 19:31:33.602 13148 13148 W dalvikvm: type=1400 audit(0.0:56513): avc:  granted  { execute } for  path="/data/user/0/com.westlake.host/files/vm/dalvikvm" dev="sda17" ino=524812 scontext=u:r:untrusted_app_27:s0:c218,c256,c512,c768 tcontext=u:object_r:app_data_file:s0:c218,c256,c512,c768 tclass=file app=com.westlake.host
05-04 19:31:33.610 13099 13150 I WestlakeVM: startPipeReader: pipe=true holder=true thread=null
05-04 19:31:33.611 13099 13149 I WestlakeVM: HTTP bridge started: /data/user/0/com.westlake.host/files/vm/http_bridge
05-04 19:31:33.612 13099 13151 I WestlakeVM: VM: [dalvikvm] Injected mainThreadStackSize=256MB
05-04 19:31:33.613 13099 13151 I WestlakeVM: VM: [dalvikvm] Captured -classpath=/data/local/tmp/westlake/com_github_ashutoshgngwr_noice_classes.dex:/data/local/tmp/westlake/com_github_ashutoshgngwr_noice.apk
05-04 19:31:33.613 13099 13153 I WestlakeVM: PIPE READER: started, holder=com.westlake.host.DisplayListFrameView{3f423dc V.ED..... ........ 0,0-1080,1800}
05-04 19:31:33.613 13099 13151 I WestlakeVM: VM: [RT-DBG] Locks::Init done, calling InitLogging
05-04 19:31:33.613 13099 13151 I WestlakeVM: VM: [RT-DBG] InitLogging done, calling ParsedOptions::Parse
05-04 19:31:33.618 13099 13128 I WestlakeVM: Pipe reader started, syncing to DLST magic...
05-04 19:31:33.620 13099 13151 I WestlakeVM: VM: nullptr I 05-05 06:31:33 13148 13152 parsed_options.cc:701] setting boot class path to /data/local/tmp/westlake/core-oj.jar:/data/local/tmp/westlake/core-libart.jar:/data/local/tmp/westlake/core-icu4j.jar:/data/local/tmp/westlake/bouncycastle.jar:/data/local/tmp/westlake/aosp-shim.dex
05-04 19:31:33.621 13099 13151 I WestlakeVM: VM: nullptr I 05-05 06:31:33 13148 13152 heap.cc:440] Using CollectorType(2) GC.
05-04 19:31:33.621 13099 13151 I WestlakeVM: VM: [IMG] LoadBootImage entered, image_locations=0
05-04 19:31:33.648 13099 13151 I WestlakeVM: VM: [PFCUT] Standalone runtime forcing JIT/profiling off
05-04 19:31:33.649 13099 13151 I WestlakeVM: VM: nullptr W 05-05 06:31:33 13148 13152 fault_handler.cc:131] FaultHandler: MEMBARRIER_CMD_REGISTER_PRIVATE_EXPEDITED failed: 38 Function not implemented
05-04 19:31:33.650 13099 13151 I WestlakeVM: VM: nullptr W 05-05 06:31:33 13148 13152 dex_file_loader.cc:536] Can't mmap dex file /data/local/tmp/westlake/core-icu4j.jar!classes.dex directly; please zipalign to 4 bytes. Falling back to extracting file.
05-04 19:31:33.662 13099 13151 I WestlakeVM: VM: nullptr W 05-05 06:31:33 13148 13152 class_linker.cc:875] CheckSystemClass: Class mismatch for Ljava/lang/String; (continuing for standalone dex2oat)
05-04 19:31:33.662 13099 13151 I WestlakeVM: VM: nullptr W 05-05 06:31:33 13148 13152 class_linker.cc:878]   c1 (pre-allocated) ptr=0x10e7780 objectSize=0 classSize=784 status=1 numVTable=81 numMethods=0 numSFields=0 numIFields=0
05-04 19:31:33.662 13099 13151 I WestlakeVM: VM: nullptr W 05-05 06:31:33 13148 13152 class_linker.cc:887]   c2 (from DEX)      ptr=0x1400b800 objectSize=0 classSize=808 status=7 numVTable=-1 numMethods=131 numSFields=7 numIFields=2
05-04 19:31:33.662 13099 13151 I WestlakeVM: VM: nullptr W 05-05 06:31:33 13148 13152 class_linker.cc:903]   String root = c2 (0x1400b800, 131 methods)
05-04 19:31:33.666 13099 13151 I WestlakeVM: VM: [RT] Runtime::Start() ENTERED
05-04 19:31:33.666 13099 13151 I WestlakeVM: VM: [RT] Standalone class path open: /data/local/tmp/westlake/com_github_ashutoshgngwr_noice_classes.dex (1 dex)
05-04 19:31:33.730 13099 13151 I WestlakeVM: VM: [RT] Standalone class path open: /data/local/tmp/westlake/com_github_ashutoshgngwr_noice.apk (1 dex)
05-04 19:31:33.730 13099 13151 I WestlakeVM: VM: [RT] Standalone class path ready: 2 dex files
05-04 19:31:33.730 13099 13151 I WestlakeVM: VM: [RT]   TRY_REGISTER(register_java_lang_Throwable) ...
05-04 19:31:33.730 13099 13151 I WestlakeVM: VM: [RT]   TRY_REGISTER(register_java_lang_Throwable) done
05-04 19:31:33.731 13099 13151 I WestlakeVM: VM: [RT]   TRY_REGISTER(register_dalvik_system_DexFile) ...
05-04 19:31:33.731 13099 13151 I WestlakeVM: VM: [RT]   TRY_REGISTER(register_dalvik_system_DexFile) done
05-04 19:31:33.731 13099 13151 I WestlakeVM: VM: [RT]   TRY_REGISTER(register_dalvik_system_BaseDexClassLoader) ...
05-04 19:31:33.731 13099 13151 I WestlakeVM: VM: [RT]   TRY_REGISTER(register_dalvik_system_BaseDexClassLoader) done
05-04 19:31:33.731 13099 13151 I WestlakeVM: VM: [RT]   TRY_REGISTER(register_dalvik_system_VMDebug) ...
05-04 19:31:33.732 13099 13151 I WestlakeVM: VM: [RT]   TRY_REGISTER(register_dalvik_system_VMDebug) done
05-04 19:31:33.732 13099 13151 I WestlakeVM: VM: [RT]   TRY_REGISTER(real_register_dalvik_system_VMRuntime) ...
05-04 19:31:33.732 13099 13151 I WestlakeVM: VM: [jni] Skipping missing native method: getFullGcCount()J
05-04 19:31:33.732 13099 13151 I WestlakeVM: VM: [jni] Skipping missing native method: getFullGcCount()J
05-04 19:31:33.732 13099 13151 I WestlakeVM: VM: nullptr W 05-05 06:31:33 13148 13152 tolerant_native_util.h:41] RegisterNatives: skipping dalvik/system/VMRuntime.getFullGcCount()J (not in JAR)
05-04 19:31:33.732 13099 13151 I WestlakeVM: VM: nullptr I 05-05 06:31:33 13148 13152 tolerant_native_util.h:47] RegisterNatives: dalvik/system/VMRuntime: 48/49 methods registered
05-04 19:31:33.732 13099 13151 I WestlakeVM: VM: [RT]   TRY_REGISTER(real_register_dalvik_system_VMRuntime) done
05-04 19:31:33.733 13099 13151 I WestlakeVM: VM: [RT]   TRY_REGISTER(register_dalvik_system_VMStack) ...
05-04 19:31:33.733 13099 13151 I WestlakeVM: VM: [RT]   TRY_REGISTER(register_dalvik_system_VMStack) done
05-04 19:31:33.733 13099 13151 I WestlakeVM: VM: [RT]   TRY_REGISTER(register_dalvik_system_ZygoteHooks) ...
05-04 19:31:33.733 13099 13151 I WestlakeVM: VM: [RT]   TRY_REGISTER(register_dalvik_system_ZygoteHooks) done
05-04 19:31:33.733 13099 13151 I WestlakeVM: VM: [RT]   TRY_REGISTER(register_java_lang_Class) ...
05-04 19:31:33.734 13099 13151 I WestlakeVM: VM: [jni] Skipping missing native method: getInnerClassName()Ljava/lang/String;
05-04 19:31:33.734 13099 13151 I WestlakeVM: VM: [jni] Skipping missing native method: getInnerClassName()Ljava/lang/String;
